Archive member included to satisfy reference by file (symbol)

c:/program files (x86)/atmel/studio/7.0/toolchain/avr8/avr8-gnu-toolchain/bin/../lib/gcc/avr/4.9.2/avr5\libgcc.a(_divmodhi4.o)
                              Send.o (__divmodhi4)
c:/program files (x86)/atmel/studio/7.0/toolchain/avr8/avr8-gnu-toolchain/bin/../lib/gcc/avr/4.9.2/avr5\libgcc.a(_udivmodsi4.o)
                              Lib/FatFS/ff.o (__udivmodsi4)
c:/program files (x86)/atmel/studio/7.0/toolchain/avr8/avr8-gnu-toolchain/bin/../lib/gcc/avr/4.9.2/avr5\libgcc.a(_exit.o)
                              C:/Program Files (x86)/Atmel/Studio/7.0/Packs/atmel/ATmega_DFP/1.0.90/gcc/dev/atmega32u4/avr5/crtatmega32u4.o (exit)
c:/program files (x86)/atmel/studio/7.0/toolchain/avr8/avr8-gnu-toolchain/bin/../lib/gcc/avr/4.9.2/avr5\libgcc.a(_copy_data.o)
                              Bluetooth.o (__do_copy_data)
c:/program files (x86)/atmel/studio/7.0/toolchain/avr8/avr8-gnu-toolchain/bin/../lib/gcc/avr/4.9.2/avr5\libgcc.a(_clear_bss.o)
                              Bluetooth.o (__do_clear_bss)
c:/program files (x86)/atmel/studio/7.0/toolchain/avr8/avr8-gnu-toolchain/bin/../lib/gcc/avr/4.9.2/avr5\libgcc.a(_muluhisi3.o)
                              KeyLogging.o (__muluhisi3)
c:/program files (x86)/atmel/studio/7.0/toolchain/avr8/avr8-gnu-toolchain/bin/../lib/gcc/avr/4.9.2/avr5\libgcc.a(_clzdi2.o)
                              Sense_Keys.o (__clzdi2)
c:/program files (x86)/atmel/studio/7.0/toolchain/avr8/avr8-gnu-toolchain/bin/../lib/gcc/avr/4.9.2/avr5\libgcc.a(_ashldi3.o)
                              Sense_Keys.o (__ashldi3)
c:/program files (x86)/atmel/studio/7.0/toolchain/avr8/avr8-gnu-toolchain/bin/../lib/gcc/avr/4.9.2/avr5\libgcc.a(_ashrdi3.o)
                              Sense_Keys.o (__lshrdi3)
c:/program files (x86)/atmel/studio/7.0/toolchain/avr8/avr8-gnu-toolchain/bin/../lib/gcc/avr/4.9.2/avr5\libgcc.a(_cmpdi2_s8.o)
                              Sense_Keys.o (__cmpdi2_s8)
c:/program files (x86)/atmel/studio/7.0/toolchain/avr8/avr8-gnu-toolchain/bin/../lib/gcc/avr/4.9.2/avr5\libgcc.a(_udivmodhi4.o)
                              c:/program files (x86)/atmel/studio/7.0/toolchain/avr8/avr8-gnu-toolchain/bin/../lib/gcc/avr/4.9.2/avr5\libgcc.a(_divmodhi4.o) (__udivmodhi4)
c:/program files (x86)/atmel/studio/7.0/toolchain/avr8/avr8-gnu-toolchain/bin/../lib/gcc/avr/4.9.2/avr5\libgcc.a(_clzsi2.o)
                              c:/program files (x86)/atmel/studio/7.0/toolchain/avr8/avr8-gnu-toolchain/bin/../lib/gcc/avr/4.9.2/avr5\libgcc.a(_clzdi2.o) (__clzsi2)
c:/program files (x86)/atmel/studio/7.0/toolchain/avr8/avr8-gnu-toolchain/bin/../lib/gcc/avr/4.9.2/avr5\libgcc.a(_clzhi2.o)
                              c:/program files (x86)/atmel/studio/7.0/toolchain/avr8/avr8-gnu-toolchain/bin/../lib/gcc/avr/4.9.2/avr5\libgcc.a(_clzsi2.o) (__clzhi2)
c:/program files (x86)/atmel/studio/7.0/toolchain/avr8/avr8-gnu-toolchain/bin/../lib/gcc/avr/4.9.2/avr5\libgcc.a(_umulhisi3.o)
                              c:/program files (x86)/atmel/studio/7.0/toolchain/avr8/avr8-gnu-toolchain/bin/../lib/gcc/avr/4.9.2/avr5\libgcc.a(_muluhisi3.o) (__umulhisi3)
c:/program files (x86)/atmel/studio/7.0/toolchain/avr8/avr8-gnu-toolchain/bin/../lib/gcc/avr/4.9.2/../../../../avr/lib/avr5\libc.a(toupper.o)
                              Send.o (toupper)
c:/program files (x86)/atmel/studio/7.0/toolchain/avr8/avr8-gnu-toolchain/bin/../lib/gcc/avr/4.9.2/../../../../avr/lib/avr5\libc.a(memcpy_P.o)
                              src/LUFA/LUFA/Drivers/USB/Class/Device/RNDISClassDevice.o (memcpy_P)
c:/program files (x86)/atmel/studio/7.0/toolchain/avr8/avr8-gnu-toolchain/bin/../lib/gcc/avr/4.9.2/../../../../avr/lib/avr5\libc.a(strcpy_P.o)
                              Send.o (strcpy_P)
c:/program files (x86)/atmel/studio/7.0/toolchain/avr8/avr8-gnu-toolchain/bin/../lib/gcc/avr/4.9.2/../../../../avr/lib/avr5\libc.a(strtok.o)
                              Bluetooth.o (strtok)
c:/program files (x86)/atmel/studio/7.0/toolchain/avr8/avr8-gnu-toolchain/bin/../lib/gcc/avr/4.9.2/../../../../avr/lib/avr5\libc.a(memcmp.o)
                              src/LUFA/LUFA/Drivers/USB/Class/Device/HIDClassDevice.o (memcmp)
c:/program files (x86)/atmel/studio/7.0/toolchain/avr8/avr8-gnu-toolchain/bin/../lib/gcc/avr/4.9.2/../../../../avr/lib/avr5\libc.a(memcpy.o)
                              src/LUFA/LUFA/Drivers/USB/Class/Device/HIDClassDevice.o (memcpy)
c:/program files (x86)/atmel/studio/7.0/toolchain/avr8/avr8-gnu-toolchain/bin/../lib/gcc/avr/4.9.2/../../../../avr/lib/avr5\libc.a(memset.o)
                              src/LUFA/LUFA/Drivers/USB/Class/Device/HIDClassDevice.o (memset)
c:/program files (x86)/atmel/studio/7.0/toolchain/avr8/avr8-gnu-toolchain/bin/../lib/gcc/avr/4.9.2/../../../../avr/lib/avr5\libc.a(strtok_r.o)
                              c:/program files (x86)/atmel/studio/7.0/toolchain/avr8/avr8-gnu-toolchain/bin/../lib/gcc/avr/4.9.2/../../../../avr/lib/avr5\libc.a(strtok.o) (strtok_r)
[...]
Memory Configuration

Name             Origin             Length             Attributes
text             0x00000000         0x00020000         xr
data             0x00800060         0x0000ffa0         rw !x
eeprom           0x00810000         0x00010000         rw !x
fuse             0x00820000         0x00000400         rw !x
lock             0x00830000         0x00000400         rw !x
signature        0x00840000         0x00000400         rw !x
user_signatures  0x00850000         0x00000400         rw !x
*default*        0x00000000         0xffffffff

Linker script and memory map

Address of section .data set to 0x800100
LOAD C:/Program Files (x86)/Atmel/Studio/7.0/Packs/atmel/ATmega_DFP/1.0.90/gcc/dev/atmega32u4/avr5/crtatmega32u4.o
LOAD Bluetooth.o
LOAD Calibrate.o
LOAD Config_Interrupts.o
LOAD Config_IO.o
LOAD Descriptors.o
LOAD KeyLogging.o
LOAD Lib/FatFS/diskio.o
LOAD Lib/FatFS/ff.o
LOAD Lib/SCSI.o
LOAD Lib/SDCardManager.o
LOAD uart.o
LOAD Keyboard.o
LOAD Send.o
LOAD Sense_Keys.o
LOAD src/LUFA/LUFA/Drivers/USB/Class/Common/HIDParser.o
LOAD src/LUFA/LUFA/Drivers/USB/Class/Device/AudioClassDevice.o
LOAD src/LUFA/LUFA/Drivers/USB/Class/Device/CDCClassDevice.o
LOAD src/LUFA/LUFA/Drivers/USB/Class/Device/HIDClassDevice.o
LOAD src/LUFA/LUFA/Drivers/USB/Class/Device/MassStorageClassDevice.o
LOAD src/LUFA/LUFA/Drivers/USB/Class/Device/MIDIClassDevice.o
LOAD src/LUFA/LUFA/Drivers/USB/Class/Device/PrinterClassDevice.o
LOAD src/LUFA/LUFA/Drivers/USB/Class/Device/RNDISClassDevice.o
LOAD src/LUFA/LUFA/Drivers/USB/Class/Host/AndroidAccessoryClassHost.o
LOAD src/LUFA/LUFA/Drivers/USB/Class/Host/AudioClassHost.o
LOAD src/LUFA/LUFA/Drivers/USB/Class/Host/CDCClassHost.o
LOAD src/LUFA/LUFA/Drivers/USB/Class/Host/HIDClassHost.o
LOAD src/LUFA/LUFA/Drivers/USB/Class/Host/MassStorageClassHost.o
LOAD src/LUFA/LUFA/Drivers/USB/Class/Host/MIDIClassHost.o
LOAD src/LUFA/LUFA/Drivers/USB/Class/Host/PrinterClassHost.o
LOAD src/LUFA/LUFA/Drivers/USB/Class/Host/RNDISClassHost.o
LOAD src/LUFA/LUFA/Drivers/USB/Class/Host/StillImageClassHost.o
LOAD src/LUFA/LUFA/Drivers/USB/Core/AVR8/Device_AVR8.o
LOAD src/LUFA/LUFA/Drivers/USB/Core/AVR8/EndpointStream_AVR8.o
LOAD src/LUFA/LUFA/Drivers/USB/Core/AVR8/Endpoint_AVR8.o
LOAD src/LUFA/LUFA/Drivers/USB/Core/AVR8/Host_AVR8.o
LOAD src/LUFA/LUFA/Drivers/USB/Core/AVR8/PipeStream_AVR8.o
LOAD src/LUFA/LUFA/Drivers/USB/Core/AVR8/Pipe_AVR8.o
LOAD src/LUFA/LUFA/Drivers/USB/Core/AVR8/Template/Template_Endpoint_Control_R.o
LOAD src/LUFA/LUFA/Drivers/USB/Core/AVR8/Template/Template_Endpoint_Control_W.o
LOAD src/LUFA/LUFA/Drivers/USB/Core/AVR8/Template/Template_Endpoint_RW.o
LOAD src/LUFA/LUFA/Drivers/USB/Core/AVR8/Template/Template_Pipe_RW.o
LOAD src/LUFA/LUFA/Drivers/USB/Core/AVR8/USBController_AVR8.o
LOAD src/LUFA/LUFA/Drivers/USB/Core/AVR8/USBInterrupt_AVR8.o
LOAD src/LUFA/LUFA/Drivers/USB/Core/ConfigDescriptors.o
LOAD src/LUFA/LUFA/Drivers/USB/Core/DeviceStandardReq.o
LOAD src/LUFA/LUFA/Drivers/USB/Core/Events.o
LOAD src/LUFA/LUFA/Drivers/USB/Core/HostStandardReq.o
LOAD src/LUFA/LUFA/Drivers/USB/Core/USBTask.o
START GROUP
LOAD c:/program files (x86)/atmel/studio/7.0/toolchain/avr8/avr8-gnu-toolchain/bin/../lib/gcc/avr/4.9.2/../../../../avr/lib/avr5\libm.a
END GROUP
START GROUP
LOAD c:/program files (x86)/atmel/studio/7.0/toolchain/avr8/avr8-gnu-toolchain/bin/../lib/gcc/avr/4.9.2/avr5\libgcc.a
LOAD c:/program files (x86)/atmel/studio/7.0/toolchain/avr8/avr8-gnu-toolchain/bin/../lib/gcc/avr/4.9.2/../../../../avr/lib/avr5\libm.a
LOAD c:/program files (x86)/atmel/studio/7.0/toolchain/avr8/avr8-gnu-toolchain/bin/../lib/gcc/avr/4.9.2/../../../../avr/lib/avr5\libc.a
LOAD C:/Program Files (x86)/Atmel/Studio/7.0/Packs/atmel/ATmega_DFP/1.0.90/gcc/dev/atmega32u4/avr5\libatmega32u4.a
END GROUP

.hash
 *(.hash)

.dynsym
 *(.dynsym)

.dynstr
 *(.dynstr)

.gnu.version
 *(.gnu.version)

.gnu.version_d
 *(.gnu.version_d)

.gnu.version_r
 *(.gnu.version_r)

.rel.init
 *(.rel.init)

.rela.init
 *(.rela.init)

.rel.text
 *(.rel.text)
 *(.rel.text.*)
 *(.rel.gnu.linkonce.t*)

.rela.text
 *(.rela.text)
 *(.rela.text.*)
 *(.rela.gnu.linkonce.t*)

.rel.fini
 *(.rel.fini)

.rela.fini
 *(.rela.fini)

.rel.rodata
 *(.rel.rodata)
 *(.rel.rodata.*)
 *(.rel.gnu.linkonce.r*)

.rela.rodata
 *(.rela.rodata)
 *(.rela.rodata.*)
 *(.rela.gnu.linkonce.r*)

.rel.data
 *(.rel.data)
 *(.rel.data.*)
 *(.rel.gnu.linkonce.d*)

.rela.data
 *(.rela.data)
 *(.rela.data.*)
 *(.rela.gnu.linkonce.d*)

.rel.ctors
 *(.rel.ctors)

.rela.ctors
 *(.rela.ctors)

.rel.dtors
 *(.rel.dtors)

.rela.dtors
 *(.rela.dtors)

.rel.got
 *(.rel.got)

.rela.got
 *(.rela.got)

.rel.bss
 *(.rel.bss)

.rela.bss
 *(.rela.bss)

.rel.plt
 *(.rel.plt)

.rela.plt
 *(.rela.plt)

.text           0x00000000     0x7a42
 *(.vectors)
 .vectors       0x00000000       0xac C:/Program Files (x86)/Atmel/Studio/7.0/Packs/atmel/ATmega_DFP/1.0.90/gcc/dev/atmega32u4/avr5/crtatmega32u4.o
                0x00000000                __vector_default
                0x00000000                __vectors
 *(.vectors)
 *(.progmem.gcc*)
                0x000000ac                . = ALIGN (0x2)
                0x000000ac                __trampolines_start = .
 *(.trampolines)
 .trampolines   0x000000ac        0x0 linker stubs
 *(.trampolines*)
                0x000000ac                __trampolines_end = .
 *(.progmem*)
 .progmem.data.Str_Settings_Saved
                0x000000ac       0x11 Calibrate.o
                0x000000ac                Str_Settings_Saved
 .progmem.data.Str_Spacebar_Blocks_Enter
                0x000000bd       0x2a Calibrate.o
                0x000000bd                Str_Spacebar_Blocks_Enter
 .progmem.data.Str_Set_Reed_Time
                0x000000e7       0x20 Calibrate.o
                0x000000e7                Str_Set_Reed_Time
 .progmem.data.Str_Set_Double_Time
                0x00000107       0x2e Calibrate.o
                0x00000107                Str_Set_Double_Time
 .progmem.data.Str_Set_Release_Time
                0x00000135       0x1e Calibrate.o
                0x00000135                Str_Set_Release_Time
 .progmem.data.Str_Set_Reaction_Time
                0x00000153       0x30 Calibrate.o
                0x00000153                Str_Set_Reaction_Time
 .progmem.data.Str_Press_CMD
                0x00000183       0x1e Calibrate.o
                0x00000183                Str_Press_CMD
 .progmem.data.Str_Adj_Sensitivity
                0x000001a1       0x1c Calibrate.o
                0x000001a1                Str_Adj_Sensitivity
 .progmem.data.Str_No_Hall
                0x000001bd       0x31 Calibrate.o
                0x000001bd                Str_No_Hall
 .progmem.data.Str_Calibrate_Hall
                0x000001ee       0x36 Calibrate.o
                0x000001ee                Str_Calibrate_Hall
 .progmem.data.Str_Backspace
                0x00000224        0xa Calibrate.o
                0x00000224                Str_Backspace
 .progmem.data.Str_Post
                0x0000022e        0x5 Calibrate.o
                0x0000022e                Str_Post
 .progmem.data.Str_Second_Enter
                0x00000233       0x10 Calibrate.o
                0x00000233                Str_Second_Enter
 .progmem.data.Str_Enter
                0x00000243        0x6 Calibrate.o
                0x00000243                Str_Enter
 .progmem.data.Str_Spacebar
                0x00000249        0x9 Calibrate.o
                0x00000249                Str_Spacebar
 .progmem.data.Str_Quick_Calibrate
                0x00000252       0x1b Calibrate.o
                0x00000252                Str_Quick_Calibrate
 .progmem.data.Str_No_Dummy_Load
                0x0000026d       0x18 Calibrate.o
                0x0000026d                Str_No_Dummy_Load
 .progmem.data.Str_Dummy_Load
                0x00000285       0x16 Calibrate.o
                0x00000285                Str_Dummy_Load
 .progmem.data.Str_Shift_Error
                0x0000029b       0x26 Calibrate.o
                0x0000029b                Str_Shift_Error
 .progmem.data.Str_Type_The_Following
                0x000002c1       0x32 Calibrate.o
                0x000002c1                Str_Type_The_Following
 .progmem.data.Str_Calibrating
                0x000002f3       0x10 Calibrate.o
                0x000002f3                Str_Calibrating
 .progmem.data.Str_SD_Mode
                0x00000303       0x16 Calibrate.o
                0x00000303                Str_SD_Mode
 .progmem.data.Str_Combo_Mode
                0x00000319       0x1f Calibrate.o
                0x00000319                Str_Combo_Mode
 .progmem.data.Str_Light_Mode
                0x00000338       0x26 Calibrate.o
                0x00000338                Str_Light_Mode
 .progmem.data.Str_BT_Mode
                0x0000035e       0x19 Calibrate.o
                0x0000035e                Str_BT_Mode
 .progmem.data.Str_Typewriter_Mode
                0x00000377       0x12 Calibrate.o
                0x00000377                Str_Typewriter_Mode
 .progmem.data.Str_Firmware_Ver
                0x00000389       0x14 Calibrate.o
                0x00000389                Str_Firmware_Ver
 .progmem.data.Str_USB_Typewriter
                0x0000039d       0x15 Calibrate.o
                0x0000039d                Str_USB_Typewriter
 .progmem.data.ProductString
                0x000003b2       0x32 Descriptors.o
                0x000003b2                ProductString
 .progmem.data.ManufacturerString
                0x000003e4       0x28 Descriptors.o
                0x000003e4                ManufacturerString
 .progmem.data.LanguageString
                0x0000040c        0x4 Descriptors.o
                0x0000040c                LanguageString
 .progmem.data.ConfigurationDescriptor
                0x00000410       0x39 Descriptors.o
                0x00000410                ConfigurationDescriptor
 .progmem.data.DeviceDescriptor
                0x00000449       0x12 Descriptors.o
                0x00000449                DeviceDescriptor
 .progmem.data.KeyboardReport
                0x0000045b       0x3f Descriptors.o
                0x0000045b                KeyboardReport
                0x0000049a                . = ALIGN (0x2)
 *(.jumptables)
 *(.jumptables*)
 *(.lowtext)
 *(.lowtext*)
                0x0000049a                __ctors_start = .
 *(.ctors)
                0x0000049a                __ctors_end = .
                0x0000049a                __dtors_start = .
 *(.dtors)
                0x0000049a                __dtors_end = .
 SORT(*)(.ctors)
 SORT(*)(.dtors)
 *(.init0)
 .init0         0x0000049a        0x0 C:/Program Files (x86)/Atmel/Studio/7.0/Packs/atmel/ATmega_DFP/1.0.90/gcc/dev/atmega32u4/avr5/crtatmega32u4.o
                0x0000049a                __init
 *(.init0)
 *(.init1)
 *(.init1)
 *(.init2)
 .init2         0x0000049a        0xc C:/Program Files (x86)/Atmel/Studio/7.0/Packs/atmel/ATmega_DFP/1.0.90/gcc/dev/atmega32u4/avr5/crtatmega32u4.o
 *(.init2)
 *(.init3)
 *(.init3)
 *(.init4)
 .init4         0x000004a6       0x16 c:/program files (x86)/atmel/studio/7.0/toolchain/avr8/avr8-gnu-toolchain/bin/../lib/gcc/avr/4.9.2/avr5\libgcc.a(_copy_data.o)
                0x000004a6                __do_copy_data
 .init4         0x000004bc       0x10 c:/program files (x86)/atmel/studio/7.0/toolchain/avr8/avr8-gnu-toolchain/bin/../lib/gcc/avr/4.9.2/avr5\libgcc.a(_clear_bss.o)
                0x000004bc                __do_clear_bss
 *(.init4)
 *(.init5)
 *(.init5)
 *(.init6)
 *(.init6)
 *(.init7)
 *(.init7)
 *(.init8)
 *(.init8)
 *(.init9)
 .init9         0x000004cc        0x8 C:/Program Files (x86)/Atmel/Studio/7.0/Packs/atmel/ATmega_DFP/1.0.90/gcc/dev/atmega32u4/avr5/crtatmega32u4.o
 *(.init9)
 *(.text)
 .text          0x000004d4        0x2 C:/Program Files (x86)/Atmel/Studio/7.0/Packs/atmel/ATmega_DFP/1.0.90/gcc/dev/atmega32u4/avr5/crtatmega32u4.o
                0x000004d4                __vector_38
                0x000004d4                __vector_22
                0x000004d4                __vector_28
                0x000004d4                __vector_1
                0x000004d4                __vector_32
                0x000004d4                __vector_34
                0x000004d4                __vector_24
                0x000004d4                __vector_12
                0x000004d4                __bad_interrupt
                0x000004d4                __vector_6
                0x000004d4                __vector_31
                0x000004d4                __vector_35
                0x000004d4                __vector_39
                0x000004d4                __vector_3
                0x000004d4                __vector_23
                0x000004d4                __vector_30
                0x000004d4                __vector_11
                0x000004d4                __vector_13
                0x000004d4                __vector_19
                0x000004d4                __vector_7
                0x000004d4                __vector_27
                0x000004d4                __vector_5
                0x000004d4                __vector_33
                0x000004d4                __vector_37
                0x000004d4                __vector_4
                0x000004d4                __vector_9
                0x000004d4                __vector_2
                0x000004d4                __vector_21
                0x000004d4                __vector_15
                0x000004d4                __vector_36
                0x000004d4                __vector_29
                0x000004d4                __vector_40
                0x000004d4                __vector_8
                0x000004d4                __vector_14
                0x000004d4                __vector_16
                0x000004d4                __vector_18
                0x000004d4                __vector_20
                0x000004d4                __vector_42
                0x000004d6                . = ALIGN (0x2)
 *(.text.*)
 .text.Bluetooth_Reset
                0x000004d6       0x38 Bluetooth.o
                0x000004d6                Bluetooth_Reset
 .text.Get_Response
                0x0000050e       0x98 Bluetooth.o
                0x0000050e                Get_Response
 .text.Bluetooth_Send_CMD
                0x000005a6       0x44 Bluetooth.o
                0x000005a6                Bluetooth_Send_CMD
 .text.Bluetooth_Send
                0x000005ea       0xcc Bluetooth.o
                0x000005ea                Bluetooth_Send
 .text.Bluetooth_Init
                0x000006b6       0x3a Bluetooth.o
                0x000006b6                Bluetooth_Init
 .text.Bluetooth_Configure
                0x000006f0       0x70 Bluetooth.o
                0x000006f0                Bluetooth_Configure
 .text.BluetoothInquire
                0x00000760        0xa Bluetooth.o
                0x00000760                BluetoothInquire
 .text.Get_Bluetooth_State
                0x0000076a        0x6 Bluetooth.o
                0x0000076a                Get_Bluetooth_State
 .text.Bluetooth_Connect
                0x00000770       0x86 Bluetooth.o
                0x00000770                Bluetooth_Connect
 .text.SaveCalibration
                0x000007f6       0x96 Calibrate.o
                0x000007f6                SaveCalibration
 .text.DetectHallSensor
                0x0000088c       0xba Calibrate.o
                0x0000088c                DetectHallSensor
 .text.WaitForKeypress
                0x00000946       0x1e Calibrate.o
                0x00000946                WaitForKeypress
 .text.TeachHIDKey
                0x00000964       0x74 Calibrate.o
                0x00000964                TeachHIDKey
 .text.CalibrateReeds
                0x000009d8      0x15a Calibrate.o
                0x000009d8                CalibrateReeds
 .text.QuickCalibrate
                0x00000b32       0xa8 Calibrate.o
                0x00000b32                QuickCalibrate
 .text.Calibrate
                0x00000bda      0x55e Calibrate.o
                0x00000bda                Calibrate
 .text.Adjust_Sensitivity
                0x00001138      0x238 Calibrate.o
                0x00001138                Adjust_Sensitivity
 .text.Config_Interrupts
                0x00001370       0x28 Config_Interrupts.o
                0x00001370                Config_Interrupts
 .text.Config_IO
                0x00001398       0x60 Config_IO.o
                0x00001398                Config_IO
 .text.GlowGreenLED
                0x000013f8       0xa2 Config_IO.o
                0x000013f8                GlowGreenLED
 .text.__vector_41
                0x0000149a       0x6a Config_IO.o
                0x0000149a                __vector_41
 .text.CALLBACK_USB_GetDescriptor
                0x00001504       0xa0 Descriptors.o
                0x00001504                CALLBACK_USB_GetDescriptor
 .text.OpenLogFile
                0x000015a4       0x4e KeyLogging.o
                0x000015a4                OpenLogFile
 .text.CloseLogFile
                0x000015f2       0x12 KeyLogging.o
                0x000015f2                CloseLogFile
 .text.MountFilesystem
                0x00001604       0x1a KeyLogging.o
                0x00001604                MountFilesystem
 .text.get_num_of_sectors
                0x0000161e       0x5a KeyLogging.o
                0x0000161e                get_num_of_sectors
 .text.WriteToLogFile
                0x00001678       0x78 KeyLogging.o
                0x00001678                WriteToLogFile
 .text.TestSDHardware
                0x000016f0       0x54 KeyLogging.o
                0x000016f0                TestSDHardware
 .text.AddToSDBuffer
                0x00001744       0xb2 KeyLogging.o
                0x00001744                AddToSDBuffer
 .text.LogKeystrokes
                0x000017f6      0x1c6 KeyLogging.o
                0x000017f6                LogKeystrokes
 .text.dly_us   0x000019bc        0xa Lib/FatFS/diskio.o
 .text.xmit_mmc
                0x000019c6       0x80 Lib/FatFS/diskio.o
 .text.rcvr_mmc
                0x00001a46       0x64 Lib/FatFS/diskio.o
 .text.wait_ready
                0x00001aaa       0x46 Lib/FatFS/diskio.o
 .text.deselect
                0x00001af0       0x1e Lib/FatFS/diskio.o
 .text.select   0x00001b0e       0x38 Lib/FatFS/diskio.o
 .text.rcvr_datablock
                0x00001b46       0x70 Lib/FatFS/diskio.o
 .text.xmit_datablock
                0x00001bb6       0x6e Lib/FatFS/diskio.o
 .text.send_cmd
                0x00001c24       0xf6 Lib/FatFS/diskio.o
 .text.disk_status
                0x00001d1a        0xe Lib/FatFS/diskio.o
                0x00001d1a                disk_status
 .text.disk_initialize
                0x00001d28      0x172 Lib/FatFS/diskio.o
                0x00001d28                disk_initialize
 .text.disk_read
                0x00001e9a       0x98 Lib/FatFS/diskio.o
                0x00001e9a                disk_read
 .text.disk_write
                0x00001f32       0xc4 Lib/FatFS/diskio.o
                0x00001f32                disk_write
 .text.disk_ioctl
                0x00001ff6      0x168 Lib/FatFS/diskio.o
                0x00001ff6                disk_ioctl
 .text.mem_cpy  0x0000215e       0x58 Lib/FatFS/ff.o
 .text.ld_clust
                0x000021b6       0x32 Lib/FatFS/ff.o
 .text.get_fileinfo
                0x000021e8       0x9a Lib/FatFS/ff.o
 .text.get_ldnumber
                0x00002282       0x6e Lib/FatFS/ff.o
 .text.sync_window
                0x000022f0       0xd2 Lib/FatFS/ff.o
 .text.move_window
                0x000023c2       0x78 Lib/FatFS/ff.o
 .text.check_fs
                0x0000243a       0x74 Lib/FatFS/ff.o
 .text.validate
                0x000024ae       0x48 Lib/FatFS/ff.o
 .text.find_volume
                0x000024f6      0x5cc Lib/FatFS/ff.o
 .text.sync_fs  0x00002ac2       0xd0 Lib/FatFS/ff.o
 .text.clust2sect
                0x00002b92       0x5c Lib/FatFS/ff.o
                0x00002b92                clust2sect
 .text.get_fat  0x00002bee      0x1c6 Lib/FatFS/ff.o
                0x00002bee                get_fat
 .text.dir_sdi  0x00002db4      0x176 Lib/FatFS/ff.o
 .text.put_fat  0x00002f2a      0x242 Lib/FatFS/ff.o
                0x00002f2a                put_fat
 .text.create_chain
                0x0000316c      0x21e Lib/FatFS/ff.o
 .text.dir_next
                0x0000338a      0x276 Lib/FatFS/ff.o
 .text.follow_path
                0x00003600      0x2fa Lib/FatFS/ff.o
 .text.dir_register
                0x000038fa       0xb0 Lib/FatFS/ff.o
 .text.remove_chain
                0x000039aa       0xee Lib/FatFS/ff.o
 .text.f_mount  0x00003a98       0xa6 Lib/FatFS/ff.o
                0x00003a98                f_mount
 .text.f_open   0x00003b3e      0x234 Lib/FatFS/ff.o
                0x00003b3e                f_open
 .text.f_write  0x00003d72      0x336 Lib/FatFS/ff.o
                0x00003d72                f_write
 .text.f_sync   0x000040a8       0x82 Lib/FatFS/ff.o
                0x000040a8                f_sync
 .text.f_close  0x0000412a       0x20 Lib/FatFS/ff.o
                0x0000412a                f_close
 .text.f_lseek  0x0000414a      0x36e Lib/FatFS/ff.o
                0x0000414a                f_lseek
 .text.f_stat   0x000044b8       0x82 Lib/FatFS/ff.o
                0x000044b8                f_stat
 .text.SCSI_Command_ReadWrite_10
                0x0000453a       0xae Lib/SCSI.o
 .text.SCSI_DecodeSCSICommand
                0x000045e8      0x350 Lib/SCSI.o
                0x000045e8                SCSI_DecodeSCSICommand
 .text.SDCardManager_Init
                0x00004938       0x18 Lib/SDCardManager.o
                0x00004938                SDCardManager_Init
 .text.SDCardManager_WriteBlockHandler
                0x00004950       0x84 Lib/SDCardManager.o
                0x00004950                SDCardManager_WriteBlockHandler
 .text.SDCardManager_WriteBlocks
                0x000049d4       0xb6 Lib/SDCardManager.o
                0x000049d4                SDCardManager_WriteBlocks
 .text.SDCardManager_ReadBlockHandler
                0x00004a8a       0x86 Lib/SDCardManager.o
                0x00004a8a                SDCardManager_ReadBlockHandler
 .text.SDCardManager_ReadBlocks
                0x00004b10       0xbe Lib/SDCardManager.o
                0x00004b10                SDCardManager_ReadBlocks
 .text.SDCardManager_CheckSDCardOperation
                0x00004bce        0x6 Lib/SDCardManager.o
                0x00004bce                SDCardManager_CheckSDCardOperation
 .text.__vector_25
                0x00004bd4       0x5c uart.o
                0x00004bd4                __vector_25
 .text.__vector_26
                0x00004c30       0x54 uart.o
                0x00004c30                __vector_26
 .text.uart_init
                0x00004c84       0x32 uart.o
                0x00004c84                uart_init
 .text.uart_getc
                0x00004cb6       0x32 uart.o
                0x00004cb6                uart_getc
 .text.uart_clear_rx_buffer
                0x00004ce8        0xa uart.o
                0x00004ce8                uart_clear_rx_buffer
 .text.uart_putc
                0x00004cf2       0x2a uart.o
                0x00004cf2                uart_putc
 .text.__vector_17
                0x00004d1c       0x94 Keyboard.o
                0x00004d1c                __vector_17
 .text.Task_Manager
                0x00004db0       0x4e Keyboard.o
                0x00004db0                Task_Manager
 .text.SetupHardware
                0x00004dfe       0xb2 Keyboard.o
                0x00004dfe                SetupHardware
 .text.EVENT_USB_Device_Connect
                0x00004eb0        0x2 Keyboard.o
                0x00004eb0                EVENT_USB_Device_Connect
 .text.EVENT_USB_Device_Disconnect
                0x00004eb2        0xe Keyboard.o
                0x00004eb2                EVENT_USB_Device_Disconnect
 .text.EVENT_USB_Device_Suspend
                0x00004ec0        0x2 Keyboard.o
                0x00004ec0                EVENT_USB_Device_Suspend
 .text.EVENT_USB_Device_WakeUp
                0x00004ec2        0x2 Keyboard.o
                0x00004ec2                EVENT_USB_Device_WakeUp
 .text.EVENT_USB_Device_ConfigurationChanged
                0x00004ec4       0x1c Keyboard.o
                0x00004ec4                EVENT_USB_Device_ConfigurationChanged
 .text.EVENT_USB_Device_ControlRequest
                0x00004ee0       0x10 Keyboard.o
                0x00004ee0                EVENT_USB_Device_ControlRequest
 .text.EVENT_USB_Device_StartOfFrame
                0x00004ef0       0x18 Keyboard.o
                0x00004ef0                EVENT_USB_Device_StartOfFrame
 .text.CALLBACK_MS_Device_SCSICommandReceived
                0x00004f08        0x4 Keyboard.o
                0x00004f08                CALLBACK_MS_Device_SCSICommandReceived
 .text.CALLBACK_HID_Device_CreateHIDReport
                0x00004f0c       0x42 Keyboard.o
                0x00004f0c                CALLBACK_HID_Device_CreateHIDReport
 .text.CALLBACK_HID_Device_ProcessHIDReport
                0x00004f4e       0x3a Keyboard.o
                0x00004f4e                CALLBACK_HID_Device_ProcessHIDReport
 .text.Init_Mode
                0x00004f88      0x168 Keyboard.o
                0x00004f88                Init_Mode
 .text.main     0x000050f0      0x1fc Keyboard.o
                0x000050f0                main
 .text.USBSend  0x000052ec       0x88 Send.o
                0x000052ec                USBSend
 .text.USBSendString
                0x00005374       0xfe Send.o
                0x00005374                USBSendString
 .text.USBSendPROGString
                0x00005472       0x12 Send.o
                0x00005472                USBSendPROGString
 .text.USBSendNumber
                0x00005484       0xac Send.o
                0x00005484                USBSendNumber
 .text.GetModifier
                0x00005530       0x88 Sense_Keys.o
                0x00005530                GetModifier
 .text.ReadSensor
                0x000055b8      0x18e Sense_Keys.o
                0x000055b8                ReadSensor
 .text.GetKeySimple
                0x00005746       0x50 Sense_Keys.o
                0x00005746                GetKeySimple
 .text.GetKey   0x00005796      0x2fc Sense_Keys.o
                0x00005796                GetKey
 .text.GetHIDKeyCode
                0x00005a92       0x30 Sense_Keys.o
                0x00005a92                GetHIDKeyCode
 .text.GetASCIIKeyCode
                0x00005ac2       0x2a Sense_Keys.o
                0x00005ac2                GetASCIIKeyCode
 .text.getHallState
                0x00005aec       0x12 Sense_Keys.o
                0x00005aec                getHallState
 .text.LoadKeyCodeTables
                0x00005afe       0x52 Sense_Keys.o
                0x00005afe                LoadKeyCodeTables
 .text.LoadEepromParameters
                0x00005b50       0x7a Sense_Keys.o
                0x00005b50                LoadEepromParameters
 .text.ClearKeyCodeTables
                0x00005bca       0x4c Sense_Keys.o
                0x00005bca                ClearKeyCodeTables
 .text.RestoreFactoryDefaults
                0x00005c16       0x60 Sense_Keys.o
                0x00005c16                RestoreFactoryDefaults
 .text.InitializeEeprom
                0x00005c76       0x4e Sense_Keys.o
                0x00005c76                InitializeEeprom
 .text.HID_Device_ProcessControlRequest
                0x00005cc4      0x296 src/LUFA/LUFA/Drivers/USB/Class/Device/HIDClassDevice.o
                0x00005cc4                HID_Device_ProcessControlRequest
 .text.HID_Device_ConfigureEndpoints
                0x00005f5a       0x28 src/LUFA/LUFA/Drivers/USB/Class/Device/HIDClassDevice.o
                0x00005f5a                HID_Device_ConfigureEndpoints
 .text.HID_Device_USBTask
                0x00005f82      0x182 src/LUFA/LUFA/Drivers/USB/Class/Device/HIDClassDevice.o
                0x00005f82                HID_Device_USBTask
 .text.MS_Device_ProcessControlRequest
                0x00006104       0x7a src/LUFA/LUFA/Drivers/USB/Class/Device/MassStorageClassDevice.o
                0x00006104                MS_Device_ProcessControlRequest
 .text.MS_Device_ConfigureEndpoints
                0x0000617e       0x34 src/LUFA/LUFA/Drivers/USB/Class/Device/MassStorageClassDevice.o
                0x0000617e                MS_Device_ConfigureEndpoints
 .text.MS_Device_USBTask
                0x000061b2      0x276 src/LUFA/LUFA/Drivers/USB/Class/Device/MassStorageClassDevice.o
                0x000061b2                MS_Device_USBTask
 .text.Endpoint_Null_Stream
                0x00006428       0x9e src/LUFA/LUFA/Drivers/USB/Core/AVR8/EndpointStream_AVR8.o
                0x00006428                Endpoint_Null_Stream
 .text.Endpoint_Write_Stream_LE
                0x000064c6       0xba src/LUFA/LUFA/Drivers/USB/Core/AVR8/EndpointStream_AVR8.o
                0x000064c6                Endpoint_Write_Stream_LE
 .text.Endpoint_Write_Stream_BE
                0x00006580       0xc4 src/LUFA/LUFA/Drivers/USB/Core/AVR8/EndpointStream_AVR8.o
                0x00006580                Endpoint_Write_Stream_BE
 .text.Endpoint_Read_Stream_LE
                0x00006644       0xba src/LUFA/LUFA/Drivers/USB/Core/AVR8/EndpointStream_AVR8.o
                0x00006644                Endpoint_Read_Stream_LE
 .text.Endpoint_Write_Control_Stream_LE
                0x000066fe      0x108 src/LUFA/LUFA/Drivers/USB/Core/AVR8/EndpointStream_AVR8.o
                0x000066fe                Endpoint_Write_Control_Stream_LE
 .text.Endpoint_Read_Control_Stream_LE
                0x00006806       0xee src/LUFA/LUFA/Drivers/USB/Core/AVR8/EndpointStream_AVR8.o
                0x00006806                Endpoint_Read_Control_Stream_LE
 .text.Endpoint_Write_Control_PStream_LE
                0x000068f4      0x10a src/LUFA/LUFA/Drivers/USB/Core/AVR8/EndpointStream_AVR8.o
                0x000068f4                Endpoint_Write_Control_PStream_LE
 .text.Endpoint_ConfigureEndpoint_Prv
                0x000069fe       0xcc src/LUFA/LUFA/Drivers/USB/Core/AVR8/Endpoint_AVR8.o
                0x000069fe                Endpoint_ConfigureEndpoint_Prv
 .text.Endpoint_ConfigureEndpointTable
                0x00006aca       0xcc src/LUFA/LUFA/Drivers/USB/Core/AVR8/Endpoint_AVR8.o
                0x00006aca                Endpoint_ConfigureEndpointTable
 .text.Endpoint_ClearStatusStage
                0x00006b96       0x48 src/LUFA/LUFA/Drivers/USB/Core/AVR8/Endpoint_AVR8.o
                0x00006b96                Endpoint_ClearStatusStage
 .text.Endpoint_WaitUntilReady
                0x00006bde       0x82 src/LUFA/LUFA/Drivers/USB/Core/AVR8/Endpoint_AVR8.o
                0x00006bde                Endpoint_WaitUntilReady
 .text.USB_Disable
                0x00006c60       0x30 src/LUFA/LUFA/Drivers/USB/Core/AVR8/USBController_AVR8.o
                0x00006c60                USB_Disable
 .text.USB_ResetInterface
                0x00006c90       0x80 src/LUFA/LUFA/Drivers/USB/Core/AVR8/USBController_AVR8.o
                0x00006c90                USB_ResetInterface
 .text.USB_Init
                0x00006d10       0x22 src/LUFA/LUFA/Drivers/USB/Core/AVR8/USBController_AVR8.o
                0x00006d10                USB_Init
 .text.USB_INT_DisableAllInterrupts
                0x00006d32       0x10 src/LUFA/LUFA/Drivers/USB/Core/AVR8/USBInterrupt_AVR8.o
                0x00006d32                USB_INT_DisableAllInterrupts
 .text.USB_INT_ClearAllInterrupts
                0x00006d42        0xa src/LUFA/LUFA/Drivers/USB/Core/AVR8/USBInterrupt_AVR8.o
                0x00006d42                USB_INT_ClearAllInterrupts
 .text.__vector_10
                0x00006d4c      0x186 src/LUFA/LUFA/Drivers/USB/Core/AVR8/USBInterrupt_AVR8.o
                0x00006d4c                __vector_10
 .text.USB_Device_ProcessControlRequest
                0x00006ed2      0x2e0 src/LUFA/LUFA/Drivers/USB/Core/DeviceStandardReq.o
                0x00006ed2                USB_Device_ProcessControlRequest
 .text.USB_Event_Stub
                0x000071b2        0x2 src/LUFA/LUFA/Drivers/USB/Core/Events.o
                0x000071b2                EVENT_USB_Device_Reset
                0x000071b2                USB_Event_Stub
 .text.USB_USBTask
                0x000071b4       0x34 src/LUFA/LUFA/Drivers/USB/Core/USBTask.o
                0x000071b4                USB_USBTask
 .text.libgcc.div
                0x000071e8       0x26 c:/program files (x86)/atmel/studio/7.0/toolchain/avr8/avr8-gnu-toolchain/bin/../lib/gcc/avr/4.9.2/avr5\libgcc.a(_divmodhi4.o)
                0x000071e8                _div
                0x000071e8                __divmodhi4
 .text.libgcc.div
                0x0000720e       0x44 c:/program files (x86)/atmel/studio/7.0/toolchain/avr8/avr8-gnu-toolchain/bin/../lib/gcc/avr/4.9.2/avr5\libgcc.a(_udivmodsi4.o)
                0x0000720e                __udivmodsi4
 .text.libgcc.mul
                0x00007252       0x14 c:/program files (x86)/atmel/studio/7.0/toolchain/avr8/avr8-gnu-toolchain/bin/../lib/gcc/avr/4.9.2/avr5\libgcc.a(_muluhisi3.o)
                0x00007252                __muluhisi3
 .text.libgcc.builtins
                0x00007266       0x10 c:/program files (x86)/atmel/studio/7.0/toolchain/avr8/avr8-gnu-toolchain/bin/../lib/gcc/avr/4.9.2/avr5\libgcc.a(_clzdi2.o)
                0x00007266                __clzdi2
 .text.libgcc.builtins
                0x00007276       0x32 c:/program files (x86)/atmel/studio/7.0/toolchain/avr8/avr8-gnu-toolchain/bin/../lib/gcc/avr/4.9.2/avr5\libgcc.a(_ashldi3.o)
                0x00007276                __ashldi3
 .text.libgcc.builtins
                0x000072a8       0x3c c:/program files (x86)/atmel/studio/7.0/toolchain/avr8/avr8-gnu-toolchain/bin/../lib/gcc/avr/4.9.2/avr5\libgcc.a(_ashrdi3.o)
                0x000072a8                __ashrdi3
                0x000072ac                __lshrdi3
 .text.libgcc   0x000072e4       0x18 c:/program files (x86)/atmel/studio/7.0/toolchain/avr8/avr8-gnu-toolchain/bin/../lib/gcc/avr/4.9.2/avr5\libgcc.a(_cmpdi2_s8.o)
                0x000072e4                __cmpdi2_s8
 .text.libgcc.div
                0x000072fc       0x28 c:/program files (x86)/atmel/studio/7.0/toolchain/avr8/avr8-gnu-toolchain/bin/../lib/gcc/avr/4.9.2/avr5\libgcc.a(_udivmodhi4.o)
                0x000072fc                __udivmodhi4
 .text.libgcc.builtins
                0x00007324        0xe c:/program files (x86)/atmel/studio/7.0/toolchain/avr8/avr8-gnu-toolchain/bin/../lib/gcc/avr/4.9.2/avr5\libgcc.a(_clzsi2.o)
                0x00007324                __clzsi2
 .text.libgcc.builtins
                0x00007332       0x24 c:/program files (x86)/atmel/studio/7.0/toolchain/avr8/avr8-gnu-toolchain/bin/../lib/gcc/avr/4.9.2/avr5\libgcc.a(_clzhi2.o)
                0x00007332                __clzhi2
 .text.libgcc.mul
                0x00007356       0x1e c:/program files (x86)/atmel/studio/7.0/toolchain/avr8/avr8-gnu-toolchain/bin/../lib/gcc/avr/4.9.2/avr5\libgcc.a(_umulhisi3.o)
                0x00007356                __umulhisi3
 .text.avr-libc
                0x00007374       0x10 c:/program files (x86)/atmel/studio/7.0/toolchain/avr8/avr8-gnu-toolchain/bin/../lib/gcc/avr/4.9.2/../../../../avr/lib/avr5\libc.a(toupper.o)
                0x00007374                toupper
 .text.avr-libc
                0x00007384        0xe c:/program files (x86)/atmel/studio/7.0/toolchain/avr8/avr8-gnu-toolchain/bin/../lib/gcc/avr/4.9.2/../../../../avr/lib/avr5\libc.a(strcpy_P.o)
                0x00007384                strcpy_P
 .text.avr-libc
                0x00007392        0x6 c:/program files (x86)/atmel/studio/7.0/toolchain/avr8/avr8-gnu-toolchain/bin/../lib/gcc/avr/4.9.2/../../../../avr/lib/avr5\libc.a(strtok.o)
                0x00007392                strtok
 .text.avr-libc
                0x00007398       0x1a c:/program files (x86)/atmel/studio/7.0/toolchain/avr8/avr8-gnu-toolchain/bin/../lib/gcc/avr/4.9.2/../../../../avr/lib/avr5\libc.a(memcmp.o)
                0x00007398                memcmp
 .text.avr-libc
                0x000073b2       0x12 c:/program files (x86)/atmel/studio/7.0/toolchain/avr8/avr8-gnu-toolchain/bin/../lib/gcc/avr/4.9.2/../../../../avr/lib/avr5\libc.a(memcpy.o)
                0x000073b2                memcpy
 .text.avr-libc
                0x000073c4        0xe c:/program files (x86)/atmel/studio/7.0/toolchain/avr8/avr8-gnu-toolchain/bin/../lib/gcc/avr/4.9.2/../../../../avr/lib/avr5\libc.a(memset.o)
                0x000073c4                memset
 .text.avr-libc
                0x000073d2       0x4e c:/program files (x86)/atmel/studio/7.0/toolchain/avr8/avr8-gnu-toolchain/bin/../lib/gcc/avr/4.9.2/../../../../avr/lib/avr5\libc.a(strtok_r.o)
                0x000073d2                strtok_r
 .text.avr-libc
                0x00007420       0x40 c:/program files (x86)/atmel/studio/7.0/toolchain/avr8/avr8-gnu-toolchain/bin/../lib/gcc/avr/4.9.2/../../../../avr/lib/avr5\libc.a(sprintf.o)
                0x00007420                sprintf
 .text.avr-libc
                0x00007460      0x386 c:/program files (x86)/atmel/studio/7.0/toolchain/avr8/avr8-gnu-toolchain/bin/../lib/gcc/avr/4.9.2/../../../../avr/lib/avr5\libc.a(vfprintf_std.o)
                0x00007460                vfprintf
 .text.avr-libc
                0x000077e6       0x16 c:/program files (x86)/atmel/studio/7.0/toolchain/avr8/avr8-gnu-toolchain/bin/../lib/gcc/avr/4.9.2/../../../../avr/lib/avr5\libc.a(strnlen_P.o)
                0x000077e6                strnlen_P
 .text.avr-libc
                0x000077fc       0x16 c:/program files (x86)/atmel/studio/7.0/toolchain/avr8/avr8-gnu-toolchain/bin/../lib/gcc/avr/4.9.2/../../../../avr/lib/avr5\libc.a(strnlen.o)
                0x000077fc                strnlen
 .text.avr-libc
                0x00007812       0x70 c:/program files (x86)/atmel/studio/7.0/toolchain/avr8/avr8-gnu-toolchain/bin/../lib/gcc/avr/4.9.2/../../../../avr/lib/avr5\libc.a(fputc.o)
                0x00007812                fputc
 .text.avr-libc
                0x00007882       0xbc c:/program files (x86)/atmel/studio/7.0/toolchain/avr8/avr8-gnu-toolchain/bin/../lib/gcc/avr/4.9.2/../../../../avr/lib/avr5\libc.a(ultoa_invert.o)
                0x00007882                __ultoa_invert
 .text.avr-libc
                0x0000793e       0x20 C:/Program Files (x86)/Atmel/Studio/7.0/Packs/atmel/ATmega_DFP/1.0.90/gcc/dev/atmega32u4/avr5\libatmega32u4.a(eerd_block.o)
                0x0000793e                eeprom_read_block
                0x00007942                eeprom_read_blraw
 .text.avr-libc
                0x0000795e       0x10 C:/Program Files (x86)/Atmel/Studio/7.0/Packs/atmel/ATmega_DFP/1.0.90/gcc/dev/atmega32u4/avr5\libatmega32u4.a(eerd_byte.o)
                0x0000795e                eeprom_read_byte
 .text.avr-libc
                0x0000796e        0xa C:/Program Files (x86)/Atmel/Studio/7.0/Packs/atmel/ATmega_DFP/1.0.90/gcc/dev/atmega32u4/avr5\libatmega32u4.a(eerd_word.o)
                0x0000796e                eeprom_read_word
 .text.avr-libc
                0x00007978       0x24 C:/Program Files (x86)/Atmel/Studio/7.0/Packs/atmel/ATmega_DFP/1.0.90/gcc/dev/atmega32u4/avr5\libatmega32u4.a(eeupd_byte.o)
                0x00007978                eeprom_update_byte
                0x0000797a                eeprom_update_r18
 .text.avr-libc
                0x0000799c       0x12 C:/Program Files (x86)/Atmel/Studio/7.0/Packs/atmel/ATmega_DFP/1.0.90/gcc/dev/atmega32u4/avr5\libatmega32u4.a(eewr_block.o)
                0x0000799c                eeprom_write_block
 .text.avr-libc
                0x000079ae       0x1c C:/Program Files (x86)/Atmel/Studio/7.0/Packs/atmel/ATmega_DFP/1.0.90/gcc/dev/atmega32u4/avr5\libatmega32u4.a(eewr_byte.o)
                0x000079ae                eeprom_write_byte
                0x000079b0                eeprom_write_r18
 .text.avr-libc
                0x000079ca        0x6 C:/Program Files (x86)/Atmel/Studio/7.0/Packs/atmel/ATmega_DFP/1.0.90/gcc/dev/atmega32u4/avr5\libatmega32u4.a(eewr_word.o)
                0x000079ca                eeprom_write_word
 .text.libgcc.prologue
                0x000079d0       0x38 c:/program files (x86)/atmel/studio/7.0/toolchain/avr8/avr8-gnu-toolchain/bin/../lib/gcc/avr/4.9.2/avr5\libgcc.a(_prologue.o)
                0x000079d0                __prologue_saves__
 .text.libgcc.prologue
                0x00007a08       0x36 c:/program files (x86)/atmel/studio/7.0/toolchain/avr8/avr8-gnu-toolchain/bin/../lib/gcc/avr/4.9.2/avr5\libgcc.a(_epilogue.o)
                0x00007a08                __epilogue_restores__
                0x00007a3e                . = ALIGN (0x2)
 *(.fini9)
 .fini9         0x00007a3e        0x0 c:/program files (x86)/atmel/studio/7.0/toolchain/avr8/avr8-gnu-toolchain/bin/../lib/gcc/avr/4.9.2/avr5\libgcc.a(_exit.o)
                0x00007a3e                _exit
                0x00007a3e                exit
 *(.fini9)
 *(.fini8)
 *(.fini8)
 *(.fini7)
 *(.fini7)
 *(.fini6)
 *(.fini6)
 *(.fini5)
 *(.fini5)
 *(.fini4)
 *(.fini4)
 *(.fini3)
 *(.fini3)
 *(.fini2)
 *(.fini2)
 *(.fini1)
 *(.fini1)
 *(.fini0)
 .fini0         0x00007a3e        0x4 c:/program files (x86)/atmel/studio/7.0/toolchain/avr8/avr8-gnu-toolchain/bin/../lib/gcc/avr/4.9.2/avr5\libgcc.a(_exit.o)
 *(.fini0)
                0x00007a42                _etext = .

.data           0x00800100      0x2ce load address 0x00007a42
                0x00800100                PROVIDE (__data_start, .)
 *(.data)
 *(.data*)
 .data.FileName
                0x00800100        0xd KeyLogging.o
                0x00800100                FileName
 .data.Stat     0x0080010d        0x1 Lib/FatFS/diskio.o
 .data.SenseData
                0x0080010e       0x12 Lib/SCSI.o
 .data.Keyboard_HID_Interface
                0x00800120       0x10 Keyboard.o
                0x00800120                Keyboard_HID_Interface
 .data.Disk_MS_Interface
                0x00800130       0x39 Keyboard.o
                0x00800130                Disk_MS_Interface
 *(.rodata)
 *(.rodata*)
 .rodata.str1.1
                0x00800169       0xd8 Bluetooth.o
 .rodata.str1.1
                0x00800241       0x96 Calibrate.o
 .rodata.ASCIINumSymbols
                0x008002d7        0xa Calibrate.o
                0x008002d7                ASCIINumSymbols
 .rodata.ASCIINumbers
                0x008002e1        0xa Calibrate.o
                0x008002e1                ASCIINumbers
 .rodata.HIDNumbers
                0x008002eb        0xa Calibrate.o
                0x008002eb                HIDNumbers
 .rodata.str1.1
                0x008002f5       0x22 KeyLogging.o
                                 0x23 (size before relaxing)
 .rodata.str1.1
                0x00800317        0xf Lib/FatFS/ff.o
 .rodata.ExCvt  0x00800326       0x80 Lib/FatFS/ff.o
 .rodata.InquiryData
                0x008003a6       0x24 Lib/SCSI.o
 .rodata.REED_BITS
                0x008003ca        0x4 Sense_Keys.o
                0x008003ca                REED_BITS
 *(.gnu.linkonce.d*)
                0x008003ce                . = ALIGN (0x2)
                0x008003ce                _edata = .
                0x008003ce                PROVIDE (__data_end, .)

.bss            0x008003ce      0x6a8
                0x008003ce                PROVIDE (__bss_start, .)
 *(.bss)
 .bss           0x008003ce        0x2 c:/program files (x86)/atmel/studio/7.0/toolchain/avr8/avr8-gnu-toolchain/bin/../lib/gcc/avr/4.9.2/../../../../avr/lib/avr5\libc.a(strtok.o)
 *(.bss*)
 .bss.prevcharacter.4489
                0x008003d0        0x1 KeyLogging.o
 .bss.tot_sect.4476
                0x008003d1        0x4 KeyLogging.o
 .bss.LogFile   0x008003d5       0x20 KeyLogging.o
 .bss.DiskFATState
                0x008003f5      0x22e KeyLogging.o
 .bss.CardType  0x00800623        0x1 Lib/FatFS/diskio.o
 .bss.Fsid      0x00800624        0x2 Lib/FatFS/ff.o
 .bss.FatFs     0x00800626        0x2 Lib/FatFS/ff.o
 .bss.SDCard_Present
                0x00800628        0x1 Lib/SDCardManager.o
 .bss.UART_LastRxError
                0x00800629        0x1 uart.o
 .bss.UART_RxTail
                0x0080062a        0x1 uart.o
 .bss.UART_RxHead
                0x0080062b        0x1 uart.o
 .bss.UART_TxTail
                0x0080062c        0x1 uart.o
 .bss.UART_TxHead
                0x0080062d        0x1 uart.o
 .bss.UART_RxBuf
                0x0080062e       0x40 uart.o
 .bss.UART_TxBuf
                0x0080066e       0x10 uart.o
 .bss.PrevKeyboardHIDReportBuffer
                0x0080067e        0x8 Keyboard.o
 .bss.KeyReleaseCounter.4468
                0x00800686        0x1 Sense_Keys.o
 .bss.KeyHoldCounter.4467
                0x00800687        0x1 Sense_Keys.o
 .bss.DoubleTapCounter.4466
                0x00800688        0x1 Sense_Keys.o
 .bss.PreviousKey.4464
                0x00800689        0x1 Sense_Keys.o
 .bss.ActiveKey.4465
                0x0080068a        0x1 Sense_Keys.o
 .bss.ActiveReeds.4469
                0x0080068b        0x4 Sense_Keys.o
 .bss.ReedDebounce.4470
                0x0080068f        0x4 Sense_Keys.o
 *(COMMON)
 COMMON         0x00800693       0x41 Bluetooth.o
                0x00800693                response
                0x008006d3                BT_State
 COMMON         0x008006d4        0x1 Config_IO.o
                0x008006d4                GlowDirection
 COMMON         0x008006d5      0x394 Keyboard.o
                0x008006d5                Reed2Polarity
                0x008006d6                UseDummyLoad
                0x008006d7                Reeds_Are_Independent
                0x008006d8                Scheduled_Task
                0x008006d9                KeyReleaseTime
                0x008006da                KeyBufferMod
                0x008006db                KeyCodeLookUpTable
                0x0080071b                BluetoothConfigured
                0x0080071c                ReedHoldTime
                0x0080071d                DoubleTapTime
                0x0080071e                Shift_Reed
                0x0080071f                TMR1_Count
                0x00800721                Ignore_Flag
                0x00800722                KeyBuffer
                0x00800724                HallSensorPolarity
                0x00800725                Reed1Polarity
                0x00800726                ShiftKeyCodeLookUpTable
                0x00800766                KeyHoldTime
                0x00800767                ASCIIShiftLookUpTable
                0x008007a7                Reed3Polarity
                0x008007a8                UseHallSensor
                0x008007a9                StringBuffer
                0x008007e5                Reed4Polarity
                0x008007e6                ASCIILookUpTable
                0x00800826                TimeoutCounter
                0x00800828                Typewriter_Mode
                0x00800829                SD_Buffer
                0x00800a29                FnKeyCodeLookUpTable
 COMMON         0x00800a69        0x3 src/LUFA/LUFA/Drivers/USB/Core/DeviceStandardReq.o
                0x00800a69                USB_Device_ConfigurationNumber
                0x00800a6a                USB_Device_CurrentlySelfPowered
                0x00800a6b                USB_Device_RemoteWakeupEnabled
 COMMON         0x00800a6c        0xa src/LUFA/LUFA/Drivers/USB/Core/USBTask.o
                0x00800a6c                USB_IsInitialized
                0x00800a6d                USB_DeviceState
                0x00800a6e                USB_ControlRequest
                0x00800a76                PROVIDE (__bss_end, .)
                0x00007a42                __data_load_start = LOADADDR (.data)
                0x00007d10                __data_load_end = (__data_load_start + SIZEOF (.data))

.noinit         0x00800a76        0x0
                0x00800a76                PROVIDE (__noinit_start, .)
 *(.noinit*)
                0x00800a76                PROVIDE (__noinit_end, .)
                0x00800a76                _end = .
                0x00800a76                PROVIDE (__heap_start, .)

.eeprom         0x00810000        0x0
 *(.eeprom*)
                0x00810000                __eeprom_end = .

.fuse
 *(.fuse)
 *(.lfuse)
 *(.hfuse)
 *(.efuse)

.lock
 *(.lock*)

.signature
 *(.signature*)

.user_signatures
 *(.user_signatures*)

.stab
 *(.stab)

.stabstr
 *(.stabstr)

.stab.excl
 *(.stab.excl)

.stab.exclstr
 *(.stab.exclstr)

.stab.index
 *(.stab.index)

.stab.indexstr
 *(.stab.indexstr)

.comment        0x00000000       0x5c
 *(.comment)
 .comment       0x00000000       0x30 Bluetooth.o
                                 0x31 (size before relaxing)
 .comment       0x00000030       0x31 Calibrate.o
 .comment       0x00000030       0x31 Config_Interrupts.o
 .comment       0x00000030       0x31 Config_IO.o
 .comment       0x00000030       0x31 Descriptors.o
 .comment       0x00000030       0x31 KeyLogging.o
 .comment       0x00000030       0x31 Lib/FatFS/diskio.o
 .comment       0x00000030       0x31 Lib/FatFS/ff.o
 .comment       0x00000030       0x31 Lib/SCSI.o
 .comment       0x00000030       0x31 Lib/SDCardManager.o
 .comment       0x00000030       0x31 uart.o
 .comment       0x00000030       0x31 Keyboard.o
 .comment       0x00000030       0x31 Send.o
 .comment       0x00000030       0x31 Sense_Keys.o
 .comment       0x00000030       0x31 src/LUFA/LUFA/Drivers/USB/Class/Device/HIDClassDevice.o
 .comment       0x00000030       0x31 src/LUFA/LUFA/Drivers/USB/Class/Device/MassStorageClassDevice.o
 .comment       0x00000030       0x31 src/LUFA/LUFA/Drivers/USB/Core/AVR8/EndpointStream_AVR8.o
 .comment       0x00000030       0x31 src/LUFA/LUFA/Drivers/USB/Core/AVR8/Endpoint_AVR8.o
 .comment       0x00000030       0x31 src/LUFA/LUFA/Drivers/USB/Core/AVR8/USBController_AVR8.o
 .comment       0x00000030       0x31 src/LUFA/LUFA/Drivers/USB/Core/AVR8/USBInterrupt_AVR8.o
 .comment       0x00000030       0x31 src/LUFA/LUFA/Drivers/USB/Core/DeviceStandardReq.o
 .comment       0x00000030       0x31 src/LUFA/LUFA/Drivers/USB/Core/Events.o
 .comment       0x00000030       0x31 src/LUFA/LUFA/Drivers/USB/Core/USBTask.o
 .comment       0x00000030       0x31 c:/program files (x86)/atmel/studio/7.0/toolchain/avr8/avr8-gnu-toolchain/bin/../lib/gcc/avr/4.9.2/../../../../avr/lib/avr5\libc.a(strtok.o)
 .comment       0x00000030       0x31 c:/program files (x86)/atmel/studio/7.0/toolchain/avr8/avr8-gnu-toolchain/bin/../lib/gcc/avr/4.9.2/../../../../avr/lib/avr5\libc.a(sprintf.o)
 .comment       0x00000030       0x2c c:/program files (x86)/atmel/studio/7.0/toolchain/avr8/avr8-gnu-toolchain/bin/../lib/gcc/avr/4.9.2/../../../../avr/lib/avr5\libc.a(vfprintf_std.o)
                                 0x2d (size before relaxing)
 .comment       0x0000005c       0x31 c:/program files (x86)/atmel/studio/7.0/toolchain/avr8/avr8-gnu-toolchain/bin/../lib/gcc/avr/4.9.2/../../../../avr/lib/avr5\libc.a(fputc.o)

.note.gnu.avr.deviceinfo
                0x00000000       0x40
 .note.gnu.avr.deviceinfo
                0x00000000       0x40 C:/Program Files (x86)/Atmel/Studio/7.0/Packs/atmel/ATmega_DFP/1.0.90/gcc/dev/atmega32u4/avr5/crtatmega32u4.o

.note.gnu.build-id
 *(.note.gnu.build-id)

.debug
 *(.debug)

.line
 *(.line)

.debug_srcinfo
 *(.debug_srcinfo)

.debug_sfnames
 *(.debug_sfnames)

.debug_aranges  0x00000000      0x7a0
 *(.debug_aranges)
 .debug_aranges
                0x00000000       0x60 Bluetooth.o
 .debug_aranges
                0x00000060       0x60 Calibrate.o
 .debug_aranges
                0x000000c0       0x20 Config_Interrupts.o
 .debug_aranges
                0x000000e0       0x30 Config_IO.o
 .debug_aranges
                0x00000110       0x20 Descriptors.o
 .debug_aranges
                0x00000130       0x58 KeyLogging.o
 .debug_aranges
                0x00000188       0x88 Lib/FatFS/diskio.o
 .debug_aranges
                0x00000210      0x150 Lib/FatFS/ff.o
 .debug_aranges
                0x00000360       0x28 Lib/SCSI.o
 .debug_aranges
                0x00000388       0x48 Lib/SDCardManager.o
 .debug_aranges
                0x000003d0       0x60 uart.o
 .debug_aranges
                0x00000430       0x98 Keyboard.o
 .debug_aranges
                0x000004c8       0x38 Send.o
 .debug_aranges
                0x00000500       0x78 Sense_Keys.o
 .debug_aranges
                0x00000578       0x30 src/LUFA/LUFA/Drivers/USB/Class/Device/HIDClassDevice.o
 .debug_aranges
                0x000005a8       0x30 src/LUFA/LUFA/Drivers/USB/Class/Device/MassStorageClassDevice.o
 .debug_aranges
                0x000005d8       0xc8 src/LUFA/LUFA/Drivers/USB/Core/AVR8/EndpointStream_AVR8.o
 .debug_aranges
                0x000006a0       0x40 src/LUFA/LUFA/Drivers/USB/Core/AVR8/Endpoint_AVR8.o
 .debug_aranges
                0x000006e0       0x30 src/LUFA/LUFA/Drivers/USB/Core/AVR8/USBController_AVR8.o
 .debug_aranges
                0x00000710       0x30 src/LUFA/LUFA/Drivers/USB/Core/AVR8/USBInterrupt_AVR8.o
 .debug_aranges
                0x00000740       0x20 src/LUFA/LUFA/Drivers/USB/Core/DeviceStandardReq.o
 .debug_aranges
                0x00000760       0x20 src/LUFA/LUFA/Drivers/USB/Core/Events.o
 .debug_aranges
                0x00000780       0x20 src/LUFA/LUFA/Drivers/USB/Core/USBTask.o

.debug_pubnames
 *(.debug_pubnames)

.debug_info     0x00000000    0x10a4c
 *(.debug_info .gnu.linkonce.wi.*)
 .debug_info    0x00000000      0xa6a Bluetooth.o
 .debug_info    0x00000a6a     0x249e Calibrate.o
 .debug_info    0x00002f08       0xbb Config_Interrupts.o
 .debug_info    0x00002fc3      0x109 Config_IO.o
 .debug_info    0x000030cc      0x742 Descriptors.o
 .debug_info    0x0000380e      0xc48 KeyLogging.o
 .debug_info    0x00004456      0xc11 Lib/FatFS/diskio.o
 .debug_info    0x00005067     0x2dba Lib/FatFS/ff.o
 .debug_info    0x00007e21      0xcda Lib/SCSI.o
 .debug_info    0x00008afb      0xa23 Lib/SDCardManager.o
 .debug_info    0x0000951e      0x347 uart.o
 .debug_info    0x00009865     0x158d Keyboard.o
 .debug_info    0x0000adf2      0x67c Send.o
 .debug_info    0x0000b46e      0xb23 Sense_Keys.o
 .debug_info    0x0000bf91      0xa3f src/LUFA/LUFA/Drivers/USB/Class/Device/HIDClassDevice.o
 .debug_info    0x0000c9d0      0x986 src/LUFA/LUFA/Drivers/USB/Class/Device/MassStorageClassDevice.o
 .debug_info    0x0000d356     0x182a src/LUFA/LUFA/Drivers/USB/Core/AVR8/EndpointStream_AVR8.o
 .debug_info    0x0000eb80      0x610 src/LUFA/LUFA/Drivers/USB/Core/AVR8/Endpoint_AVR8.o
 .debug_info    0x0000f190      0x4ce src/LUFA/LUFA/Drivers/USB/Core/AVR8/USBController_AVR8.o
 .debug_info    0x0000f65e      0x677 src/LUFA/LUFA/Drivers/USB/Core/AVR8/USBInterrupt_AVR8.o
 .debug_info    0x0000fcd5      0xa8c src/LUFA/LUFA/Drivers/USB/Core/DeviceStandardReq.o
 .debug_info    0x00010761       0x7c src/LUFA/LUFA/Drivers/USB/Core/Events.o
 .debug_info    0x000107dd      0x26f src/LUFA/LUFA/Drivers/USB/Core/USBTask.o

.debug_abbrev   0x00000000     0x321b
 *(.debug_abbrev)
 .debug_abbrev  0x00000000      0x312 Bluetooth.o
 .debug_abbrev  0x00000312      0x337 Calibrate.o
 .debug_abbrev  0x00000649       0x6a Config_Interrupts.o
 .debug_abbrev  0x000006b3       0xcb Config_IO.o
 .debug_abbrev  0x0000077e      0x169 Descriptors.o
 .debug_abbrev  0x000008e7      0x2ce KeyLogging.o
 .debug_abbrev  0x00000bb5      0x1ff Lib/FatFS/diskio.o
 .debug_abbrev  0x00000db4      0x2c6 Lib/FatFS/ff.o
 .debug_abbrev  0x0000107a      0x308 Lib/SCSI.o
 .debug_abbrev  0x00001382      0x267 Lib/SDCardManager.o
 .debug_abbrev  0x000015e9      0x142 uart.o
 .debug_abbrev  0x0000172b      0x44e Keyboard.o
 .debug_abbrev  0x00001b79      0x25c Send.o
 .debug_abbrev  0x00001dd5      0x320 Sense_Keys.o
 .debug_abbrev  0x000020f5      0x260 src/LUFA/LUFA/Drivers/USB/Class/Device/HIDClassDevice.o
 .debug_abbrev  0x00002355      0x2a8 src/LUFA/LUFA/Drivers/USB/Class/Device/MassStorageClassDevice.o
 .debug_abbrev  0x000025fd      0x218 src/LUFA/LUFA/Drivers/USB/Core/AVR8/EndpointStream_AVR8.o
 .debug_abbrev  0x00002815      0x223 src/LUFA/LUFA/Drivers/USB/Core/AVR8/Endpoint_AVR8.o
 .debug_abbrev  0x00002a38      0x18b src/LUFA/LUFA/Drivers/USB/Core/AVR8/USBController_AVR8.o
 .debug_abbrev  0x00002bc3      0x1d8 src/LUFA/LUFA/Drivers/USB/Core/AVR8/USBInterrupt_AVR8.o
 .debug_abbrev  0x00002d9b      0x2ce src/LUFA/LUFA/Drivers/USB/Core/DeviceStandardReq.o
 .debug_abbrev  0x00003069       0x47 src/LUFA/LUFA/Drivers/USB/Core/Events.o
 .debug_abbrev  0x000030b0      0x16b src/LUFA/LUFA/Drivers/USB/Core/USBTask.o

.debug_line     0x00000000    0x15e08
 *(.debug_line .debug_line.* .debug_line_end)
 .debug_line    0x00000000     0x1136 Bluetooth.o
 .debug_line    0x00001136     0x186c Calibrate.o
 .debug_line    0x000029a2      0xe86 Config_Interrupts.o
 .debug_line    0x00003828      0x48e Config_IO.o
 .debug_line    0x00003cb6      0xcfe Descriptors.o
 .debug_line    0x000049b4     0x11ef KeyLogging.o
 .debug_line    0x00005ba3      0xa77 Lib/FatFS/diskio.o
 .debug_line    0x0000661a     0x1e0c Lib/FatFS/ff.o
 .debug_line    0x00008426     0x10b1 Lib/SCSI.o
 .debug_line    0x000094d7     0x12c6 Lib/SDCardManager.o
 .debug_line    0x0000a79d      0x42e uart.o
 .debug_line    0x0000abcb     0x153c Keyboard.o
 .debug_line    0x0000c107     0x1106 Send.o
 .debug_line    0x0000d20d     0x142d Sense_Keys.o
 .debug_line    0x0000e63a     0x1113 src/LUFA/LUFA/Drivers/USB/Class/Device/HIDClassDevice.o
 .debug_line    0x0000f74d     0x10d1 src/LUFA/LUFA/Drivers/USB/Class/Device/MassStorageClassDevice.o
 .debug_line    0x0001081e     0x1ead src/LUFA/LUFA/Drivers/USB/Core/AVR8/EndpointStream_AVR8.o
 .debug_line    0x000126cb      0xc7b src/LUFA/LUFA/Drivers/USB/Core/AVR8/Endpoint_AVR8.o
 .debug_line    0x00013346      0x8d1 src/LUFA/LUFA/Drivers/USB/Core/AVR8/USBController_AVR8.o
 .debug_line    0x00013c17      0xafb src/LUFA/LUFA/Drivers/USB/Core/AVR8/USBInterrupt_AVR8.o
 .debug_line    0x00014712      0xa84 src/LUFA/LUFA/Drivers/USB/Core/DeviceStandardReq.o
 .debug_line    0x00015196      0x479 src/LUFA/LUFA/Drivers/USB/Core/Events.o
 .debug_line    0x0001560f      0x7f9 src/LUFA/LUFA/Drivers/USB/Core/USBTask.o

.debug_frame    0x00000000     0x2000
 *(.debug_frame)
 .debug_frame   0x00000000      0x114 Bluetooth.o
 .debug_frame   0x00000114      0x124 Calibrate.o
 .debug_frame   0x00000238       0x24 Config_Interrupts.o
 .debug_frame   0x0000025c       0x64 Config_IO.o
 .debug_frame   0x000002c0       0x24 Descriptors.o
 .debug_frame   0x000002e4       0xf4 KeyLogging.o
 .debug_frame   0x000003d8      0x23c Lib/FatFS/diskio.o
 .debug_frame   0x00000614      0x97c Lib/FatFS/ff.o
 .debug_frame   0x00000f90       0x94 Lib/SCSI.o
 .debug_frame   0x00001024      0x134 Lib/SDCardManager.o
 .debug_frame   0x00001158      0x100 uart.o
 .debug_frame   0x00001258      0x170 Keyboard.o
 .debug_frame   0x000013c8       0x94 Send.o
 .debug_frame   0x0000145c      0x1b0 Sense_Keys.o
 .debug_frame   0x0000160c       0xf4 src/LUFA/LUFA/Drivers/USB/Class/Device/HIDClassDevice.o
 .debug_frame   0x00001700       0x80 src/LUFA/LUFA/Drivers/USB/Class/Device/MassStorageClassDevice.o
 .debug_frame   0x00001780      0x618 src/LUFA/LUFA/Drivers/USB/Core/AVR8/EndpointStream_AVR8.o
 .debug_frame   0x00001d98       0xf4 src/LUFA/LUFA/Drivers/USB/Core/AVR8/Endpoint_AVR8.o
 .debug_frame   0x00001e8c       0x58 src/LUFA/LUFA/Drivers/USB/Core/AVR8/USBController_AVR8.o
 .debug_frame   0x00001ee4       0x8c src/LUFA/LUFA/Drivers/USB/Core/AVR8/USBInterrupt_AVR8.o
 .debug_frame   0x00001f70       0x40 src/LUFA/LUFA/Drivers/USB/Core/DeviceStandardReq.o
 .debug_frame   0x00001fb0       0x24 src/LUFA/LUFA/Drivers/USB/Core/Events.o
 .debug_frame   0x00001fd4       0x2c src/LUFA/LUFA/Drivers/USB/Core/USBTask.o

.debug_str      0x00000000    0x1b7d5
 *(.debug_str)
 .debug_str     0x00000000    0x17003 Bluetooth.o
                              0x1727b (size before relaxing)
 .debug_str     0x00017003      0x4cd Calibrate.o
                              0x17634 (size before relaxing)
 .debug_str     0x000174d0       0xb5 Config_Interrupts.o
                              0x16a89 (size before relaxing)
 .debug_str     0x00017585       0x4d Config_IO.o
                               0x8a5a (size before relaxing)
 .debug_str     0x000175d2      0x80a Descriptors.o
                              0x152a6 (size before relaxing)
 .debug_str     0x00017ddc      0x377 KeyLogging.o
                              0x17472 (size before relaxing)
 .debug_str     0x00018153      0x4e6 Lib/FatFS/diskio.o
                               0x8f1d (size before relaxing)
 .debug_str     0x00018639      0xa1e Lib/FatFS/ff.o
                               0x3f6f (size before relaxing)
 .debug_str     0x00019057      0x4cd Lib/SCSI.o
                              0x16f99 (size before relaxing)
 .debug_str     0x00019524      0x107 Lib/SDCardManager.o
                              0x170d2 (size before relaxing)
 .debug_str     0x0001962b      0x282 uart.o
                               0xae6a (size before relaxing)
 .debug_str     0x000198ad      0x5a5 Keyboard.o
                              0x17be4 (size before relaxing)
 .debug_str     0x00019e52       0x43 Send.o
                              0x17286 (size before relaxing)
 .debug_str     0x00019e95      0x140 Sense_Keys.o
                              0x17417 (size before relaxing)
 .debug_str     0x00019fd5      0x2ad src/LUFA/LUFA/Drivers/USB/Class/Device/HIDClassDevice.o
                              0x14ebe (size before relaxing)
 .debug_str     0x0001a282      0x2c4 src/LUFA/LUFA/Drivers/USB/Class/Device/MassStorageClassDevice.o
                              0x14fcc (size before relaxing)
 .debug_str     0x0001a546      0x887 src/LUFA/LUFA/Drivers/USB/Core/AVR8/EndpointStream_AVR8.o
                               0xf580 (size before relaxing)
 .debug_str     0x0001adcd      0x25d src/LUFA/LUFA/Drivers/USB/Core/AVR8/Endpoint_AVR8.o
                               0xec23 (size before relaxing)
 .debug_str     0x0001b02a      0x216 src/LUFA/LUFA/Drivers/USB/Core/AVR8/USBController_AVR8.o
                               0xeb83 (size before relaxing)
 .debug_str     0x0001b240       0xe9 src/LUFA/LUFA/Drivers/USB/Core/AVR8/USBInterrupt_AVR8.o
                               0xeb37 (size before relaxing)
 .debug_str     0x0001b329      0x3db src/LUFA/LUFA/Drivers/USB/Core/DeviceStandardReq.o
                               0xeff4 (size before relaxing)
 .debug_str     0x0001b704       0x53 src/LUFA/LUFA/Drivers/USB/Core/Events.o
                               0xddd1 (size before relaxing)
 .debug_str     0x0001b757       0x7e src/LUFA/LUFA/Drivers/USB/Core/USBTask.o
                               0xe9a2 (size before relaxing)

.debug_loc      0x00000000     0xdc92
 *(.debug_loc)
 .debug_loc     0x00000000      0x442 Bluetooth.o
 .debug_loc     0x00000442     0x106b Calibrate.o
 .debug_loc     0x000014ad       0xee Config_IO.o
 .debug_loc     0x0000159b      0x2d3 Descriptors.o
 .debug_loc     0x0000186e      0x432 KeyLogging.o
 .debug_loc     0x00001ca0      0xe41 Lib/FatFS/diskio.o
 .debug_loc     0x00002ae1     0x569e Lib/FatFS/ff.o
 .debug_loc     0x0000817f      0x47a Lib/SCSI.o
 .debug_loc     0x000085f9      0x65d Lib/SDCardManager.o
 .debug_loc     0x00008c56      0x325 uart.o
 .debug_loc     0x00008f7b      0x624 Keyboard.o
 .debug_loc     0x0000959f      0x358 Send.o
 .debug_loc     0x000098f7      0x89a Sense_Keys.o
 .debug_loc     0x0000a191      0x484 src/LUFA/LUFA/Drivers/USB/Class/Device/HIDClassDevice.o
 .debug_loc     0x0000a615      0x2cd src/LUFA/LUFA/Drivers/USB/Class/Device/MassStorageClassDevice.o
 .debug_loc     0x0000a8e2     0x2797 src/LUFA/LUFA/Drivers/USB/Core/AVR8/EndpointStream_AVR8.o
 .debug_loc     0x0000d079      0x5f9 src/LUFA/LUFA/Drivers/USB/Core/AVR8/Endpoint_AVR8.o
 .debug_loc     0x0000d672       0x49 src/LUFA/LUFA/Drivers/USB/Core/AVR8/USBController_AVR8.o
 .debug_loc     0x0000d6bb      0x247 src/LUFA/LUFA/Drivers/USB/Core/AVR8/USBInterrupt_AVR8.o
 .debug_loc     0x0000d902      0x347 src/LUFA/LUFA/Drivers/USB/Core/DeviceStandardReq.o
 .debug_loc     0x0000dc49       0x49 src/LUFA/LUFA/Drivers/USB/Core/USBTask.o

.debug_macinfo
 *(.debug_macinfo)

.debug_weaknames
 *(.debug_weaknames)

.debug_funcnames
 *(.debug_funcnames)

.debug_typenames
 *(.debug_typenames)

.debug_varnames
 *(.debug_varnames)

.debug_pubtypes
 *(.debug_pubtypes)

.debug_ranges   0x00000000     0x1318
 *(.debug_ranges)
 .debug_ranges  0x00000000       0x50 Bluetooth.o
 .debug_ranges  0x00000050      0x1a0 Calibrate.o
 .debug_ranges  0x000001f0       0x10 Config_Interrupts.o
 .debug_ranges  0x00000200       0x20 Config_IO.o
 .debug_ranges  0x00000220       0x10 Descriptors.o
 .debug_ranges  0x00000230       0x48 KeyLogging.o
 .debug_ranges  0x00000278       0x78 Lib/FatFS/diskio.o
 .debug_ranges  0x000002f0      0x218 Lib/FatFS/ff.o
 .debug_ranges  0x00000508       0x18 Lib/SCSI.o
 .debug_ranges  0x00000520       0x38 Lib/SDCardManager.o
 .debug_ranges  0x00000558       0x68 uart.o
 .debug_ranges  0x000005c0       0x88 Keyboard.o
 .debug_ranges  0x00000648       0x28 Send.o
 .debug_ranges  0x00000670       0xc0 Sense_Keys.o
 .debug_ranges  0x00000730       0x20 src/LUFA/LUFA/Drivers/USB/Class/Device/HIDClassDevice.o
 .debug_ranges  0x00000750       0x50 src/LUFA/LUFA/Drivers/USB/Class/Device/MassStorageClassDevice.o
 .debug_ranges  0x000007a0      0x918 src/LUFA/LUFA/Drivers/USB/Core/AVR8/EndpointStream_AVR8.o
 .debug_ranges  0x000010b8      0x1a8 src/LUFA/LUFA/Drivers/USB/Core/AVR8/Endpoint_AVR8.o
 .debug_ranges  0x00001260       0x20 src/LUFA/LUFA/Drivers/USB/Core/AVR8/USBController_AVR8.o
 .debug_ranges  0x00001280       0x20 src/LUFA/LUFA/Drivers/USB/Core/AVR8/USBInterrupt_AVR8.o
 .debug_ranges  0x000012a0       0x58 src/LUFA/LUFA/Drivers/USB/Core/DeviceStandardReq.o
 .debug_ranges  0x000012f8       0x10 src/LUFA/LUFA/Drivers/USB/Core/Events.o
 .debug_ranges  0x00001308       0x10 src/LUFA/LUFA/Drivers/USB/Core/USBTask.o

.debug_macro    0x00000000     0xb9da
 *(.debug_macro)
 .debug_macro   0x00000000      0x552 Bluetooth.o
 .debug_macro   0x00000552      0xa72 Bluetooth.o
 .debug_macro   0x00000fc4       0x10 Bluetooth.o
 .debug_macro   0x00000fd4       0x10 Bluetooth.o
 .debug_macro   0x00000fe4      0x1ad Bluetooth.o
 .debug_macro   0x00001191      0x293 Bluetooth.o
 .debug_macro   0x00001424       0x9e Bluetooth.o
 .debug_macro   0x000014c2     0x207d Bluetooth.o
 .debug_macro   0x0000353f      0x14f Bluetooth.o
 .debug_macro   0x0000368e       0xd9 Bluetooth.o
 .debug_macro   0x00003767       0x34 Bluetooth.o
 .debug_macro   0x0000379b       0x18 Bluetooth.o
 .debug_macro   0x000037b3       0x6c Bluetooth.o
 .debug_macro   0x0000381f       0x68 Bluetooth.o
 .debug_macro   0x00003887       0xab Bluetooth.o
 .debug_macro   0x00003932       0x69 Bluetooth.o
 .debug_macro   0x0000399b       0x22 Bluetooth.o
 .debug_macro   0x000039bd       0x16 Bluetooth.o
 .debug_macro   0x000039d3       0x97 Bluetooth.o
 .debug_macro   0x00003a6a       0x16 Bluetooth.o
 .debug_macro   0x00003a80       0x10 Bluetooth.o
 .debug_macro   0x00003a90      0x160 Bluetooth.o
 .debug_macro   0x00003bf0       0x10 Bluetooth.o
 .debug_macro   0x00003c00       0x12 Bluetooth.o
 .debug_macro   0x00003c12      0x175 Bluetooth.o
 .debug_macro   0x00003d87       0x12 Bluetooth.o
 .debug_macro   0x00003d99       0x10 Bluetooth.o
 .debug_macro   0x00003da9       0xef Bluetooth.o
 .debug_macro   0x00003e98       0x22 Bluetooth.o
 .debug_macro   0x00003eba      0x199 Bluetooth.o
 .debug_macro   0x00004053       0x2f Bluetooth.o
 .debug_macro   0x00004082       0x1c Bluetooth.o
 .debug_macro   0x0000409e       0x68 Bluetooth.o
 .debug_macro   0x00004106       0x28 Bluetooth.o
 .debug_macro   0x0000412e       0x33 Bluetooth.o
 .debug_macro   0x00004161      0x10c Bluetooth.o
 .debug_macro   0x0000426d      0x160 Bluetooth.o
 .debug_macro   0x000043cd       0x1c Bluetooth.o
 .debug_macro   0x000043e9       0x86 Bluetooth.o
 .debug_macro   0x0000446f       0x3c Bluetooth.o
 .debug_macro   0x000044ab       0x19 Bluetooth.o
 .debug_macro   0x000044c4       0x4d Bluetooth.o
 .debug_macro   0x00004511       0x73 Bluetooth.o
 .debug_macro   0x00004584       0x16 Bluetooth.o
 .debug_macro   0x0000459a       0x12 Bluetooth.o
 .debug_macro   0x000045ac       0x22 Bluetooth.o
 .debug_macro   0x000045ce       0x64 Bluetooth.o
 .debug_macro   0x00004632       0x41 Bluetooth.o
 .debug_macro   0x00004673       0x10 Bluetooth.o
 .debug_macro   0x00004683       0x1c Bluetooth.o
 .debug_macro   0x0000469f       0x16 Bluetooth.o
 .debug_macro   0x000046b5       0x16 Bluetooth.o
 .debug_macro   0x000046cb      0x12c Bluetooth.o
 .debug_macro   0x000047f7       0x16 Bluetooth.o
 .debug_macro   0x0000480d       0x46 Bluetooth.o
 .debug_macro   0x00004853       0x58 Bluetooth.o
 .debug_macro   0x000048ab       0x10 Bluetooth.o
 .debug_macro   0x000048bb       0x35 Bluetooth.o
 .debug_macro   0x000048f0       0xeb Bluetooth.o
 .debug_macro   0x000049db       0x16 Bluetooth.o
 .debug_macro   0x000049f1      0x154 Bluetooth.o
 .debug_macro   0x00004b45       0x2a Bluetooth.o
 .debug_macro   0x00004b6f      0x6ce Bluetooth.o
 .debug_macro   0x0000523d       0x16 Bluetooth.o
 .debug_macro   0x00005253      0x132 Bluetooth.o
 .debug_macro   0x00005385       0x16 Bluetooth.o
 .debug_macro   0x0000539b       0x10 Bluetooth.o
 .debug_macro   0x000053ab       0x6c Bluetooth.o
 .debug_macro   0x00005417       0x16 Bluetooth.o
 .debug_macro   0x0000542d       0x1c Bluetooth.o
 .debug_macro   0x00005449       0x16 Bluetooth.o
 .debug_macro   0x0000545f       0x10 Bluetooth.o
 .debug_macro   0x0000546f      0x1be Bluetooth.o
 .debug_macro   0x0000562d       0x16 Bluetooth.o
 .debug_macro   0x00005643       0x10 Bluetooth.o
 .debug_macro   0x00005653       0x34 Bluetooth.o
 .debug_macro   0x00005687       0x10 Bluetooth.o
 .debug_macro   0x00005697       0x22 Bluetooth.o
 .debug_macro   0x000056b9       0x3a Bluetooth.o
 .debug_macro   0x000056f3       0x16 Bluetooth.o
 .debug_macro   0x00005709       0x22 Bluetooth.o
 .debug_macro   0x0000572b       0xd6 Bluetooth.o
 .debug_macro   0x00005801       0xe0 Bluetooth.o
 .debug_macro   0x000058e1      0x227 Bluetooth.o
 .debug_macro   0x00005b08       0x52 Bluetooth.o
 .debug_macro   0x00005b5a       0x22 Bluetooth.o
 .debug_macro   0x00005b7c       0x4e Bluetooth.o
 .debug_macro   0x00005bca      0x228 Bluetooth.o
 .debug_macro   0x00005df2      0x124 Bluetooth.o
 .debug_macro   0x00005f16      0x557 Calibrate.o
 .debug_macro   0x0000646d      0x55f Config_Interrupts.o
 .debug_macro   0x000069cc       0x63 Config_Interrupts.o
 .debug_macro   0x00006a2f       0xab Config_IO.o
 .debug_macro   0x00006ada      0x442 Descriptors.o
 .debug_macro   0x00006f1c       0x89 Descriptors.o
 .debug_macro   0x00006fa5       0xaa Descriptors.o
 .debug_macro   0x0000704f      0x181 Descriptors.o
 .debug_macro   0x000071d0       0x20 Descriptors.o
 .debug_macro   0x000071f0      0x54c KeyLogging.o
 .debug_macro   0x0000773c      0x18e Lib/FatFS/diskio.o
 .debug_macro   0x000078ca       0x9a Lib/FatFS/diskio.o
 .debug_macro   0x00007964      0x166 Lib/FatFS/diskio.o
 .debug_macro   0x00007aca      0x27a Lib/FatFS/ff.o
 .debug_macro   0x00007d44       0xe7 Lib/FatFS/ff.o
 .debug_macro   0x00007e2b       0xa0 Lib/FatFS/ff.o
 .debug_macro   0x00007ecb      0x553 Lib/SCSI.o
 .debug_macro   0x0000841e      0x56a Lib/SDCardManager.o
 .debug_macro   0x00008988      0x149 uart.o
 .debug_macro   0x00008ad1       0x48 uart.o
 .debug_macro   0x00008b19      0x54c Keyboard.o
 .debug_macro   0x00009065      0x557 Send.o
 .debug_macro   0x000095bc      0x54c Sense_Keys.o
 .debug_macro   0x00009b08      0x446 src/LUFA/LUFA/Drivers/USB/Class/Device/HIDClassDevice.o
 .debug_macro   0x00009f4e      0x44c src/LUFA/LUFA/Drivers/USB/Class/Device/MassStorageClassDevice.o
 .debug_macro   0x0000a39a      0x12c src/LUFA/LUFA/Drivers/USB/Class/Device/MassStorageClassDevice.o
 .debug_macro   0x0000a4c6      0x60e src/LUFA/LUFA/Drivers/USB/Core/AVR8/EndpointStream_AVR8.o
 .debug_macro   0x0000aad4       0x28 src/LUFA/LUFA/Drivers/USB/Core/AVR8/EndpointStream_AVR8.o
 .debug_macro   0x0000aafc       0x1c src/LUFA/LUFA/Drivers/USB/Core/AVR8/EndpointStream_AVR8.o
 .debug_macro   0x0000ab18       0x1c src/LUFA/LUFA/Drivers/USB/Core/AVR8/EndpointStream_AVR8.o
 .debug_macro   0x0000ab34      0x2a5 src/LUFA/LUFA/Drivers/USB/Core/AVR8/Endpoint_AVR8.o
 .debug_macro   0x0000add9       0x10 src/LUFA/LUFA/Drivers/USB/Core/AVR8/Endpoint_AVR8.o
 .debug_macro   0x0000ade9      0x277 src/LUFA/LUFA/Drivers/USB/Core/AVR8/USBController_AVR8.o
 .debug_macro   0x0000b060       0x79 src/LUFA/LUFA/Drivers/USB/Core/AVR8/USBController_AVR8.o
 .debug_macro   0x0000b0d9      0x27f src/LUFA/LUFA/Drivers/USB/Core/AVR8/USBInterrupt_AVR8.o
 .debug_macro   0x0000b358      0x27d src/LUFA/LUFA/Drivers/USB/Core/DeviceStandardReq.o
 .debug_macro   0x0000b5d5      0x182 src/LUFA/LUFA/Drivers/USB/Core/Events.o
 .debug_macro   0x0000b757      0x283 src/LUFA/LUFA/Drivers/USB/Core/USBTask.o
OUTPUT(USB Typewriter P2S.elf elf32-avr)
LOAD linker stubs
