Archive member included to satisfy reference by file (symbol)

c:/program files (x86)/atmel/studio/7.0/toolchain/avr8/avr8-gnu-toolchain/bin/../lib/gcc/avr/4.9.2/avr5\libgcc.a(_divmodhi4.o)
                              Send.o (__divmodhi4)
c:/program files (x86)/atmel/studio/7.0/toolchain/avr8/avr8-gnu-toolchain/bin/../lib/gcc/avr/4.9.2/avr5\libgcc.a(_udivmodsi4.o)
                              Lib/FatFS/ff.o (__udivmodsi4)
c:/program files (x86)/atmel/studio/7.0/toolchain/avr8/avr8-gnu-toolchain/bin/../lib/gcc/avr/4.9.2/avr5\libgcc.a(_exit.o)
                              C:/Program Files (x86)/Atmel/Studio/7.0/Packs/atmel/ATmega_DFP/1.0.90/gcc/dev/atmega32u4/avr5/crtatmega32u4.o (exit)
c:/program files (x86)/atmel/studio/7.0/toolchain/avr8/avr8-gnu-toolchain/bin/../lib/gcc/avr/4.9.2/avr5\libgcc.a(_copy_data.o)
                              Bluetooth.o (__do_copy_data)
c:/program files (x86)/atmel/studio/7.0/toolchain/avr8/avr8-gnu-toolchain/bin/../lib/gcc/avr/4.9.2/avr5\libgcc.a(_clear_bss.o)
                              Bluetooth.o (__do_clear_bss)
c:/program files (x86)/atmel/studio/7.0/toolchain/avr8/avr8-gnu-toolchain/bin/../lib/gcc/avr/4.9.2/avr5\libgcc.a(_muluhisi3.o)
                              KeyLogging.o (__muluhisi3)
c:/program files (x86)/atmel/studio/7.0/toolchain/avr8/avr8-gnu-toolchain/bin/../lib/gcc/avr/4.9.2/avr5\libgcc.a(_clzdi2.o)
                              Sense_Keys.o (__clzdi2)
c:/program files (x86)/atmel/studio/7.0/toolchain/avr8/avr8-gnu-toolchain/bin/../lib/gcc/avr/4.9.2/avr5\libgcc.a(_ashldi3.o)
                              Sense_Keys.o (__ashldi3)
c:/program files (x86)/atmel/studio/7.0/toolchain/avr8/avr8-gnu-toolchain/bin/../lib/gcc/avr/4.9.2/avr5\libgcc.a(_ashrdi3.o)
                              Sense_Keys.o (__lshrdi3)
c:/program files (x86)/atmel/studio/7.0/toolchain/avr8/avr8-gnu-toolchain/bin/../lib/gcc/avr/4.9.2/avr5\libgcc.a(_cmpdi2_s8.o)
                              Sense_Keys.o (__cmpdi2_s8)
c:/program files (x86)/atmel/studio/7.0/toolchain/avr8/avr8-gnu-toolchain/bin/../lib/gcc/avr/4.9.2/avr5\libgcc.a(_udivmodhi4.o)
                              c:/program files (x86)/atmel/studio/7.0/toolchain/avr8/avr8-gnu-toolchain/bin/../lib/gcc/avr/4.9.2/avr5\libgcc.a(_divmodhi4.o) (__udivmodhi4)
c:/program files (x86)/atmel/studio/7.0/toolchain/avr8/avr8-gnu-toolchain/bin/../lib/gcc/avr/4.9.2/avr5\libgcc.a(_clzsi2.o)
                              c:/program files (x86)/atmel/studio/7.0/toolchain/avr8/avr8-gnu-toolchain/bin/../lib/gcc/avr/4.9.2/avr5\libgcc.a(_clzdi2.o) (__clzsi2)
c:/program files (x86)/atmel/studio/7.0/toolchain/avr8/avr8-gnu-toolchain/bin/../lib/gcc/avr/4.9.2/avr5\libgcc.a(_clzhi2.o)
                              c:/program files (x86)/atmel/studio/7.0/toolchain/avr8/avr8-gnu-toolchain/bin/../lib/gcc/avr/4.9.2/avr5\libgcc.a(_clzsi2.o) (__clzhi2)
c:/program files (x86)/atmel/studio/7.0/toolchain/avr8/avr8-gnu-toolchain/bin/../lib/gcc/avr/4.9.2/avr5\libgcc.a(_umulhisi3.o)
                              c:/program files (x86)/atmel/studio/7.0/toolchain/avr8/avr8-gnu-toolchain/bin/../lib/gcc/avr/4.9.2/avr5\libgcc.a(_muluhisi3.o) (__umulhisi3)
c:/program files (x86)/atmel/studio/7.0/toolchain/avr8/avr8-gnu-toolchain/bin/../lib/gcc/avr/4.9.2/../../../../avr/lib/avr5\libc.a(toupper.o)
                              Send.o (toupper)
c:/program files (x86)/atmel/studio/7.0/toolchain/avr8/avr8-gnu-toolchain/bin/../lib/gcc/avr/4.9.2/../../../../avr/lib/avr5\libc.a(memcpy_P.o)
                              src/LUFA/LUFA/Drivers/USB/Class/Device/RNDISClassDevice.o (memcpy_P)
c:/program files (x86)/atmel/studio/7.0/toolchain/avr8/avr8-gnu-toolchain/bin/../lib/gcc/avr/4.9.2/../../../../avr/lib/avr5\libc.a(strcpy_P.o)
                              Send.o (strcpy_P)
c:/program files (x86)/atmel/studio/7.0/toolchain/avr8/avr8-gnu-toolchain/bin/../lib/gcc/avr/4.9.2/../../../../avr/lib/avr5\libc.a(strtok.o)
                              Bluetooth.o (strtok)
c:/program files (x86)/atmel/studio/7.0/toolchain/avr8/avr8-gnu-toolchain/bin/../lib/gcc/avr/4.9.2/../../../../avr/lib/avr5\libc.a(memcmp.o)
                              src/LUFA/LUFA/Drivers/USB/Class/Device/HIDClassDevice.o (memcmp)
c:/program files (x86)/atmel/studio/7.0/toolchain/avr8/avr8-gnu-toolchain/bin/../lib/gcc/avr/4.9.2/../../../../avr/lib/avr5\libc.a(memcpy.o)
                              src/LUFA/LUFA/Drivers/USB/Class/Device/HIDClassDevice.o (memcpy)
c:/program files (x86)/atmel/studio/7.0/toolchain/avr8/avr8-gnu-toolchain/bin/../lib/gcc/avr/4.9.2/../../../../avr/lib/avr5\libc.a(memset.o)
                              src/LUFA/LUFA/Drivers/USB/Class/Device/HIDClassDevice.o (memset)
c:/program files (x86)/atmel/studio/7.0/toolchain/avr8/avr8-gnu-toolchain/bin/../lib/gcc/avr/4.9.2/../../../../avr/lib/avr5\libc.a(strtok_r.o)
                              c:/program files (x86)/atmel/studio/7.0/toolchain/avr8/avr8-gnu-toolchain/bin/../lib/gcc/avr/4.9.2/../../../../avr/lib/avr5\libc.a(strtok.o) (strtok_r)
[...]
Memory Configuration

Name             Origin             Length             Attributes
text             0x00000000         0x00020000         xr
data             0x00800060         0x0000ffa0         rw !x
eeprom           0x00810000         0x00010000         rw !x
fuse             0x00820000         0x00000400         rw !x
lock             0x00830000         0x00000400         rw !x
signature        0x00840000         0x00000400         rw !x
user_signatures  0x00850000         0x00000400         rw !x
*default*        0x00000000         0xffffffff

Linker script and memory map

Address of section .data set to 0x800100
LOAD C:/Program Files (x86)/Atmel/Studio/7.0/Packs/atmel/ATmega_DFP/1.0.90/gcc/dev/atmega32u4/avr5/crtatmega32u4.o
LOAD Bluetooth.o
LOAD Calibrate.o
LOAD Config_Interrupts.o
LOAD Config_IO.o
LOAD Descriptors.o
LOAD KeyLogging.o
LOAD Lib/FatFS/diskio.o
LOAD Lib/FatFS/ff.o
LOAD Lib/SCSI.o
LOAD Lib/SDCardManager.o
LOAD uart.o
LOAD Keyboard.o
LOAD Send.o
LOAD Sense_Keys.o
LOAD src/LUFA/LUFA/Drivers/USB/Class/Common/HIDParser.o
LOAD src/LUFA/LUFA/Drivers/USB/Class/Device/AudioClassDevice.o
LOAD src/LUFA/LUFA/Drivers/USB/Class/Device/CDCClassDevice.o
LOAD src/LUFA/LUFA/Drivers/USB/Class/Device/HIDClassDevice.o
LOAD src/LUFA/LUFA/Drivers/USB/Class/Device/MassStorageClassDevice.o
LOAD src/LUFA/LUFA/Drivers/USB/Class/Device/MIDIClassDevice.o
LOAD src/LUFA/LUFA/Drivers/USB/Class/Device/PrinterClassDevice.o
LOAD src/LUFA/LUFA/Drivers/USB/Class/Device/RNDISClassDevice.o
LOAD src/LUFA/LUFA/Drivers/USB/Class/Host/AndroidAccessoryClassHost.o
LOAD src/LUFA/LUFA/Drivers/USB/Class/Host/AudioClassHost.o
LOAD src/LUFA/LUFA/Drivers/USB/Class/Host/CDCClassHost.o
LOAD src/LUFA/LUFA/Drivers/USB/Class/Host/HIDClassHost.o
LOAD src/LUFA/LUFA/Drivers/USB/Class/Host/MassStorageClassHost.o
LOAD src/LUFA/LUFA/Drivers/USB/Class/Host/MIDIClassHost.o
LOAD src/LUFA/LUFA/Drivers/USB/Class/Host/PrinterClassHost.o
LOAD src/LUFA/LUFA/Drivers/USB/Class/Host/RNDISClassHost.o
LOAD src/LUFA/LUFA/Drivers/USB/Class/Host/StillImageClassHost.o
LOAD src/LUFA/LUFA/Drivers/USB/Core/AVR8/Device_AVR8.o
LOAD src/LUFA/LUFA/Drivers/USB/Core/AVR8/EndpointStream_AVR8.o
LOAD src/LUFA/LUFA/Drivers/USB/Core/AVR8/Endpoint_AVR8.o
LOAD src/LUFA/LUFA/Drivers/USB/Core/AVR8/Host_AVR8.o
LOAD src/LUFA/LUFA/Drivers/USB/Core/AVR8/PipeStream_AVR8.o
LOAD src/LUFA/LUFA/Drivers/USB/Core/AVR8/Pipe_AVR8.o
LOAD src/LUFA/LUFA/Drivers/USB/Core/AVR8/Template/Template_Endpoint_Control_R.o
LOAD src/LUFA/LUFA/Drivers/USB/Core/AVR8/Template/Template_Endpoint_Control_W.o
LOAD src/LUFA/LUFA/Drivers/USB/Core/AVR8/Template/Template_Endpoint_RW.o
LOAD src/LUFA/LUFA/Drivers/USB/Core/AVR8/Template/Template_Pipe_RW.o
LOAD src/LUFA/LUFA/Drivers/USB/Core/AVR8/USBController_AVR8.o
LOAD src/LUFA/LUFA/Drivers/USB/Core/AVR8/USBInterrupt_AVR8.o
LOAD src/LUFA/LUFA/Drivers/USB/Core/ConfigDescriptors.o
LOAD src/LUFA/LUFA/Drivers/USB/Core/DeviceStandardReq.o
LOAD src/LUFA/LUFA/Drivers/USB/Core/Events.o
LOAD src/LUFA/LUFA/Drivers/USB/Core/HostStandardReq.o
LOAD src/LUFA/LUFA/Drivers/USB/Core/USBTask.o
START GROUP
LOAD c:/program files (x86)/atmel/studio/7.0/toolchain/avr8/avr8-gnu-toolchain/bin/../lib/gcc/avr/4.9.2/../../../../avr/lib/avr5\libm.a
END GROUP
START GROUP
LOAD c:/program files (x86)/atmel/studio/7.0/toolchain/avr8/avr8-gnu-toolchain/bin/../lib/gcc/avr/4.9.2/avr5\libgcc.a
LOAD c:/program files (x86)/atmel/studio/7.0/toolchain/avr8/avr8-gnu-toolchain/bin/../lib/gcc/avr/4.9.2/../../../../avr/lib/avr5\libm.a
LOAD c:/program files (x86)/atmel/studio/7.0/toolchain/avr8/avr8-gnu-toolchain/bin/../lib/gcc/avr/4.9.2/../../../../avr/lib/avr5\libc.a
LOAD C:/Program Files (x86)/Atmel/Studio/7.0/Packs/atmel/ATmega_DFP/1.0.90/gcc/dev/atmega32u4/avr5\libatmega32u4.a
END GROUP

.hash
 *(.hash)

.dynsym
 *(.dynsym)

.dynstr
 *(.dynstr)

.gnu.version
 *(.gnu.version)

.gnu.version_d
 *(.gnu.version_d)

.gnu.version_r
 *(.gnu.version_r)

.rel.init
 *(.rel.init)

.rela.init
 *(.rela.init)

.rel.text
 *(.rel.text)
 *(.rel.text.*)
 *(.rel.gnu.linkonce.t*)

.rela.text
 *(.rela.text)
 *(.rela.text.*)
 *(.rela.gnu.linkonce.t*)

.rel.fini
 *(.rel.fini)

.rela.fini
 *(.rela.fini)

.rel.rodata
 *(.rel.rodata)
 *(.rel.rodata.*)
 *(.rel.gnu.linkonce.r*)

.rela.rodata
 *(.rela.rodata)
 *(.rela.rodata.*)
 *(.rela.gnu.linkonce.r*)

.rel.data
 *(.rel.data)
 *(.rel.data.*)
 *(.rel.gnu.linkonce.d*)

.rela.data
 *(.rela.data)
 *(.rela.data.*)
 *(.rela.gnu.linkonce.d*)

.rel.ctors
 *(.rel.ctors)

.rela.ctors
 *(.rela.ctors)

.rel.dtors
 *(.rel.dtors)

.rela.dtors
 *(.rela.dtors)

.rel.got
 *(.rel.got)

.rela.got
 *(.rela.got)

.rel.bss
 *(.rel.bss)

.rela.bss
 *(.rela.bss)

.rel.plt
 *(.rel.plt)

.rela.plt
 *(.rela.plt)

.text           0x00000000     0x7a4e
 *(.vectors)
 .vectors       0x00000000       0xac C:/Program Files (x86)/Atmel/Studio/7.0/Packs/atmel/ATmega_DFP/1.0.90/gcc/dev/atmega32u4/avr5/crtatmega32u4.o
                0x00000000                __vector_default
                0x00000000                __vectors
 *(.vectors)
 *(.progmem.gcc*)
                0x000000ac                . = ALIGN (0x2)
                0x000000ac                __trampolines_start = .
 *(.trampolines)
 .trampolines   0x000000ac        0x0 linker stubs
 *(.trampolines*)
                0x000000ac                __trampolines_end = .
 *(.progmem*)
 .progmem.data.Str_Settings_Saved
                0x000000ac       0x11 Calibrate.o
                0x000000ac                Str_Settings_Saved
 .progmem.data.Str_Spacebar_Blocks_Enter
                0x000000bd       0x2a Calibrate.o
                0x000000bd                Str_Spacebar_Blocks_Enter
 .progmem.data.Str_Set_Reed_Time
                0x000000e7       0x20 Calibrate.o
                0x000000e7                Str_Set_Reed_Time
 .progmem.data.Str_Set_Double_Time
                0x00000107       0x2e Calibrate.o
                0x00000107                Str_Set_Double_Time
 .progmem.data.Str_Set_Release_Time
                0x00000135       0x1e Calibrate.o
                0x00000135                Str_Set_Release_Time
 .progmem.data.Str_Set_Reaction_Time
                0x00000153       0x30 Calibrate.o
                0x00000153                Str_Set_Reaction_Time
 .progmem.data.Str_Press_CMD
                0x00000183       0x1e Calibrate.o
                0x00000183                Str_Press_CMD
 .progmem.data.Str_Adj_Sensitivity
                0x000001a1       0x1c Calibrate.o
                0x000001a1                Str_Adj_Sensitivity
 .progmem.data.Str_No_Hall
                0x000001bd       0x31 Calibrate.o
                0x000001bd                Str_No_Hall
 .progmem.data.Str_Calibrate_Hall
                0x000001ee       0x36 Calibrate.o
                0x000001ee                Str_Calibrate_Hall
 .progmem.data.Str_Backspace
                0x00000224        0xa Calibrate.o
                0x00000224                Str_Backspace
 .progmem.data.Str_Post
                0x0000022e        0x5 Calibrate.o
                0x0000022e                Str_Post
 .progmem.data.Str_Second_Enter
                0x00000233       0x10 Calibrate.o
                0x00000233                Str_Second_Enter
 .progmem.data.Str_Enter
                0x00000243        0x6 Calibrate.o
                0x00000243                Str_Enter
 .progmem.data.Str_Spacebar
                0x00000249        0x9 Calibrate.o
                0x00000249                Str_Spacebar
 .progmem.data.Str_Quick_Calibrate
                0x00000252       0x1b Calibrate.o
                0x00000252                Str_Quick_Calibrate
 .progmem.data.Str_No_Dummy_Load
                0x0000026d       0x18 Calibrate.o
                0x0000026d                Str_No_Dummy_Load
 .progmem.data.Str_Dummy_Load
                0x00000285       0x16 Calibrate.o
                0x00000285                Str_Dummy_Load
 .progmem.data.Str_Shift_Error
                0x0000029b       0x26 Calibrate.o
                0x0000029b                Str_Shift_Error
 .progmem.data.Str_Type_The_Following
                0x000002c1       0x32 Calibrate.o
                0x000002c1                Str_Type_The_Following
 .progmem.data.Str_Calibrating
                0x000002f3       0x10 Calibrate.o
                0x000002f3                Str_Calibrating
 .progmem.data.Str_SD_Mode
                0x00000303       0x16 Calibrate.o
                0x00000303                Str_SD_Mode
 .progmem.data.Str_Combo_Mode
                0x00000319       0x1f Calibrate.o
                0x00000319                Str_Combo_Mode
 .progmem.data.Str_Light_Mode
                0x00000338       0x26 Calibrate.o
                0x00000338                Str_Light_Mode
 .progmem.data.Str_BT_Mode
                0x0000035e       0x19 Calibrate.o
                0x0000035e                Str_BT_Mode
 .progmem.data.Str_Typewriter_Mode
                0x00000377       0x12 Calibrate.o
                0x00000377                Str_Typewriter_Mode
 .progmem.data.Str_Firmware_Ver
                0x00000389       0x14 Calibrate.o
                0x00000389                Str_Firmware_Ver
 .progmem.data.Str_USB_Typewriter
                0x0000039d       0x15 Calibrate.o
                0x0000039d                Str_USB_Typewriter
 .progmem.data.ProductString
                0x000003b2       0x32 Descriptors.o
                0x000003b2                ProductString
 .progmem.data.ManufacturerString
                0x000003e4       0x28 Descriptors.o
                0x000003e4                ManufacturerString
 .progmem.data.LanguageString
                0x0000040c        0x4 Descriptors.o
                0x0000040c                LanguageString
 .progmem.data.ConfigurationDescriptor
                0x00000410       0x39 Descriptors.o
                0x00000410                ConfigurationDescriptor
 .progmem.data.DeviceDescriptor
                0x00000449       0x12 Descriptors.o
                0x00000449                DeviceDescriptor
 .progmem.data.KeyboardReport
                0x0000045b       0x3f Descriptors.o
                0x0000045b                KeyboardReport
                0x0000049a                . = ALIGN (0x2)
 *(.jumptables)
 *(.jumptables*)
 *(.lowtext)
 *(.lowtext*)
                0x0000049a                __ctors_start = .
 *(.ctors)
                0x0000049a                __ctors_end = .
                0x0000049a                __dtors_start = .
 *(.dtors)
                0x0000049a                __dtors_end = .
 SORT(*)(.ctors)
 SORT(*)(.dtors)
 *(.init0)
 .init0         0x0000049a        0x0 C:/Program Files (x86)/Atmel/Studio/7.0/Packs/atmel/ATmega_DFP/1.0.90/gcc/dev/atmega32u4/avr5/crtatmega32u4.o
                0x0000049a                __init
 *(.init0)
 *(.init1)
 *(.init1)
 *(.init2)
 .init2         0x0000049a        0xc C:/Program Files (x86)/Atmel/Studio/7.0/Packs/atmel/ATmega_DFP/1.0.90/gcc/dev/atmega32u4/avr5/crtatmega32u4.o
 *(.init2)
 *(.init3)
 *(.init3)
 *(.init4)
 .init4         0x000004a6       0x16 c:/program files (x86)/atmel/studio/7.0/toolchain/avr8/avr8-gnu-toolchain/bin/../lib/gcc/avr/4.9.2/avr5\libgcc.a(_copy_data.o)
                0x000004a6                __do_copy_data
 .init4         0x000004bc       0x10 c:/program files (x86)/atmel/studio/7.0/toolchain/avr8/avr8-gnu-toolchain/bin/../lib/gcc/avr/4.9.2/avr5\libgcc.a(_clear_bss.o)
                0x000004bc                __do_clear_bss
 *(.init4)
 *(.init5)
 *(.init5)
 *(.init6)
 *(.init6)
 *(.init7)
 *(.init7)
 *(.init8)
 *(.init8)
 *(.init9)
 .init9         0x000004cc        0x8 C:/Program Files (x86)/Atmel/Studio/7.0/Packs/atmel/ATmega_DFP/1.0.90/gcc/dev/atmega32u4/avr5/crtatmega32u4.o
 *(.init9)
 *(.text)
 .text          0x000004d4        0x2 C:/Program Files (x86)/Atmel/Studio/7.0/Packs/atmel/ATmega_DFP/1.0.90/gcc/dev/atmega32u4/avr5/crtatmega32u4.o
                0x000004d4                __vector_38
                0x000004d4                __vector_22
                0x000004d4                __vector_28
                0x000004d4                __vector_1
                0x000004d4                __vector_32
                0x000004d4                __vector_34
                0x000004d4                __vector_24
                0x000004d4                __vector_12
                0x000004d4                __bad_interrupt
                0x000004d4                __vector_6
                0x000004d4                __vector_31
                0x000004d4                __vector_35
                0x000004d4                __vector_39
                0x000004d4                __vector_3
                0x000004d4                __vector_23
                0x000004d4                __vector_30
                0x000004d4                __vector_11
                0x000004d4                __vector_13
                0x000004d4                __vector_19
                0x000004d4                __vector_7
                0x000004d4                __vector_27
                0x000004d4                __vector_5
                0x000004d4                __vector_33
                0x000004d4                __vector_37
                0x000004d4                __vector_4
                0x000004d4                __vector_9
                0x000004d4                __vector_2
                0x000004d4                __vector_21
                0x000004d4                __vector_15
                0x000004d4                __vector_36
                0x000004d4                __vector_29
                0x000004d4                __vector_40
                0x000004d4                __vector_8
                0x000004d4                __vector_14
                0x000004d4                __vector_16
                0x000004d4                __vector_18
                0x000004d4                __vector_20
                0x000004d4                __vector_42
                0x000004d6                . = ALIGN (0x2)
 *(.text.*)
 .text.Bluetooth_Reset
                0x000004d6       0x38 Bluetooth.o
                0x000004d6                Bluetooth_Reset
 .text.Get_Response
                0x0000050e       0x90 Bluetooth.o
                0x0000050e                Get_Response
 .text.Bluetooth_Send_CMD
                0x0000059e       0x38 Bluetooth.o
                0x0000059e                Bluetooth_Send_CMD
 .text.Bluetooth_Send
                0x000005d6       0xcc Bluetooth.o
                0x000005d6                Bluetooth_Send
 .text.Bluetooth_Init
                0x000006a2       0x34 Bluetooth.o
                0x000006a2                Bluetooth_Init
 .text.Bluetooth_Configure
                0x000006d6       0x7e Bluetooth.o
                0x000006d6                Bluetooth_Configure
 .text.BluetoothInquire
                0x00000754        0xa Bluetooth.o
                0x00000754                BluetoothInquire
 .text.Bluetooth_Connect
                0x0000075e       0x86 Bluetooth.o
                0x0000075e                Bluetooth_Connect
 .text.SaveCalibration
                0x000007e4       0x96 Calibrate.o
                0x000007e4                SaveCalibration
 .text.DetectHallSensor
                0x0000087a       0xba Calibrate.o
                0x0000087a                DetectHallSensor
 .text.WaitForKeypress
                0x00000934       0x1e Calibrate.o
                0x00000934                WaitForKeypress
 .text.TeachHIDKey
                0x00000952       0x74 Calibrate.o
                0x00000952                TeachHIDKey
 .text.CalibrateReeds
                0x000009c6      0x15a Calibrate.o
                0x000009c6                CalibrateReeds
 .text.QuickCalibrate
                0x00000b20       0xa8 Calibrate.o
                0x00000b20                QuickCalibrate
 .text.Calibrate
                0x00000bc8      0x55e Calibrate.o
                0x00000bc8                Calibrate
 .text.Adjust_Sensitivity
                0x00001126      0x238 Calibrate.o
                0x00001126                Adjust_Sensitivity
 .text.Config_Interrupts
                0x0000135e       0x28 Config_Interrupts.o
                0x0000135e                Config_Interrupts
 .text.Config_IO
                0x00001386       0x60 Config_IO.o
                0x00001386                Config_IO
 .text.GlowGreenLED
                0x000013e6       0xa2 Config_IO.o
                0x000013e6                GlowGreenLED
 .text.__vector_41
                0x00001488       0x6a Config_IO.o
                0x00001488                __vector_41
 .text.CALLBACK_USB_GetDescriptor
                0x000014f2       0xa0 Descriptors.o
                0x000014f2                CALLBACK_USB_GetDescriptor
 .text.OpenLogFile
                0x00001592       0x4e KeyLogging.o
                0x00001592                OpenLogFile
 .text.CloseLogFile
                0x000015e0       0x12 KeyLogging.o
                0x000015e0                CloseLogFile
 .text.MountFilesystem
                0x000015f2       0x1a KeyLogging.o
                0x000015f2                MountFilesystem
 .text.get_num_of_sectors
                0x0000160c       0x5a KeyLogging.o
                0x0000160c                get_num_of_sectors
 .text.WriteToLogFile
                0x00001666       0x78 KeyLogging.o
                0x00001666                WriteToLogFile
 .text.TestSDHardware
                0x000016de       0x54 KeyLogging.o
                0x000016de                TestSDHardware
 .text.AddToSDBuffer
                0x00001732       0xb2 KeyLogging.o
                0x00001732                AddToSDBuffer
 .text.LogKeystrokes
                0x000017e4      0x1c6 KeyLogging.o
                0x000017e4                LogKeystrokes
 .text.dly_us   0x000019aa        0xa Lib/FatFS/diskio.o
 .text.xmit_mmc
                0x000019b4       0x80 Lib/FatFS/diskio.o
 .text.rcvr_mmc
                0x00001a34       0x64 Lib/FatFS/diskio.o
 .text.wait_ready
                0x00001a98       0x46 Lib/FatFS/diskio.o
 .text.deselect
                0x00001ade       0x1e Lib/FatFS/diskio.o
 .text.select   0x00001afc       0x38 Lib/FatFS/diskio.o
 .text.rcvr_datablock
                0x00001b34       0x70 Lib/FatFS/diskio.o
 .text.xmit_datablock
                0x00001ba4       0x6e Lib/FatFS/diskio.o
 .text.send_cmd
                0x00001c12       0xf6 Lib/FatFS/diskio.o
 .text.disk_status
                0x00001d08        0xe Lib/FatFS/diskio.o
                0x00001d08                disk_status
 .text.disk_initialize
                0x00001d16      0x172 Lib/FatFS/diskio.o
                0x00001d16                disk_initialize
 .text.disk_read
                0x00001e88       0x98 Lib/FatFS/diskio.o
                0x00001e88                disk_read
 .text.disk_write
                0x00001f20       0xc4 Lib/FatFS/diskio.o
                0x00001f20                disk_write
 .text.disk_ioctl
                0x00001fe4      0x168 Lib/FatFS/diskio.o
                0x00001fe4                disk_ioctl
 .text.mem_cpy  0x0000214c       0x58 Lib/FatFS/ff.o
 .text.ld_clust
                0x000021a4       0x32 Lib/FatFS/ff.o
 .text.get_fileinfo
                0x000021d6       0x9a Lib/FatFS/ff.o
 .text.get_ldnumber
                0x00002270       0x6e Lib/FatFS/ff.o
 .text.sync_window
                0x000022de       0xd2 Lib/FatFS/ff.o
 .text.move_window
                0x000023b0       0x78 Lib/FatFS/ff.o
 .text.check_fs
                0x00002428       0x74 Lib/FatFS/ff.o
 .text.validate
                0x0000249c       0x48 Lib/FatFS/ff.o
 .text.find_volume
                0x000024e4      0x5cc Lib/FatFS/ff.o
 .text.sync_fs  0x00002ab0       0xd0 Lib/FatFS/ff.o
 .text.clust2sect
                0x00002b80       0x5c Lib/FatFS/ff.o
                0x00002b80                clust2sect
 .text.get_fat  0x00002bdc      0x1c6 Lib/FatFS/ff.o
                0x00002bdc                get_fat
 .text.dir_sdi  0x00002da2      0x176 Lib/FatFS/ff.o
 .text.put_fat  0x00002f18      0x242 Lib/FatFS/ff.o
                0x00002f18                put_fat
 .text.create_chain
                0x0000315a      0x21e Lib/FatFS/ff.o
 .text.dir_next
                0x00003378      0x276 Lib/FatFS/ff.o
 .text.follow_path
                0x000035ee      0x2fa Lib/FatFS/ff.o
 .text.dir_register
                0x000038e8       0xb0 Lib/FatFS/ff.o
 .text.remove_chain
                0x00003998       0xee Lib/FatFS/ff.o
 .text.f_mount  0x00003a86       0xa6 Lib/FatFS/ff.o
                0x00003a86                f_mount
 .text.f_open   0x00003b2c      0x234 Lib/FatFS/ff.o
                0x00003b2c                f_open
 .text.f_write  0x00003d60      0x336 Lib/FatFS/ff.o
                0x00003d60                f_write
 .text.f_sync   0x00004096       0x82 Lib/FatFS/ff.o
                0x00004096                f_sync
 .text.f_close  0x00004118       0x20 Lib/FatFS/ff.o
                0x00004118                f_close
 .text.f_lseek  0x00004138      0x36e Lib/FatFS/ff.o
                0x00004138                f_lseek
 .text.f_stat   0x000044a6       0x82 Lib/FatFS/ff.o
                0x000044a6                f_stat
 .text.SCSI_Command_ReadWrite_10
                0x00004528       0xae Lib/SCSI.o
 .text.SCSI_DecodeSCSICommand
                0x000045d6      0x350 Lib/SCSI.o
                0x000045d6                SCSI_DecodeSCSICommand
 .text.SDCardManager_Init
                0x00004926       0x18 Lib/SDCardManager.o
                0x00004926                SDCardManager_Init
 .text.SDCardManager_WriteBlockHandler
                0x0000493e       0x84 Lib/SDCardManager.o
                0x0000493e                SDCardManager_WriteBlockHandler
 .text.SDCardManager_WriteBlocks
                0x000049c2       0xb6 Lib/SDCardManager.o
                0x000049c2                SDCardManager_WriteBlocks
 .text.SDCardManager_ReadBlockHandler
                0x00004a78       0x86 Lib/SDCardManager.o
                0x00004a78                SDCardManager_ReadBlockHandler
 .text.SDCardManager_ReadBlocks
                0x00004afe       0xbe Lib/SDCardManager.o
                0x00004afe                SDCardManager_ReadBlocks
 .text.SDCardManager_CheckSDCardOperation
                0x00004bbc        0x6 Lib/SDCardManager.o
                0x00004bbc                SDCardManager_CheckSDCardOperation
 .text.__vector_25
                0x00004bc2       0x5c uart.o
                0x00004bc2                __vector_25
 .text.__vector_26
                0x00004c1e       0x54 uart.o
                0x00004c1e                __vector_26
 .text.uart_init
                0x00004c72       0x32 uart.o
                0x00004c72                uart_init
 .text.uart_getc
                0x00004ca4       0x32 uart.o
                0x00004ca4                uart_getc
 .text.uart_clear_rx_buffer
                0x00004cd6        0xa uart.o
                0x00004cd6                uart_clear_rx_buffer
 .text.uart_putc
                0x00004ce0       0x2a uart.o
                0x00004ce0                uart_putc
 .text.__vector_17
                0x00004d0a       0x94 Keyboard.o
                0x00004d0a                __vector_17
 .text.Task_Manager
                0x00004d9e       0x4e Keyboard.o
                0x00004d9e                Task_Manager
 .text.SetupHardware
                0x00004dec       0xb2 Keyboard.o
                0x00004dec                SetupHardware
 .text.EVENT_USB_Device_Connect
                0x00004e9e        0x2 Keyboard.o
                0x00004e9e                EVENT_USB_Device_Connect
 .text.EVENT_USB_Device_Disconnect
                0x00004ea0        0xe Keyboard.o
                0x00004ea0                EVENT_USB_Device_Disconnect
 .text.EVENT_USB_Device_Suspend
                0x00004eae        0x2 Keyboard.o
                0x00004eae                EVENT_USB_Device_Suspend
 .text.EVENT_USB_Device_WakeUp
                0x00004eb0        0x2 Keyboard.o
                0x00004eb0                EVENT_USB_Device_WakeUp
 .text.EVENT_USB_Device_ConfigurationChanged
                0x00004eb2       0x1c Keyboard.o
                0x00004eb2                EVENT_USB_Device_ConfigurationChanged
 .text.EVENT_USB_Device_ControlRequest
                0x00004ece       0x10 Keyboard.o
                0x00004ece                EVENT_USB_Device_ControlRequest
 .text.EVENT_USB_Device_StartOfFrame
                0x00004ede       0x18 Keyboard.o
                0x00004ede                EVENT_USB_Device_StartOfFrame
 .text.CALLBACK_MS_Device_SCSICommandReceived
                0x00004ef6        0x4 Keyboard.o
                0x00004ef6                CALLBACK_MS_Device_SCSICommandReceived
 .text.CALLBACK_HID_Device_CreateHIDReport
                0x00004efa       0x42 Keyboard.o
                0x00004efa                CALLBACK_HID_Device_CreateHIDReport
 .text.CALLBACK_HID_Device_ProcessHIDReport
                0x00004f3c       0x3a Keyboard.o
                0x00004f3c                CALLBACK_HID_Device_ProcessHIDReport
 .text.Init_Mode
                0x00004f76      0x168 Keyboard.o
                0x00004f76                Init_Mode
 .text.main     0x000050de      0x21a Keyboard.o
                0x000050de                main
 .text.USBSend  0x000052f8       0x88 Send.o
                0x000052f8                USBSend
 .text.USBSendString
                0x00005380       0xfe Send.o
                0x00005380                USBSendString
 .text.USBSendPROGString
                0x0000547e       0x12 Send.o
                0x0000547e                USBSendPROGString
 .text.USBSendNumber
                0x00005490       0xac Send.o
                0x00005490                USBSendNumber
 .text.GetModifier
                0x0000553c       0x88 Sense_Keys.o
                0x0000553c                GetModifier
 .text.ReadSensor
                0x000055c4      0x18e Sense_Keys.o
                0x000055c4                ReadSensor
 .text.GetKeySimple
                0x00005752       0x50 Sense_Keys.o
                0x00005752                GetKeySimple
 .text.GetKey   0x000057a2      0x2fc Sense_Keys.o
                0x000057a2                GetKey
 .text.GetHIDKeyCode
                0x00005a9e       0x30 Sense_Keys.o
                0x00005a9e                GetHIDKeyCode
 .text.GetASCIIKeyCode
                0x00005ace       0x2a Sense_Keys.o
                0x00005ace                GetASCIIKeyCode
 .text.getHallState
                0x00005af8       0x12 Sense_Keys.o
                0x00005af8                getHallState
 .text.LoadKeyCodeTables
                0x00005b0a       0x52 Sense_Keys.o
                0x00005b0a                LoadKeyCodeTables
 .text.LoadEepromParameters
                0x00005b5c       0x7a Sense_Keys.o
                0x00005b5c                LoadEepromParameters
 .text.ClearKeyCodeTables
                0x00005bd6       0x4c Sense_Keys.o
                0x00005bd6                ClearKeyCodeTables
 .text.RestoreFactoryDefaults
                0x00005c22       0x60 Sense_Keys.o
                0x00005c22                RestoreFactoryDefaults
 .text.InitializeEeprom
                0x00005c82       0x4e Sense_Keys.o
                0x00005c82                InitializeEeprom
 .text.HID_Device_ProcessControlRequest
                0x00005cd0      0x296 src/LUFA/LUFA/Drivers/USB/Class/Device/HIDClassDevice.o
                0x00005cd0                HID_Device_ProcessControlRequest
 .text.HID_Device_ConfigureEndpoints
                0x00005f66       0x28 src/LUFA/LUFA/Drivers/USB/Class/Device/HIDClassDevice.o
                0x00005f66                HID_Device_ConfigureEndpoints
 .text.HID_Device_USBTask
                0x00005f8e      0x182 src/LUFA/LUFA/Drivers/USB/Class/Device/HIDClassDevice.o
                0x00005f8e                HID_Device_USBTask
 .text.MS_Device_ProcessControlRequest
                0x00006110       0x7a src/LUFA/LUFA/Drivers/USB/Class/Device/MassStorageClassDevice.o
                0x00006110                MS_Device_ProcessControlRequest
 .text.MS_Device_ConfigureEndpoints
                0x0000618a       0x34 src/LUFA/LUFA/Drivers/USB/Class/Device/MassStorageClassDevice.o
                0x0000618a                MS_Device_ConfigureEndpoints
 .text.MS_Device_USBTask
                0x000061be      0x276 src/LUFA/LUFA/Drivers/USB/Class/Device/MassStorageClassDevice.o
                0x000061be                MS_Device_USBTask
 .text.Endpoint_Null_Stream
                0x00006434       0x9e src/LUFA/LUFA/Drivers/USB/Core/AVR8/EndpointStream_AVR8.o
                0x00006434                Endpoint_Null_Stream
 .text.Endpoint_Write_Stream_LE
                0x000064d2       0xba src/LUFA/LUFA/Drivers/USB/Core/AVR8/EndpointStream_AVR8.o
                0x000064d2                Endpoint_Write_Stream_LE
 .text.Endpoint_Write_Stream_BE
                0x0000658c       0xc4 src/LUFA/LUFA/Drivers/USB/Core/AVR8/EndpointStream_AVR8.o
                0x0000658c                Endpoint_Write_Stream_BE
 .text.Endpoint_Read_Stream_LE
                0x00006650       0xba src/LUFA/LUFA/Drivers/USB/Core/AVR8/EndpointStream_AVR8.o
                0x00006650                Endpoint_Read_Stream_LE
 .text.Endpoint_Write_Control_Stream_LE
                0x0000670a      0x108 src/LUFA/LUFA/Drivers/USB/Core/AVR8/EndpointStream_AVR8.o
                0x0000670a                Endpoint_Write_Control_Stream_LE
 .text.Endpoint_Read_Control_Stream_LE
                0x00006812       0xee src/LUFA/LUFA/Drivers/USB/Core/AVR8/EndpointStream_AVR8.o
                0x00006812                Endpoint_Read_Control_Stream_LE
 .text.Endpoint_Write_Control_PStream_LE
                0x00006900      0x10a src/LUFA/LUFA/Drivers/USB/Core/AVR8/EndpointStream_AVR8.o
                0x00006900                Endpoint_Write_Control_PStream_LE
 .text.Endpoint_ConfigureEndpoint_Prv
                0x00006a0a       0xcc src/LUFA/LUFA/Drivers/USB/Core/AVR8/Endpoint_AVR8.o
                0x00006a0a                Endpoint_ConfigureEndpoint_Prv
 .text.Endpoint_ConfigureEndpointTable
                0x00006ad6       0xcc src/LUFA/LUFA/Drivers/USB/Core/AVR8/Endpoint_AVR8.o
                0x00006ad6                Endpoint_ConfigureEndpointTable
 .text.Endpoint_ClearStatusStage
                0x00006ba2       0x48 src/LUFA/LUFA/Drivers/USB/Core/AVR8/Endpoint_AVR8.o
                0x00006ba2                Endpoint_ClearStatusStage
 .text.Endpoint_WaitUntilReady
                0x00006bea       0x82 src/LUFA/LUFA/Drivers/USB/Core/AVR8/Endpoint_AVR8.o
                0x00006bea                Endpoint_WaitUntilReady
 .text.USB_Disable
                0x00006c6c       0x30 src/LUFA/LUFA/Drivers/USB/Core/AVR8/USBController_AVR8.o
                0x00006c6c                USB_Disable
 .text.USB_ResetInterface
                0x00006c9c       0x80 src/LUFA/LUFA/Drivers/USB/Core/AVR8/USBController_AVR8.o
                0x00006c9c                USB_ResetInterface
 .text.USB_Init
                0x00006d1c       0x22 src/LUFA/LUFA/Drivers/USB/Core/AVR8/USBController_AVR8.o
                0x00006d1c                USB_Init
 .text.USB_INT_DisableAllInterrupts
                0x00006d3e       0x10 src/LUFA/LUFA/Drivers/USB/Core/AVR8/USBInterrupt_AVR8.o
                0x00006d3e                USB_INT_DisableAllInterrupts
 .text.USB_INT_ClearAllInterrupts
                0x00006d4e        0xa src/LUFA/LUFA/Drivers/USB/Core/AVR8/USBInterrupt_AVR8.o
                0x00006d4e                USB_INT_ClearAllInterrupts
 .text.__vector_10
                0x00006d58      0x186 src/LUFA/LUFA/Drivers/USB/Core/AVR8/USBInterrupt_AVR8.o
                0x00006d58                __vector_10
 .text.USB_Device_ProcessControlRequest
                0x00006ede      0x2e0 src/LUFA/LUFA/Drivers/USB/Core/DeviceStandardReq.o
                0x00006ede                USB_Device_ProcessControlRequest
 .text.USB_Event_Stub
                0x000071be        0x2 src/LUFA/LUFA/Drivers/USB/Core/Events.o
                0x000071be                EVENT_USB_Device_Reset
                0x000071be                USB_Event_Stub
 .text.USB_USBTask
                0x000071c0       0x34 src/LUFA/LUFA/Drivers/USB/Core/USBTask.o
                0x000071c0                USB_USBTask
 .text.libgcc.div
                0x000071f4       0x26 c:/program files (x86)/atmel/studio/7.0/toolchain/avr8/avr8-gnu-toolchain/bin/../lib/gcc/avr/4.9.2/avr5\libgcc.a(_divmodhi4.o)
                0x000071f4                _div
                0x000071f4                __divmodhi4
 .text.libgcc.div
                0x0000721a       0x44 c:/program files (x86)/atmel/studio/7.0/toolchain/avr8/avr8-gnu-toolchain/bin/../lib/gcc/avr/4.9.2/avr5\libgcc.a(_udivmodsi4.o)
                0x0000721a                __udivmodsi4
 .text.libgcc.mul
                0x0000725e       0x14 c:/program files (x86)/atmel/studio/7.0/toolchain/avr8/avr8-gnu-toolchain/bin/../lib/gcc/avr/4.9.2/avr5\libgcc.a(_muluhisi3.o)
                0x0000725e                __muluhisi3
 .text.libgcc.builtins
                0x00007272       0x10 c:/program files (x86)/atmel/studio/7.0/toolchain/avr8/avr8-gnu-toolchain/bin/../lib/gcc/avr/4.9.2/avr5\libgcc.a(_clzdi2.o)
                0x00007272                __clzdi2
 .text.libgcc.builtins
                0x00007282       0x32 c:/program files (x86)/atmel/studio/7.0/toolchain/avr8/avr8-gnu-toolchain/bin/../lib/gcc/avr/4.9.2/avr5\libgcc.a(_ashldi3.o)
                0x00007282                __ashldi3
 .text.libgcc.builtins
                0x000072b4       0x3c c:/program files (x86)/atmel/studio/7.0/toolchain/avr8/avr8-gnu-toolchain/bin/../lib/gcc/avr/4.9.2/avr5\libgcc.a(_ashrdi3.o)
                0x000072b4                __ashrdi3
                0x000072b8                __lshrdi3
 .text.libgcc   0x000072f0       0x18 c:/program files (x86)/atmel/studio/7.0/toolchain/avr8/avr8-gnu-toolchain/bin/../lib/gcc/avr/4.9.2/avr5\libgcc.a(_cmpdi2_s8.o)
                0x000072f0                __cmpdi2_s8
 .text.libgcc.div
                0x00007308       0x28 c:/program files (x86)/atmel/studio/7.0/toolchain/avr8/avr8-gnu-toolchain/bin/../lib/gcc/avr/4.9.2/avr5\libgcc.a(_udivmodhi4.o)
                0x00007308                __udivmodhi4
 .text.libgcc.builtins
                0x00007330        0xe c:/program files (x86)/atmel/studio/7.0/toolchain/avr8/avr8-gnu-toolchain/bin/../lib/gcc/avr/4.9.2/avr5\libgcc.a(_clzsi2.o)
                0x00007330                __clzsi2
 .text.libgcc.builtins
                0x0000733e       0x24 c:/program files (x86)/atmel/studio/7.0/toolchain/avr8/avr8-gnu-toolchain/bin/../lib/gcc/avr/4.9.2/avr5\libgcc.a(_clzhi2.o)
                0x0000733e                __clzhi2
 .text.libgcc.mul
                0x00007362       0x1e c:/program files (x86)/atmel/studio/7.0/toolchain/avr8/avr8-gnu-toolchain/bin/../lib/gcc/avr/4.9.2/avr5\libgcc.a(_umulhisi3.o)
                0x00007362                __umulhisi3
 .text.avr-libc
                0x00007380       0x10 c:/program files (x86)/atmel/studio/7.0/toolchain/avr8/avr8-gnu-toolchain/bin/../lib/gcc/avr/4.9.2/../../../../avr/lib/avr5\libc.a(toupper.o)
                0x00007380                toupper
 .text.avr-libc
                0x00007390        0xe c:/program files (x86)/atmel/studio/7.0/toolchain/avr8/avr8-gnu-toolchain/bin/../lib/gcc/avr/4.9.2/../../../../avr/lib/avr5\libc.a(strcpy_P.o)
                0x00007390                strcpy_P
 .text.avr-libc
                0x0000739e        0x6 c:/program files (x86)/atmel/studio/7.0/toolchain/avr8/avr8-gnu-toolchain/bin/../lib/gcc/avr/4.9.2/../../../../avr/lib/avr5\libc.a(strtok.o)
                0x0000739e                strtok
 .text.avr-libc
                0x000073a4       0x1a c:/program files (x86)/atmel/studio/7.0/toolchain/avr8/avr8-gnu-toolchain/bin/../lib/gcc/avr/4.9.2/../../../../avr/lib/avr5\libc.a(memcmp.o)
                0x000073a4                memcmp
 .text.avr-libc
                0x000073be       0x12 c:/program files (x86)/atmel/studio/7.0/toolchain/avr8/avr8-gnu-toolchain/bin/../lib/gcc/avr/4.9.2/../../../../avr/lib/avr5\libc.a(memcpy.o)
                0x000073be                memcpy
 .text.avr-libc
                0x000073d0        0xe c:/program files (x86)/atmel/studio/7.0/toolchain/avr8/avr8-gnu-toolchain/bin/../lib/gcc/avr/4.9.2/../../../../avr/lib/avr5\libc.a(memset.o)
                0x000073d0                memset
 .text.avr-libc
                0x000073de       0x4e c:/program files (x86)/atmel/studio/7.0/toolchain/avr8/avr8-gnu-toolchain/bin/../lib/gcc/avr/4.9.2/../../../../avr/lib/avr5\libc.a(strtok_r.o)
                0x000073de                strtok_r
 .text.avr-libc
                0x0000742c       0x40 c:/program files (x86)/atmel/studio/7.0/toolchain/avr8/avr8-gnu-toolchain/bin/../lib/gcc/avr/4.9.2/../../../../avr/lib/avr5\libc.a(sprintf.o)
                0x0000742c                sprintf
 .text.avr-libc
                0x0000746c      0x386 c:/program files (x86)/atmel/studio/7.0/toolchain/avr8/avr8-gnu-toolchain/bin/../lib/gcc/avr/4.9.2/../../../../avr/lib/avr5\libc.a(vfprintf_std.o)
                0x0000746c                vfprintf
 .text.avr-libc
                0x000077f2       0x16 c:/program files (x86)/atmel/studio/7.0/toolchain/avr8/avr8-gnu-toolchain/bin/../lib/gcc/avr/4.9.2/../../../../avr/lib/avr5\libc.a(strnlen_P.o)
                0x000077f2                strnlen_P
 .text.avr-libc
                0x00007808       0x16 c:/program files (x86)/atmel/studio/7.0/toolchain/avr8/avr8-gnu-toolchain/bin/../lib/gcc/avr/4.9.2/../../../../avr/lib/avr5\libc.a(strnlen.o)
                0x00007808                strnlen
 .text.avr-libc
                0x0000781e       0x70 c:/program files (x86)/atmel/studio/7.0/toolchain/avr8/avr8-gnu-toolchain/bin/../lib/gcc/avr/4.9.2/../../../../avr/lib/avr5\libc.a(fputc.o)
                0x0000781e                fputc
 .text.avr-libc
                0x0000788e       0xbc c:/program files (x86)/atmel/studio/7.0/toolchain/avr8/avr8-gnu-toolchain/bin/../lib/gcc/avr/4.9.2/../../../../avr/lib/avr5\libc.a(ultoa_invert.o)
                0x0000788e                __ultoa_invert
 .text.avr-libc
                0x0000794a       0x20 C:/Program Files (x86)/Atmel/Studio/7.0/Packs/atmel/ATmega_DFP/1.0.90/gcc/dev/atmega32u4/avr5\libatmega32u4.a(eerd_block.o)
                0x0000794a                eeprom_read_block
                0x0000794e                eeprom_read_blraw
 .text.avr-libc
                0x0000796a       0x10 C:/Program Files (x86)/Atmel/Studio/7.0/Packs/atmel/ATmega_DFP/1.0.90/gcc/dev/atmega32u4/avr5\libatmega32u4.a(eerd_byte.o)
                0x0000796a                eeprom_read_byte
 .text.avr-libc
                0x0000797a        0xa C:/Program Files (x86)/Atmel/Studio/7.0/Packs/atmel/ATmega_DFP/1.0.90/gcc/dev/atmega32u4/avr5\libatmega32u4.a(eerd_word.o)
                0x0000797a                eeprom_read_word
 .text.avr-libc
                0x00007984       0x24 C:/Program Files (x86)/Atmel/Studio/7.0/Packs/atmel/ATmega_DFP/1.0.90/gcc/dev/atmega32u4/avr5\libatmega32u4.a(eeupd_byte.o)
                0x00007984                eeprom_update_byte
                0x00007986                eeprom_update_r18
 .text.avr-libc
                0x000079a8       0x12 C:/Program Files (x86)/Atmel/Studio/7.0/Packs/atmel/ATmega_DFP/1.0.90/gcc/dev/atmega32u4/avr5\libatmega32u4.a(eewr_block.o)
                0x000079a8                eeprom_write_block
 .text.avr-libc
                0x000079ba       0x1c C:/Program Files (x86)/Atmel/Studio/7.0/Packs/atmel/ATmega_DFP/1.0.90/gcc/dev/atmega32u4/avr5\libatmega32u4.a(eewr_byte.o)
                0x000079ba                eeprom_write_byte
                0x000079bc                eeprom_write_r18
 .text.avr-libc
                0x000079d6        0x6 C:/Program Files (x86)/Atmel/Studio/7.0/Packs/atmel/ATmega_DFP/1.0.90/gcc/dev/atmega32u4/avr5\libatmega32u4.a(eewr_word.o)
                0x000079d6                eeprom_write_word
 .text.libgcc.prologue
                0x000079dc       0x38 c:/program files (x86)/atmel/studio/7.0/toolchain/avr8/avr8-gnu-toolchain/bin/../lib/gcc/avr/4.9.2/avr5\libgcc.a(_prologue.o)
                0x000079dc                __prologue_saves__
 .text.libgcc.prologue
                0x00007a14       0x36 c:/program files (x86)/atmel/studio/7.0/toolchain/avr8/avr8-gnu-toolchain/bin/../lib/gcc/avr/4.9.2/avr5\libgcc.a(_epilogue.o)
                0x00007a14                __epilogue_restores__
                0x00007a4a                . = ALIGN (0x2)
 *(.fini9)
 .fini9         0x00007a4a        0x0 c:/program files (x86)/atmel/studio/7.0/toolchain/avr8/avr8-gnu-toolchain/bin/../lib/gcc/avr/4.9.2/avr5\libgcc.a(_exit.o)
                0x00007a4a                _exit
                0x00007a4a                exit
 *(.fini9)
 *(.fini8)
 *(.fini8)
 *(.fini7)
 *(.fini7)
 *(.fini6)
 *(.fini6)
 *(.fini5)
 *(.fini5)
 *(.fini4)
 *(.fini4)
 *(.fini3)
 *(.fini3)
 *(.fini2)
 *(.fini2)
 *(.fini1)
 *(.fini1)
 *(.fini0)
 .fini0         0x00007a4a        0x4 c:/program files (x86)/atmel/studio/7.0/toolchain/avr8/avr8-gnu-toolchain/bin/../lib/gcc/avr/4.9.2/avr5\libgcc.a(_exit.o)
 *(.fini0)
                0x00007a4e                _etext = .

.data           0x00800100      0x2b0 load address 0x00007a4e
                0x00800100                PROVIDE (__data_start, .)
 *(.data)
 *(.data*)
 .data.FileName
                0x00800100        0xd KeyLogging.o
                0x00800100                FileName
 .data.Stat     0x0080010d        0x1 Lib/FatFS/diskio.o
 .data.SenseData
                0x0080010e       0x12 Lib/SCSI.o
 .data.Keyboard_HID_Interface
                0x00800120       0x10 Keyboard.o
                0x00800120                Keyboard_HID_Interface
 .data.Disk_MS_Interface
                0x00800130       0x39 Keyboard.o
                0x00800130                Disk_MS_Interface
 *(.rodata)
 *(.rodata*)
 .rodata.str1.1
                0x00800169       0xb9 Bluetooth.o
 .rodata.str1.1
                0x00800222       0x96 Calibrate.o
 .rodata.ASCIINumSymbols
                0x008002b8        0xa Calibrate.o
                0x008002b8                ASCIINumSymbols
 .rodata.ASCIINumbers
                0x008002c2        0xa Calibrate.o
                0x008002c2                ASCIINumbers
 .rodata.HIDNumbers
                0x008002cc        0xa Calibrate.o
                0x008002cc                HIDNumbers
 .rodata.str1.1
                0x008002d6       0x22 KeyLogging.o
                                 0x23 (size before relaxing)
 .rodata.str1.1
                0x008002f8        0xf Lib/FatFS/ff.o
 .rodata.ExCvt  0x00800307       0x80 Lib/FatFS/ff.o
 .rodata.InquiryData
                0x00800387       0x24 Lib/SCSI.o
 .rodata.REED_BITS
                0x008003ab        0x4 Sense_Keys.o
                0x008003ab                REED_BITS
 *(.gnu.linkonce.d*)
                0x008003b0                . = ALIGN (0x2)
 *fill*         0x008003af        0x1 
                0x008003b0                _edata = .
                0x008003b0                PROVIDE (__data_end, .)

.bss            0x008003b0      0x6a7
                0x008003b0                PROVIDE (__bss_start, .)
 *(.bss)
 .bss           0x008003b0        0x2 c:/program files (x86)/atmel/studio/7.0/toolchain/avr8/avr8-gnu-toolchain/bin/../lib/gcc/avr/4.9.2/../../../../avr/lib/avr5\libc.a(strtok.o)
 *(.bss*)
 .bss.prevcharacter.4488
                0x008003b2        0x1 KeyLogging.o
 .bss.tot_sect.4475
                0x008003b3        0x4 KeyLogging.o
 .bss.LogFile   0x008003b7       0x20 KeyLogging.o
 .bss.DiskFATState
                0x008003d7      0x22e KeyLogging.o
 .bss.CardType  0x00800605        0x1 Lib/FatFS/diskio.o
 .bss.Fsid      0x00800606        0x2 Lib/FatFS/ff.o
 .bss.FatFs     0x00800608        0x2 Lib/FatFS/ff.o
 .bss.SDCard_Present
                0x0080060a        0x1 Lib/SDCardManager.o
 .bss.UART_LastRxError
                0x0080060b        0x1 uart.o
 .bss.UART_RxTail
                0x0080060c        0x1 uart.o
 .bss.UART_RxHead
                0x0080060d        0x1 uart.o
 .bss.UART_TxTail
                0x0080060e        0x1 uart.o
 .bss.UART_TxHead
                0x0080060f        0x1 uart.o
 .bss.UART_RxBuf
                0x00800610       0x40 uart.o
 .bss.UART_TxBuf
                0x00800650       0x10 uart.o
 .bss.PrevKeyboardHIDReportBuffer
                0x00800660        0x8 Keyboard.o
 .bss.KeyReleaseCounter.4467
                0x00800668        0x1 Sense_Keys.o
 .bss.KeyHoldCounter.4466
                0x00800669        0x1 Sense_Keys.o
 .bss.DoubleTapCounter.4465
                0x0080066a        0x1 Sense_Keys.o
 .bss.PreviousKey.4463
                0x0080066b        0x1 Sense_Keys.o
 .bss.ActiveKey.4464
                0x0080066c        0x1 Sense_Keys.o
 .bss.ActiveReeds.4468
                0x0080066d        0x4 Sense_Keys.o
 .bss.ReedDebounce.4469
                0x00800671        0x4 Sense_Keys.o
 *(COMMON)
 COMMON         0x00800675       0x40 Bluetooth.o
                0x00800675                response
 COMMON         0x008006b5        0x1 Config_IO.o
                0x008006b5                GlowDirection
 COMMON         0x008006b6      0x394 Keyboard.o
                0x008006b6                Reed2Polarity
                0x008006b7                UseDummyLoad
                0x008006b8                Reeds_Are_Independent
                0x008006b9                Scheduled_Task
                0x008006ba                KeyReleaseTime
                0x008006bb                KeyBufferMod
                0x008006bc                KeyCodeLookUpTable
                0x008006fc                BluetoothConfigured
                0x008006fd                ReedHoldTime
                0x008006fe                DoubleTapTime
                0x008006ff                Shift_Reed
                0x00800700                TMR1_Count
                0x00800702                Ignore_Flag
                0x00800703                KeyBuffer
                0x00800705                HallSensorPolarity
                0x00800706                Reed1Polarity
                0x00800707                ShiftKeyCodeLookUpTable
                0x00800747                KeyHoldTime
                0x00800748                ASCIIShiftLookUpTable
                0x00800788                Reed3Polarity
                0x00800789                UseHallSensor
                0x0080078a                StringBuffer
                0x008007c6                Reed4Polarity
                0x008007c7                ASCIILookUpTable
                0x00800807                TimeoutCounter
                0x00800809                Typewriter_Mode
                0x0080080a                SD_Buffer
                0x00800a0a                FnKeyCodeLookUpTable
 COMMON         0x00800a4a        0x3 src/LUFA/LUFA/Drivers/USB/Core/DeviceStandardReq.o
                0x00800a4a                USB_Device_ConfigurationNumber
                0x00800a4b                USB_Device_CurrentlySelfPowered
                0x00800a4c                USB_Device_RemoteWakeupEnabled
 COMMON         0x00800a4d        0xa src/LUFA/LUFA/Drivers/USB/Core/USBTask.o
                0x00800a4d                USB_IsInitialized
                0x00800a4e                USB_DeviceState
                0x00800a4f                USB_ControlRequest
                0x00800a57                PROVIDE (__bss_end, .)
                0x00007a4e                __data_load_start = LOADADDR (.data)
                0x00007cfe                __data_load_end = (__data_load_start + SIZEOF (.data))

.noinit         0x00800a57        0x0
                0x00800a57                PROVIDE (__noinit_start, .)
 *(.noinit*)
                0x00800a57                PROVIDE (__noinit_end, .)
                0x00800a57                _end = .
                0x00800a57                PROVIDE (__heap_start, .)

.eeprom         0x00810000        0x0
 *(.eeprom*)
                0x00810000                __eeprom_end = .

.fuse
 *(.fuse)
 *(.lfuse)
 *(.hfuse)
 *(.efuse)

.lock
 *(.lock*)

.signature
 *(.signature*)

.user_signatures
 *(.user_signatures*)

.stab
 *(.stab)

.stabstr
 *(.stabstr)

.stab.excl
 *(.stab.excl)

.stab.exclstr
 *(.stab.exclstr)

.stab.index
 *(.stab.index)

.stab.indexstr
 *(.stab.indexstr)

.comment        0x00000000       0x5c
 *(.comment)
 .comment       0x00000000       0x30 Bluetooth.o
                                 0x31 (size before relaxing)
 .comment       0x00000030       0x31 Calibrate.o
 .comment       0x00000030       0x31 Config_Interrupts.o
 .comment       0x00000030       0x31 Config_IO.o
 .comment       0x00000030       0x31 Descriptors.o
 .comment       0x00000030       0x31 KeyLogging.o
 .comment       0x00000030       0x31 Lib/FatFS/diskio.o
 .comment       0x00000030       0x31 Lib/FatFS/ff.o
 .comment       0x00000030       0x31 Lib/SCSI.o
 .comment       0x00000030       0x31 Lib/SDCardManager.o
 .comment       0x00000030       0x31 uart.o
 .comment       0x00000030       0x31 Keyboard.o
 .comment       0x00000030       0x31 Send.o
 .comment       0x00000030       0x31 Sense_Keys.o
 .comment       0x00000030       0x31 src/LUFA/LUFA/Drivers/USB/Class/Device/HIDClassDevice.o
 .comment       0x00000030       0x31 src/LUFA/LUFA/Drivers/USB/Class/Device/MassStorageClassDevice.o
 .comment       0x00000030       0x31 src/LUFA/LUFA/Drivers/USB/Core/AVR8/EndpointStream_AVR8.o
 .comment       0x00000030       0x31 src/LUFA/LUFA/Drivers/USB/Core/AVR8/Endpoint_AVR8.o
 .comment       0x00000030       0x31 src/LUFA/LUFA/Drivers/USB/Core/AVR8/USBController_AVR8.o
 .comment       0x00000030       0x31 src/LUFA/LUFA/Drivers/USB/Core/AVR8/USBInterrupt_AVR8.o
 .comment       0x00000030       0x31 src/LUFA/LUFA/Drivers/USB/Core/DeviceStandardReq.o
 .comment       0x00000030       0x31 src/LUFA/LUFA/Drivers/USB/Core/Events.o
 .comment       0x00000030       0x31 src/LUFA/LUFA/Drivers/USB/Core/USBTask.o
 .comment       0x00000030       0x31 c:/program files (x86)/atmel/studio/7.0/toolchain/avr8/avr8-gnu-toolchain/bin/../lib/gcc/avr/4.9.2/../../../../avr/lib/avr5\libc.a(strtok.o)
 .comment       0x00000030       0x31 c:/program files (x86)/atmel/studio/7.0/toolchain/avr8/avr8-gnu-toolchain/bin/../lib/gcc/avr/4.9.2/../../../../avr/lib/avr5\libc.a(sprintf.o)
 .comment       0x00000030       0x2c c:/program files (x86)/atmel/studio/7.0/toolchain/avr8/avr8-gnu-toolchain/bin/../lib/gcc/avr/4.9.2/../../../../avr/lib/avr5\libc.a(vfprintf_std.o)
                                 0x2d (size before relaxing)
 .comment       0x0000005c       0x31 c:/program files (x86)/atmel/studio/7.0/toolchain/avr8/avr8-gnu-toolchain/bin/../lib/gcc/avr/4.9.2/../../../../avr/lib/avr5\libc.a(fputc.o)

.note.gnu.avr.deviceinfo
                0x00000000       0x40
 .note.gnu.avr.deviceinfo
                0x00000000       0x40 C:/Program Files (x86)/Atmel/Studio/7.0/Packs/atmel/ATmega_DFP/1.0.90/gcc/dev/atmega32u4/avr5/crtatmega32u4.o

.note.gnu.build-id
 *(.note.gnu.build-id)

.debug
 *(.debug)

.line
 *(.line)

.debug_srcinfo
 *(.debug_srcinfo)

.debug_sfnames
 *(.debug_sfnames)

.debug_aranges  0x00000000      0x798
 *(.debug_aranges)
 .debug_aranges
                0x00000000       0x58 Bluetooth.o
 .debug_aranges
                0x00000058       0x60 Calibrate.o
 .debug_aranges
                0x000000b8       0x20 Config_Interrupts.o
 .debug_aranges
                0x000000d8       0x30 Config_IO.o
 .debug_aranges
                0x00000108       0x20 Descriptors.o
 .debug_aranges
                0x00000128       0x58 KeyLogging.o
 .debug_aranges
                0x00000180       0x88 Lib/FatFS/diskio.o
 .debug_aranges
                0x00000208      0x150 Lib/FatFS/ff.o
 .debug_aranges
                0x00000358       0x28 Lib/SCSI.o
 .debug_aranges
                0x00000380       0x48 Lib/SDCardManager.o
 .debug_aranges
                0x000003c8       0x60 uart.o
 .debug_aranges
                0x00000428       0x98 Keyboard.o
 .debug_aranges
                0x000004c0       0x38 Send.o
 .debug_aranges
                0x000004f8       0x78 Sense_Keys.o
 .debug_aranges
                0x00000570       0x30 src/LUFA/LUFA/Drivers/USB/Class/Device/HIDClassDevice.o
 .debug_aranges
                0x000005a0       0x30 src/LUFA/LUFA/Drivers/USB/Class/Device/MassStorageClassDevice.o
 .debug_aranges
                0x000005d0       0xc8 src/LUFA/LUFA/Drivers/USB/Core/AVR8/EndpointStream_AVR8.o
 .debug_aranges
                0x00000698       0x40 src/LUFA/LUFA/Drivers/USB/Core/AVR8/Endpoint_AVR8.o
 .debug_aranges
                0x000006d8       0x30 src/LUFA/LUFA/Drivers/USB/Core/AVR8/USBController_AVR8.o
 .debug_aranges
                0x00000708       0x30 src/LUFA/LUFA/Drivers/USB/Core/AVR8/USBInterrupt_AVR8.o
 .debug_aranges
                0x00000738       0x20 src/LUFA/LUFA/Drivers/USB/Core/DeviceStandardReq.o
 .debug_aranges
                0x00000758       0x20 src/LUFA/LUFA/Drivers/USB/Core/Events.o
 .debug_aranges
                0x00000778       0x20 src/LUFA/LUFA/Drivers/USB/Core/USBTask.o

.debug_pubnames
 *(.debug_pubnames)

.debug_info     0x00000000    0x10a8e
 *(.debug_info .gnu.linkonce.wi.*)
 .debug_info    0x00000000      0xa54 Bluetooth.o
 .debug_info    0x00000a54     0x249e Calibrate.o
 .debug_info    0x00002ef2       0xbb Config_Interrupts.o
 .debug_info    0x00002fad      0x109 Config_IO.o
 .debug_info    0x000030b6      0x742 Descriptors.o
 .debug_info    0x000037f8      0xc48 KeyLogging.o
 .debug_info    0x00004440      0xc11 Lib/FatFS/diskio.o
 .debug_info    0x00005051     0x2dba Lib/FatFS/ff.o
 .debug_info    0x00007e0b      0xcda Lib/SCSI.o
 .debug_info    0x00008ae5      0xa23 Lib/SDCardManager.o
 .debug_info    0x00009508      0x347 uart.o
 .debug_info    0x0000984f     0x15e5 Keyboard.o
 .debug_info    0x0000ae34      0x67c Send.o
 .debug_info    0x0000b4b0      0xb23 Sense_Keys.o
 .debug_info    0x0000bfd3      0xa3f src/LUFA/LUFA/Drivers/USB/Class/Device/HIDClassDevice.o
 .debug_info    0x0000ca12      0x986 src/LUFA/LUFA/Drivers/USB/Class/Device/MassStorageClassDevice.o
 .debug_info    0x0000d398     0x182a src/LUFA/LUFA/Drivers/USB/Core/AVR8/EndpointStream_AVR8.o
 .debug_info    0x0000ebc2      0x610 src/LUFA/LUFA/Drivers/USB/Core/AVR8/Endpoint_AVR8.o
 .debug_info    0x0000f1d2      0x4ce src/LUFA/LUFA/Drivers/USB/Core/AVR8/USBController_AVR8.o
 .debug_info    0x0000f6a0      0x677 src/LUFA/LUFA/Drivers/USB/Core/AVR8/USBInterrupt_AVR8.o
 .debug_info    0x0000fd17      0xa8c src/LUFA/LUFA/Drivers/USB/Core/DeviceStandardReq.o
 .debug_info    0x000107a3       0x7c src/LUFA/LUFA/Drivers/USB/Core/Events.o
 .debug_info    0x0001081f      0x26f src/LUFA/LUFA/Drivers/USB/Core/USBTask.o

.debug_abbrev   0x00000000     0x31f8
 *(.debug_abbrev)
 .debug_abbrev  0x00000000      0x2ef Bluetooth.o
 .debug_abbrev  0x000002ef      0x337 Calibrate.o
 .debug_abbrev  0x00000626       0x6a Config_Interrupts.o
 .debug_abbrev  0x00000690       0xcb Config_IO.o
 .debug_abbrev  0x0000075b      0x169 Descriptors.o
 .debug_abbrev  0x000008c4      0x2ce KeyLogging.o
 .debug_abbrev  0x00000b92      0x1ff Lib/FatFS/diskio.o
 .debug_abbrev  0x00000d91      0x2c6 Lib/FatFS/ff.o
 .debug_abbrev  0x00001057      0x308 Lib/SCSI.o
 .debug_abbrev  0x0000135f      0x267 Lib/SDCardManager.o
 .debug_abbrev  0x000015c6      0x142 uart.o
 .debug_abbrev  0x00001708      0x44e Keyboard.o
 .debug_abbrev  0x00001b56      0x25c Send.o
 .debug_abbrev  0x00001db2      0x320 Sense_Keys.o
 .debug_abbrev  0x000020d2      0x260 src/LUFA/LUFA/Drivers/USB/Class/Device/HIDClassDevice.o
 .debug_abbrev  0x00002332      0x2a8 src/LUFA/LUFA/Drivers/USB/Class/Device/MassStorageClassDevice.o
 .debug_abbrev  0x000025da      0x218 src/LUFA/LUFA/Drivers/USB/Core/AVR8/EndpointStream_AVR8.o
 .debug_abbrev  0x000027f2      0x223 src/LUFA/LUFA/Drivers/USB/Core/AVR8/Endpoint_AVR8.o
 .debug_abbrev  0x00002a15      0x18b src/LUFA/LUFA/Drivers/USB/Core/AVR8/USBController_AVR8.o
 .debug_abbrev  0x00002ba0      0x1d8 src/LUFA/LUFA/Drivers/USB/Core/AVR8/USBInterrupt_AVR8.o
 .debug_abbrev  0x00002d78      0x2ce src/LUFA/LUFA/Drivers/USB/Core/DeviceStandardReq.o
 .debug_abbrev  0x00003046       0x47 src/LUFA/LUFA/Drivers/USB/Core/Events.o
 .debug_abbrev  0x0000308d      0x16b src/LUFA/LUFA/Drivers/USB/Core/USBTask.o

.debug_line     0x00000000    0x15df2
 *(.debug_line .debug_line.* .debug_line_end)
 .debug_line    0x00000000     0x110a Bluetooth.o
 .debug_line    0x0000110a     0x186c Calibrate.o
 .debug_line    0x00002976      0xe86 Config_Interrupts.o
 .debug_line    0x000037fc      0x48e Config_IO.o
 .debug_line    0x00003c8a      0xcfe Descriptors.o
 .debug_line    0x00004988     0x11ef KeyLogging.o
 .debug_line    0x00005b77      0xa77 Lib/FatFS/diskio.o
 .debug_line    0x000065ee     0x1e0c Lib/FatFS/ff.o
 .debug_line    0x000083fa     0x10b1 Lib/SCSI.o
 .debug_line    0x000094ab     0x12c6 Lib/SDCardManager.o
 .debug_line    0x0000a771      0x42e uart.o
 .debug_line    0x0000ab9f     0x1552 Keyboard.o
 .debug_line    0x0000c0f1     0x1106 Send.o
 .debug_line    0x0000d1f7     0x142d Sense_Keys.o
 .debug_line    0x0000e624     0x1113 src/LUFA/LUFA/Drivers/USB/Class/Device/HIDClassDevice.o
 .debug_line    0x0000f737     0x10d1 src/LUFA/LUFA/Drivers/USB/Class/Device/MassStorageClassDevice.o
 .debug_line    0x00010808     0x1ead src/LUFA/LUFA/Drivers/USB/Core/AVR8/EndpointStream_AVR8.o
 .debug_line    0x000126b5      0xc7b src/LUFA/LUFA/Drivers/USB/Core/AVR8/Endpoint_AVR8.o
 .debug_line    0x00013330      0x8d1 src/LUFA/LUFA/Drivers/USB/Core/AVR8/USBController_AVR8.o
 .debug_line    0x00013c01      0xafb src/LUFA/LUFA/Drivers/USB/Core/AVR8/USBInterrupt_AVR8.o
 .debug_line    0x000146fc      0xa84 src/LUFA/LUFA/Drivers/USB/Core/DeviceStandardReq.o
 .debug_line    0x00015180      0x479 src/LUFA/LUFA/Drivers/USB/Core/Events.o
 .debug_line    0x000155f9      0x7f9 src/LUFA/LUFA/Drivers/USB/Core/USBTask.o

.debug_frame    0x00000000     0x1ff0
 *(.debug_frame)
 .debug_frame   0x00000000      0x104 Bluetooth.o
 .debug_frame   0x00000104      0x124 Calibrate.o
 .debug_frame   0x00000228       0x24 Config_Interrupts.o
 .debug_frame   0x0000024c       0x64 Config_IO.o
 .debug_frame   0x000002b0       0x24 Descriptors.o
 .debug_frame   0x000002d4       0xf4 KeyLogging.o
 .debug_frame   0x000003c8      0x23c Lib/FatFS/diskio.o
 .debug_frame   0x00000604      0x97c Lib/FatFS/ff.o
 .debug_frame   0x00000f80       0x94 Lib/SCSI.o
 .debug_frame   0x00001014      0x134 Lib/SDCardManager.o
 .debug_frame   0x00001148      0x100 uart.o
 .debug_frame   0x00001248      0x170 Keyboard.o
 .debug_frame   0x000013b8       0x94 Send.o
 .debug_frame   0x0000144c      0x1b0 Sense_Keys.o
 .debug_frame   0x000015fc       0xf4 src/LUFA/LUFA/Drivers/USB/Class/Device/HIDClassDevice.o
 .debug_frame   0x000016f0       0x80 src/LUFA/LUFA/Drivers/USB/Class/Device/MassStorageClassDevice.o
 .debug_frame   0x00001770      0x618 src/LUFA/LUFA/Drivers/USB/Core/AVR8/EndpointStream_AVR8.o
 .debug_frame   0x00001d88       0xf4 src/LUFA/LUFA/Drivers/USB/Core/AVR8/Endpoint_AVR8.o
 .debug_frame   0x00001e7c       0x58 src/LUFA/LUFA/Drivers/USB/Core/AVR8/USBController_AVR8.o
 .debug_frame   0x00001ed4       0x8c src/LUFA/LUFA/Drivers/USB/Core/AVR8/USBInterrupt_AVR8.o
 .debug_frame   0x00001f60       0x40 src/LUFA/LUFA/Drivers/USB/Core/DeviceStandardReq.o
 .debug_frame   0x00001fa0       0x24 src/LUFA/LUFA/Drivers/USB/Core/Events.o
 .debug_frame   0x00001fc4       0x2c src/LUFA/LUFA/Drivers/USB/Core/USBTask.o

.debug_str      0x00000000    0x1b79f
 *(.debug_str)
 .debug_str     0x00000000    0x16fcd Bluetooth.o
                              0x17245 (size before relaxing)
 .debug_str     0x00016fcd      0x4cd Calibrate.o
                              0x1761b (size before relaxing)
 .debug_str     0x0001749a       0xb5 Config_Interrupts.o
                              0x16a70 (size before relaxing)
 .debug_str     0x0001754f       0x4d Config_IO.o
                               0x8a5a (size before relaxing)
 .debug_str     0x0001759c      0x80a Descriptors.o
                              0x152a6 (size before relaxing)
 .debug_str     0x00017da6      0x377 KeyLogging.o
                              0x17459 (size before relaxing)
 .debug_str     0x0001811d      0x4e6 Lib/FatFS/diskio.o
                               0x8f1d (size before relaxing)
 .debug_str     0x00018603      0xa1e Lib/FatFS/ff.o
                               0x3f6f (size before relaxing)
 .debug_str     0x00019021      0x4cd Lib/SCSI.o
                              0x16f80 (size before relaxing)
 .debug_str     0x000194ee      0x107 Lib/SDCardManager.o
                              0x170b9 (size before relaxing)
 .debug_str     0x000195f5      0x282 uart.o
                               0xae6a (size before relaxing)
 .debug_str     0x00019877      0x5a5 Keyboard.o
                              0x17bb7 (size before relaxing)
 .debug_str     0x00019e1c       0x43 Send.o
                              0x1726d (size before relaxing)
 .debug_str     0x00019e5f      0x140 Sense_Keys.o
                              0x173fe (size before relaxing)
 .debug_str     0x00019f9f      0x2ad src/LUFA/LUFA/Drivers/USB/Class/Device/HIDClassDevice.o
                              0x14ebe (size before relaxing)
 .debug_str     0x0001a24c      0x2c4 src/LUFA/LUFA/Drivers/USB/Class/Device/MassStorageClassDevice.o
                              0x14fcc (size before relaxing)
 .debug_str     0x0001a510      0x887 src/LUFA/LUFA/Drivers/USB/Core/AVR8/EndpointStream_AVR8.o
                               0xf580 (size before relaxing)
 .debug_str     0x0001ad97      0x25d src/LUFA/LUFA/Drivers/USB/Core/AVR8/Endpoint_AVR8.o
                               0xec23 (size before relaxing)
 .debug_str     0x0001aff4      0x216 src/LUFA/LUFA/Drivers/USB/Core/AVR8/USBController_AVR8.o
                               0xeb83 (size before relaxing)
 .debug_str     0x0001b20a       0xe9 src/LUFA/LUFA/Drivers/USB/Core/AVR8/USBInterrupt_AVR8.o
                               0xeb37 (size before relaxing)
 .debug_str     0x0001b2f3      0x3db src/LUFA/LUFA/Drivers/USB/Core/DeviceStandardReq.o
                               0xeff4 (size before relaxing)
 .debug_str     0x0001b6ce       0x53 src/LUFA/LUFA/Drivers/USB/Core/Events.o
                               0xddd1 (size before relaxing)
 .debug_str     0x0001b721       0x7e src/LUFA/LUFA/Drivers/USB/Core/USBTask.o
                               0xe9a2 (size before relaxing)

.debug_loc      0x00000000     0xdcf0
 *(.debug_loc)
 .debug_loc     0x00000000      0x442 Bluetooth.o
 .debug_loc     0x00000442     0x106b Calibrate.o
 .debug_loc     0x000014ad       0xee Config_IO.o
 .debug_loc     0x0000159b      0x2d3 Descriptors.o
 .debug_loc     0x0000186e      0x432 KeyLogging.o
 .debug_loc     0x00001ca0      0xe41 Lib/FatFS/diskio.o
 .debug_loc     0x00002ae1     0x569e Lib/FatFS/ff.o
 .debug_loc     0x0000817f      0x47a Lib/SCSI.o
 .debug_loc     0x000085f9      0x65d Lib/SDCardManager.o
 .debug_loc     0x00008c56      0x325 uart.o
 .debug_loc     0x00008f7b      0x682 Keyboard.o
 .debug_loc     0x000095fd      0x358 Send.o
 .debug_loc     0x00009955      0x89a Sense_Keys.o
 .debug_loc     0x0000a1ef      0x484 src/LUFA/LUFA/Drivers/USB/Class/Device/HIDClassDevice.o
 .debug_loc     0x0000a673      0x2cd src/LUFA/LUFA/Drivers/USB/Class/Device/MassStorageClassDevice.o
 .debug_loc     0x0000a940     0x2797 src/LUFA/LUFA/Drivers/USB/Core/AVR8/EndpointStream_AVR8.o
 .debug_loc     0x0000d0d7      0x5f9 src/LUFA/LUFA/Drivers/USB/Core/AVR8/Endpoint_AVR8.o
 .debug_loc     0x0000d6d0       0x49 src/LUFA/LUFA/Drivers/USB/Core/AVR8/USBController_AVR8.o
 .debug_loc     0x0000d719      0x247 src/LUFA/LUFA/Drivers/USB/Core/AVR8/USBInterrupt_AVR8.o
 .debug_loc     0x0000d960      0x347 src/LUFA/LUFA/Drivers/USB/Core/DeviceStandardReq.o
 .debug_loc     0x0000dca7       0x49 src/LUFA/LUFA/Drivers/USB/Core/USBTask.o

.debug_macinfo
 *(.debug_macinfo)

.debug_weaknames
 *(.debug_weaknames)

.debug_funcnames
 *(.debug_funcnames)

.debug_typenames
 *(.debug_typenames)

.debug_varnames
 *(.debug_varnames)

.debug_pubtypes
 *(.debug_pubtypes)

.debug_ranges   0x00000000     0x1310
 *(.debug_ranges)
 .debug_ranges  0x00000000       0x48 Bluetooth.o
 .debug_ranges  0x00000048      0x1a0 Calibrate.o
 .debug_ranges  0x000001e8       0x10 Config_Interrupts.o
 .debug_ranges  0x000001f8       0x20 Config_IO.o
 .debug_ranges  0x00000218       0x10 Descriptors.o
 .debug_ranges  0x00000228       0x48 KeyLogging.o
 .debug_ranges  0x00000270       0x78 Lib/FatFS/diskio.o
 .debug_ranges  0x000002e8      0x218 Lib/FatFS/ff.o
 .debug_ranges  0x00000500       0x18 Lib/SCSI.o
 .debug_ranges  0x00000518       0x38 Lib/SDCardManager.o
 .debug_ranges  0x00000550       0x68 uart.o
 .debug_ranges  0x000005b8       0x88 Keyboard.o
 .debug_ranges  0x00000640       0x28 Send.o
 .debug_ranges  0x00000668       0xc0 Sense_Keys.o
 .debug_ranges  0x00000728       0x20 src/LUFA/LUFA/Drivers/USB/Class/Device/HIDClassDevice.o
 .debug_ranges  0x00000748       0x50 src/LUFA/LUFA/Drivers/USB/Class/Device/MassStorageClassDevice.o
 .debug_ranges  0x00000798      0x918 src/LUFA/LUFA/Drivers/USB/Core/AVR8/EndpointStream_AVR8.o
 .debug_ranges  0x000010b0      0x1a8 src/LUFA/LUFA/Drivers/USB/Core/AVR8/Endpoint_AVR8.o
 .debug_ranges  0x00001258       0x20 src/LUFA/LUFA/Drivers/USB/Core/AVR8/USBController_AVR8.o
 .debug_ranges  0x00001278       0x20 src/LUFA/LUFA/Drivers/USB/Core/AVR8/USBInterrupt_AVR8.o
 .debug_ranges  0x00001298       0x58 src/LUFA/LUFA/Drivers/USB/Core/DeviceStandardReq.o
 .debug_ranges  0x000012f0       0x10 src/LUFA/LUFA/Drivers/USB/Core/Events.o
 .debug_ranges  0x00001300       0x10 src/LUFA/LUFA/Drivers/USB/Core/USBTask.o

.debug_macro    0x00000000     0xb9ce
 *(.debug_macro)
 .debug_macro   0x00000000      0x552 Bluetooth.o
 .debug_macro   0x00000552      0xa72 Bluetooth.o
 .debug_macro   0x00000fc4       0x10 Bluetooth.o
 .debug_macro   0x00000fd4       0x10 Bluetooth.o
 .debug_macro   0x00000fe4      0x1ad Bluetooth.o
 .debug_macro   0x00001191      0x293 Bluetooth.o
 .debug_macro   0x00001424       0x9e Bluetooth.o
 .debug_macro   0x000014c2     0x207d Bluetooth.o
 .debug_macro   0x0000353f      0x14f Bluetooth.o
 .debug_macro   0x0000368e       0xd9 Bluetooth.o
 .debug_macro   0x00003767       0x34 Bluetooth.o
 .debug_macro   0x0000379b       0x18 Bluetooth.o
 .debug_macro   0x000037b3       0x6c Bluetooth.o
 .debug_macro   0x0000381f       0x68 Bluetooth.o
 .debug_macro   0x00003887       0xab Bluetooth.o
 .debug_macro   0x00003932       0x69 Bluetooth.o
 .debug_macro   0x0000399b       0x22 Bluetooth.o
 .debug_macro   0x000039bd       0x16 Bluetooth.o
 .debug_macro   0x000039d3       0x97 Bluetooth.o
 .debug_macro   0x00003a6a       0x16 Bluetooth.o
 .debug_macro   0x00003a80       0x10 Bluetooth.o
 .debug_macro   0x00003a90      0x160 Bluetooth.o
 .debug_macro   0x00003bf0       0x10 Bluetooth.o
 .debug_macro   0x00003c00       0x12 Bluetooth.o
 .debug_macro   0x00003c12      0x175 Bluetooth.o
 .debug_macro   0x00003d87       0x12 Bluetooth.o
 .debug_macro   0x00003d99       0x10 Bluetooth.o
 .debug_macro   0x00003da9       0xef Bluetooth.o
 .debug_macro   0x00003e98       0x22 Bluetooth.o
 .debug_macro   0x00003eba      0x199 Bluetooth.o
 .debug_macro   0x00004053       0x2f Bluetooth.o
 .debug_macro   0x00004082       0x1c Bluetooth.o
 .debug_macro   0x0000409e       0x68 Bluetooth.o
 .debug_macro   0x00004106       0x28 Bluetooth.o
 .debug_macro   0x0000412e       0x33 Bluetooth.o
 .debug_macro   0x00004161      0x10c Bluetooth.o
 .debug_macro   0x0000426d      0x160 Bluetooth.o
 .debug_macro   0x000043cd       0x1c Bluetooth.o
 .debug_macro   0x000043e9       0x86 Bluetooth.o
 .debug_macro   0x0000446f       0x3c Bluetooth.o
 .debug_macro   0x000044ab       0x19 Bluetooth.o
 .debug_macro   0x000044c4       0x4d Bluetooth.o
 .debug_macro   0x00004511       0x73 Bluetooth.o
 .debug_macro   0x00004584       0x16 Bluetooth.o
 .debug_macro   0x0000459a       0x12 Bluetooth.o
 .debug_macro   0x000045ac       0x22 Bluetooth.o
 .debug_macro   0x000045ce       0x64 Bluetooth.o
 .debug_macro   0x00004632       0x41 Bluetooth.o
 .debug_macro   0x00004673       0x10 Bluetooth.o
 .debug_macro   0x00004683       0x1c Bluetooth.o
 .debug_macro   0x0000469f       0x16 Bluetooth.o
 .debug_macro   0x000046b5       0x16 Bluetooth.o
 .debug_macro   0x000046cb      0x12c Bluetooth.o
 .debug_macro   0x000047f7       0x16 Bluetooth.o
 .debug_macro   0x0000480d       0x46 Bluetooth.o
 .debug_macro   0x00004853       0x58 Bluetooth.o
 .debug_macro   0x000048ab       0x10 Bluetooth.o
 .debug_macro   0x000048bb       0x35 Bluetooth.o
 .debug_macro   0x000048f0       0xeb Bluetooth.o
 .debug_macro   0x000049db       0x16 Bluetooth.o
 .debug_macro   0x000049f1      0x154 Bluetooth.o
 .debug_macro   0x00004b45       0x2a Bluetooth.o
 .debug_macro   0x00004b6f      0x6ce Bluetooth.o
 .debug_macro   0x0000523d       0x16 Bluetooth.o
 .debug_macro   0x00005253      0x132 Bluetooth.o
 .debug_macro   0x00005385       0x16 Bluetooth.o
 .debug_macro   0x0000539b       0x10 Bluetooth.o
 .debug_macro   0x000053ab       0x6c Bluetooth.o
 .debug_macro   0x00005417       0x16 Bluetooth.o
 .debug_macro   0x0000542d       0x1c Bluetooth.o
 .debug_macro   0x00005449       0x16 Bluetooth.o
 .debug_macro   0x0000545f       0x10 Bluetooth.o
 .debug_macro   0x0000546f      0x1be Bluetooth.o
 .debug_macro   0x0000562d       0x16 Bluetooth.o
 .debug_macro   0x00005643       0x10 Bluetooth.o
 .debug_macro   0x00005653       0x34 Bluetooth.o
 .debug_macro   0x00005687       0x10 Bluetooth.o
 .debug_macro   0x00005697       0x22 Bluetooth.o
 .debug_macro   0x000056b9       0x3a Bluetooth.o
 .debug_macro   0x000056f3       0x16 Bluetooth.o
 .debug_macro   0x00005709       0x22 Bluetooth.o
 .debug_macro   0x0000572b       0xd6 Bluetooth.o
 .debug_macro   0x00005801       0xe0 Bluetooth.o
 .debug_macro   0x000058e1      0x227 Bluetooth.o
 .debug_macro   0x00005b08       0x52 Bluetooth.o
 .debug_macro   0x00005b5a       0x16 Bluetooth.o
 .debug_macro   0x00005b70       0x4e Bluetooth.o
 .debug_macro   0x00005bbe      0x228 Bluetooth.o
 .debug_macro   0x00005de6      0x124 Bluetooth.o
 .debug_macro   0x00005f0a      0x557 Calibrate.o
 .debug_macro   0x00006461      0x55f Config_Interrupts.o
 .debug_macro   0x000069c0       0x63 Config_Interrupts.o
 .debug_macro   0x00006a23       0xab Config_IO.o
 .debug_macro   0x00006ace      0x442 Descriptors.o
 .debug_macro   0x00006f10       0x89 Descriptors.o
 .debug_macro   0x00006f99       0xaa Descriptors.o
 .debug_macro   0x00007043      0x181 Descriptors.o
 .debug_macro   0x000071c4       0x20 Descriptors.o
 .debug_macro   0x000071e4      0x54c KeyLogging.o
 .debug_macro   0x00007730      0x18e Lib/FatFS/diskio.o
 .debug_macro   0x000078be       0x9a Lib/FatFS/diskio.o
 .debug_macro   0x00007958      0x166 Lib/FatFS/diskio.o
 .debug_macro   0x00007abe      0x27a Lib/FatFS/ff.o
 .debug_macro   0x00007d38       0xe7 Lib/FatFS/ff.o
 .debug_macro   0x00007e1f       0xa0 Lib/FatFS/ff.o
 .debug_macro   0x00007ebf      0x553 Lib/SCSI.o
 .debug_macro   0x00008412      0x56a Lib/SDCardManager.o
 .debug_macro   0x0000897c      0x149 uart.o
 .debug_macro   0x00008ac5       0x48 uart.o
 .debug_macro   0x00008b0d      0x54c Keyboard.o
 .debug_macro   0x00009059      0x557 Send.o
 .debug_macro   0x000095b0      0x54c Sense_Keys.o
 .debug_macro   0x00009afc      0x446 src/LUFA/LUFA/Drivers/USB/Class/Device/HIDClassDevice.o
 .debug_macro   0x00009f42      0x44c src/LUFA/LUFA/Drivers/USB/Class/Device/MassStorageClassDevice.o
 .debug_macro   0x0000a38e      0x12c src/LUFA/LUFA/Drivers/USB/Class/Device/MassStorageClassDevice.o
 .debug_macro   0x0000a4ba      0x60e src/LUFA/LUFA/Drivers/USB/Core/AVR8/EndpointStream_AVR8.o
 .debug_macro   0x0000aac8       0x28 src/LUFA/LUFA/Drivers/USB/Core/AVR8/EndpointStream_AVR8.o
 .debug_macro   0x0000aaf0       0x1c src/LUFA/LUFA/Drivers/USB/Core/AVR8/EndpointStream_AVR8.o
 .debug_macro   0x0000ab0c       0x1c src/LUFA/LUFA/Drivers/USB/Core/AVR8/EndpointStream_AVR8.o
 .debug_macro   0x0000ab28      0x2a5 src/LUFA/LUFA/Drivers/USB/Core/AVR8/Endpoint_AVR8.o
 .debug_macro   0x0000adcd       0x10 src/LUFA/LUFA/Drivers/USB/Core/AVR8/Endpoint_AVR8.o
 .debug_macro   0x0000addd      0x277 src/LUFA/LUFA/Drivers/USB/Core/AVR8/USBController_AVR8.o
 .debug_macro   0x0000b054       0x79 src/LUFA/LUFA/Drivers/USB/Core/AVR8/USBController_AVR8.o
 .debug_macro   0x0000b0cd      0x27f src/LUFA/LUFA/Drivers/USB/Core/AVR8/USBInterrupt_AVR8.o
 .debug_macro   0x0000b34c      0x27d src/LUFA/LUFA/Drivers/USB/Core/DeviceStandardReq.o
 .debug_macro   0x0000b5c9      0x182 src/LUFA/LUFA/Drivers/USB/Core/Events.o
 .debug_macro   0x0000b74b      0x283 src/LUFA/LUFA/Drivers/USB/Core/USBTask.o
OUTPUT(USB Typewriter P2S.elf elf32-avr)
LOAD linker stubs
