Archive member included to satisfy reference by file (symbol)

c:/program files (x86)/atmel/studio/7.0/toolchain/avr8/avr8-gnu-toolchain/bin/../lib/gcc/avr/4.9.2/avr5\libgcc.a(_udivmodqi4.o)
                              Send.o (__udivmodqi4)
c:/program files (x86)/atmel/studio/7.0/toolchain/avr8/avr8-gnu-toolchain/bin/../lib/gcc/avr/4.9.2/avr5\libgcc.a(_divmodhi4.o)
                              Send.o (__divmodhi4)
c:/program files (x86)/atmel/studio/7.0/toolchain/avr8/avr8-gnu-toolchain/bin/../lib/gcc/avr/4.9.2/avr5\libgcc.a(_udivmodsi4.o)
                              Lib/FatFS/ff.o (__udivmodsi4)
c:/program files (x86)/atmel/studio/7.0/toolchain/avr8/avr8-gnu-toolchain/bin/../lib/gcc/avr/4.9.2/avr5\libgcc.a(_exit.o)
                              C:/Program Files (x86)/Atmel/Studio/7.0/Packs/atmel/ATmega_DFP/1.0.90/gcc/dev/atmega32u4/avr5/crtatmega32u4.o (exit)
c:/program files (x86)/atmel/studio/7.0/toolchain/avr8/avr8-gnu-toolchain/bin/../lib/gcc/avr/4.9.2/avr5\libgcc.a(_copy_data.o)
                              Bluetooth.o (__do_copy_data)
c:/program files (x86)/atmel/studio/7.0/toolchain/avr8/avr8-gnu-toolchain/bin/../lib/gcc/avr/4.9.2/avr5\libgcc.a(_clear_bss.o)
                              Bluetooth.o (__do_clear_bss)
c:/program files (x86)/atmel/studio/7.0/toolchain/avr8/avr8-gnu-toolchain/bin/../lib/gcc/avr/4.9.2/avr5\libgcc.a(_muluhisi3.o)
                              KeyLogging.o (__muluhisi3)
c:/program files (x86)/atmel/studio/7.0/toolchain/avr8/avr8-gnu-toolchain/bin/../lib/gcc/avr/4.9.2/avr5\libgcc.a(_clzdi2.o)
                              Sense_Keys.o (__clzdi2)
c:/program files (x86)/atmel/studio/7.0/toolchain/avr8/avr8-gnu-toolchain/bin/../lib/gcc/avr/4.9.2/avr5\libgcc.a(_ashldi3.o)
                              Sense_Keys.o (__ashldi3)
c:/program files (x86)/atmel/studio/7.0/toolchain/avr8/avr8-gnu-toolchain/bin/../lib/gcc/avr/4.9.2/avr5\libgcc.a(_ashrdi3.o)
                              Sense_Keys.o (__lshrdi3)
c:/program files (x86)/atmel/studio/7.0/toolchain/avr8/avr8-gnu-toolchain/bin/../lib/gcc/avr/4.9.2/avr5\libgcc.a(_cmpdi2_s8.o)
                              Sense_Keys.o (__cmpdi2_s8)
c:/program files (x86)/atmel/studio/7.0/toolchain/avr8/avr8-gnu-toolchain/bin/../lib/gcc/avr/4.9.2/avr5\libgcc.a(_udivmodhi4.o)
                              c:/program files (x86)/atmel/studio/7.0/toolchain/avr8/avr8-gnu-toolchain/bin/../lib/gcc/avr/4.9.2/avr5\libgcc.a(_divmodhi4.o) (__udivmodhi4)
c:/program files (x86)/atmel/studio/7.0/toolchain/avr8/avr8-gnu-toolchain/bin/../lib/gcc/avr/4.9.2/avr5\libgcc.a(_clzsi2.o)
                              c:/program files (x86)/atmel/studio/7.0/toolchain/avr8/avr8-gnu-toolchain/bin/../lib/gcc/avr/4.9.2/avr5\libgcc.a(_clzdi2.o) (__clzsi2)
c:/program files (x86)/atmel/studio/7.0/toolchain/avr8/avr8-gnu-toolchain/bin/../lib/gcc/avr/4.9.2/avr5\libgcc.a(_clzhi2.o)
                              c:/program files (x86)/atmel/studio/7.0/toolchain/avr8/avr8-gnu-toolchain/bin/../lib/gcc/avr/4.9.2/avr5\libgcc.a(_clzsi2.o) (__clzhi2)
c:/program files (x86)/atmel/studio/7.0/toolchain/avr8/avr8-gnu-toolchain/bin/../lib/gcc/avr/4.9.2/avr5\libgcc.a(_umulhisi3.o)
                              c:/program files (x86)/atmel/studio/7.0/toolchain/avr8/avr8-gnu-toolchain/bin/../lib/gcc/avr/4.9.2/avr5\libgcc.a(_muluhisi3.o) (__umulhisi3)
c:/program files (x86)/atmel/studio/7.0/toolchain/avr8/avr8-gnu-toolchain/bin/../lib/gcc/avr/4.9.2/../../../../avr/lib/avr5\libc.a(toupper.o)
                              Send.o (toupper)
c:/program files (x86)/atmel/studio/7.0/toolchain/avr8/avr8-gnu-toolchain/bin/../lib/gcc/avr/4.9.2/../../../../avr/lib/avr5\libc.a(memcpy_P.o)
                              src/LUFA/LUFA/Drivers/USB/Class/Device/RNDISClassDevice.o (memcpy_P)
c:/program files (x86)/atmel/studio/7.0/toolchain/avr8/avr8-gnu-toolchain/bin/../lib/gcc/avr/4.9.2/../../../../avr/lib/avr5\libc.a(strcpy_P.o)
                              Send.o (strcpy_P)
c:/program files (x86)/atmel/studio/7.0/toolchain/avr8/avr8-gnu-toolchain/bin/../lib/gcc/avr/4.9.2/../../../../avr/lib/avr5\libc.a(strtok.o)
                              Bluetooth.o (strtok)
c:/program files (x86)/atmel/studio/7.0/toolchain/avr8/avr8-gnu-toolchain/bin/../lib/gcc/avr/4.9.2/../../../../avr/lib/avr5\libc.a(memcmp.o)
                              src/LUFA/LUFA/Drivers/USB/Class/Device/HIDClassDevice.o (memcmp)
c:/program files (x86)/atmel/studio/7.0/toolchain/avr8/avr8-gnu-toolchain/bin/../lib/gcc/avr/4.9.2/../../../../avr/lib/avr5\libc.a(memcpy.o)
                              src/LUFA/LUFA/Drivers/USB/Class/Device/HIDClassDevice.o (memcpy)
c:/program files (x86)/atmel/studio/7.0/toolchain/avr8/avr8-gnu-toolchain/bin/../lib/gcc/avr/4.9.2/../../../../avr/lib/avr5\libc.a(memset.o)
                              src/LUFA/LUFA/Drivers/USB/Class/Device/HIDClassDevice.o (memset)
c:/program files (x86)/atmel/studio/7.0/toolchain/avr8/avr8-gnu-toolchain/bin/../lib/gcc/avr/4.9.2/../../../../avr/lib/avr5\libc.a(strcpy.o)
[...]
Memory Configuration

Name             Origin             Length             Attributes
text             0x00000000         0x00020000         xr
data             0x00800060         0x0000ffa0         rw !x
eeprom           0x00810000         0x00010000         rw !x
fuse             0x00820000         0x00000400         rw !x
lock             0x00830000         0x00000400         rw !x
signature        0x00840000         0x00000400         rw !x
user_signatures  0x00850000         0x00000400         rw !x
*default*        0x00000000         0xffffffff

Linker script and memory map

Address of section .data set to 0x800100
LOAD C:/Program Files (x86)/Atmel/Studio/7.0/Packs/atmel/ATmega_DFP/1.0.90/gcc/dev/atmega32u4/avr5/crtatmega32u4.o
LOAD Bluetooth.o
LOAD Calibrate.o
LOAD Config_Interrupts.o
LOAD Config_IO.o
LOAD Descriptors.o
LOAD KeyLogging.o
LOAD Lib/FatFS/diskio.o
LOAD Lib/FatFS/ff.o
LOAD Lib/SCSI.o
LOAD Lib/SDCardManager.o
LOAD uart.o
LOAD Keyboard.o
LOAD Send.o
LOAD Sense_Keys.o
LOAD src/LUFA/LUFA/Drivers/USB/Class/Common/HIDParser.o
LOAD src/LUFA/LUFA/Drivers/USB/Class/Device/AudioClassDevice.o
LOAD src/LUFA/LUFA/Drivers/USB/Class/Device/CDCClassDevice.o
LOAD src/LUFA/LUFA/Drivers/USB/Class/Device/HIDClassDevice.o
LOAD src/LUFA/LUFA/Drivers/USB/Class/Device/MassStorageClassDevice.o
LOAD src/LUFA/LUFA/Drivers/USB/Class/Device/MIDIClassDevice.o
LOAD src/LUFA/LUFA/Drivers/USB/Class/Device/PrinterClassDevice.o
LOAD src/LUFA/LUFA/Drivers/USB/Class/Device/RNDISClassDevice.o
LOAD src/LUFA/LUFA/Drivers/USB/Class/Host/AndroidAccessoryClassHost.o
LOAD src/LUFA/LUFA/Drivers/USB/Class/Host/AudioClassHost.o
LOAD src/LUFA/LUFA/Drivers/USB/Class/Host/CDCClassHost.o
LOAD src/LUFA/LUFA/Drivers/USB/Class/Host/HIDClassHost.o
LOAD src/LUFA/LUFA/Drivers/USB/Class/Host/MassStorageClassHost.o
LOAD src/LUFA/LUFA/Drivers/USB/Class/Host/MIDIClassHost.o
LOAD src/LUFA/LUFA/Drivers/USB/Class/Host/PrinterClassHost.o
LOAD src/LUFA/LUFA/Drivers/USB/Class/Host/RNDISClassHost.o
LOAD src/LUFA/LUFA/Drivers/USB/Class/Host/StillImageClassHost.o
LOAD src/LUFA/LUFA/Drivers/USB/Core/AVR8/Device_AVR8.o
LOAD src/LUFA/LUFA/Drivers/USB/Core/AVR8/EndpointStream_AVR8.o
LOAD src/LUFA/LUFA/Drivers/USB/Core/AVR8/Endpoint_AVR8.o
LOAD src/LUFA/LUFA/Drivers/USB/Core/AVR8/Host_AVR8.o
LOAD src/LUFA/LUFA/Drivers/USB/Core/AVR8/PipeStream_AVR8.o
LOAD src/LUFA/LUFA/Drivers/USB/Core/AVR8/Pipe_AVR8.o
LOAD src/LUFA/LUFA/Drivers/USB/Core/AVR8/Template/Template_Endpoint_Control_R.o
LOAD src/LUFA/LUFA/Drivers/USB/Core/AVR8/Template/Template_Endpoint_Control_W.o
LOAD src/LUFA/LUFA/Drivers/USB/Core/AVR8/Template/Template_Endpoint_RW.o
LOAD src/LUFA/LUFA/Drivers/USB/Core/AVR8/Template/Template_Pipe_RW.o
LOAD src/LUFA/LUFA/Drivers/USB/Core/AVR8/USBController_AVR8.o
LOAD src/LUFA/LUFA/Drivers/USB/Core/AVR8/USBInterrupt_AVR8.o
LOAD src/LUFA/LUFA/Drivers/USB/Core/ConfigDescriptors.o
LOAD src/LUFA/LUFA/Drivers/USB/Core/DeviceStandardReq.o
LOAD src/LUFA/LUFA/Drivers/USB/Core/Events.o
LOAD src/LUFA/LUFA/Drivers/USB/Core/HostStandardReq.o
LOAD src/LUFA/LUFA/Drivers/USB/Core/USBTask.o
START GROUP
LOAD c:/program files (x86)/atmel/studio/7.0/toolchain/avr8/avr8-gnu-toolchain/bin/../lib/gcc/avr/4.9.2/../../../../avr/lib/avr5\libm.a
END GROUP
START GROUP
LOAD c:/program files (x86)/atmel/studio/7.0/toolchain/avr8/avr8-gnu-toolchain/bin/../lib/gcc/avr/4.9.2/avr5\libgcc.a
LOAD c:/program files (x86)/atmel/studio/7.0/toolchain/avr8/avr8-gnu-toolchain/bin/../lib/gcc/avr/4.9.2/../../../../avr/lib/avr5\libm.a
LOAD c:/program files (x86)/atmel/studio/7.0/toolchain/avr8/avr8-gnu-toolchain/bin/../lib/gcc/avr/4.9.2/../../../../avr/lib/avr5\libc.a
LOAD C:/Program Files (x86)/Atmel/Studio/7.0/Packs/atmel/ATmega_DFP/1.0.90/gcc/dev/atmega32u4/avr5\libatmega32u4.a
END GROUP

.hash
 *(.hash)

.dynsym
 *(.dynsym)

.dynstr
 *(.dynstr)

.gnu.version
 *(.gnu.version)

.gnu.version_d
 *(.gnu.version_d)

.gnu.version_r
 *(.gnu.version_r)

.rel.init
 *(.rel.init)

.rela.init
 *(.rela.init)

.rel.text
 *(.rel.text)
 *(.rel.text.*)
 *(.rel.gnu.linkonce.t*)

.rela.text
 *(.rela.text)
 *(.rela.text.*)
 *(.rela.gnu.linkonce.t*)

.rel.fini
 *(.rel.fini)

.rela.fini
 *(.rela.fini)

.rel.rodata
 *(.rel.rodata)
 *(.rel.rodata.*)
 *(.rel.gnu.linkonce.r*)

.rela.rodata
 *(.rela.rodata)
 *(.rela.rodata.*)
 *(.rela.gnu.linkonce.r*)

.rel.data
 *(.rel.data)
 *(.rel.data.*)
 *(.rel.gnu.linkonce.d*)

.rela.data
 *(.rela.data)
 *(.rela.data.*)
 *(.rela.gnu.linkonce.d*)

.rel.ctors
 *(.rel.ctors)

.rela.ctors
 *(.rela.ctors)

.rel.dtors
 *(.rel.dtors)

.rela.dtors
 *(.rela.dtors)

.rel.got
 *(.rel.got)

.rela.got
 *(.rela.got)

.rel.bss
 *(.rel.bss)

.rela.bss
 *(.rela.bss)

.rel.plt
 *(.rel.plt)

.rela.plt
 *(.rela.plt)

.text           0x00000000     0x6f34
 *(.vectors)
 .vectors       0x00000000       0xac C:/Program Files (x86)/Atmel/Studio/7.0/Packs/atmel/ATmega_DFP/1.0.90/gcc/dev/atmega32u4/avr5/crtatmega32u4.o
                0x00000000                __vector_default
                0x00000000                __vectors
 *(.vectors)
 *(.progmem.gcc*)
                0x000000ac                . = ALIGN (0x2)
                0x000000ac                __trampolines_start = .
 *(.trampolines)
 .trampolines   0x000000ac        0x0 linker stubs
 *(.trampolines*)
                0x000000ac                __trampolines_end = .
 *(.progmem*)
 .progmem.data.Str_Settings_Saved
                0x000000ac       0x11 Calibrate.o
                0x000000ac                Str_Settings_Saved
 .progmem.data.Str_Spacebar_Blocks_Enter
                0x000000bd       0x2a Calibrate.o
                0x000000bd                Str_Spacebar_Blocks_Enter
 .progmem.data.Str_Set_Reed_Time
                0x000000e7       0x20 Calibrate.o
                0x000000e7                Str_Set_Reed_Time
 .progmem.data.Str_Set_Double_Time
                0x00000107       0x2e Calibrate.o
                0x00000107                Str_Set_Double_Time
 .progmem.data.Str_Set_Release_Time
                0x00000135       0x1e Calibrate.o
                0x00000135                Str_Set_Release_Time
 .progmem.data.Str_Set_Reaction_Time
                0x00000153       0x30 Calibrate.o
                0x00000153                Str_Set_Reaction_Time
 .progmem.data.Str_Press_CMD
                0x00000183       0x1e Calibrate.o
                0x00000183                Str_Press_CMD
 .progmem.data.Str_Adj_Sensitivity
                0x000001a1       0x1c Calibrate.o
                0x000001a1                Str_Adj_Sensitivity
 .progmem.data.Str_No_Hall
                0x000001bd       0x31 Calibrate.o
                0x000001bd                Str_No_Hall
 .progmem.data.Str_Calibrate_Hall
                0x000001ee       0x36 Calibrate.o
                0x000001ee                Str_Calibrate_Hall
 .progmem.data.Str_Backspace
                0x00000224        0xa Calibrate.o
                0x00000224                Str_Backspace
 .progmem.data.Str_Post
                0x0000022e        0x5 Calibrate.o
                0x0000022e                Str_Post
 .progmem.data.Str_Second_Enter
                0x00000233       0x10 Calibrate.o
                0x00000233                Str_Second_Enter
 .progmem.data.Str_Enter
                0x00000243        0x6 Calibrate.o
                0x00000243                Str_Enter
 .progmem.data.Str_Spacebar
                0x00000249        0x9 Calibrate.o
                0x00000249                Str_Spacebar
 .progmem.data.Str_Quick_Calibrate
                0x00000252       0x1b Calibrate.o
                0x00000252                Str_Quick_Calibrate
 .progmem.data.Str_No_Dummy_Load
                0x0000026d       0x18 Calibrate.o
                0x0000026d                Str_No_Dummy_Load
 .progmem.data.Str_Dummy_Load
                0x00000285       0x16 Calibrate.o
                0x00000285                Str_Dummy_Load
 .progmem.data.Str_Shift_Error
                0x0000029b       0x26 Calibrate.o
                0x0000029b                Str_Shift_Error
 .progmem.data.Str_Type_The_Following
                0x000002c1       0x32 Calibrate.o
                0x000002c1                Str_Type_The_Following
 .progmem.data.Str_Calibrating
                0x000002f3       0x10 Calibrate.o
                0x000002f3                Str_Calibrating
 .progmem.data.Str_SD_Mode
                0x00000303       0x16 Calibrate.o
                0x00000303                Str_SD_Mode
 .progmem.data.Str_Combo_Mode
                0x00000319       0x1f Calibrate.o
                0x00000319                Str_Combo_Mode
 .progmem.data.Str_Light_Mode
                0x00000338       0x26 Calibrate.o
                0x00000338                Str_Light_Mode
 .progmem.data.Str_BT_Mode
                0x0000035e       0x19 Calibrate.o
                0x0000035e                Str_BT_Mode
 .progmem.data.Str_Typewriter_Mode
                0x00000377       0x12 Calibrate.o
                0x00000377                Str_Typewriter_Mode
 .progmem.data.Str_Firmware_Ver
                0x00000389       0x14 Calibrate.o
                0x00000389                Str_Firmware_Ver
 .progmem.data.Str_USB_Typewriter
                0x0000039d       0x15 Calibrate.o
                0x0000039d                Str_USB_Typewriter
 .progmem.data.ProductString
                0x000003b2       0x32 Descriptors.o
                0x000003b2                ProductString
 .progmem.data.ManufacturerString
                0x000003e4       0x28 Descriptors.o
                0x000003e4                ManufacturerString
 .progmem.data.LanguageString
                0x0000040c        0x4 Descriptors.o
                0x0000040c                LanguageString
 .progmem.data.ConfigurationDescriptor
                0x00000410       0x39 Descriptors.o
                0x00000410                ConfigurationDescriptor
 .progmem.data.DeviceDescriptor
                0x00000449       0x12 Descriptors.o
                0x00000449                DeviceDescriptor
 .progmem.data.KeyboardReport
                0x0000045b       0x3f Descriptors.o
                0x0000045b                KeyboardReport
                0x0000049a                . = ALIGN (0x2)
 *(.jumptables)
 *(.jumptables*)
 *(.lowtext)
 *(.lowtext*)
                0x0000049a                __ctors_start = .
 *(.ctors)
                0x0000049a                __ctors_end = .
                0x0000049a                __dtors_start = .
 *(.dtors)
                0x0000049a                __dtors_end = .
 SORT(*)(.ctors)
 SORT(*)(.dtors)
 *(.init0)
 .init0         0x0000049a        0x0 C:/Program Files (x86)/Atmel/Studio/7.0/Packs/atmel/ATmega_DFP/1.0.90/gcc/dev/atmega32u4/avr5/crtatmega32u4.o
                0x0000049a                __init
 *(.init0)
 *(.init1)
 *(.init1)
 *(.init2)
 .init2         0x0000049a        0xc C:/Program Files (x86)/Atmel/Studio/7.0/Packs/atmel/ATmega_DFP/1.0.90/gcc/dev/atmega32u4/avr5/crtatmega32u4.o
 *(.init2)
 *(.init3)
 *(.init3)
 *(.init4)
 .init4         0x000004a6       0x16 c:/program files (x86)/atmel/studio/7.0/toolchain/avr8/avr8-gnu-toolchain/bin/../lib/gcc/avr/4.9.2/avr5\libgcc.a(_copy_data.o)
                0x000004a6                __do_copy_data
 .init4         0x000004bc       0x10 c:/program files (x86)/atmel/studio/7.0/toolchain/avr8/avr8-gnu-toolchain/bin/../lib/gcc/avr/4.9.2/avr5\libgcc.a(_clear_bss.o)
                0x000004bc                __do_clear_bss
 *(.init4)
 *(.init5)
 *(.init5)
 *(.init6)
 *(.init6)
 *(.init7)
 *(.init7)
 *(.init8)
 *(.init8)
 *(.init9)
 .init9         0x000004cc        0x8 C:/Program Files (x86)/Atmel/Studio/7.0/Packs/atmel/ATmega_DFP/1.0.90/gcc/dev/atmega32u4/avr5/crtatmega32u4.o
 *(.init9)
 *(.text)
 .text          0x000004d4        0x2 C:/Program Files (x86)/Atmel/Studio/7.0/Packs/atmel/ATmega_DFP/1.0.90/gcc/dev/atmega32u4/avr5/crtatmega32u4.o
                0x000004d4                __vector_38
                0x000004d4                __vector_22
                0x000004d4                __vector_28
                0x000004d4                __vector_1
                0x000004d4                __vector_32
                0x000004d4                __vector_34
                0x000004d4                __vector_24
                0x000004d4                __vector_12
                0x000004d4                __bad_interrupt
                0x000004d4                __vector_6
                0x000004d4                __vector_31
                0x000004d4                __vector_35
                0x000004d4                __vector_39
                0x000004d4                __vector_3
                0x000004d4                __vector_23
                0x000004d4                __vector_30
                0x000004d4                __vector_11
                0x000004d4                __vector_13
                0x000004d4                __vector_19
                0x000004d4                __vector_7
                0x000004d4                __vector_27
                0x000004d4                __vector_5
                0x000004d4                __vector_33
                0x000004d4                __vector_37
                0x000004d4                __vector_4
                0x000004d4                __vector_9
                0x000004d4                __vector_2
                0x000004d4                __vector_21
                0x000004d4                __vector_15
                0x000004d4                __vector_36
                0x000004d4                __vector_29
                0x000004d4                __vector_40
                0x000004d4                __vector_8
                0x000004d4                __vector_14
                0x000004d4                __vector_16
                0x000004d4                __vector_18
                0x000004d4                __vector_20
                0x000004d4                __vector_42
                0x000004d6                . = ALIGN (0x2)
 *(.text.*)
 .text.Bluetooth_Reset
                0x000004d6       0x38 Bluetooth.o
                0x000004d6                Bluetooth_Reset
 .text.Get_Response
                0x0000050e       0x76 Bluetooth.o
                0x0000050e                Get_Response
 .text.Bluetooth_Send_CMD
                0x00000584       0x50 Bluetooth.o
                0x00000584                Bluetooth_Send_CMD
 .text.Bluetooth_Send
                0x000005d4       0xc4 Bluetooth.o
                0x000005d4                Bluetooth_Send
 .text.Bluetooth_Init
                0x00000698       0x34 Bluetooth.o
                0x00000698                Bluetooth_Init
 .text.Bluetooth_Configure
                0x000006cc       0x7e Bluetooth.o
                0x000006cc                Bluetooth_Configure
 .text.BluetoothInquire
                0x0000074a        0x8 Bluetooth.o
                0x0000074a                BluetoothInquire
 .text.Bluetooth_Connect
                0x00000752       0x86 Bluetooth.o
                0x00000752                Bluetooth_Connect
 .text.SaveCalibration
                0x000007d8       0x94 Calibrate.o
                0x000007d8                SaveCalibration
 .text.DetectHallSensor
                0x0000086c       0xba Calibrate.o
                0x0000086c                DetectHallSensor
 .text.WaitForKeypress
                0x00000926       0x1e Calibrate.o
                0x00000926                WaitForKeypress
 .text.TeachHIDKey
                0x00000944       0x58 Calibrate.o
                0x00000944                TeachHIDKey
 .text.CalibrateReeds
                0x0000099c      0x1ba Calibrate.o
                0x0000099c                CalibrateReeds
 .text.QuickCalibrate
                0x00000b56       0xa6 Calibrate.o
                0x00000b56                QuickCalibrate
 .text.TeachASCIIKey
                0x00000bfc       0x1a Calibrate.o
                0x00000bfc                TeachASCIIKey
 .text.Calibrate
                0x00000c16      0x4a6 Calibrate.o
                0x00000c16                Calibrate
 .text.Adjust_Sensitivity
                0x000010bc      0x200 Calibrate.o
                0x000010bc                Adjust_Sensitivity
 .text.Config_Interrupts
                0x000012bc       0x28 Config_Interrupts.o
                0x000012bc                Config_Interrupts
 .text.Config_IO
                0x000012e4       0x60 Config_IO.o
                0x000012e4                Config_IO
 .text.GlowGreenLED
                0x00001344       0x8a Config_IO.o
                0x00001344                GlowGreenLED
 .text.__vector_41
                0x000013ce       0x5e Config_IO.o
                0x000013ce                __vector_41
 .text.CALLBACK_USB_GetDescriptor
                0x0000142c       0x86 Descriptors.o
                0x0000142c                CALLBACK_USB_GetDescriptor
 .text.OpenLogFile
                0x000014b2       0x4e KeyLogging.o
                0x000014b2                OpenLogFile
 .text.CloseLogFile
                0x00001500       0x10 KeyLogging.o
                0x00001500                CloseLogFile
 .text.MountFilesystem
                0x00001510       0x1a KeyLogging.o
                0x00001510                MountFilesystem
 .text.get_num_of_sectors
                0x0000152a       0x60 KeyLogging.o
                0x0000152a                get_num_of_sectors
 .text.WriteToLogFile
                0x0000158a       0x70 KeyLogging.o
                0x0000158a                WriteToLogFile
 .text.TestSDHardware
                0x000015fa       0x40 KeyLogging.o
                0x000015fa                TestSDHardware
 .text.AddToSDBuffer
                0x0000163a       0xa0 KeyLogging.o
                0x0000163a                AddToSDBuffer
 .text.LogKeystrokes
                0x000016da      0x192 KeyLogging.o
                0x000016da                LogKeystrokes
 .text.dly_us   0x0000186c        0xa Lib/FatFS/diskio.o
 .text.xmit_mmc
                0x00001876       0x80 Lib/FatFS/diskio.o
 .text.rcvr_mmc
                0x000018f6       0x64 Lib/FatFS/diskio.o
 .text.wait_ready
                0x0000195a       0x46 Lib/FatFS/diskio.o
 .text.deselect
                0x000019a0       0x1e Lib/FatFS/diskio.o
 .text.select   0x000019be       0x3a Lib/FatFS/diskio.o
 .text.rcvr_datablock
                0x000019f8       0x72 Lib/FatFS/diskio.o
 .text.send_cmd
                0x00001a6a       0xba Lib/FatFS/diskio.o
 .text.xmit_datablock
                0x00001b24       0x6e Lib/FatFS/diskio.o
 .text.disk_status
                0x00001b92        0xe Lib/FatFS/diskio.o
                0x00001b92                disk_status
 .text.disk_initialize
                0x00001ba0      0x13c Lib/FatFS/diskio.o
                0x00001ba0                disk_initialize
 .text.disk_read
                0x00001cdc       0x88 Lib/FatFS/diskio.o
                0x00001cdc                disk_read
 .text.disk_write
                0x00001d64       0xc0 Lib/FatFS/diskio.o
                0x00001d64                disk_write
 .text.disk_ioctl
                0x00001e24      0x138 Lib/FatFS/diskio.o
                0x00001e24                disk_ioctl
 .text.mem_cpy  0x00001f5c       0x46 Lib/FatFS/ff.o
 .text.get_fileinfo
                0x00001fa2       0x90 Lib/FatFS/ff.o
 .text.get_ldnumber
                0x00002032       0x3e Lib/FatFS/ff.o
 .text.validate
                0x00002070       0x3c Lib/FatFS/ff.o
 .text.sync_window
                0x000020ac       0xcc Lib/FatFS/ff.o
 .text.move_window
                0x00002178       0x78 Lib/FatFS/ff.o
 .text.check_fs
                0x000021f0       0x78 Lib/FatFS/ff.o
 .text.find_volume
                0x00002268      0x4ca Lib/FatFS/ff.o
 .text.sync_fs  0x00002732       0xce Lib/FatFS/ff.o
 .text.clust2sect
                0x00002800       0x52 Lib/FatFS/ff.o
                0x00002800                clust2sect
 .text.get_fat  0x00002852      0x188 Lib/FatFS/ff.o
                0x00002852                get_fat
 .text.dir_sdi  0x000029da      0x14a Lib/FatFS/ff.o
 .text.put_fat  0x00002b24      0x1e4 Lib/FatFS/ff.o
                0x00002b24                put_fat
 .text.create_chain
                0x00002d08      0x1ba Lib/FatFS/ff.o
 .text.dir_next
                0x00002ec2      0x202 Lib/FatFS/ff.o
 .text.follow_path
                0x000030c4      0x236 Lib/FatFS/ff.o
 .text.dir_register
                0x000032fa       0x96 Lib/FatFS/ff.o
 .text.remove_chain
                0x00003390       0xe4 Lib/FatFS/ff.o
 .text.f_mount  0x00003474       0x90 Lib/FatFS/ff.o
                0x00003474                f_mount
 .text.f_open   0x00003504      0x254 Lib/FatFS/ff.o
                0x00003504                f_open
 .text.f_write  0x00003758      0x324 Lib/FatFS/ff.o
                0x00003758                f_write
 .text.f_sync   0x00003a7c       0x86 Lib/FatFS/ff.o
                0x00003a7c                f_sync
 .text.f_close  0x00003b02       0x20 Lib/FatFS/ff.o
                0x00003b02                f_close
 .text.f_lseek  0x00003b22      0x33e Lib/FatFS/ff.o
                0x00003b22                f_lseek
 .text.f_stat   0x00003e60       0x84 Lib/FatFS/ff.o
                0x00003e60                f_stat
 .text.SCSI_Command_ReadWrite_10
                0x00003ee4       0xa2 Lib/SCSI.o
 .text.SCSI_DecodeSCSICommand
                0x00003f86      0x2a4 Lib/SCSI.o
                0x00003f86                SCSI_DecodeSCSICommand
 .text.SDCardManager_Init
                0x0000422a       0x18 Lib/SDCardManager.o
                0x0000422a                SDCardManager_Init
 .text.SDCardManager_WriteBlockHandler
                0x00004242       0xa0 Lib/SDCardManager.o
                0x00004242                SDCardManager_WriteBlockHandler
 .text.SDCardManager_WriteBlocks
                0x000042e2       0xa8 Lib/SDCardManager.o
                0x000042e2                SDCardManager_WriteBlocks
 .text.SDCardManager_ReadBlockHandler
                0x0000438a       0xa4 Lib/SDCardManager.o
                0x0000438a                SDCardManager_ReadBlockHandler
 .text.SDCardManager_ReadBlocks
                0x0000442e       0xb2 Lib/SDCardManager.o
                0x0000442e                SDCardManager_ReadBlocks
 .text.SDCardManager_CheckSDCardOperation
                0x000044e0        0x6 Lib/SDCardManager.o
                0x000044e0                SDCardManager_CheckSDCardOperation
 .text.__vector_25
                0x000044e6       0x5c uart.o
                0x000044e6                __vector_25
 .text.__vector_26
                0x00004542       0x54 uart.o
                0x00004542                __vector_26
 .text.uart_init
                0x00004596       0x32 uart.o
                0x00004596                uart_init
 .text.uart_getc
                0x000045c8       0x32 uart.o
                0x000045c8                uart_getc
 .text.uart_clear_rx_buffer
                0x000045fa        0xa uart.o
                0x000045fa                uart_clear_rx_buffer
 .text.uart_putc
                0x00004604       0x2a uart.o
                0x00004604                uart_putc
 .text.__vector_17
                0x0000462e       0x94 Keyboard.o
                0x0000462e                __vector_17
 .text.Task_Manager
                0x000046c2       0x3e Keyboard.o
                0x000046c2                Task_Manager
 .text.SetupHardware
                0x00004700       0xb2 Keyboard.o
                0x00004700                SetupHardware
 .text.EVENT_USB_Device_Connect
                0x000047b2        0x2 Keyboard.o
                0x000047b2                EVENT_USB_Device_Connect
 .text.EVENT_USB_Device_Disconnect
                0x000047b4        0xe Keyboard.o
                0x000047b4                EVENT_USB_Device_Disconnect
 .text.EVENT_USB_Device_Suspend
                0x000047c2        0x2 Keyboard.o
                0x000047c2                EVENT_USB_Device_Suspend
 .text.EVENT_USB_Device_WakeUp
                0x000047c4        0x2 Keyboard.o
                0x000047c4                EVENT_USB_Device_WakeUp
 .text.EVENT_USB_Device_ConfigurationChanged
                0x000047c6       0x1a Keyboard.o
                0x000047c6                EVENT_USB_Device_ConfigurationChanged
 .text.EVENT_USB_Device_ControlRequest
                0x000047e0        0xe Keyboard.o
                0x000047e0                EVENT_USB_Device_ControlRequest
 .text.EVENT_USB_Device_StartOfFrame
                0x000047ee       0x18 Keyboard.o
                0x000047ee                EVENT_USB_Device_StartOfFrame
 .text.CALLBACK_MS_Device_SCSICommandReceived
                0x00004806        0x2 Keyboard.o
                0x00004806                CALLBACK_MS_Device_SCSICommandReceived
 .text.CALLBACK_HID_Device_CreateHIDReport
                0x00004808       0x42 Keyboard.o
                0x00004808                CALLBACK_HID_Device_CreateHIDReport
 .text.CALLBACK_HID_Device_ProcessHIDReport
                0x0000484a       0x36 Keyboard.o
                0x0000484a                CALLBACK_HID_Device_ProcessHIDReport
 .text.Init_Mode
                0x00004880      0x122 Keyboard.o
                0x00004880                Init_Mode
 .text.startup.main
                0x000049a2      0x1ec Keyboard.o
                0x000049a2                main
 .text.USBSend  0x00004b8e       0x96 Send.o
                0x00004b8e                USBSend
 .text.USBSendString
                0x00004c24       0xe2 Send.o
                0x00004c24                USBSendString
 .text.USBSendPROGString
                0x00004d06       0x10 Send.o
                0x00004d06                USBSendPROGString
 .text.USBSendNumber
                0x00004d16       0x8c Send.o
                0x00004d16                USBSendNumber
 .text.GetModifier
                0x00004da2       0x60 Sense_Keys.o
                0x00004da2                GetModifier
 .text.ReadSensor
                0x00004e02      0x164 Sense_Keys.o
                0x00004e02                ReadSensor
 .text.GetKeySimple
                0x00004f66       0x50 Sense_Keys.o
                0x00004f66                GetKeySimple
 .text.GetKey   0x00004fb6      0x27c Sense_Keys.o
                0x00004fb6                GetKey
 .text.GetHIDKeyCode
                0x00005232       0x2e Sense_Keys.o
                0x00005232                GetHIDKeyCode
 .text.GetASCIIKeyCode
                0x00005260       0x26 Sense_Keys.o
                0x00005260                GetASCIIKeyCode
 .text.getHallState
                0x00005286       0x12 Sense_Keys.o
                0x00005286                getHallState
 .text.LoadKeyCodeTables
                0x00005298       0x50 Sense_Keys.o
                0x00005298                LoadKeyCodeTables
 .text.LoadEepromParameters
                0x000052e8       0x7a Sense_Keys.o
                0x000052e8                LoadEepromParameters
 .text.ClearKeyCodeTables
                0x00005362       0x4c Sense_Keys.o
                0x00005362                ClearKeyCodeTables
 .text.RestoreFactoryDefaults
                0x000053ae       0x5e Sense_Keys.o
                0x000053ae                RestoreFactoryDefaults
 .text.InitializeEeprom
                0x0000540c       0x52 Sense_Keys.o
                0x0000540c                InitializeEeprom
 .text.HID_Device_ProcessControlRequest
                0x0000545e      0x274 src/LUFA/LUFA/Drivers/USB/Class/Device/HIDClassDevice.o
                0x0000545e                HID_Device_ProcessControlRequest
 .text.HID_Device_ConfigureEndpoints
                0x000056d2       0x26 src/LUFA/LUFA/Drivers/USB/Class/Device/HIDClassDevice.o
                0x000056d2                HID_Device_ConfigureEndpoints
 .text.HID_Device_USBTask
                0x000056f8      0x18a src/LUFA/LUFA/Drivers/USB/Class/Device/HIDClassDevice.o
                0x000056f8                HID_Device_USBTask
 .text.MS_Device_ProcessControlRequest
                0x00005882       0x82 src/LUFA/LUFA/Drivers/USB/Class/Device/MassStorageClassDevice.o
                0x00005882                MS_Device_ProcessControlRequest
 .text.MS_Device_ConfigureEndpoints
                0x00005904       0x3a src/LUFA/LUFA/Drivers/USB/Class/Device/MassStorageClassDevice.o
                0x00005904                MS_Device_ConfigureEndpoints
 .text.MS_Device_USBTask
                0x0000593e      0x234 src/LUFA/LUFA/Drivers/USB/Class/Device/MassStorageClassDevice.o
                0x0000593e                MS_Device_USBTask
 .text.Endpoint_Null_Stream
                0x00005b72       0x7c src/LUFA/LUFA/Drivers/USB/Core/AVR8/EndpointStream_AVR8.o
                0x00005b72                Endpoint_Null_Stream
 .text.Endpoint_Write_Stream_LE
                0x00005bee       0x94 src/LUFA/LUFA/Drivers/USB/Core/AVR8/EndpointStream_AVR8.o
                0x00005bee                Endpoint_Write_Stream_LE
 .text.Endpoint_Write_Stream_BE
                0x00005c82       0xa0 src/LUFA/LUFA/Drivers/USB/Core/AVR8/EndpointStream_AVR8.o
                0x00005c82                Endpoint_Write_Stream_BE
 .text.Endpoint_Read_Stream_LE
                0x00005d22       0x94 src/LUFA/LUFA/Drivers/USB/Core/AVR8/EndpointStream_AVR8.o
                0x00005d22                Endpoint_Read_Stream_LE
 .text.Endpoint_Write_Control_Stream_LE
                0x00005db6       0xc6 src/LUFA/LUFA/Drivers/USB/Core/AVR8/EndpointStream_AVR8.o
                0x00005db6                Endpoint_Write_Control_Stream_LE
 .text.Endpoint_Read_Control_Stream_LE
                0x00005e7c       0x80 src/LUFA/LUFA/Drivers/USB/Core/AVR8/EndpointStream_AVR8.o
                0x00005e7c                Endpoint_Read_Control_Stream_LE
 .text.Endpoint_Write_Control_PStream_LE
                0x00005efc       0xc2 src/LUFA/LUFA/Drivers/USB/Core/AVR8/EndpointStream_AVR8.o
                0x00005efc                Endpoint_Write_Control_PStream_LE
 .text.Endpoint_ConfigureEndpoint_Prv
                0x00005fbe       0x6a src/LUFA/LUFA/Drivers/USB/Core/AVR8/Endpoint_AVR8.o
                0x00005fbe                Endpoint_ConfigureEndpoint_Prv
 .text.Endpoint_ConfigureEndpointTable
                0x00006028       0x90 src/LUFA/LUFA/Drivers/USB/Core/AVR8/Endpoint_AVR8.o
                0x00006028                Endpoint_ConfigureEndpointTable
 .text.Endpoint_ClearStatusStage
                0x000060b8       0x3e src/LUFA/LUFA/Drivers/USB/Core/AVR8/Endpoint_AVR8.o
                0x000060b8                Endpoint_ClearStatusStage
 .text.Endpoint_WaitUntilReady
                0x000060f6       0x64 src/LUFA/LUFA/Drivers/USB/Core/AVR8/Endpoint_AVR8.o
                0x000060f6                Endpoint_WaitUntilReady
 .text.USB_Disable
                0x0000615a       0x30 src/LUFA/LUFA/Drivers/USB/Core/AVR8/USBController_AVR8.o
                0x0000615a                USB_Disable
 .text.USB_ResetInterface
                0x0000618a       0x80 src/LUFA/LUFA/Drivers/USB/Core/AVR8/USBController_AVR8.o
                0x0000618a                USB_ResetInterface
 .text.USB_Init
                0x0000620a       0x20 src/LUFA/LUFA/Drivers/USB/Core/AVR8/USBController_AVR8.o
                0x0000620a                USB_Init
 .text.USB_INT_DisableAllInterrupts
                0x0000622a       0x10 src/LUFA/LUFA/Drivers/USB/Core/AVR8/USBInterrupt_AVR8.o
                0x0000622a                USB_INT_DisableAllInterrupts
 .text.USB_INT_ClearAllInterrupts
                0x0000623a        0xa src/LUFA/LUFA/Drivers/USB/Core/AVR8/USBInterrupt_AVR8.o
                0x0000623a                USB_INT_ClearAllInterrupts
 .text.__vector_10
                0x00006244      0x190 src/LUFA/LUFA/Drivers/USB/Core/AVR8/USBInterrupt_AVR8.o
                0x00006244                __vector_10
 .text.USB_Device_ProcessControlRequest
                0x000063d4      0x2aa src/LUFA/LUFA/Drivers/USB/Core/DeviceStandardReq.o
                0x000063d4                USB_Device_ProcessControlRequest
 .text.USB_Event_Stub
                0x0000667e        0x2 src/LUFA/LUFA/Drivers/USB/Core/Events.o
                0x0000667e                EVENT_USB_Device_Reset
                0x0000667e                USB_Event_Stub
 .text.USB_USBTask
                0x00006680       0x34 src/LUFA/LUFA/Drivers/USB/Core/USBTask.o
                0x00006680                USB_USBTask
 .text.libgcc.div
                0x000066b4       0x18 c:/program files (x86)/atmel/studio/7.0/toolchain/avr8/avr8-gnu-toolchain/bin/../lib/gcc/avr/4.9.2/avr5\libgcc.a(_udivmodqi4.o)
                0x000066b4                __udivmodqi4
 .text.libgcc.div
                0x000066cc       0x26 c:/program files (x86)/atmel/studio/7.0/toolchain/avr8/avr8-gnu-toolchain/bin/../lib/gcc/avr/4.9.2/avr5\libgcc.a(_divmodhi4.o)
                0x000066cc                _div
                0x000066cc                __divmodhi4
 .text.libgcc.div
                0x000066f2       0x44 c:/program files (x86)/atmel/studio/7.0/toolchain/avr8/avr8-gnu-toolchain/bin/../lib/gcc/avr/4.9.2/avr5\libgcc.a(_udivmodsi4.o)
                0x000066f2                __udivmodsi4
 .text.libgcc.mul
                0x00006736       0x14 c:/program files (x86)/atmel/studio/7.0/toolchain/avr8/avr8-gnu-toolchain/bin/../lib/gcc/avr/4.9.2/avr5\libgcc.a(_muluhisi3.o)
                0x00006736                __muluhisi3
 .text.libgcc.builtins
                0x0000674a       0x10 c:/program files (x86)/atmel/studio/7.0/toolchain/avr8/avr8-gnu-toolchain/bin/../lib/gcc/avr/4.9.2/avr5\libgcc.a(_clzdi2.o)
                0x0000674a                __clzdi2
 .text.libgcc.builtins
                0x0000675a       0x32 c:/program files (x86)/atmel/studio/7.0/toolchain/avr8/avr8-gnu-toolchain/bin/../lib/gcc/avr/4.9.2/avr5\libgcc.a(_ashldi3.o)
                0x0000675a                __ashldi3
 .text.libgcc.builtins
                0x0000678c       0x3c c:/program files (x86)/atmel/studio/7.0/toolchain/avr8/avr8-gnu-toolchain/bin/../lib/gcc/avr/4.9.2/avr5\libgcc.a(_ashrdi3.o)
                0x0000678c                __ashrdi3
                0x00006790                __lshrdi3
 .text.libgcc   0x000067c8       0x18 c:/program files (x86)/atmel/studio/7.0/toolchain/avr8/avr8-gnu-toolchain/bin/../lib/gcc/avr/4.9.2/avr5\libgcc.a(_cmpdi2_s8.o)
                0x000067c8                __cmpdi2_s8
 .text.libgcc.div
                0x000067e0       0x28 c:/program files (x86)/atmel/studio/7.0/toolchain/avr8/avr8-gnu-toolchain/bin/../lib/gcc/avr/4.9.2/avr5\libgcc.a(_udivmodhi4.o)
                0x000067e0                __udivmodhi4
 .text.libgcc.builtins
                0x00006808        0xe c:/program files (x86)/atmel/studio/7.0/toolchain/avr8/avr8-gnu-toolchain/bin/../lib/gcc/avr/4.9.2/avr5\libgcc.a(_clzsi2.o)
                0x00006808                __clzsi2
 .text.libgcc.builtins
                0x00006816       0x24 c:/program files (x86)/atmel/studio/7.0/toolchain/avr8/avr8-gnu-toolchain/bin/../lib/gcc/avr/4.9.2/avr5\libgcc.a(_clzhi2.o)
                0x00006816                __clzhi2
 .text.libgcc.mul
                0x0000683a       0x1e c:/program files (x86)/atmel/studio/7.0/toolchain/avr8/avr8-gnu-toolchain/bin/../lib/gcc/avr/4.9.2/avr5\libgcc.a(_umulhisi3.o)
                0x0000683a                __umulhisi3
 .text.avr-libc
                0x00006858       0x10 c:/program files (x86)/atmel/studio/7.0/toolchain/avr8/avr8-gnu-toolchain/bin/../lib/gcc/avr/4.9.2/../../../../avr/lib/avr5\libc.a(toupper.o)
                0x00006858                toupper
 .text.avr-libc
                0x00006868        0xe c:/program files (x86)/atmel/studio/7.0/toolchain/avr8/avr8-gnu-toolchain/bin/../lib/gcc/avr/4.9.2/../../../../avr/lib/avr5\libc.a(strcpy_P.o)
                0x00006868                strcpy_P
 .text.avr-libc
                0x00006876        0x6 c:/program files (x86)/atmel/studio/7.0/toolchain/avr8/avr8-gnu-toolchain/bin/../lib/gcc/avr/4.9.2/../../../../avr/lib/avr5\libc.a(strtok.o)
                0x00006876                strtok
 .text.avr-libc
                0x0000687c       0x1a c:/program files (x86)/atmel/studio/7.0/toolchain/avr8/avr8-gnu-toolchain/bin/../lib/gcc/avr/4.9.2/../../../../avr/lib/avr5\libc.a(memcmp.o)
                0x0000687c                memcmp
 .text.avr-libc
                0x00006896       0x12 c:/program files (x86)/atmel/studio/7.0/toolchain/avr8/avr8-gnu-toolchain/bin/../lib/gcc/avr/4.9.2/../../../../avr/lib/avr5\libc.a(memcpy.o)
                0x00006896                memcpy
 .text.avr-libc
                0x000068a8        0xe c:/program files (x86)/atmel/studio/7.0/toolchain/avr8/avr8-gnu-toolchain/bin/../lib/gcc/avr/4.9.2/../../../../avr/lib/avr5\libc.a(memset.o)
                0x000068a8                memset
 .text.avr-libc
                0x000068b6        0xe c:/program files (x86)/atmel/studio/7.0/toolchain/avr8/avr8-gnu-toolchain/bin/../lib/gcc/avr/4.9.2/../../../../avr/lib/avr5\libc.a(strcpy.o)
                0x000068b6                strcpy
 .text.avr-libc
                0x000068c4       0x4e c:/program files (x86)/atmel/studio/7.0/toolchain/avr8/avr8-gnu-toolchain/bin/../lib/gcc/avr/4.9.2/../../../../avr/lib/avr5\libc.a(strtok_r.o)
                0x000068c4                strtok_r
 .text.avr-libc
                0x00006912       0x40 c:/program files (x86)/atmel/studio/7.0/toolchain/avr8/avr8-gnu-toolchain/bin/../lib/gcc/avr/4.9.2/../../../../avr/lib/avr5\libc.a(sprintf.o)
                0x00006912                sprintf
 .text.avr-libc
                0x00006952      0x386 c:/program files (x86)/atmel/studio/7.0/toolchain/avr8/avr8-gnu-toolchain/bin/../lib/gcc/avr/4.9.2/../../../../avr/lib/avr5\libc.a(vfprintf_std.o)
                0x00006952                vfprintf
 .text.avr-libc
                0x00006cd8       0x16 c:/program files (x86)/atmel/studio/7.0/toolchain/avr8/avr8-gnu-toolchain/bin/../lib/gcc/avr/4.9.2/../../../../avr/lib/avr5\libc.a(strnlen_P.o)
                0x00006cd8                strnlen_P
 .text.avr-libc
                0x00006cee       0x16 c:/program files (x86)/atmel/studio/7.0/toolchain/avr8/avr8-gnu-toolchain/bin/../lib/gcc/avr/4.9.2/../../../../avr/lib/avr5\libc.a(strnlen.o)
                0x00006cee                strnlen
 .text.avr-libc
                0x00006d04       0x70 c:/program files (x86)/atmel/studio/7.0/toolchain/avr8/avr8-gnu-toolchain/bin/../lib/gcc/avr/4.9.2/../../../../avr/lib/avr5\libc.a(fputc.o)
                0x00006d04                fputc
 .text.avr-libc
                0x00006d74       0xbc c:/program files (x86)/atmel/studio/7.0/toolchain/avr8/avr8-gnu-toolchain/bin/../lib/gcc/avr/4.9.2/../../../../avr/lib/avr5\libc.a(ultoa_invert.o)
                0x00006d74                __ultoa_invert
 .text.avr-libc
                0x00006e30       0x20 C:/Program Files (x86)/Atmel/Studio/7.0/Packs/atmel/ATmega_DFP/1.0.90/gcc/dev/atmega32u4/avr5\libatmega32u4.a(eerd_block.o)
                0x00006e30                eeprom_read_block
                0x00006e34                eeprom_read_blraw
 .text.avr-libc
                0x00006e50       0x10 C:/Program Files (x86)/Atmel/Studio/7.0/Packs/atmel/ATmega_DFP/1.0.90/gcc/dev/atmega32u4/avr5\libatmega32u4.a(eerd_byte.o)
                0x00006e50                eeprom_read_byte
 .text.avr-libc
                0x00006e60        0xa C:/Program Files (x86)/Atmel/Studio/7.0/Packs/atmel/ATmega_DFP/1.0.90/gcc/dev/atmega32u4/avr5\libatmega32u4.a(eerd_word.o)
                0x00006e60                eeprom_read_word
 .text.avr-libc
                0x00006e6a       0x24 C:/Program Files (x86)/Atmel/Studio/7.0/Packs/atmel/ATmega_DFP/1.0.90/gcc/dev/atmega32u4/avr5\libatmega32u4.a(eeupd_byte.o)
                0x00006e6a                eeprom_update_byte
                0x00006e6c                eeprom_update_r18
 .text.avr-libc
                0x00006e8e       0x12 C:/Program Files (x86)/Atmel/Studio/7.0/Packs/atmel/ATmega_DFP/1.0.90/gcc/dev/atmega32u4/avr5\libatmega32u4.a(eewr_block.o)
                0x00006e8e                eeprom_write_block
 .text.avr-libc
                0x00006ea0       0x1c C:/Program Files (x86)/Atmel/Studio/7.0/Packs/atmel/ATmega_DFP/1.0.90/gcc/dev/atmega32u4/avr5\libatmega32u4.a(eewr_byte.o)
                0x00006ea0                eeprom_write_byte
                0x00006ea2                eeprom_write_r18
 .text.avr-libc
                0x00006ebc        0x6 C:/Program Files (x86)/Atmel/Studio/7.0/Packs/atmel/ATmega_DFP/1.0.90/gcc/dev/atmega32u4/avr5\libatmega32u4.a(eewr_word.o)
                0x00006ebc                eeprom_write_word
 .text.libgcc.prologue
                0x00006ec2       0x38 c:/program files (x86)/atmel/studio/7.0/toolchain/avr8/avr8-gnu-toolchain/bin/../lib/gcc/avr/4.9.2/avr5\libgcc.a(_prologue.o)
                0x00006ec2                __prologue_saves__
 .text.libgcc.prologue
                0x00006efa       0x36 c:/program files (x86)/atmel/studio/7.0/toolchain/avr8/avr8-gnu-toolchain/bin/../lib/gcc/avr/4.9.2/avr5\libgcc.a(_epilogue.o)
                0x00006efa                __epilogue_restores__
                0x00006f30                . = ALIGN (0x2)
 *(.fini9)
 .fini9         0x00006f30        0x0 c:/program files (x86)/atmel/studio/7.0/toolchain/avr8/avr8-gnu-toolchain/bin/../lib/gcc/avr/4.9.2/avr5\libgcc.a(_exit.o)
                0x00006f30                _exit
                0x00006f30                exit
 *(.fini9)
 *(.fini8)
 *(.fini8)
 *(.fini7)
 *(.fini7)
 *(.fini6)
 *(.fini6)
 *(.fini5)
 *(.fini5)
 *(.fini4)
 *(.fini4)
 *(.fini3)
 *(.fini3)
 *(.fini2)
 *(.fini2)
 *(.fini1)
 *(.fini1)
 *(.fini0)
 .fini0         0x00006f30        0x4 c:/program files (x86)/atmel/studio/7.0/toolchain/avr8/avr8-gnu-toolchain/bin/../lib/gcc/avr/4.9.2/avr5\libgcc.a(_exit.o)
 *(.fini0)
                0x00006f34                _etext = .

.data           0x00800100      0x2b0 load address 0x00006f34
                0x00800100                PROVIDE (__data_start, .)
 *(.data)
 *(.data*)
 .data.FileName
                0x00800100        0xd KeyLogging.o
                0x00800100                FileName
 .data.Stat     0x0080010d        0x1 Lib/FatFS/diskio.o
 .data.SenseData
                0x0080010e       0x12 Lib/SCSI.o
 .data.Keyboard_HID_Interface
                0x00800120       0x10 Keyboard.o
                0x00800120                Keyboard_HID_Interface
 .data.Disk_MS_Interface
                0x00800130       0x39 Keyboard.o
                0x00800130                Disk_MS_Interface
 *(.rodata)
 *(.rodata*)
 .rodata.str1.1
                0x00800169       0xb9 Bluetooth.o
 .rodata.str1.1
                0x00800222       0x96 Calibrate.o
 .rodata.ASCIINumSymbols
                0x008002b8        0xa Calibrate.o
                0x008002b8                ASCIINumSymbols
 .rodata.ASCIINumbers
                0x008002c2        0xa Calibrate.o
                0x008002c2                ASCIINumbers
 .rodata.HIDNumbers
                0x008002cc        0xa Calibrate.o
                0x008002cc                HIDNumbers
 .rodata.str1.1
                0x008002d6       0x22 KeyLogging.o
                                 0x23 (size before relaxing)
 .rodata.str1.1
                0x008002f8        0xf Lib/FatFS/ff.o
 .rodata.ExCvt  0x00800307       0x80 Lib/FatFS/ff.o
 .rodata.InquiryData
                0x00800387       0x24 Lib/SCSI.o
 .rodata.REED_BITS
                0x008003ab        0x4 Sense_Keys.o
                0x008003ab                REED_BITS
 *(.gnu.linkonce.d*)
                0x008003b0                . = ALIGN (0x2)
 *fill*         0x008003af        0x1 
                0x008003b0                _edata = .
                0x008003b0                PROVIDE (__data_end, .)

.bss            0x008003b0      0x6a7
                0x008003b0                PROVIDE (__bss_start, .)
 *(.bss)
 .bss           0x008003b0        0x2 c:/program files (x86)/atmel/studio/7.0/toolchain/avr8/avr8-gnu-toolchain/bin/../lib/gcc/avr/4.9.2/../../../../avr/lib/avr5\libc.a(strtok.o)
 *(.bss*)
 .bss.prevcharacter.4488
                0x008003b2        0x1 KeyLogging.o
 .bss.tot_sect.4475
                0x008003b3        0x4 KeyLogging.o
 .bss.LogFile   0x008003b7       0x20 KeyLogging.o
 .bss.DiskFATState
                0x008003d7      0x22e KeyLogging.o
 .bss.CardType  0x00800605        0x1 Lib/FatFS/diskio.o
 .bss.Fsid      0x00800606        0x2 Lib/FatFS/ff.o
 .bss.FatFs     0x00800608        0x2 Lib/FatFS/ff.o
 .bss.SDCard_Present
                0x0080060a        0x1 Lib/SDCardManager.o
 .bss.UART_LastRxError
                0x0080060b        0x1 uart.o
 .bss.UART_RxTail
                0x0080060c        0x1 uart.o
 .bss.UART_RxHead
                0x0080060d        0x1 uart.o
 .bss.UART_TxTail
                0x0080060e        0x1 uart.o
 .bss.UART_TxHead
                0x0080060f        0x1 uart.o
 .bss.UART_RxBuf
                0x00800610       0x40 uart.o
 .bss.UART_TxBuf
                0x00800650       0x10 uart.o
 .bss.PrevKeyboardHIDReportBuffer
                0x00800660        0x8 Keyboard.o
 .bss.KeyReleaseCounter.4467
                0x00800668        0x1 Sense_Keys.o
 .bss.KeyHoldCounter.4466
                0x00800669        0x1 Sense_Keys.o
 .bss.DoubleTapCounter.4465
                0x0080066a        0x1 Sense_Keys.o
 .bss.PreviousKey.4463
                0x0080066b        0x1 Sense_Keys.o
 .bss.ActiveKey.4464
                0x0080066c        0x1 Sense_Keys.o
 .bss.ActiveReeds.4468
                0x0080066d        0x4 Sense_Keys.o
 .bss.ReedDebounce.4469
                0x00800671        0x4 Sense_Keys.o
 *(COMMON)
 COMMON         0x00800675       0x40 Bluetooth.o
                0x00800675                response
 COMMON         0x008006b5        0x1 Config_IO.o
                0x008006b5                GlowDirection
 COMMON         0x008006b6      0x394 Keyboard.o
                0x008006b6                Reed2Polarity
                0x008006b7                UseDummyLoad
                0x008006b8                Reeds_Are_Independent
                0x008006b9                Scheduled_Task
                0x008006ba                KeyReleaseTime
                0x008006bb                KeyBufferMod
                0x008006bc                KeyCodeLookUpTable
                0x008006fc                BluetoothConfigured
                0x008006fd                ReedHoldTime
                0x008006fe                DoubleTapTime
                0x008006ff                Shift_Reed
                0x00800700                TMR1_Count
                0x00800702                Ignore_Flag
                0x00800703                KeyBuffer
                0x00800705                HallSensorPolarity
                0x00800706                Reed1Polarity
                0x00800707                ShiftKeyCodeLookUpTable
                0x00800747                KeyHoldTime
                0x00800748                ASCIIShiftLookUpTable
                0x00800788                Reed3Polarity
                0x00800789                UseHallSensor
                0x0080078a                StringBuffer
                0x008007c6                Reed4Polarity
                0x008007c7                ASCIILookUpTable
                0x00800807                TimeoutCounter
                0x00800809                Typewriter_Mode
                0x0080080a                SD_Buffer
                0x00800a0a                FnKeyCodeLookUpTable
 COMMON         0x00800a4a        0x3 src/LUFA/LUFA/Drivers/USB/Core/DeviceStandardReq.o
                0x00800a4a                USB_Device_ConfigurationNumber
                0x00800a4b                USB_Device_CurrentlySelfPowered
                0x00800a4c                USB_Device_RemoteWakeupEnabled
 COMMON         0x00800a4d        0xa src/LUFA/LUFA/Drivers/USB/Core/USBTask.o
                0x00800a4d                USB_IsInitialized
                0x00800a4e                USB_DeviceState
                0x00800a4f                USB_ControlRequest
                0x00800a57                PROVIDE (__bss_end, .)
                0x00006f34                __data_load_start = LOADADDR (.data)
                0x000071e4                __data_load_end = (__data_load_start + SIZEOF (.data))

.noinit         0x00800a57        0x0
                0x00800a57                PROVIDE (__noinit_start, .)
 *(.noinit*)
                0x00800a57                PROVIDE (__noinit_end, .)
                0x00800a57                _end = .
                0x00800a57                PROVIDE (__heap_start, .)

.eeprom         0x00810000        0x0
 *(.eeprom*)
                0x00810000                __eeprom_end = .

.fuse
 *(.fuse)
 *(.lfuse)
 *(.hfuse)
 *(.efuse)

.lock
 *(.lock*)

.signature
 *(.signature*)

.user_signatures
 *(.user_signatures*)

.stab
 *(.stab)

.stabstr
 *(.stabstr)

.stab.excl
 *(.stab.excl)

.stab.exclstr
 *(.stab.exclstr)

.stab.index
 *(.stab.index)

.stab.indexstr
 *(.stab.indexstr)

.comment        0x00000000       0x8c
 *(.comment)
 .comment       0x00000000       0x30 Bluetooth.o
                                 0x31 (size before relaxing)
 .comment       0x00000030       0x31 Calibrate.o
 .comment       0x00000030       0x31 Config_Interrupts.o
 .comment       0x00000030       0x31 Config_IO.o
 .comment       0x00000030       0x31 Descriptors.o
 .comment       0x00000030       0x31 KeyLogging.o
 .comment       0x00000030       0x31 Lib/FatFS/diskio.o
 .comment       0x00000030       0x30 Lib/FatFS/ff.o
                                 0x31 (size before relaxing)
 .comment       0x00000060       0x31 Lib/SCSI.o
 .comment       0x00000060       0x31 Lib/SDCardManager.o
 .comment       0x00000060       0x31 uart.o
 .comment       0x00000060       0x31 Keyboard.o
 .comment       0x00000060       0x31 Send.o
 .comment       0x00000060       0x31 Sense_Keys.o
 .comment       0x00000060       0x31 src/LUFA/LUFA/Drivers/USB/Class/Device/HIDClassDevice.o
 .comment       0x00000060       0x31 src/LUFA/LUFA/Drivers/USB/Class/Device/MassStorageClassDevice.o
 .comment       0x00000060       0x31 src/LUFA/LUFA/Drivers/USB/Core/AVR8/EndpointStream_AVR8.o
 .comment       0x00000060       0x31 src/LUFA/LUFA/Drivers/USB/Core/AVR8/Endpoint_AVR8.o
 .comment       0x00000060       0x31 src/LUFA/LUFA/Drivers/USB/Core/AVR8/USBController_AVR8.o
 .comment       0x00000060       0x31 src/LUFA/LUFA/Drivers/USB/Core/AVR8/USBInterrupt_AVR8.o
 .comment       0x00000060       0x31 src/LUFA/LUFA/Drivers/USB/Core/DeviceStandardReq.o
 .comment       0x00000060       0x31 src/LUFA/LUFA/Drivers/USB/Core/Events.o
 .comment       0x00000060       0x31 src/LUFA/LUFA/Drivers/USB/Core/USBTask.o
 .comment       0x00000060       0x31 c:/program files (x86)/atmel/studio/7.0/toolchain/avr8/avr8-gnu-toolchain/bin/../lib/gcc/avr/4.9.2/../../../../avr/lib/avr5\libc.a(strtok.o)
 .comment       0x00000060       0x31 c:/program files (x86)/atmel/studio/7.0/toolchain/avr8/avr8-gnu-toolchain/bin/../lib/gcc/avr/4.9.2/../../../../avr/lib/avr5\libc.a(sprintf.o)
 .comment       0x00000060       0x2c c:/program files (x86)/atmel/studio/7.0/toolchain/avr8/avr8-gnu-toolchain/bin/../lib/gcc/avr/4.9.2/../../../../avr/lib/avr5\libc.a(vfprintf_std.o)
                                 0x2d (size before relaxing)
 .comment       0x0000008c       0x31 c:/program files (x86)/atmel/studio/7.0/toolchain/avr8/avr8-gnu-toolchain/bin/../lib/gcc/avr/4.9.2/../../../../avr/lib/avr5\libc.a(fputc.o)

.note.gnu.avr.deviceinfo
                0x00000000       0x40
 .note.gnu.avr.deviceinfo
                0x00000000       0x40 C:/Program Files (x86)/Atmel/Studio/7.0/Packs/atmel/ATmega_DFP/1.0.90/gcc/dev/atmega32u4/avr5/crtatmega32u4.o

.note.gnu.build-id
 *(.note.gnu.build-id)

.debug
 *(.debug)

.line
 *(.line)

.debug_srcinfo
 *(.debug_srcinfo)

.debug_sfnames
 *(.debug_sfnames)

.debug_aranges
 *(.debug_aranges)

.debug_pubnames
 *(.debug_pubnames)

.debug_info
 *(.debug_info .gnu.linkonce.wi.*)

.debug_abbrev
 *(.debug_abbrev)

.debug_line
 *(.debug_line .debug_line.* .debug_line_end)

.debug_frame
 *(.debug_frame)

.debug_str
 *(.debug_str)

.debug_loc
 *(.debug_loc)

.debug_macinfo
 *(.debug_macinfo)

.debug_weaknames
 *(.debug_weaknames)

.debug_funcnames
 *(.debug_funcnames)

.debug_typenames
 *(.debug_typenames)

.debug_varnames
 *(.debug_varnames)

.debug_pubtypes
 *(.debug_pubtypes)

.debug_ranges
 *(.debug_ranges)

.debug_macro
 *(.debug_macro)
OUTPUT(USB Typewriter P2S.elf elf32-avr)
LOAD linker stubs
