Archive member included to satisfy reference by file (symbol)

c:/program files (x86)/atmel/studio/7.0/toolchain/avr8/avr8-gnu-toolchain/bin/../lib/gcc/avr/4.9.2/avr5\libgcc.a(_udivmodqi4.o)
                              Send.o (__udivmodqi4)
c:/program files (x86)/atmel/studio/7.0/toolchain/avr8/avr8-gnu-toolchain/bin/../lib/gcc/avr/4.9.2/avr5\libgcc.a(_divmodhi4.o)
                              Send.o (__divmodhi4)
c:/program files (x86)/atmel/studio/7.0/toolchain/avr8/avr8-gnu-toolchain/bin/../lib/gcc/avr/4.9.2/avr5\libgcc.a(_udivmodsi4.o)
                              Lib/FatFS/ff.o (__udivmodsi4)
c:/program files (x86)/atmel/studio/7.0/toolchain/avr8/avr8-gnu-toolchain/bin/../lib/gcc/avr/4.9.2/avr5\libgcc.a(_exit.o)
                              C:/Program Files (x86)/Atmel/Studio/7.0/Packs/atmel/ATmega_DFP/1.0.90/gcc/dev/atmega32u4/avr5/crtatmega32u4.o (exit)
c:/program files (x86)/atmel/studio/7.0/toolchain/avr8/avr8-gnu-toolchain/bin/../lib/gcc/avr/4.9.2/avr5\libgcc.a(_copy_data.o)
                              Bluetooth.o (__do_copy_data)
c:/program files (x86)/atmel/studio/7.0/toolchain/avr8/avr8-gnu-toolchain/bin/../lib/gcc/avr/4.9.2/avr5\libgcc.a(_clear_bss.o)
                              Bluetooth.o (__do_clear_bss)
c:/program files (x86)/atmel/studio/7.0/toolchain/avr8/avr8-gnu-toolchain/bin/../lib/gcc/avr/4.9.2/avr5\libgcc.a(_muluhisi3.o)
                              KeyLogging.o (__muluhisi3)
c:/program files (x86)/atmel/studio/7.0/toolchain/avr8/avr8-gnu-toolchain/bin/../lib/gcc/avr/4.9.2/avr5\libgcc.a(_clzdi2.o)
                              Sense_Keys.o (__clzdi2)
c:/program files (x86)/atmel/studio/7.0/toolchain/avr8/avr8-gnu-toolchain/bin/../lib/gcc/avr/4.9.2/avr5\libgcc.a(_ashldi3.o)
                              Sense_Keys.o (__ashldi3)
c:/program files (x86)/atmel/studio/7.0/toolchain/avr8/avr8-gnu-toolchain/bin/../lib/gcc/avr/4.9.2/avr5\libgcc.a(_ashrdi3.o)
                              Sense_Keys.o (__lshrdi3)
c:/program files (x86)/atmel/studio/7.0/toolchain/avr8/avr8-gnu-toolchain/bin/../lib/gcc/avr/4.9.2/avr5\libgcc.a(_cmpdi2_s8.o)
                              Sense_Keys.o (__cmpdi2_s8)
c:/program files (x86)/atmel/studio/7.0/toolchain/avr8/avr8-gnu-toolchain/bin/../lib/gcc/avr/4.9.2/avr5\libgcc.a(_udivmodhi4.o)
                              c:/program files (x86)/atmel/studio/7.0/toolchain/avr8/avr8-gnu-toolchain/bin/../lib/gcc/avr/4.9.2/avr5\libgcc.a(_divmodhi4.o) (__udivmodhi4)
c:/program files (x86)/atmel/studio/7.0/toolchain/avr8/avr8-gnu-toolchain/bin/../lib/gcc/avr/4.9.2/avr5\libgcc.a(_clzsi2.o)
                              c:/program files (x86)/atmel/studio/7.0/toolchain/avr8/avr8-gnu-toolchain/bin/../lib/gcc/avr/4.9.2/avr5\libgcc.a(_clzdi2.o) (__clzsi2)
c:/program files (x86)/atmel/studio/7.0/toolchain/avr8/avr8-gnu-toolchain/bin/../lib/gcc/avr/4.9.2/avr5\libgcc.a(_clzhi2.o)
                              c:/program files (x86)/atmel/studio/7.0/toolchain/avr8/avr8-gnu-toolchain/bin/../lib/gcc/avr/4.9.2/avr5\libgcc.a(_clzsi2.o) (__clzhi2)
c:/program files (x86)/atmel/studio/7.0/toolchain/avr8/avr8-gnu-toolchain/bin/../lib/gcc/avr/4.9.2/avr5\libgcc.a(_umulhisi3.o)
                              c:/program files (x86)/atmel/studio/7.0/toolchain/avr8/avr8-gnu-toolchain/bin/../lib/gcc/avr/4.9.2/avr5\libgcc.a(_muluhisi3.o) (__umulhisi3)
c:/program files (x86)/atmel/studio/7.0/toolchain/avr8/avr8-gnu-toolchain/bin/../lib/gcc/avr/4.9.2/../../../../avr/lib/avr5\libc.a(toupper.o)
                              Send.o (toupper)
c:/program files (x86)/atmel/studio/7.0/toolchain/avr8/avr8-gnu-toolchain/bin/../lib/gcc/avr/4.9.2/../../../../avr/lib/avr5\libc.a(memcpy_P.o)
                              src/LUFA/LUFA/Drivers/USB/Class/Device/RNDISClassDevice.o (memcpy_P)
c:/program files (x86)/atmel/studio/7.0/toolchain/avr8/avr8-gnu-toolchain/bin/../lib/gcc/avr/4.9.2/../../../../avr/lib/avr5\libc.a(strcpy_P.o)
                              Send.o (strcpy_P)
c:/program files (x86)/atmel/studio/7.0/toolchain/avr8/avr8-gnu-toolchain/bin/../lib/gcc/avr/4.9.2/../../../../avr/lib/avr5\libc.a(strtok.o)
                              Bluetooth.o (strtok)
c:/program files (x86)/atmel/studio/7.0/toolchain/avr8/avr8-gnu-toolchain/bin/../lib/gcc/avr/4.9.2/../../../../avr/lib/avr5\libc.a(memcmp.o)
                              src/LUFA/LUFA/Drivers/USB/Class/Device/HIDClassDevice.o (memcmp)
c:/program files (x86)/atmel/studio/7.0/toolchain/avr8/avr8-gnu-toolchain/bin/../lib/gcc/avr/4.9.2/../../../../avr/lib/avr5\libc.a(memcpy.o)
                              src/LUFA/LUFA/Drivers/USB/Class/Device/HIDClassDevice.o (memcpy)
c:/program files (x86)/atmel/studio/7.0/toolchain/avr8/avr8-gnu-toolchain/bin/../lib/gcc/avr/4.9.2/../../../../avr/lib/avr5\libc.a(memset.o)
                              src/LUFA/LUFA/Drivers/USB/Class/Device/HIDClassDevice.o (memset)
c:/program files (x86)/atmel/studio/7.0/toolchain/avr8/avr8-gnu-toolchain/bin/../lib/gcc/avr/4.9.2/../../../../avr/lib/avr5\libc.a(strcpy.o)
[...]
Memory Configuration

Name             Origin             Length             Attributes
text             0x00000000         0x00020000         xr
data             0x00800060         0x0000ffa0         rw !x
eeprom           0x00810000         0x00010000         rw !x
fuse             0x00820000         0x00000400         rw !x
lock             0x00830000         0x00000400         rw !x
signature        0x00840000         0x00000400         rw !x
user_signatures  0x00850000         0x00000400         rw !x
*default*        0x00000000         0xffffffff

Linker script and memory map

Address of section .data set to 0x800100
LOAD C:/Program Files (x86)/Atmel/Studio/7.0/Packs/atmel/ATmega_DFP/1.0.90/gcc/dev/atmega32u4/avr5/crtatmega32u4.o
LOAD Bluetooth.o
LOAD Calibrate.o
LOAD Config_Interrupts.o
LOAD Config_IO.o
LOAD Descriptors.o
LOAD KeyLogging.o
LOAD Lib/FatFS/diskio.o
LOAD Lib/FatFS/ff.o
LOAD Lib/SCSI.o
LOAD Lib/SDCardManager.o
LOAD uart.o
LOAD Keyboard.o
LOAD Send.o
LOAD Sense_Keys.o
LOAD src/LUFA/LUFA/Drivers/USB/Class/Common/HIDParser.o
LOAD src/LUFA/LUFA/Drivers/USB/Class/Device/AudioClassDevice.o
LOAD src/LUFA/LUFA/Drivers/USB/Class/Device/CDCClassDevice.o
LOAD src/LUFA/LUFA/Drivers/USB/Class/Device/HIDClassDevice.o
LOAD src/LUFA/LUFA/Drivers/USB/Class/Device/MassStorageClassDevice.o
LOAD src/LUFA/LUFA/Drivers/USB/Class/Device/MIDIClassDevice.o
LOAD src/LUFA/LUFA/Drivers/USB/Class/Device/PrinterClassDevice.o
LOAD src/LUFA/LUFA/Drivers/USB/Class/Device/RNDISClassDevice.o
LOAD src/LUFA/LUFA/Drivers/USB/Class/Host/AndroidAccessoryClassHost.o
LOAD src/LUFA/LUFA/Drivers/USB/Class/Host/AudioClassHost.o
LOAD src/LUFA/LUFA/Drivers/USB/Class/Host/CDCClassHost.o
LOAD src/LUFA/LUFA/Drivers/USB/Class/Host/HIDClassHost.o
LOAD src/LUFA/LUFA/Drivers/USB/Class/Host/MassStorageClassHost.o
LOAD src/LUFA/LUFA/Drivers/USB/Class/Host/MIDIClassHost.o
LOAD src/LUFA/LUFA/Drivers/USB/Class/Host/PrinterClassHost.o
LOAD src/LUFA/LUFA/Drivers/USB/Class/Host/RNDISClassHost.o
LOAD src/LUFA/LUFA/Drivers/USB/Class/Host/StillImageClassHost.o
LOAD src/LUFA/LUFA/Drivers/USB/Core/AVR8/Device_AVR8.o
LOAD src/LUFA/LUFA/Drivers/USB/Core/AVR8/EndpointStream_AVR8.o
LOAD src/LUFA/LUFA/Drivers/USB/Core/AVR8/Endpoint_AVR8.o
LOAD src/LUFA/LUFA/Drivers/USB/Core/AVR8/Host_AVR8.o
LOAD src/LUFA/LUFA/Drivers/USB/Core/AVR8/PipeStream_AVR8.o
LOAD src/LUFA/LUFA/Drivers/USB/Core/AVR8/Pipe_AVR8.o
LOAD src/LUFA/LUFA/Drivers/USB/Core/AVR8/Template/Template_Endpoint_Control_R.o
LOAD src/LUFA/LUFA/Drivers/USB/Core/AVR8/Template/Template_Endpoint_Control_W.o
LOAD src/LUFA/LUFA/Drivers/USB/Core/AVR8/Template/Template_Endpoint_RW.o
LOAD src/LUFA/LUFA/Drivers/USB/Core/AVR8/Template/Template_Pipe_RW.o
LOAD src/LUFA/LUFA/Drivers/USB/Core/AVR8/USBController_AVR8.o
LOAD src/LUFA/LUFA/Drivers/USB/Core/AVR8/USBInterrupt_AVR8.o
LOAD src/LUFA/LUFA/Drivers/USB/Core/ConfigDescriptors.o
LOAD src/LUFA/LUFA/Drivers/USB/Core/DeviceStandardReq.o
LOAD src/LUFA/LUFA/Drivers/USB/Core/Events.o
LOAD src/LUFA/LUFA/Drivers/USB/Core/HostStandardReq.o
LOAD src/LUFA/LUFA/Drivers/USB/Core/USBTask.o
START GROUP
LOAD c:/program files (x86)/atmel/studio/7.0/toolchain/avr8/avr8-gnu-toolchain/bin/../lib/gcc/avr/4.9.2/../../../../avr/lib/avr5\libm.a
END GROUP
START GROUP
LOAD c:/program files (x86)/atmel/studio/7.0/toolchain/avr8/avr8-gnu-toolchain/bin/../lib/gcc/avr/4.9.2/avr5\libgcc.a
LOAD c:/program files (x86)/atmel/studio/7.0/toolchain/avr8/avr8-gnu-toolchain/bin/../lib/gcc/avr/4.9.2/../../../../avr/lib/avr5\libm.a
LOAD c:/program files (x86)/atmel/studio/7.0/toolchain/avr8/avr8-gnu-toolchain/bin/../lib/gcc/avr/4.9.2/../../../../avr/lib/avr5\libc.a
LOAD C:/Program Files (x86)/Atmel/Studio/7.0/Packs/atmel/ATmega_DFP/1.0.90/gcc/dev/atmega32u4/avr5\libatmega32u4.a
END GROUP

.hash
 *(.hash)

.dynsym
 *(.dynsym)

.dynstr
 *(.dynstr)

.gnu.version
 *(.gnu.version)

.gnu.version_d
 *(.gnu.version_d)

.gnu.version_r
 *(.gnu.version_r)

.rel.init
 *(.rel.init)

.rela.init
 *(.rela.init)

.rel.text
 *(.rel.text)
 *(.rel.text.*)
 *(.rel.gnu.linkonce.t*)

.rela.text
 *(.rela.text)
 *(.rela.text.*)
 *(.rela.gnu.linkonce.t*)

.rel.fini
 *(.rel.fini)

.rela.fini
 *(.rela.fini)

.rel.rodata
 *(.rel.rodata)
 *(.rel.rodata.*)
 *(.rel.gnu.linkonce.r*)

.rela.rodata
 *(.rela.rodata)
 *(.rela.rodata.*)
 *(.rela.gnu.linkonce.r*)

.rel.data
 *(.rel.data)
 *(.rel.data.*)
 *(.rel.gnu.linkonce.d*)

.rela.data
 *(.rela.data)
 *(.rela.data.*)
 *(.rela.gnu.linkonce.d*)

.rel.ctors
 *(.rel.ctors)

.rela.ctors
 *(.rela.ctors)

.rel.dtors
 *(.rel.dtors)

.rela.dtors
 *(.rela.dtors)

.rel.got
 *(.rel.got)

.rela.got
 *(.rela.got)

.rel.bss
 *(.rel.bss)

.rela.bss
 *(.rela.bss)

.rel.plt
 *(.rel.plt)

.rela.plt
 *(.rela.plt)

.text           0x00000000     0x6ee8
 *(.vectors)
 .vectors       0x00000000       0xac C:/Program Files (x86)/Atmel/Studio/7.0/Packs/atmel/ATmega_DFP/1.0.90/gcc/dev/atmega32u4/avr5/crtatmega32u4.o
                0x00000000                __vector_default
                0x00000000                __vectors
 *(.vectors)
 *(.progmem.gcc*)
                0x000000ac                . = ALIGN (0x2)
                0x000000ac                __trampolines_start = .
 *(.trampolines)
 .trampolines   0x000000ac        0x0 linker stubs
 *(.trampolines*)
                0x000000ac                __trampolines_end = .
 *(.progmem*)
 .progmem.data.Str_Settings_Saved
                0x000000ac       0x11 Calibrate.o
                0x000000ac                Str_Settings_Saved
 .progmem.data.Str_Spacebar_Blocks_Enter
                0x000000bd       0x2a Calibrate.o
                0x000000bd                Str_Spacebar_Blocks_Enter
 .progmem.data.Str_Set_Reed_Time
                0x000000e7       0x20 Calibrate.o
                0x000000e7                Str_Set_Reed_Time
 .progmem.data.Str_Set_Double_Time
                0x00000107       0x2e Calibrate.o
                0x00000107                Str_Set_Double_Time
 .progmem.data.Str_Set_Release_Time
                0x00000135       0x1e Calibrate.o
                0x00000135                Str_Set_Release_Time
 .progmem.data.Str_Set_Reaction_Time
                0x00000153       0x30 Calibrate.o
                0x00000153                Str_Set_Reaction_Time
 .progmem.data.Str_Press_CMD
                0x00000183       0x1e Calibrate.o
                0x00000183                Str_Press_CMD
 .progmem.data.Str_Adj_Sensitivity
                0x000001a1       0x1c Calibrate.o
                0x000001a1                Str_Adj_Sensitivity
 .progmem.data.Str_No_Hall
                0x000001bd       0x31 Calibrate.o
                0x000001bd                Str_No_Hall
 .progmem.data.Str_Calibrate_Hall
                0x000001ee       0x36 Calibrate.o
                0x000001ee                Str_Calibrate_Hall
 .progmem.data.Str_Backspace
                0x00000224        0xa Calibrate.o
                0x00000224                Str_Backspace
 .progmem.data.Str_Post
                0x0000022e        0x5 Calibrate.o
                0x0000022e                Str_Post
 .progmem.data.Str_Second_Enter
                0x00000233       0x10 Calibrate.o
                0x00000233                Str_Second_Enter
 .progmem.data.Str_Enter
                0x00000243        0x6 Calibrate.o
                0x00000243                Str_Enter
 .progmem.data.Str_Spacebar
                0x00000249        0x9 Calibrate.o
                0x00000249                Str_Spacebar
 .progmem.data.Str_Quick_Calibrate
                0x00000252       0x1b Calibrate.o
                0x00000252                Str_Quick_Calibrate
 .progmem.data.Str_No_Dummy_Load
                0x0000026d       0x18 Calibrate.o
                0x0000026d                Str_No_Dummy_Load
 .progmem.data.Str_Dummy_Load
                0x00000285       0x16 Calibrate.o
                0x00000285                Str_Dummy_Load
 .progmem.data.Str_Shift_Error
                0x0000029b       0x26 Calibrate.o
                0x0000029b                Str_Shift_Error
 .progmem.data.Str_Type_The_Following
                0x000002c1       0x32 Calibrate.o
                0x000002c1                Str_Type_The_Following
 .progmem.data.Str_Calibrating
                0x000002f3       0x10 Calibrate.o
                0x000002f3                Str_Calibrating
 .progmem.data.Str_SD_Mode
                0x00000303       0x16 Calibrate.o
                0x00000303                Str_SD_Mode
 .progmem.data.Str_Combo_Mode
                0x00000319       0x1f Calibrate.o
                0x00000319                Str_Combo_Mode
 .progmem.data.Str_Light_Mode
                0x00000338       0x26 Calibrate.o
                0x00000338                Str_Light_Mode
 .progmem.data.Str_BT_Mode
                0x0000035e       0x19 Calibrate.o
                0x0000035e                Str_BT_Mode
 .progmem.data.Str_Typewriter_Mode
                0x00000377       0x12 Calibrate.o
                0x00000377                Str_Typewriter_Mode
 .progmem.data.Str_Firmware_Ver
                0x00000389       0x15 Calibrate.o
                0x00000389                Str_Firmware_Ver
 .progmem.data.Str_USB_Typewriter
                0x0000039e       0x15 Calibrate.o
                0x0000039e                Str_USB_Typewriter
 .progmem.data.ProductString
                0x000003b3       0x32 Descriptors.o
                0x000003b3                ProductString
 .progmem.data.ManufacturerString
                0x000003e5       0x28 Descriptors.o
                0x000003e5                ManufacturerString
 .progmem.data.LanguageString
                0x0000040d        0x4 Descriptors.o
                0x0000040d                LanguageString
 .progmem.data.ConfigurationDescriptor
                0x00000411       0x39 Descriptors.o
                0x00000411                ConfigurationDescriptor
 .progmem.data.DeviceDescriptor
                0x0000044a       0x12 Descriptors.o
                0x0000044a                DeviceDescriptor
 .progmem.data.KeyboardReport
                0x0000045c       0x3f Descriptors.o
                0x0000045c                KeyboardReport
                0x0000049c                . = ALIGN (0x2)
 *fill*         0x0000049b        0x1 
 *(.jumptables)
 *(.jumptables*)
 *(.lowtext)
 *(.lowtext*)
                0x0000049c                __ctors_start = .
 *(.ctors)
                0x0000049c                __ctors_end = .
                0x0000049c                __dtors_start = .
 *(.dtors)
                0x0000049c                __dtors_end = .
 SORT(*)(.ctors)
 SORT(*)(.dtors)
 *(.init0)
 .init0         0x0000049c        0x0 C:/Program Files (x86)/Atmel/Studio/7.0/Packs/atmel/ATmega_DFP/1.0.90/gcc/dev/atmega32u4/avr5/crtatmega32u4.o
                0x0000049c                __init
 *(.init0)
 *(.init1)
 *(.init1)
 *(.init2)
 .init2         0x0000049c        0xc C:/Program Files (x86)/Atmel/Studio/7.0/Packs/atmel/ATmega_DFP/1.0.90/gcc/dev/atmega32u4/avr5/crtatmega32u4.o
 *(.init2)
 *(.init3)
 *(.init3)
 *(.init4)
 .init4         0x000004a8       0x16 c:/program files (x86)/atmel/studio/7.0/toolchain/avr8/avr8-gnu-toolchain/bin/../lib/gcc/avr/4.9.2/avr5\libgcc.a(_copy_data.o)
                0x000004a8                __do_copy_data
 .init4         0x000004be       0x10 c:/program files (x86)/atmel/studio/7.0/toolchain/avr8/avr8-gnu-toolchain/bin/../lib/gcc/avr/4.9.2/avr5\libgcc.a(_clear_bss.o)
                0x000004be                __do_clear_bss
 *(.init4)
 *(.init5)
 *(.init5)
 *(.init6)
 *(.init6)
 *(.init7)
 *(.init7)
 *(.init8)
 *(.init8)
 *(.init9)
 .init9         0x000004ce        0x8 C:/Program Files (x86)/Atmel/Studio/7.0/Packs/atmel/ATmega_DFP/1.0.90/gcc/dev/atmega32u4/avr5/crtatmega32u4.o
 *(.init9)
 *(.text)
 .text          0x000004d6        0x2 C:/Program Files (x86)/Atmel/Studio/7.0/Packs/atmel/ATmega_DFP/1.0.90/gcc/dev/atmega32u4/avr5/crtatmega32u4.o
                0x000004d6                __vector_38
                0x000004d6                __vector_22
                0x000004d6                __vector_28
                0x000004d6                __vector_1
                0x000004d6                __vector_32
                0x000004d6                __vector_34
                0x000004d6                __vector_24
                0x000004d6                __vector_12
                0x000004d6                __bad_interrupt
                0x000004d6                __vector_6
                0x000004d6                __vector_31
                0x000004d6                __vector_35
                0x000004d6                __vector_39
                0x000004d6                __vector_3
                0x000004d6                __vector_23
                0x000004d6                __vector_30
                0x000004d6                __vector_11
                0x000004d6                __vector_13
                0x000004d6                __vector_19
                0x000004d6                __vector_7
                0x000004d6                __vector_27
                0x000004d6                __vector_5
                0x000004d6                __vector_33
                0x000004d6                __vector_37
                0x000004d6                __vector_4
                0x000004d6                __vector_9
                0x000004d6                __vector_2
                0x000004d6                __vector_21
                0x000004d6                __vector_15
                0x000004d6                __vector_36
                0x000004d6                __vector_29
                0x000004d6                __vector_40
                0x000004d6                __vector_8
                0x000004d6                __vector_14
                0x000004d6                __vector_16
                0x000004d6                __vector_18
                0x000004d6                __vector_20
                0x000004d6                __vector_42
                0x000004d8                . = ALIGN (0x2)
 *(.text.*)
 .text.Bluetooth_Reset
                0x000004d8       0x38 Bluetooth.o
                0x000004d8                Bluetooth_Reset
 .text.Get_Response
                0x00000510       0x76 Bluetooth.o
                0x00000510                Get_Response
 .text.Bluetooth_Send_CMD
                0x00000586       0x50 Bluetooth.o
                0x00000586                Bluetooth_Send_CMD
 .text.Bluetooth_Send
                0x000005d6       0xc4 Bluetooth.o
                0x000005d6                Bluetooth_Send
 .text.Bluetooth_Init
                0x0000069a       0x3a Bluetooth.o
                0x0000069a                Bluetooth_Init
 .text.Bluetooth_Configure
                0x000006d4       0x5e Bluetooth.o
                0x000006d4                Bluetooth_Configure
 .text.BluetoothInquire
                0x00000732        0x8 Bluetooth.o
                0x00000732                BluetoothInquire
 .text.Get_Bluetooth_State
                0x0000073a        0x6 Bluetooth.o
                0x0000073a                Get_Bluetooth_State
 .text.Bluetooth_Connect
                0x00000740       0x86 Bluetooth.o
                0x00000740                Bluetooth_Connect
 .text.SaveCalibration
                0x000007c6       0x94 Calibrate.o
                0x000007c6                SaveCalibration
 .text.DetectHallSensor
                0x0000085a       0xba Calibrate.o
                0x0000085a                DetectHallSensor
 .text.WaitForKeypress
                0x00000914       0x1e Calibrate.o
                0x00000914                WaitForKeypress
 .text.TeachHIDKey
                0x00000932       0x58 Calibrate.o
                0x00000932                TeachHIDKey
 .text.CalibrateReeds
                0x0000098a      0x1ba Calibrate.o
                0x0000098a                CalibrateReeds
 .text.QuickCalibrate
                0x00000b44       0xa6 Calibrate.o
                0x00000b44                QuickCalibrate
 .text.TeachASCIIKey
                0x00000bea       0x1a Calibrate.o
                0x00000bea                TeachASCIIKey
 .text.Calibrate
                0x00000c04      0x4a6 Calibrate.o
                0x00000c04                Calibrate
 .text.Adjust_Sensitivity
                0x000010aa      0x200 Calibrate.o
                0x000010aa                Adjust_Sensitivity
 .text.Config_Interrupts
                0x000012aa       0x28 Config_Interrupts.o
                0x000012aa                Config_Interrupts
 .text.Config_IO
                0x000012d2       0x60 Config_IO.o
                0x000012d2                Config_IO
 .text.GlowGreenLED
                0x00001332       0x8a Config_IO.o
                0x00001332                GlowGreenLED
 .text.__vector_41
                0x000013bc       0x5e Config_IO.o
                0x000013bc                __vector_41
 .text.CALLBACK_USB_GetDescriptor
                0x0000141a       0x86 Descriptors.o
                0x0000141a                CALLBACK_USB_GetDescriptor
 .text.OpenLogFile
                0x000014a0       0x4e KeyLogging.o
                0x000014a0                OpenLogFile
 .text.CloseLogFile
                0x000014ee       0x10 KeyLogging.o
                0x000014ee                CloseLogFile
 .text.MountFilesystem
                0x000014fe       0x1a KeyLogging.o
                0x000014fe                MountFilesystem
 .text.get_num_of_sectors
                0x00001518       0x60 KeyLogging.o
                0x00001518                get_num_of_sectors
 .text.WriteToLogFile
                0x00001578       0x70 KeyLogging.o
                0x00001578                WriteToLogFile
 .text.TestSDHardware
                0x000015e8       0x40 KeyLogging.o
                0x000015e8                TestSDHardware
 .text.AddToSDBuffer
                0x00001628       0xa0 KeyLogging.o
                0x00001628                AddToSDBuffer
 .text.LogKeystrokes
                0x000016c8      0x192 KeyLogging.o
                0x000016c8                LogKeystrokes
 .text.dly_us   0x0000185a        0xa Lib/FatFS/diskio.o
 .text.xmit_mmc
                0x00001864       0x80 Lib/FatFS/diskio.o
 .text.rcvr_mmc
                0x000018e4       0x64 Lib/FatFS/diskio.o
 .text.wait_ready
                0x00001948       0x46 Lib/FatFS/diskio.o
 .text.deselect
                0x0000198e       0x1e Lib/FatFS/diskio.o
 .text.select   0x000019ac       0x3a Lib/FatFS/diskio.o
 .text.rcvr_datablock
                0x000019e6       0x72 Lib/FatFS/diskio.o
 .text.send_cmd
                0x00001a58       0xba Lib/FatFS/diskio.o
 .text.xmit_datablock
                0x00001b12       0x6e Lib/FatFS/diskio.o
 .text.disk_status
                0x00001b80        0xe Lib/FatFS/diskio.o
                0x00001b80                disk_status
 .text.disk_initialize
                0x00001b8e      0x13c Lib/FatFS/diskio.o
                0x00001b8e                disk_initialize
 .text.disk_read
                0x00001cca       0x88 Lib/FatFS/diskio.o
                0x00001cca                disk_read
 .text.disk_write
                0x00001d52       0xc0 Lib/FatFS/diskio.o
                0x00001d52                disk_write
 .text.disk_ioctl
                0x00001e12      0x138 Lib/FatFS/diskio.o
                0x00001e12                disk_ioctl
 .text.mem_cpy  0x00001f4a       0x46 Lib/FatFS/ff.o
 .text.get_fileinfo
                0x00001f90       0x90 Lib/FatFS/ff.o
 .text.get_ldnumber
                0x00002020       0x3e Lib/FatFS/ff.o
 .text.validate
                0x0000205e       0x3c Lib/FatFS/ff.o
 .text.sync_window
                0x0000209a       0xcc Lib/FatFS/ff.o
 .text.move_window
                0x00002166       0x78 Lib/FatFS/ff.o
 .text.check_fs
                0x000021de       0x78 Lib/FatFS/ff.o
 .text.find_volume
                0x00002256      0x4ca Lib/FatFS/ff.o
 .text.sync_fs  0x00002720       0xce Lib/FatFS/ff.o
 .text.clust2sect
                0x000027ee       0x52 Lib/FatFS/ff.o
                0x000027ee                clust2sect
 .text.get_fat  0x00002840      0x188 Lib/FatFS/ff.o
                0x00002840                get_fat
 .text.dir_sdi  0x000029c8      0x14a Lib/FatFS/ff.o
 .text.put_fat  0x00002b12      0x1e4 Lib/FatFS/ff.o
                0x00002b12                put_fat
 .text.create_chain
                0x00002cf6      0x1ba Lib/FatFS/ff.o
 .text.dir_next
                0x00002eb0      0x202 Lib/FatFS/ff.o
 .text.follow_path
                0x000030b2      0x236 Lib/FatFS/ff.o
 .text.dir_register
                0x000032e8       0x96 Lib/FatFS/ff.o
 .text.remove_chain
                0x0000337e       0xe4 Lib/FatFS/ff.o
 .text.f_mount  0x00003462       0x90 Lib/FatFS/ff.o
                0x00003462                f_mount
 .text.f_open   0x000034f2      0x254 Lib/FatFS/ff.o
                0x000034f2                f_open
 .text.f_write  0x00003746      0x324 Lib/FatFS/ff.o
                0x00003746                f_write
 .text.f_sync   0x00003a6a       0x86 Lib/FatFS/ff.o
                0x00003a6a                f_sync
 .text.f_close  0x00003af0       0x20 Lib/FatFS/ff.o
                0x00003af0                f_close
 .text.f_lseek  0x00003b10      0x33e Lib/FatFS/ff.o
                0x00003b10                f_lseek
 .text.f_stat   0x00003e4e       0x84 Lib/FatFS/ff.o
                0x00003e4e                f_stat
 .text.SCSI_Command_ReadWrite_10
                0x00003ed2       0xa2 Lib/SCSI.o
 .text.SCSI_DecodeSCSICommand
                0x00003f74      0x2a4 Lib/SCSI.o
                0x00003f74                SCSI_DecodeSCSICommand
 .text.SDCardManager_Init
                0x00004218       0x18 Lib/SDCardManager.o
                0x00004218                SDCardManager_Init
 .text.SDCardManager_WriteBlockHandler
                0x00004230       0xa0 Lib/SDCardManager.o
                0x00004230                SDCardManager_WriteBlockHandler
 .text.SDCardManager_WriteBlocks
                0x000042d0       0xa8 Lib/SDCardManager.o
                0x000042d0                SDCardManager_WriteBlocks
 .text.SDCardManager_ReadBlockHandler
                0x00004378       0xa4 Lib/SDCardManager.o
                0x00004378                SDCardManager_ReadBlockHandler
 .text.SDCardManager_ReadBlocks
                0x0000441c       0xb2 Lib/SDCardManager.o
                0x0000441c                SDCardManager_ReadBlocks
 .text.SDCardManager_CheckSDCardOperation
                0x000044ce        0x6 Lib/SDCardManager.o
                0x000044ce                SDCardManager_CheckSDCardOperation
 .text.__vector_25
                0x000044d4       0x5c uart.o
                0x000044d4                __vector_25
 .text.__vector_26
                0x00004530       0x54 uart.o
                0x00004530                __vector_26
 .text.uart_init
                0x00004584       0x32 uart.o
                0x00004584                uart_init
 .text.uart_getc
                0x000045b6       0x32 uart.o
                0x000045b6                uart_getc
 .text.uart_clear_rx_buffer
                0x000045e8        0xa uart.o
                0x000045e8                uart_clear_rx_buffer
 .text.uart_putc
                0x000045f2       0x2a uart.o
                0x000045f2                uart_putc
 .text.__vector_17
                0x0000461c       0x94 Keyboard.o
                0x0000461c                __vector_17
 .text.Task_Manager
                0x000046b0       0x3c Keyboard.o
                0x000046b0                Task_Manager
 .text.SetupHardware
                0x000046ec       0xb2 Keyboard.o
                0x000046ec                SetupHardware
 .text.EVENT_USB_Device_Connect
                0x0000479e        0x2 Keyboard.o
                0x0000479e                EVENT_USB_Device_Connect
 .text.EVENT_USB_Device_Disconnect
                0x000047a0        0xe Keyboard.o
                0x000047a0                EVENT_USB_Device_Disconnect
 .text.EVENT_USB_Device_Suspend
                0x000047ae        0x2 Keyboard.o
                0x000047ae                EVENT_USB_Device_Suspend
 .text.EVENT_USB_Device_WakeUp
                0x000047b0        0x2 Keyboard.o
                0x000047b0                EVENT_USB_Device_WakeUp
 .text.EVENT_USB_Device_ConfigurationChanged
                0x000047b2       0x1a Keyboard.o
                0x000047b2                EVENT_USB_Device_ConfigurationChanged
 .text.EVENT_USB_Device_ControlRequest
                0x000047cc        0xe Keyboard.o
                0x000047cc                EVENT_USB_Device_ControlRequest
 .text.EVENT_USB_Device_StartOfFrame
                0x000047da       0x18 Keyboard.o
                0x000047da                EVENT_USB_Device_StartOfFrame
 .text.CALLBACK_MS_Device_SCSICommandReceived
                0x000047f2        0x2 Keyboard.o
                0x000047f2                CALLBACK_MS_Device_SCSICommandReceived
 .text.CALLBACK_HID_Device_CreateHIDReport
                0x000047f4       0x42 Keyboard.o
                0x000047f4                CALLBACK_HID_Device_CreateHIDReport
 .text.CALLBACK_HID_Device_ProcessHIDReport
                0x00004836       0x36 Keyboard.o
                0x00004836                CALLBACK_HID_Device_ProcessHIDReport
 .text.Init_Mode
                0x0000486c       0xf2 Keyboard.o
                0x0000486c                Init_Mode
 .text.startup.main
                0x0000495e      0x1f0 Keyboard.o
                0x0000495e                main
 .text.USBSend  0x00004b4e       0x96 Send.o
                0x00004b4e                USBSend
 .text.USBSendString
                0x00004be4       0xe2 Send.o
                0x00004be4                USBSendString
 .text.USBSendPROGString
                0x00004cc6       0x10 Send.o
                0x00004cc6                USBSendPROGString
 .text.USBSendNumber
                0x00004cd6       0x8c Send.o
                0x00004cd6                USBSendNumber
 .text.GetModifier
                0x00004d62       0x60 Sense_Keys.o
                0x00004d62                GetModifier
 .text.ReadSensor
                0x00004dc2      0x164 Sense_Keys.o
                0x00004dc2                ReadSensor
 .text.GetKeySimple
                0x00004f26       0x50 Sense_Keys.o
                0x00004f26                GetKeySimple
 .text.GetKey   0x00004f76      0x27c Sense_Keys.o
                0x00004f76                GetKey
 .text.GetHIDKeyCode
                0x000051f2       0x2e Sense_Keys.o
                0x000051f2                GetHIDKeyCode
 .text.GetASCIIKeyCode
                0x00005220       0x26 Sense_Keys.o
                0x00005220                GetASCIIKeyCode
 .text.getHallState
                0x00005246       0x12 Sense_Keys.o
                0x00005246                getHallState
 .text.LoadKeyCodeTables
                0x00005258       0x50 Sense_Keys.o
                0x00005258                LoadKeyCodeTables
 .text.LoadEepromParameters
                0x000052a8       0x6e Sense_Keys.o
                0x000052a8                LoadEepromParameters
 .text.ClearKeyCodeTables
                0x00005316       0x4c Sense_Keys.o
                0x00005316                ClearKeyCodeTables
 .text.RestoreFactoryDefaults
                0x00005362       0x5e Sense_Keys.o
                0x00005362                RestoreFactoryDefaults
 .text.InitializeEeprom
                0x000053c0       0x52 Sense_Keys.o
                0x000053c0                InitializeEeprom
 .text.HID_Device_ProcessControlRequest
                0x00005412      0x274 src/LUFA/LUFA/Drivers/USB/Class/Device/HIDClassDevice.o
                0x00005412                HID_Device_ProcessControlRequest
 .text.HID_Device_ConfigureEndpoints
                0x00005686       0x26 src/LUFA/LUFA/Drivers/USB/Class/Device/HIDClassDevice.o
                0x00005686                HID_Device_ConfigureEndpoints
 .text.HID_Device_USBTask
                0x000056ac      0x18a src/LUFA/LUFA/Drivers/USB/Class/Device/HIDClassDevice.o
                0x000056ac                HID_Device_USBTask
 .text.MS_Device_ProcessControlRequest
                0x00005836       0x82 src/LUFA/LUFA/Drivers/USB/Class/Device/MassStorageClassDevice.o
                0x00005836                MS_Device_ProcessControlRequest
 .text.MS_Device_ConfigureEndpoints
                0x000058b8       0x3a src/LUFA/LUFA/Drivers/USB/Class/Device/MassStorageClassDevice.o
                0x000058b8                MS_Device_ConfigureEndpoints
 .text.MS_Device_USBTask
                0x000058f2      0x234 src/LUFA/LUFA/Drivers/USB/Class/Device/MassStorageClassDevice.o
                0x000058f2                MS_Device_USBTask
 .text.Endpoint_Null_Stream
                0x00005b26       0x7c src/LUFA/LUFA/Drivers/USB/Core/AVR8/EndpointStream_AVR8.o
                0x00005b26                Endpoint_Null_Stream
 .text.Endpoint_Write_Stream_LE
                0x00005ba2       0x94 src/LUFA/LUFA/Drivers/USB/Core/AVR8/EndpointStream_AVR8.o
                0x00005ba2                Endpoint_Write_Stream_LE
 .text.Endpoint_Write_Stream_BE
                0x00005c36       0xa0 src/LUFA/LUFA/Drivers/USB/Core/AVR8/EndpointStream_AVR8.o
                0x00005c36                Endpoint_Write_Stream_BE
 .text.Endpoint_Read_Stream_LE
                0x00005cd6       0x94 src/LUFA/LUFA/Drivers/USB/Core/AVR8/EndpointStream_AVR8.o
                0x00005cd6                Endpoint_Read_Stream_LE
 .text.Endpoint_Write_Control_Stream_LE
                0x00005d6a       0xc6 src/LUFA/LUFA/Drivers/USB/Core/AVR8/EndpointStream_AVR8.o
                0x00005d6a                Endpoint_Write_Control_Stream_LE
 .text.Endpoint_Read_Control_Stream_LE
                0x00005e30       0x80 src/LUFA/LUFA/Drivers/USB/Core/AVR8/EndpointStream_AVR8.o
                0x00005e30                Endpoint_Read_Control_Stream_LE
 .text.Endpoint_Write_Control_PStream_LE
                0x00005eb0       0xc2 src/LUFA/LUFA/Drivers/USB/Core/AVR8/EndpointStream_AVR8.o
                0x00005eb0                Endpoint_Write_Control_PStream_LE
 .text.Endpoint_ConfigureEndpoint_Prv
                0x00005f72       0x6a src/LUFA/LUFA/Drivers/USB/Core/AVR8/Endpoint_AVR8.o
                0x00005f72                Endpoint_ConfigureEndpoint_Prv
 .text.Endpoint_ConfigureEndpointTable
                0x00005fdc       0x90 src/LUFA/LUFA/Drivers/USB/Core/AVR8/Endpoint_AVR8.o
                0x00005fdc                Endpoint_ConfigureEndpointTable
 .text.Endpoint_ClearStatusStage
                0x0000606c       0x3e src/LUFA/LUFA/Drivers/USB/Core/AVR8/Endpoint_AVR8.o
                0x0000606c                Endpoint_ClearStatusStage
 .text.Endpoint_WaitUntilReady
                0x000060aa       0x64 src/LUFA/LUFA/Drivers/USB/Core/AVR8/Endpoint_AVR8.o
                0x000060aa                Endpoint_WaitUntilReady
 .text.USB_Disable
                0x0000610e       0x30 src/LUFA/LUFA/Drivers/USB/Core/AVR8/USBController_AVR8.o
                0x0000610e                USB_Disable
 .text.USB_ResetInterface
                0x0000613e       0x80 src/LUFA/LUFA/Drivers/USB/Core/AVR8/USBController_AVR8.o
                0x0000613e                USB_ResetInterface
 .text.USB_Init
                0x000061be       0x20 src/LUFA/LUFA/Drivers/USB/Core/AVR8/USBController_AVR8.o
                0x000061be                USB_Init
 .text.USB_INT_DisableAllInterrupts
                0x000061de       0x10 src/LUFA/LUFA/Drivers/USB/Core/AVR8/USBInterrupt_AVR8.o
                0x000061de                USB_INT_DisableAllInterrupts
 .text.USB_INT_ClearAllInterrupts
                0x000061ee        0xa src/LUFA/LUFA/Drivers/USB/Core/AVR8/USBInterrupt_AVR8.o
                0x000061ee                USB_INT_ClearAllInterrupts
 .text.__vector_10
                0x000061f8      0x190 src/LUFA/LUFA/Drivers/USB/Core/AVR8/USBInterrupt_AVR8.o
                0x000061f8                __vector_10
 .text.USB_Device_ProcessControlRequest
                0x00006388      0x2aa src/LUFA/LUFA/Drivers/USB/Core/DeviceStandardReq.o
                0x00006388                USB_Device_ProcessControlRequest
 .text.USB_Event_Stub
                0x00006632        0x2 src/LUFA/LUFA/Drivers/USB/Core/Events.o
                0x00006632                EVENT_USB_Device_Reset
                0x00006632                USB_Event_Stub
 .text.USB_USBTask
                0x00006634       0x34 src/LUFA/LUFA/Drivers/USB/Core/USBTask.o
                0x00006634                USB_USBTask
 .text.libgcc.div
                0x00006668       0x18 c:/program files (x86)/atmel/studio/7.0/toolchain/avr8/avr8-gnu-toolchain/bin/../lib/gcc/avr/4.9.2/avr5\libgcc.a(_udivmodqi4.o)
                0x00006668                __udivmodqi4
 .text.libgcc.div
                0x00006680       0x26 c:/program files (x86)/atmel/studio/7.0/toolchain/avr8/avr8-gnu-toolchain/bin/../lib/gcc/avr/4.9.2/avr5\libgcc.a(_divmodhi4.o)
                0x00006680                _div
                0x00006680                __divmodhi4
 .text.libgcc.div
                0x000066a6       0x44 c:/program files (x86)/atmel/studio/7.0/toolchain/avr8/avr8-gnu-toolchain/bin/../lib/gcc/avr/4.9.2/avr5\libgcc.a(_udivmodsi4.o)
                0x000066a6                __udivmodsi4
 .text.libgcc.mul
                0x000066ea       0x14 c:/program files (x86)/atmel/studio/7.0/toolchain/avr8/avr8-gnu-toolchain/bin/../lib/gcc/avr/4.9.2/avr5\libgcc.a(_muluhisi3.o)
                0x000066ea                __muluhisi3
 .text.libgcc.builtins
                0x000066fe       0x10 c:/program files (x86)/atmel/studio/7.0/toolchain/avr8/avr8-gnu-toolchain/bin/../lib/gcc/avr/4.9.2/avr5\libgcc.a(_clzdi2.o)
                0x000066fe                __clzdi2
 .text.libgcc.builtins
                0x0000670e       0x32 c:/program files (x86)/atmel/studio/7.0/toolchain/avr8/avr8-gnu-toolchain/bin/../lib/gcc/avr/4.9.2/avr5\libgcc.a(_ashldi3.o)
                0x0000670e                __ashldi3
 .text.libgcc.builtins
                0x00006740       0x3c c:/program files (x86)/atmel/studio/7.0/toolchain/avr8/avr8-gnu-toolchain/bin/../lib/gcc/avr/4.9.2/avr5\libgcc.a(_ashrdi3.o)
                0x00006740                __ashrdi3
                0x00006744                __lshrdi3
 .text.libgcc   0x0000677c       0x18 c:/program files (x86)/atmel/studio/7.0/toolchain/avr8/avr8-gnu-toolchain/bin/../lib/gcc/avr/4.9.2/avr5\libgcc.a(_cmpdi2_s8.o)
                0x0000677c                __cmpdi2_s8
 .text.libgcc.div
                0x00006794       0x28 c:/program files (x86)/atmel/studio/7.0/toolchain/avr8/avr8-gnu-toolchain/bin/../lib/gcc/avr/4.9.2/avr5\libgcc.a(_udivmodhi4.o)
                0x00006794                __udivmodhi4
 .text.libgcc.builtins
                0x000067bc        0xe c:/program files (x86)/atmel/studio/7.0/toolchain/avr8/avr8-gnu-toolchain/bin/../lib/gcc/avr/4.9.2/avr5\libgcc.a(_clzsi2.o)
                0x000067bc                __clzsi2
 .text.libgcc.builtins
                0x000067ca       0x24 c:/program files (x86)/atmel/studio/7.0/toolchain/avr8/avr8-gnu-toolchain/bin/../lib/gcc/avr/4.9.2/avr5\libgcc.a(_clzhi2.o)
                0x000067ca                __clzhi2
 .text.libgcc.mul
                0x000067ee       0x1e c:/program files (x86)/atmel/studio/7.0/toolchain/avr8/avr8-gnu-toolchain/bin/../lib/gcc/avr/4.9.2/avr5\libgcc.a(_umulhisi3.o)
                0x000067ee                __umulhisi3
 .text.avr-libc
                0x0000680c       0x10 c:/program files (x86)/atmel/studio/7.0/toolchain/avr8/avr8-gnu-toolchain/bin/../lib/gcc/avr/4.9.2/../../../../avr/lib/avr5\libc.a(toupper.o)
                0x0000680c                toupper
 .text.avr-libc
                0x0000681c        0xe c:/program files (x86)/atmel/studio/7.0/toolchain/avr8/avr8-gnu-toolchain/bin/../lib/gcc/avr/4.9.2/../../../../avr/lib/avr5\libc.a(strcpy_P.o)
                0x0000681c                strcpy_P
 .text.avr-libc
                0x0000682a        0x6 c:/program files (x86)/atmel/studio/7.0/toolchain/avr8/avr8-gnu-toolchain/bin/../lib/gcc/avr/4.9.2/../../../../avr/lib/avr5\libc.a(strtok.o)
                0x0000682a                strtok
 .text.avr-libc
                0x00006830       0x1a c:/program files (x86)/atmel/studio/7.0/toolchain/avr8/avr8-gnu-toolchain/bin/../lib/gcc/avr/4.9.2/../../../../avr/lib/avr5\libc.a(memcmp.o)
                0x00006830                memcmp
 .text.avr-libc
                0x0000684a       0x12 c:/program files (x86)/atmel/studio/7.0/toolchain/avr8/avr8-gnu-toolchain/bin/../lib/gcc/avr/4.9.2/../../../../avr/lib/avr5\libc.a(memcpy.o)
                0x0000684a                memcpy
 .text.avr-libc
                0x0000685c        0xe c:/program files (x86)/atmel/studio/7.0/toolchain/avr8/avr8-gnu-toolchain/bin/../lib/gcc/avr/4.9.2/../../../../avr/lib/avr5\libc.a(memset.o)
                0x0000685c                memset
 .text.avr-libc
                0x0000686a        0xe c:/program files (x86)/atmel/studio/7.0/toolchain/avr8/avr8-gnu-toolchain/bin/../lib/gcc/avr/4.9.2/../../../../avr/lib/avr5\libc.a(strcpy.o)
                0x0000686a                strcpy
 .text.avr-libc
                0x00006878       0x4e c:/program files (x86)/atmel/studio/7.0/toolchain/avr8/avr8-gnu-toolchain/bin/../lib/gcc/avr/4.9.2/../../../../avr/lib/avr5\libc.a(strtok_r.o)
                0x00006878                strtok_r
 .text.avr-libc
                0x000068c6       0x40 c:/program files (x86)/atmel/studio/7.0/toolchain/avr8/avr8-gnu-toolchain/bin/../lib/gcc/avr/4.9.2/../../../../avr/lib/avr5\libc.a(sprintf.o)
                0x000068c6                sprintf
 .text.avr-libc
                0x00006906      0x386 c:/program files (x86)/atmel/studio/7.0/toolchain/avr8/avr8-gnu-toolchain/bin/../lib/gcc/avr/4.9.2/../../../../avr/lib/avr5\libc.a(vfprintf_std.o)
                0x00006906                vfprintf
 .text.avr-libc
                0x00006c8c       0x16 c:/program files (x86)/atmel/studio/7.0/toolchain/avr8/avr8-gnu-toolchain/bin/../lib/gcc/avr/4.9.2/../../../../avr/lib/avr5\libc.a(strnlen_P.o)
                0x00006c8c                strnlen_P
 .text.avr-libc
                0x00006ca2       0x16 c:/program files (x86)/atmel/studio/7.0/toolchain/avr8/avr8-gnu-toolchain/bin/../lib/gcc/avr/4.9.2/../../../../avr/lib/avr5\libc.a(strnlen.o)
                0x00006ca2                strnlen
 .text.avr-libc
                0x00006cb8       0x70 c:/program files (x86)/atmel/studio/7.0/toolchain/avr8/avr8-gnu-toolchain/bin/../lib/gcc/avr/4.9.2/../../../../avr/lib/avr5\libc.a(fputc.o)
                0x00006cb8                fputc
 .text.avr-libc
                0x00006d28       0xbc c:/program files (x86)/atmel/studio/7.0/toolchain/avr8/avr8-gnu-toolchain/bin/../lib/gcc/avr/4.9.2/../../../../avr/lib/avr5\libc.a(ultoa_invert.o)
                0x00006d28                __ultoa_invert
 .text.avr-libc
                0x00006de4       0x20 C:/Program Files (x86)/Atmel/Studio/7.0/Packs/atmel/ATmega_DFP/1.0.90/gcc/dev/atmega32u4/avr5\libatmega32u4.a(eerd_block.o)
                0x00006de4                eeprom_read_block
                0x00006de8                eeprom_read_blraw
 .text.avr-libc
                0x00006e04       0x10 C:/Program Files (x86)/Atmel/Studio/7.0/Packs/atmel/ATmega_DFP/1.0.90/gcc/dev/atmega32u4/avr5\libatmega32u4.a(eerd_byte.o)
                0x00006e04                eeprom_read_byte
 .text.avr-libc
                0x00006e14        0xa C:/Program Files (x86)/Atmel/Studio/7.0/Packs/atmel/ATmega_DFP/1.0.90/gcc/dev/atmega32u4/avr5\libatmega32u4.a(eerd_word.o)
                0x00006e14                eeprom_read_word
 .text.avr-libc
                0x00006e1e       0x24 C:/Program Files (x86)/Atmel/Studio/7.0/Packs/atmel/ATmega_DFP/1.0.90/gcc/dev/atmega32u4/avr5\libatmega32u4.a(eeupd_byte.o)
                0x00006e1e                eeprom_update_byte
                0x00006e20                eeprom_update_r18
 .text.avr-libc
                0x00006e42       0x12 C:/Program Files (x86)/Atmel/Studio/7.0/Packs/atmel/ATmega_DFP/1.0.90/gcc/dev/atmega32u4/avr5\libatmega32u4.a(eewr_block.o)
                0x00006e42                eeprom_write_block
 .text.avr-libc
                0x00006e54       0x1c C:/Program Files (x86)/Atmel/Studio/7.0/Packs/atmel/ATmega_DFP/1.0.90/gcc/dev/atmega32u4/avr5\libatmega32u4.a(eewr_byte.o)
                0x00006e54                eeprom_write_byte
                0x00006e56                eeprom_write_r18
 .text.avr-libc
                0x00006e70        0x6 C:/Program Files (x86)/Atmel/Studio/7.0/Packs/atmel/ATmega_DFP/1.0.90/gcc/dev/atmega32u4/avr5\libatmega32u4.a(eewr_word.o)
                0x00006e70                eeprom_write_word
 .text.libgcc.prologue
                0x00006e76       0x38 c:/program files (x86)/atmel/studio/7.0/toolchain/avr8/avr8-gnu-toolchain/bin/../lib/gcc/avr/4.9.2/avr5\libgcc.a(_prologue.o)
                0x00006e76                __prologue_saves__
 .text.libgcc.prologue
                0x00006eae       0x36 c:/program files (x86)/atmel/studio/7.0/toolchain/avr8/avr8-gnu-toolchain/bin/../lib/gcc/avr/4.9.2/avr5\libgcc.a(_epilogue.o)
                0x00006eae                __epilogue_restores__
                0x00006ee4                . = ALIGN (0x2)
 *(.fini9)
 .fini9         0x00006ee4        0x0 c:/program files (x86)/atmel/studio/7.0/toolchain/avr8/avr8-gnu-toolchain/bin/../lib/gcc/avr/4.9.2/avr5\libgcc.a(_exit.o)
                0x00006ee4                _exit
                0x00006ee4                exit
 *(.fini9)
 *(.fini8)
 *(.fini8)
 *(.fini7)
 *(.fini7)
 *(.fini6)
 *(.fini6)
 *(.fini5)
 *(.fini5)
 *(.fini4)
 *(.fini4)
 *(.fini3)
 *(.fini3)
 *(.fini2)
 *(.fini2)
 *(.fini1)
 *(.fini1)
 *(.fini0)
 .fini0         0x00006ee4        0x4 c:/program files (x86)/atmel/studio/7.0/toolchain/avr8/avr8-gnu-toolchain/bin/../lib/gcc/avr/4.9.2/avr5\libgcc.a(_exit.o)
 *(.fini0)
                0x00006ee8                _etext = .

.data           0x00800100      0x2de load address 0x00006ee8
                0x00800100                PROVIDE (__data_start, .)
 *(.data)
 *(.data*)
 .data.FileName
                0x00800100        0xd KeyLogging.o
                0x00800100                FileName
 .data.Stat     0x0080010d        0x1 Lib/FatFS/diskio.o
 .data.SenseData
                0x0080010e       0x12 Lib/SCSI.o
 .data.Keyboard_HID_Interface
                0x00800120       0x10 Keyboard.o
                0x00800120                Keyboard_HID_Interface
 .data.Disk_MS_Interface
                0x00800130       0x39 Keyboard.o
                0x00800130                Disk_MS_Interface
 *(.rodata)
 *(.rodata*)
 .rodata.str1.1
                0x00800169       0xe7 Bluetooth.o
 .rodata.str1.1
                0x00800250       0x96 Calibrate.o
 .rodata.ASCIINumSymbols
                0x008002e6        0xa Calibrate.o
                0x008002e6                ASCIINumSymbols
 .rodata.ASCIINumbers
                0x008002f0        0xa Calibrate.o
                0x008002f0                ASCIINumbers
 .rodata.HIDNumbers
                0x008002fa        0xa Calibrate.o
                0x008002fa                HIDNumbers
 .rodata.str1.1
                0x00800304       0x22 KeyLogging.o
                                 0x23 (size before relaxing)
 .rodata.str1.1
                0x00800326        0xf Lib/FatFS/ff.o
 .rodata.ExCvt  0x00800335       0x80 Lib/FatFS/ff.o
 .rodata.InquiryData
                0x008003b5       0x24 Lib/SCSI.o
 .rodata.REED_BITS
                0x008003d9        0x4 Sense_Keys.o
                0x008003d9                REED_BITS
 *(.gnu.linkonce.d*)
                0x008003de                . = ALIGN (0x2)
 *fill*         0x008003dd        0x1 
                0x008003de                _edata = .
                0x008003de                PROVIDE (__data_end, .)

.bss            0x008003de      0x6a8
                0x008003de                PROVIDE (__bss_start, .)
 *(.bss)
 .bss           0x008003de        0x2 c:/program files (x86)/atmel/studio/7.0/toolchain/avr8/avr8-gnu-toolchain/bin/../lib/gcc/avr/4.9.2/../../../../avr/lib/avr5\libc.a(strtok.o)
 *(.bss*)
 .bss.prevcharacter.4490
                0x008003e0        0x1 KeyLogging.o
 .bss.tot_sect.4477
                0x008003e1        0x4 KeyLogging.o
 .bss.LogFile   0x008003e5       0x20 KeyLogging.o
 .bss.DiskFATState
                0x00800405      0x22e KeyLogging.o
 .bss.CardType  0x00800633        0x1 Lib/FatFS/diskio.o
 .bss.Fsid      0x00800634        0x2 Lib/FatFS/ff.o
 .bss.FatFs     0x00800636        0x2 Lib/FatFS/ff.o
 .bss.SDCard_Present
                0x00800638        0x1 Lib/SDCardManager.o
 .bss.UART_LastRxError
                0x00800639        0x1 uart.o
 .bss.UART_RxTail
                0x0080063a        0x1 uart.o
 .bss.UART_RxHead
                0x0080063b        0x1 uart.o
 .bss.UART_TxTail
                0x0080063c        0x1 uart.o
 .bss.UART_TxHead
                0x0080063d        0x1 uart.o
 .bss.UART_RxBuf
                0x0080063e       0x40 uart.o
 .bss.UART_TxBuf
                0x0080067e       0x10 uart.o
 .bss.PrevKeyboardHIDReportBuffer
                0x0080068e        0x8 Keyboard.o
 .bss.KeyReleaseCounter.4469
                0x00800696        0x1 Sense_Keys.o
 .bss.KeyHoldCounter.4468
                0x00800697        0x1 Sense_Keys.o
 .bss.DoubleTapCounter.4467
                0x00800698        0x1 Sense_Keys.o
 .bss.PreviousKey.4465
                0x00800699        0x1 Sense_Keys.o
 .bss.ActiveKey.4466
                0x0080069a        0x1 Sense_Keys.o
 .bss.ActiveReeds.4470
                0x0080069b        0x4 Sense_Keys.o
 .bss.ReedDebounce.4471
                0x0080069f        0x4 Sense_Keys.o
 *(COMMON)
 COMMON         0x008006a3       0x42 Bluetooth.o
                0x008006a3                response
                0x008006e3                BT_State
                0x008006e4                BT_Asleep
 COMMON         0x008006e5        0x1 Config_IO.o
                0x008006e5                GlowDirection
 COMMON         0x008006e6      0x393 Keyboard.o
                0x008006e6                Reed2Polarity
                0x008006e7                UseDummyLoad
                0x008006e8                Reeds_Are_Independent
                0x008006e9                Scheduled_Task
                0x008006ea                KeyReleaseTime
                0x008006eb                KeyBufferMod
                0x008006ec                KeyCodeLookUpTable
                0x0080072c                ReedHoldTime
                0x0080072d                DoubleTapTime
                0x0080072e                Shift_Reed
                0x0080072f                TMR1_Count
                0x00800731                myTimeoutCounter
                0x00800733                Ignore_Flag
                0x00800734                KeyBuffer
                0x00800736                HallSensorPolarity
                0x00800737                Reed1Polarity
                0x00800738                ShiftKeyCodeLookUpTable
                0x00800778                KeyHoldTime
                0x00800779                ASCIIShiftLookUpTable
                0x008007b9                Reed3Polarity
                0x008007ba                UseHallSensor
                0x008007bb                StringBuffer
                0x008007f7                Reed4Polarity
                0x008007f8                ASCIILookUpTable
                0x00800838                Typewriter_Mode
                0x00800839                SD_Buffer
                0x00800a39                FnKeyCodeLookUpTable
 COMMON         0x00800a79        0x3 src/LUFA/LUFA/Drivers/USB/Core/DeviceStandardReq.o
                0x00800a79                USB_Device_ConfigurationNumber
                0x00800a7a                USB_Device_CurrentlySelfPowered
                0x00800a7b                USB_Device_RemoteWakeupEnabled
 COMMON         0x00800a7c        0xa src/LUFA/LUFA/Drivers/USB/Core/USBTask.o
                0x00800a7c                USB_IsInitialized
                0x00800a7d                USB_DeviceState
                0x00800a7e                USB_ControlRequest
                0x00800a86                PROVIDE (__bss_end, .)
                0x00006ee8                __data_load_start = LOADADDR (.data)
                0x000071c6                __data_load_end = (__data_load_start + SIZEOF (.data))

.noinit         0x00800a86        0x0
                0x00800a86                PROVIDE (__noinit_start, .)
 *(.noinit*)
                0x00800a86                PROVIDE (__noinit_end, .)
                0x00800a86                _end = .
                0x00800a86                PROVIDE (__heap_start, .)

.eeprom         0x00810000        0x0
 *(.eeprom*)
                0x00810000                __eeprom_end = .

.fuse
 *(.fuse)
 *(.lfuse)
 *(.hfuse)
 *(.efuse)

.lock
 *(.lock*)

.signature
 *(.signature*)

.user_signatures
 *(.user_signatures*)

.stab
 *(.stab)

.stabstr
 *(.stabstr)

.stab.excl
 *(.stab.excl)

.stab.exclstr
 *(.stab.exclstr)

.stab.index
 *(.stab.index)

.stab.indexstr
 *(.stab.indexstr)

.comment        0x00000000       0x8c
 *(.comment)
 .comment       0x00000000       0x30 Bluetooth.o
                                 0x31 (size before relaxing)
 .comment       0x00000030       0x31 Calibrate.o
 .comment       0x00000030       0x31 Config_Interrupts.o
 .comment       0x00000030       0x31 Config_IO.o
 .comment       0x00000030       0x31 Descriptors.o
 .comment       0x00000030       0x31 KeyLogging.o
 .comment       0x00000030       0x31 Lib/FatFS/diskio.o
 .comment       0x00000030       0x30 Lib/FatFS/ff.o
                                 0x31 (size before relaxing)
 .comment       0x00000060       0x31 Lib/SCSI.o
 .comment       0x00000060       0x31 Lib/SDCardManager.o
 .comment       0x00000060       0x31 uart.o
 .comment       0x00000060       0x31 Keyboard.o
 .comment       0x00000060       0x31 Send.o
 .comment       0x00000060       0x31 Sense_Keys.o
 .comment       0x00000060       0x31 src/LUFA/LUFA/Drivers/USB/Class/Device/HIDClassDevice.o
 .comment       0x00000060       0x31 src/LUFA/LUFA/Drivers/USB/Class/Device/MassStorageClassDevice.o
 .comment       0x00000060       0x31 src/LUFA/LUFA/Drivers/USB/Core/AVR8/EndpointStream_AVR8.o
 .comment       0x00000060       0x31 src/LUFA/LUFA/Drivers/USB/Core/AVR8/Endpoint_AVR8.o
 .comment       0x00000060       0x31 src/LUFA/LUFA/Drivers/USB/Core/AVR8/USBController_AVR8.o
 .comment       0x00000060       0x31 src/LUFA/LUFA/Drivers/USB/Core/AVR8/USBInterrupt_AVR8.o
 .comment       0x00000060       0x31 src/LUFA/LUFA/Drivers/USB/Core/DeviceStandardReq.o
 .comment       0x00000060       0x31 src/LUFA/LUFA/Drivers/USB/Core/Events.o
 .comment       0x00000060       0x31 src/LUFA/LUFA/Drivers/USB/Core/USBTask.o
 .comment       0x00000060       0x31 c:/program files (x86)/atmel/studio/7.0/toolchain/avr8/avr8-gnu-toolchain/bin/../lib/gcc/avr/4.9.2/../../../../avr/lib/avr5\libc.a(strtok.o)
 .comment       0x00000060       0x31 c:/program files (x86)/atmel/studio/7.0/toolchain/avr8/avr8-gnu-toolchain/bin/../lib/gcc/avr/4.9.2/../../../../avr/lib/avr5\libc.a(sprintf.o)
 .comment       0x00000060       0x2c c:/program files (x86)/atmel/studio/7.0/toolchain/avr8/avr8-gnu-toolchain/bin/../lib/gcc/avr/4.9.2/../../../../avr/lib/avr5\libc.a(vfprintf_std.o)
                                 0x2d (size before relaxing)
 .comment       0x0000008c       0x31 c:/program files (x86)/atmel/studio/7.0/toolchain/avr8/avr8-gnu-toolchain/bin/../lib/gcc/avr/4.9.2/../../../../avr/lib/avr5\libc.a(fputc.o)

.note.gnu.avr.deviceinfo
                0x00000000       0x40
 .note.gnu.avr.deviceinfo
                0x00000000       0x40 C:/Program Files (x86)/Atmel/Studio/7.0/Packs/atmel/ATmega_DFP/1.0.90/gcc/dev/atmega32u4/avr5/crtatmega32u4.o

.note.gnu.build-id
 *(.note.gnu.build-id)

.debug
 *(.debug)

.line
 *(.line)

.debug_srcinfo
 *(.debug_srcinfo)

.debug_sfnames
 *(.debug_sfnames)

.debug_aranges
 *(.debug_aranges)

.debug_pubnames
 *(.debug_pubnames)

.debug_info
 *(.debug_info .gnu.linkonce.wi.*)

.debug_abbrev
 *(.debug_abbrev)

.debug_line
 *(.debug_line .debug_line.* .debug_line_end)

.debug_frame
 *(.debug_frame)

.debug_str
 *(.debug_str)

.debug_loc
 *(.debug_loc)

.debug_macinfo
 *(.debug_macinfo)

.debug_weaknames
 *(.debug_weaknames)

.debug_funcnames
 *(.debug_funcnames)

.debug_typenames
 *(.debug_typenames)

.debug_varnames
 *(.debug_varnames)

.debug_pubtypes
 *(.debug_pubtypes)

.debug_ranges
 *(.debug_ranges)

.debug_macro
 *(.debug_macro)
OUTPUT(USB Typewriter P2S.elf elf32-avr)
LOAD linker stubs
