Archive member included because of file (symbol)

c:/program files (x86)/atmel/atmel toolchain/avr8 gcc/native/3.4.1061/avr8-gnu-toolchain/bin/../lib/gcc/avr/4.8.1/avr5\libgcc.a(_udivmodqi4.o)
                              Send.o (__udivmodqi4)
c:/program files (x86)/atmel/atmel toolchain/avr8 gcc/native/3.4.1061/avr8-gnu-toolchain/bin/../lib/gcc/avr/4.8.1/avr5\libgcc.a(_divmodhi4.o)
                              Send.o (__divmodhi4)
c:/program files (x86)/atmel/atmel toolchain/avr8 gcc/native/3.4.1061/avr8-gnu-toolchain/bin/../lib/gcc/avr/4.8.1/avr5\libgcc.a(_udivmodsi4.o)
                              Lib/FatFS/ff.o (__udivmodsi4)
c:/program files (x86)/atmel/atmel toolchain/avr8 gcc/native/3.4.1061/avr8-gnu-toolchain/bin/../lib/gcc/avr/4.8.1/avr5\libgcc.a(_exit.o)
                              c:/program files (x86)/atmel/atmel toolchain/avr8 gcc/native/3.4.1061/avr8-gnu-toolchain/bin/../lib/gcc/avr/4.8.1/../../../../avr/lib/avr5/crtm32u4.o (exit)
c:/program files (x86)/atmel/atmel toolchain/avr8 gcc/native/3.4.1061/avr8-gnu-toolchain/bin/../lib/gcc/avr/4.8.1/avr5\libgcc.a(_copy_data.o)
                              Calibrate.o (__do_copy_data)
c:/program files (x86)/atmel/atmel toolchain/avr8 gcc/native/3.4.1061/avr8-gnu-toolchain/bin/../lib/gcc/avr/4.8.1/avr5\libgcc.a(_clear_bss.o)
                              Lib/FatFS/diskio.o (__do_clear_bss)
c:/program files (x86)/atmel/atmel toolchain/avr8 gcc/native/3.4.1061/avr8-gnu-toolchain/bin/../lib/gcc/avr/4.8.1/avr5\libgcc.a(_muluhisi3.o)
                              Lib/FatFS/ff.o (__muluhisi3)
c:/program files (x86)/atmel/atmel toolchain/avr8 gcc/native/3.4.1061/avr8-gnu-toolchain/bin/../lib/gcc/avr/4.8.1/avr5\libgcc.a(_clzdi2.o)
                              Sense_Keys.o (__clzdi2)
c:/program files (x86)/atmel/atmel toolchain/avr8 gcc/native/3.4.1061/avr8-gnu-toolchain/bin/../lib/gcc/avr/4.8.1/avr5\libgcc.a(_ashldi3.o)
                              Sense_Keys.o (__ashldi3)
c:/program files (x86)/atmel/atmel toolchain/avr8 gcc/native/3.4.1061/avr8-gnu-toolchain/bin/../lib/gcc/avr/4.8.1/avr5\libgcc.a(_cmpdi2_s8.o)
                              Sense_Keys.o (__cmpdi2_s8)
c:/program files (x86)/atmel/atmel toolchain/avr8 gcc/native/3.4.1061/avr8-gnu-toolchain/bin/../lib/gcc/avr/4.8.1/avr5\libgcc.a(_udivmodhi4.o)
                              c:/program files (x86)/atmel/atmel toolchain/avr8 gcc/native/3.4.1061/avr8-gnu-toolchain/bin/../lib/gcc/avr/4.8.1/avr5\libgcc.a(_divmodhi4.o) (__udivmodhi4)
c:/program files (x86)/atmel/atmel toolchain/avr8 gcc/native/3.4.1061/avr8-gnu-toolchain/bin/../lib/gcc/avr/4.8.1/avr5\libgcc.a(_clzsi2.o)
                              c:/program files (x86)/atmel/atmel toolchain/avr8 gcc/native/3.4.1061/avr8-gnu-toolchain/bin/../lib/gcc/avr/4.8.1/avr5\libgcc.a(_clzdi2.o) (__clzsi2)
c:/program files (x86)/atmel/atmel toolchain/avr8 gcc/native/3.4.1061/avr8-gnu-toolchain/bin/../lib/gcc/avr/4.8.1/avr5\libgcc.a(_clzhi2.o)
                              c:/program files (x86)/atmel/atmel toolchain/avr8 gcc/native/3.4.1061/avr8-gnu-toolchain/bin/../lib/gcc/avr/4.8.1/avr5\libgcc.a(_clzsi2.o) (__clzhi2)
c:/program files (x86)/atmel/atmel toolchain/avr8 gcc/native/3.4.1061/avr8-gnu-toolchain/bin/../lib/gcc/avr/4.8.1/avr5\libgcc.a(_umulhisi3.o)
                              c:/program files (x86)/atmel/atmel toolchain/avr8 gcc/native/3.4.1061/avr8-gnu-toolchain/bin/../lib/gcc/avr/4.8.1/avr5\libgcc.a(_muluhisi3.o) (__umulhisi3)
c:/program files (x86)/atmel/atmel toolchain/avr8 gcc/native/3.4.1061/avr8-gnu-toolchain/bin/../lib/gcc/avr/4.8.1/../../../../avr/lib/avr5\libc.a(toupper.o)
                              Send.o (toupper)
c:/program files (x86)/atmel/atmel toolchain/avr8 gcc/native/3.4.1061/avr8-gnu-toolchain/bin/../lib/gcc/avr/4.8.1/../../../../avr/lib/avr5\libc.a(memcpy_P.o)
                              src/LUFA/LUFA/Drivers/USB/Class/Device/RNDISClassDevice.o (memcpy_P)
c:/program files (x86)/atmel/atmel toolchain/avr8 gcc/native/3.4.1061/avr8-gnu-toolchain/bin/../lib/gcc/avr/4.8.1/../../../../avr/lib/avr5\libc.a(memcmp.o)
                              src/LUFA/LUFA/Drivers/USB/Class/Device/HIDClassDevice.o (memcmp)
c:/program files (x86)/atmel/atmel toolchain/avr8 gcc/native/3.4.1061/avr8-gnu-toolchain/bin/../lib/gcc/avr/4.8.1/../../../../avr/lib/avr5\libc.a(memcpy.o)
                              src/LUFA/LUFA/Drivers/USB/Class/Device/HIDClassDevice.o (memcpy)
c:/program files (x86)/atmel/atmel toolchain/avr8 gcc/native/3.4.1061/avr8-gnu-toolchain/bin/../lib/gcc/avr/4.8.1/../../../../avr/lib/avr5\libc.a(memset.o)
                              src/LUFA/LUFA/Drivers/USB/Class/Device/HIDClassDevice.o (memset)
c:/program files (x86)/atmel/atmel toolchain/avr8 gcc/native/3.4.1061/avr8-gnu-toolchain/bin/../lib/gcc/avr/4.8.1/../../../../avr/lib/avr5\libc.a(eerd_block_atmega32u4.o)
                              Sense_Keys.o (__eerd_block_m32u4)
[...]
Memory Configuration

Name             Origin             Length             Attributes
text             0x00000000         0x00020000         xr
data             0x00800060         0x0000ffa0         rw !x
eeprom           0x00810000         0x00010000         rw !x
fuse             0x00820000         0x00000400         rw !x
lock             0x00830000         0x00000400         rw !x
signature        0x00840000         0x00000400         rw !x
user_signatures  0x00850000         0x00000400         rw !x
*default*        0x00000000         0xffffffff

Linker script and memory map

Address of section .data set to 0x800100
LOAD c:/program files (x86)/atmel/atmel toolchain/avr8 gcc/native/3.4.1061/avr8-gnu-toolchain/bin/../lib/gcc/avr/4.8.1/../../../../avr/lib/avr5/crtm32u4.o
LOAD Bluetooth.o
LOAD Calibrate.o
LOAD Config_Interrupts.o
LOAD Config_IO.o
LOAD Init_Mode.o
LOAD Descriptors.o
LOAD Lib/FatFS/diskio.o
LOAD Lib/FatFS/ff.o
LOAD Lib/SCSI.o
LOAD Lib/SDCardManager.o
LOAD uart.o
LOAD Keyboard.o
LOAD Send.o
LOAD Sense_Keys.o
LOAD src/LUFA/LUFA/Drivers/USB/Class/Common/HIDParser.o
LOAD src/LUFA/LUFA/Drivers/USB/Class/Device/AudioClassDevice.o
LOAD src/LUFA/LUFA/Drivers/USB/Class/Device/CDCClassDevice.o
LOAD src/LUFA/LUFA/Drivers/USB/Class/Device/HIDClassDevice.o
LOAD src/LUFA/LUFA/Drivers/USB/Class/Device/MassStorageClassDevice.o
LOAD src/LUFA/LUFA/Drivers/USB/Class/Device/MIDIClassDevice.o
LOAD src/LUFA/LUFA/Drivers/USB/Class/Device/PrinterClassDevice.o
LOAD src/LUFA/LUFA/Drivers/USB/Class/Device/RNDISClassDevice.o
LOAD src/LUFA/LUFA/Drivers/USB/Class/Host/AndroidAccessoryClassHost.o
LOAD src/LUFA/LUFA/Drivers/USB/Class/Host/AudioClassHost.o
LOAD src/LUFA/LUFA/Drivers/USB/Class/Host/CDCClassHost.o
LOAD src/LUFA/LUFA/Drivers/USB/Class/Host/HIDClassHost.o
LOAD src/LUFA/LUFA/Drivers/USB/Class/Host/MassStorageClassHost.o
LOAD src/LUFA/LUFA/Drivers/USB/Class/Host/MIDIClassHost.o
LOAD src/LUFA/LUFA/Drivers/USB/Class/Host/PrinterClassHost.o
LOAD src/LUFA/LUFA/Drivers/USB/Class/Host/RNDISClassHost.o
LOAD src/LUFA/LUFA/Drivers/USB/Class/Host/StillImageClassHost.o
LOAD src/LUFA/LUFA/Drivers/USB/Core/AVR8/Device_AVR8.o
LOAD src/LUFA/LUFA/Drivers/USB/Core/AVR8/EndpointStream_AVR8.o
LOAD src/LUFA/LUFA/Drivers/USB/Core/AVR8/Endpoint_AVR8.o
LOAD src/LUFA/LUFA/Drivers/USB/Core/AVR8/Host_AVR8.o
LOAD src/LUFA/LUFA/Drivers/USB/Core/AVR8/PipeStream_AVR8.o
LOAD src/LUFA/LUFA/Drivers/USB/Core/AVR8/Pipe_AVR8.o
LOAD src/LUFA/LUFA/Drivers/USB/Core/AVR8/Template/Template_Endpoint_Control_R.o
LOAD src/LUFA/LUFA/Drivers/USB/Core/AVR8/Template/Template_Endpoint_Control_W.o
LOAD src/LUFA/LUFA/Drivers/USB/Core/AVR8/Template/Template_Endpoint_RW.o
LOAD src/LUFA/LUFA/Drivers/USB/Core/AVR8/Template/Template_Pipe_RW.o
LOAD src/LUFA/LUFA/Drivers/USB/Core/AVR8/USBController_AVR8.o
LOAD src/LUFA/LUFA/Drivers/USB/Core/AVR8/USBInterrupt_AVR8.o
LOAD src/LUFA/LUFA/Drivers/USB/Core/ConfigDescriptors.o
LOAD src/LUFA/LUFA/Drivers/USB/Core/DeviceStandardReq.o
LOAD src/LUFA/LUFA/Drivers/USB/Core/Events.o
LOAD src/LUFA/LUFA/Drivers/USB/Core/HostStandardReq.o
LOAD src/LUFA/LUFA/Drivers/USB/Core/USBTask.o
START GROUP
LOAD c:/program files (x86)/atmel/atmel toolchain/avr8 gcc/native/3.4.1061/avr8-gnu-toolchain/bin/../lib/gcc/avr/4.8.1/../../../../avr/lib/avr5\libm.a
END GROUP
START GROUP
LOAD c:/program files (x86)/atmel/atmel toolchain/avr8 gcc/native/3.4.1061/avr8-gnu-toolchain/bin/../lib/gcc/avr/4.8.1/avr5\libgcc.a
LOAD c:/program files (x86)/atmel/atmel toolchain/avr8 gcc/native/3.4.1061/avr8-gnu-toolchain/bin/../lib/gcc/avr/4.8.1/../../../../avr/lib/avr5\libm.a
LOAD c:/program files (x86)/atmel/atmel toolchain/avr8 gcc/native/3.4.1061/avr8-gnu-toolchain/bin/../lib/gcc/avr/4.8.1/../../../../avr/lib/avr5\libc.a
END GROUP

.hash
 *(.hash)

.dynsym
 *(.dynsym)

.dynstr
 *(.dynstr)

.gnu.version
 *(.gnu.version)

.gnu.version_d
 *(.gnu.version_d)

.gnu.version_r
 *(.gnu.version_r)

.rel.init
 *(.rel.init)

.rela.init
 *(.rela.init)

.rel.text
 *(.rel.text)
 *(.rel.text.*)
 *(.rel.gnu.linkonce.t*)

.rela.text
 *(.rela.text)
 *(.rela.text.*)
 *(.rela.gnu.linkonce.t*)

.rel.fini
 *(.rel.fini)

.rela.fini
 *(.rela.fini)

.rel.rodata
 *(.rel.rodata)
 *(.rel.rodata.*)
 *(.rel.gnu.linkonce.r*)

.rela.rodata
 *(.rela.rodata)
 *(.rela.rodata.*)
 *(.rela.gnu.linkonce.r*)

.rel.data
 *(.rel.data)
 *(.rel.data.*)
 *(.rel.gnu.linkonce.d*)

.rela.data
 *(.rela.data)
 *(.rela.data.*)
 *(.rela.gnu.linkonce.d*)

.rel.ctors
 *(.rel.ctors)

.rela.ctors
 *(.rela.ctors)

.rel.dtors
 *(.rel.dtors)

.rela.dtors
 *(.rela.dtors)

.rel.got
 *(.rel.got)

.rela.got
 *(.rela.got)

.rel.bss
 *(.rel.bss)

.rela.bss
 *(.rela.bss)

.rel.plt
 *(.rel.plt)

.rela.plt
 *(.rela.plt)

.text           0x00000000     0x479c
 *(.vectors)
 .vectors       0x00000000       0xac c:/program files (x86)/atmel/atmel toolchain/avr8 gcc/native/3.4.1061/avr8-gnu-toolchain/bin/../lib/gcc/avr/4.8.1/../../../../avr/lib/avr5/crtm32u4.o
                0x00000000                __vector_default
                0x00000000                __vectors
 *(.vectors)
 *(.progmem.gcc*)
                0x000000ac                . = ALIGN (0x2)
                0x000000ac                __trampolines_start = .
 *(.trampolines)
 .trampolines   0x000000ac        0x0 linker stubs
 *(.trampolines*)
                0x000000ac                __trampolines_end = .
 *(.progmem*)
 .progmem.data.ProductString
                0x000000ac       0x4a Descriptors.o
                0x000000ac                ProductString
 .progmem.data.ManufacturerString
                0x000000f6       0x1a Descriptors.o
                0x000000f6                ManufacturerString
 .progmem.data.LanguageString
                0x00000110        0x4 Descriptors.o
                0x00000110                LanguageString
 .progmem.data.ConfigurationDescriptor
                0x00000114       0x39 Descriptors.o
                0x00000114                ConfigurationDescriptor
 .progmem.data.DeviceDescriptor
                0x0000014d       0x12 Descriptors.o
                0x0000014d                DeviceDescriptor
 .progmem.data.KeyboardReport
                0x0000015f       0x3f Descriptors.o
                0x0000015f                KeyboardReport
                0x0000019e                . = ALIGN (0x2)
 *(.jumptables)
 *(.jumptables*)
 *(.lowtext)
 *(.lowtext*)
                0x0000019e                __ctors_start = .
 *(.ctors)
                0x0000019e                __ctors_end = .
                0x0000019e                __dtors_start = .
 *(.dtors)
                0x0000019e                __dtors_end = .
 SORT(*)(.ctors)
 SORT(*)(.dtors)
 *(.init0)
 .init0         0x0000019e        0x0 c:/program files (x86)/atmel/atmel toolchain/avr8 gcc/native/3.4.1061/avr8-gnu-toolchain/bin/../lib/gcc/avr/4.8.1/../../../../avr/lib/avr5/crtm32u4.o
                0x0000019e                __init
 *(.init0)
 *(.init1)
 *(.init1)
 *(.init2)
 .init2         0x0000019e        0xc c:/program files (x86)/atmel/atmel toolchain/avr8 gcc/native/3.4.1061/avr8-gnu-toolchain/bin/../lib/gcc/avr/4.8.1/../../../../avr/lib/avr5/crtm32u4.o
 *(.init2)
 *(.init3)
 *(.init3)
 *(.init4)
 .init4         0x000001aa       0x16 c:/program files (x86)/atmel/atmel toolchain/avr8 gcc/native/3.4.1061/avr8-gnu-toolchain/bin/../lib/gcc/avr/4.8.1/avr5\libgcc.a(_copy_data.o)
                0x000001aa                __do_copy_data
 .init4         0x000001c0       0x10 c:/program files (x86)/atmel/atmel toolchain/avr8 gcc/native/3.4.1061/avr8-gnu-toolchain/bin/../lib/gcc/avr/4.8.1/avr5\libgcc.a(_clear_bss.o)
                0x000001c0                __do_clear_bss
 *(.init4)
 *(.init5)
 *(.init5)
 *(.init6)
 *(.init6)
 *(.init7)
 *(.init7)
 *(.init8)
 *(.init8)
 *(.init9)
 .init9         0x000001d0        0x8 c:/program files (x86)/atmel/atmel toolchain/avr8 gcc/native/3.4.1061/avr8-gnu-toolchain/bin/../lib/gcc/avr/4.8.1/../../../../avr/lib/avr5/crtm32u4.o
 *(.init9)
 *(.text)
 .text          0x000001d8        0x2 c:/program files (x86)/atmel/atmel toolchain/avr8 gcc/native/3.4.1061/avr8-gnu-toolchain/bin/../lib/gcc/avr/4.8.1/../../../../avr/lib/avr5/crtm32u4.o
                0x000001d8                __vector_38
                0x000001d8                __vector_22
                0x000001d8                __vector_28
                0x000001d8                __vector_1
                0x000001d8                __vector_32
                0x000001d8                __vector_34
                0x000001d8                __vector_24
                0x000001d8                __vector_12
                0x000001d8                __bad_interrupt
                0x000001d8                __vector_6
                0x000001d8                __vector_31
                0x000001d8                __vector_35
                0x000001d8                __vector_39
                0x000001d8                __vector_3
                0x000001d8                __vector_23
                0x000001d8                __vector_30
                0x000001d8                __vector_11
                0x000001d8                __vector_13
                0x000001d8                __vector_19
                0x000001d8                __vector_7
                0x000001d8                __vector_41
                0x000001d8                __vector_27
                0x000001d8                __vector_5
                0x000001d8                __vector_33
                0x000001d8                __vector_37
                0x000001d8                __vector_4
                0x000001d8                __vector_9
                0x000001d8                __vector_2
                0x000001d8                __vector_21
                0x000001d8                __vector_15
                0x000001d8                __vector_36
                0x000001d8                __vector_29
                0x000001d8                __vector_40
                0x000001d8                __vector_8
                0x000001d8                __vector_14
                0x000001d8                __vector_16
                0x000001d8                __vector_18
                0x000001d8                __vector_20
                0x000001d8                __vector_42
                0x000001da                . = ALIGN (0x2)
 *(.text.*)
 .text.Bluetooth_Send
                0x000001da       0x96 Bluetooth.o
                0x000001da                Bluetooth_Send
 .text.GetTeachKey
                0x00000270       0x70 Calibrate.o
                0x00000270                GetTeachKey
 .text.Calibrate
                0x000002e0      0x12c Calibrate.o
                0x000002e0                Calibrate
 .text.Config_Interrupts
                0x0000040c       0x28 Config_Interrupts.o
                0x0000040c                Config_Interrupts
 .text.Config_IO
                0x00000434       0x64 Config_IO.o
                0x00000434                Config_IO
 .text.Init_Mode
                0x00000498       0x3c Init_Mode.o
                0x00000498                Init_Mode
 .text.CALLBACK_USB_GetDescriptor
                0x000004d4       0x86 Descriptors.o
                0x000004d4                CALLBACK_USB_GetDescriptor
 .text.dly_us   0x0000055a        0xc Lib/FatFS/diskio.o
 .text.xmit_mmc
                0x00000566       0x82 Lib/FatFS/diskio.o
 .text.rcvr_mmc
                0x000005e8       0x66 Lib/FatFS/diskio.o
 .text.wait_ready
                0x0000064e       0x4a Lib/FatFS/diskio.o
 .text.deselect
                0x00000698       0x1e Lib/FatFS/diskio.o
 .text.select   0x000006b6       0x3a Lib/FatFS/diskio.o
 .text.rcvr_datablock
                0x000006f0       0x76 Lib/FatFS/diskio.o
 .text.send_cmd
                0x00000766       0xba Lib/FatFS/diskio.o
 .text.xmit_datablock
                0x00000820       0x70 Lib/FatFS/diskio.o
 .text.disk_status
                0x00000890        0xe Lib/FatFS/diskio.o
                0x00000890                disk_status
 .text.disk_initialize
                0x0000089e      0x14c Lib/FatFS/diskio.o
                0x0000089e                disk_initialize
 .text.disk_read
                0x000009ea       0x90 Lib/FatFS/diskio.o
                0x000009ea                disk_read
 .text.disk_write
                0x00000a7a       0xc4 Lib/FatFS/diskio.o
                0x00000a7a                disk_write
 .text.disk_ioctl
                0x00000b3e      0x136 Lib/FatFS/diskio.o
                0x00000b3e                disk_ioctl
 .text.mem_cpy  0x00000c74       0x46 Lib/FatFS/ff.o
 .text.get_ldnumber
                0x00000cba       0x3e Lib/FatFS/ff.o
 .text.validate
                0x00000cf8       0x3c Lib/FatFS/ff.o
 .text.sync_window
                0x00000d34       0xcc Lib/FatFS/ff.o
 .text.move_window
                0x00000e00       0x78 Lib/FatFS/ff.o
 .text.check_fs
                0x00000e78       0x78 Lib/FatFS/ff.o
 .text.find_volume
                0x00000ef0      0x4ca Lib/FatFS/ff.o
 .text.sync_fs  0x000013ba       0xce Lib/FatFS/ff.o
 .text.clust2sect
                0x00001488       0x52 Lib/FatFS/ff.o
                0x00001488                clust2sect
 .text.get_fat  0x000014da      0x188 Lib/FatFS/ff.o
                0x000014da                get_fat
 .text.dir_sdi  0x00001662      0x14a Lib/FatFS/ff.o
 .text.put_fat  0x000017ac      0x1e4 Lib/FatFS/ff.o
                0x000017ac                put_fat
 .text.create_chain
                0x00001990      0x1ba Lib/FatFS/ff.o
 .text.dir_next
                0x00001b4a      0x202 Lib/FatFS/ff.o
 .text.follow_path
                0x00001d4c      0x236 Lib/FatFS/ff.o
 .text.dir_register
                0x00001f82       0x96 Lib/FatFS/ff.o
 .text.remove_chain
                0x00002018       0xe4 Lib/FatFS/ff.o
 .text.f_mount  0x000020fc       0x90 Lib/FatFS/ff.o
                0x000020fc                f_mount
 .text.f_open   0x0000218c      0x254 Lib/FatFS/ff.o
                0x0000218c                f_open
 .text.f_sync   0x000023e0       0x86 Lib/FatFS/ff.o
                0x000023e0                f_sync
 .text.f_close  0x00002466       0x20 Lib/FatFS/ff.o
                0x00002466                f_close
 .text.f_lseek  0x00002486      0x33c Lib/FatFS/ff.o
                0x00002486                f_lseek
 .text.SCSI_Command_ReadWrite_10
                0x000027c2       0x9c Lib/SCSI.o
 .text.SCSI_DecodeSCSICommand
                0x0000285e      0x286 Lib/SCSI.o
                0x0000285e                SCSI_DecodeSCSICommand
 .text.SDCardManager_Init
                0x00002ae4       0x18 Lib/SDCardManager.o
                0x00002ae4                SDCardManager_Init
 .text.SDCardManager_WriteBlockHandler
                0x00002afc       0xa0 Lib/SDCardManager.o
                0x00002afc                SDCardManager_WriteBlockHandler
 .text.SDCardManager_WriteBlocks
                0x00002b9c       0x96 Lib/SDCardManager.o
                0x00002b9c                SDCardManager_WriteBlocks
 .text.SDCardManager_ReadBlockHandler
                0x00002c32       0x9c Lib/SDCardManager.o
                0x00002c32                SDCardManager_ReadBlockHandler
 .text.SDCardManager_ReadBlocks
                0x00002cce       0x98 Lib/SDCardManager.o
                0x00002cce                SDCardManager_ReadBlocks
 .text.SDCardManager_CheckSDCardOperation
                0x00002d66        0x6 Lib/SDCardManager.o
                0x00002d66                SDCardManager_CheckSDCardOperation
 .text.__vector_25
                0x00002d6c       0x5c uart.o
                0x00002d6c                __vector_25
 .text.__vector_26
                0x00002dc8       0x54 uart.o
                0x00002dc8                __vector_26
 .text.uart_init
                0x00002e1c       0x32 uart.o
                0x00002e1c                uart_init
 .text.uart_putc
                0x00002e4e       0x2a uart.o
                0x00002e4e                uart_putc
 .text.__vector_17
                0x00002e78       0x66 Keyboard.o
                0x00002e78                __vector_17
 .text.SetupHardware
                0x00002ede       0x64 Keyboard.o
                0x00002ede                SetupHardware
 .text.EVENT_USB_Device_Connect
                0x00002f42        0x2 Keyboard.o
                0x00002f42                EVENT_USB_Device_Connect
 .text.EVENT_USB_Device_Disconnect
                0x00002f44        0x2 Keyboard.o
                0x00002f44                EVENT_USB_Device_Disconnect
 .text.EVENT_USB_Device_Suspend
                0x00002f46        0x2 Keyboard.o
                0x00002f46                EVENT_USB_Device_Suspend
 .text.EVENT_USB_Device_WakeUp
                0x00002f48        0x2 Keyboard.o
                0x00002f48                EVENT_USB_Device_WakeUp
 .text.EVENT_USB_Device_ConfigurationChanged
                0x00002f4a       0x18 Keyboard.o
                0x00002f4a                EVENT_USB_Device_ConfigurationChanged
 .text.EVENT_USB_Device_ControlRequest
                0x00002f62        0xc Keyboard.o
                0x00002f62                EVENT_USB_Device_ControlRequest
 .text.EVENT_USB_Device_StartOfFrame
                0x00002f6e       0x18 Keyboard.o
                0x00002f6e                EVENT_USB_Device_StartOfFrame
 .text.CALLBACK_MS_Device_SCSICommandReceived
                0x00002f86        0x2 Keyboard.o
                0x00002f86                CALLBACK_MS_Device_SCSICommandReceived
 .text.CALLBACK_HID_Device_CreateHIDReport
                0x00002f88       0x42 Keyboard.o
                0x00002f88                CALLBACK_HID_Device_CreateHIDReport
 .text.CALLBACK_HID_Device_ProcessHIDReport
                0x00002fca        0x2 Keyboard.o
                0x00002fca                CALLBACK_HID_Device_ProcessHIDReport
 .text.get_num_of_sectors
                0x00002fcc       0x22 Keyboard.o
                0x00002fcc                get_num_of_sectors
 .text.OpenLogFile
                0x00002fee       0x44 Keyboard.o
                0x00002fee                OpenLogFile
 .text.CloseLogFile
                0x00003032       0x12 Keyboard.o
                0x00003032                CloseLogFile
 .text.startup.main
                0x00003044       0xf0 Keyboard.o
                0x00003044                main
 .text.USBSend  0x00003134       0x40 Send.o
                0x00003134                USBSend
 .text.USBSendString
                0x00003174       0x56 Send.o
                0x00003174                USBSendString
 .text.USBSendNumber
                0x000031ca       0x6c Send.o
                0x000031ca                USBSendNumber
 .text.ReadSensor
                0x00003236       0xb0 Sense_Keys.o
                0x00003236                ReadSensor
 .text.GetKeySimple
                0x000032e6       0x28 Sense_Keys.o
                0x000032e6                GetKeySimple
 .text.LoadKeyCodeTables
                0x0000330e       0xa2 Sense_Keys.o
                0x0000330e                LoadKeyCodeTables
 .text.HID_Device_ProcessControlRequest
                0x000033b0      0x268 src/LUFA/LUFA/Drivers/USB/Class/Device/HIDClassDevice.o
                0x000033b0                HID_Device_ProcessControlRequest
 .text.HID_Device_ConfigureEndpoints
                0x00003618       0x26 src/LUFA/LUFA/Drivers/USB/Class/Device/HIDClassDevice.o
                0x00003618                HID_Device_ConfigureEndpoints
 .text.HID_Device_USBTask
                0x0000363e      0x17e src/LUFA/LUFA/Drivers/USB/Class/Device/HIDClassDevice.o
                0x0000363e                HID_Device_USBTask
 .text.MS_Device_ProcessControlRequest
                0x000037bc       0x7e src/LUFA/LUFA/Drivers/USB/Class/Device/MassStorageClassDevice.o
                0x000037bc                MS_Device_ProcessControlRequest
 .text.MS_Device_ConfigureEndpoints
                0x0000383a       0x3a src/LUFA/LUFA/Drivers/USB/Class/Device/MassStorageClassDevice.o
                0x0000383a                MS_Device_ConfigureEndpoints
 .text.MS_Device_USBTask
                0x00003874      0x234 src/LUFA/LUFA/Drivers/USB/Class/Device/MassStorageClassDevice.o
                0x00003874                MS_Device_USBTask
 .text.Endpoint_Null_Stream
                0x00003aa8       0x7a src/LUFA/LUFA/Drivers/USB/Core/AVR8/EndpointStream_AVR8.o
                0x00003aa8                Endpoint_Null_Stream
 .text.Endpoint_Write_Stream_LE
                0x00003b22       0x90 src/LUFA/LUFA/Drivers/USB/Core/AVR8/EndpointStream_AVR8.o
                0x00003b22                Endpoint_Write_Stream_LE
 .text.Endpoint_Write_Stream_BE
                0x00003bb2       0x9e src/LUFA/LUFA/Drivers/USB/Core/AVR8/EndpointStream_AVR8.o
                0x00003bb2                Endpoint_Write_Stream_BE
 .text.Endpoint_Read_Stream_LE
                0x00003c50       0x90 src/LUFA/LUFA/Drivers/USB/Core/AVR8/EndpointStream_AVR8.o
                0x00003c50                Endpoint_Read_Stream_LE
 .text.Endpoint_Write_Control_Stream_LE
                0x00003ce0       0xc2 src/LUFA/LUFA/Drivers/USB/Core/AVR8/EndpointStream_AVR8.o
                0x00003ce0                Endpoint_Write_Control_Stream_LE
 .text.Endpoint_Read_Control_Stream_LE
                0x00003da2       0x80 src/LUFA/LUFA/Drivers/USB/Core/AVR8/EndpointStream_AVR8.o
                0x00003da2                Endpoint_Read_Control_Stream_LE
 .text.Endpoint_Write_Control_PStream_LE
                0x00003e22       0xc4 src/LUFA/LUFA/Drivers/USB/Core/AVR8/EndpointStream_AVR8.o
                0x00003e22                Endpoint_Write_Control_PStream_LE
 .text.Endpoint_ConfigureEndpoint_Prv
                0x00003ee6       0x6a src/LUFA/LUFA/Drivers/USB/Core/AVR8/Endpoint_AVR8.o
                0x00003ee6                Endpoint_ConfigureEndpoint_Prv
 .text.Endpoint_ConfigureEndpointTable
                0x00003f50       0x7a src/LUFA/LUFA/Drivers/USB/Core/AVR8/Endpoint_AVR8.o
                0x00003f50                Endpoint_ConfigureEndpointTable
 .text.Endpoint_ClearStatusStage
                0x00003fca       0x42 src/LUFA/LUFA/Drivers/USB/Core/AVR8/Endpoint_AVR8.o
                0x00003fca                Endpoint_ClearStatusStage
 .text.Endpoint_WaitUntilReady
                0x0000400c       0x60 src/LUFA/LUFA/Drivers/USB/Core/AVR8/Endpoint_AVR8.o
                0x0000400c                Endpoint_WaitUntilReady
 .text.USB_ResetInterface
                0x0000406c       0x80 src/LUFA/LUFA/Drivers/USB/Core/AVR8/USBController_AVR8.o
                0x0000406c                USB_ResetInterface
 .text.USB_Init
                0x000040ec       0x20 src/LUFA/LUFA/Drivers/USB/Core/AVR8/USBController_AVR8.o
                0x000040ec                USB_Init
 .text.USB_INT_DisableAllInterrupts
                0x0000410c       0x10 src/LUFA/LUFA/Drivers/USB/Core/AVR8/USBInterrupt_AVR8.o
                0x0000410c                USB_INT_DisableAllInterrupts
 .text.USB_INT_ClearAllInterrupts
                0x0000411c        0xa src/LUFA/LUFA/Drivers/USB/Core/AVR8/USBInterrupt_AVR8.o
                0x0000411c                USB_INT_ClearAllInterrupts
 .text.__vector_10
                0x00004126      0x190 src/LUFA/LUFA/Drivers/USB/Core/AVR8/USBInterrupt_AVR8.o
                0x00004126                __vector_10
 .text.USB_Device_ProcessControlRequest
                0x000042b6      0x2a8 src/LUFA/LUFA/Drivers/USB/Core/DeviceStandardReq.o
                0x000042b6                USB_Device_ProcessControlRequest
 .text.USB_Event_Stub
                0x0000455e        0x2 src/LUFA/LUFA/Drivers/USB/Core/Events.o
                0x0000455e                EVENT_USB_Device_Reset
                0x0000455e                USB_Event_Stub
 .text.USB_USBTask
                0x00004560       0x38 src/LUFA/LUFA/Drivers/USB/Core/USBTask.o
                0x00004560                USB_USBTask
 .text.libgcc.div
                0x00004598       0x18 c:/program files (x86)/atmel/atmel toolchain/avr8 gcc/native/3.4.1061/avr8-gnu-toolchain/bin/../lib/gcc/avr/4.8.1/avr5\libgcc.a(_udivmodqi4.o)
                0x00004598                __udivmodqi4
 .text.libgcc.div
                0x000045b0       0x26 c:/program files (x86)/atmel/atmel toolchain/avr8 gcc/native/3.4.1061/avr8-gnu-toolchain/bin/../lib/gcc/avr/4.8.1/avr5\libgcc.a(_divmodhi4.o)
                0x000045b0                _div
                0x000045b0                __divmodhi4
 .text.libgcc.div
                0x000045d6       0x44 c:/program files (x86)/atmel/atmel toolchain/avr8 gcc/native/3.4.1061/avr8-gnu-toolchain/bin/../lib/gcc/avr/4.8.1/avr5\libgcc.a(_udivmodsi4.o)
                0x000045d6                __udivmodsi4
 .text.libgcc.mul
                0x0000461a       0x14 c:/program files (x86)/atmel/atmel toolchain/avr8 gcc/native/3.4.1061/avr8-gnu-toolchain/bin/../lib/gcc/avr/4.8.1/avr5\libgcc.a(_muluhisi3.o)
                0x0000461a                __muluhisi3
 .text.libgcc.builtins
                0x0000462e       0x10 c:/program files (x86)/atmel/atmel toolchain/avr8 gcc/native/3.4.1061/avr8-gnu-toolchain/bin/../lib/gcc/avr/4.8.1/avr5\libgcc.a(_clzdi2.o)
                0x0000462e                __clzdi2
 .text.libgcc.builtins
                0x0000463e       0x32 c:/program files (x86)/atmel/atmel toolchain/avr8 gcc/native/3.4.1061/avr8-gnu-toolchain/bin/../lib/gcc/avr/4.8.1/avr5\libgcc.a(_ashldi3.o)
                0x0000463e                __ashldi3
 .text.libgcc   0x00004670       0x18 c:/program files (x86)/atmel/atmel toolchain/avr8 gcc/native/3.4.1061/avr8-gnu-toolchain/bin/../lib/gcc/avr/4.8.1/avr5\libgcc.a(_cmpdi2_s8.o)
                0x00004670                __cmpdi2_s8
 .text.libgcc.div
                0x00004688       0x28 c:/program files (x86)/atmel/atmel toolchain/avr8 gcc/native/3.4.1061/avr8-gnu-toolchain/bin/../lib/gcc/avr/4.8.1/avr5\libgcc.a(_udivmodhi4.o)
                0x00004688                __udivmodhi4
 .text.libgcc.builtins
                0x000046b0        0xe c:/program files (x86)/atmel/atmel toolchain/avr8 gcc/native/3.4.1061/avr8-gnu-toolchain/bin/../lib/gcc/avr/4.8.1/avr5\libgcc.a(_clzsi2.o)
                0x000046b0                __clzsi2
 .text.libgcc.builtins
                0x000046be       0x24 c:/program files (x86)/atmel/atmel toolchain/avr8 gcc/native/3.4.1061/avr8-gnu-toolchain/bin/../lib/gcc/avr/4.8.1/avr5\libgcc.a(_clzhi2.o)
                0x000046be                __clzhi2
 .text.libgcc.mul
                0x000046e2       0x1e c:/program files (x86)/atmel/atmel toolchain/avr8 gcc/native/3.4.1061/avr8-gnu-toolchain/bin/../lib/gcc/avr/4.8.1/avr5\libgcc.a(_umulhisi3.o)
                0x000046e2                __umulhisi3
 .text.avr-libc
                0x00004700       0x10 c:/program files (x86)/atmel/atmel toolchain/avr8 gcc/native/3.4.1061/avr8-gnu-toolchain/bin/../lib/gcc/avr/4.8.1/../../../../avr/lib/avr5\libc.a(toupper.o)
                0x00004700                toupper
 .text.avr-libc
                0x00004710       0x1a c:/program files (x86)/atmel/atmel toolchain/avr8 gcc/native/3.4.1061/avr8-gnu-toolchain/bin/../lib/gcc/avr/4.8.1/../../../../avr/lib/avr5\libc.a(memcmp.o)
                0x00004710                memcmp
 .text.avr-libc
                0x0000472a       0x12 c:/program files (x86)/atmel/atmel toolchain/avr8 gcc/native/3.4.1061/avr8-gnu-toolchain/bin/../lib/gcc/avr/4.8.1/../../../../avr/lib/avr5\libc.a(memcpy.o)
                0x0000472a                memcpy
 .text.avr-libc
                0x0000473c        0xe c:/program files (x86)/atmel/atmel toolchain/avr8 gcc/native/3.4.1061/avr8-gnu-toolchain/bin/../lib/gcc/avr/4.8.1/../../../../avr/lib/avr5\libc.a(memset.o)
                0x0000473c                memset
 .text.avr-libc
                0x0000474a       0x20 c:/program files (x86)/atmel/atmel toolchain/avr8 gcc/native/3.4.1061/avr8-gnu-toolchain/bin/../lib/gcc/avr/4.8.1/../../../../avr/lib/avr5\libc.a(eerd_block_atmega32u4.o)
                0x0000474a                __eerd_block_m32u4
                0x0000474e                __eerd_blraw_m32u4
 .text.avr-libc
                0x0000476a       0x12 c:/program files (x86)/atmel/atmel toolchain/avr8 gcc/native/3.4.1061/avr8-gnu-toolchain/bin/../lib/gcc/avr/4.8.1/../../../../avr/lib/avr5\libc.a(eewr_block_atmega32u4.o)
                0x0000476a                __eewr_block_m32u4
 .text.avr-libc
                0x0000477c       0x1c c:/program files (x86)/atmel/atmel toolchain/avr8 gcc/native/3.4.1061/avr8-gnu-toolchain/bin/../lib/gcc/avr/4.8.1/../../../../avr/lib/avr5\libc.a(eewr_byte_atmega32u4.o)
                0x0000477c                __eewr_byte_m32u4
                0x0000477e                __eewr_r18_m32u4
                0x00004798                . = ALIGN (0x2)
 *(.fini9)
 .fini9         0x00004798        0x0 c:/program files (x86)/atmel/atmel toolchain/avr8 gcc/native/3.4.1061/avr8-gnu-toolchain/bin/../lib/gcc/avr/4.8.1/avr5\libgcc.a(_exit.o)
                0x00004798                _exit
                0x00004798                exit
 *(.fini9)
 *(.fini8)
 *(.fini8)
 *(.fini7)
 *(.fini7)
 *(.fini6)
 *(.fini6)
 *(.fini5)
 *(.fini5)
 *(.fini4)
 *(.fini4)
 *(.fini3)
 *(.fini3)
 *(.fini2)
 *(.fini2)
 *(.fini1)
 *(.fini1)
 *(.fini0)
 .fini0         0x00004798        0x4 c:/program files (x86)/atmel/atmel toolchain/avr8 gcc/native/3.4.1061/avr8-gnu-toolchain/bin/../lib/gcc/avr/4.8.1/avr5\libgcc.a(_exit.o)
 *(.fini0)
                0x0000479c                _etext = .

.data           0x00800100      0x16a load address 0x0000479c
                0x00800100                PROVIDE (__data_start, .)
 *(.data)
 *(.data*)
 .data.Stat     0x00800100        0x1 Lib/FatFS/diskio.o
 .data.SenseData
                0x00800101       0x12 Lib/SCSI.o
 .data.Keyboard_HID_Interface
                0x00800113       0x10 Keyboard.o
                0x00800113                Keyboard_HID_Interface
 .data.Disk_MS_Interface
                0x00800123       0x39 Keyboard.o
                0x00800123                Disk_MS_Interface
 *(.rodata)
 *(.rodata*)
 .rodata.str1.1
                0x0080015c       0x4c Calibrate.o
 .rodata.str1.1
                0x008001a8        0xf Lib/FatFS/ff.o
 .rodata.ExCvt  0x008001b7       0x80 Lib/FatFS/ff.o
 .rodata.InquiryData
                0x00800237       0x24 Lib/SCSI.o
 .rodata.str1.1
                0x0080025b        0xe Keyboard.o
                                  0xf (size before relaxing)
 *(.gnu.linkonce.d*)
                0x0080026a                . = ALIGN (0x2)
 *fill*         0x00800269        0x1 
                0x0080026a                _edata = .
                0x0080026a                PROVIDE (__data_end, .)

.bss            0x0080026a      0x552
                0x0080026a                PROVIDE (__bss_start, .)
 *(.bss)
 *(.bss*)
 .bss.CardType  0x0080026a        0x1 Lib/FatFS/diskio.o
 .bss.Fsid      0x0080026b        0x2 Lib/FatFS/ff.o
 .bss.FatFs     0x0080026d        0x2 Lib/FatFS/ff.o
 .bss.SDCard_Present
                0x0080026f        0x1 Lib/SDCardManager.o
 .bss.Buffer    0x00800270      0x200 Lib/SDCardManager.o
 .bss.UART_LastRxError
                0x00800470        0x1 uart.o
 .bss.UART_RxTail
                0x00800471        0x1 uart.o
 .bss.UART_RxHead
                0x00800472        0x1 uart.o
 .bss.UART_TxTail
                0x00800473        0x1 uart.o
 .bss.UART_TxHead
                0x00800474        0x1 uart.o
 .bss.UART_RxBuf
                0x00800475        0x8 uart.o
 .bss.UART_TxBuf
                0x0080047d       0x10 uart.o
 .bss.PrevKeyboardHIDReportBuffer
                0x0080048d        0x8 Keyboard.o
 .bss.FileIsOpen
                0x00800495        0x1 Keyboard.o
 .bss.TempLogFile
                0x00800496       0x20 Keyboard.o
 .bss.DiskFATState
                0x008004b6      0x22e Keyboard.o
 *(COMMON)
 COMMON         0x008006e4       0xcb Keyboard.o
                0x008006e4                KeyBufferMod
                0x008006e5                KeyCodeLookUpTable
                0x00800725                ReedSwitchLookUpTable
                0x00800729                TMR1_Count
                0x0080072b                KeyBuffer
                0x0080072d                ShiftKeyCodeLookUpTable
                0x0080076d                Typewriter_Mode
                0x0080076f                FnKeyCodeLookUpTable
 COMMON         0x008007af        0x3 src/LUFA/LUFA/Drivers/USB/Core/DeviceStandardReq.o
                0x008007af                USB_Device_ConfigurationNumber
                0x008007b0                USB_Device_CurrentlySelfPowered
                0x008007b1                USB_Device_RemoteWakeupEnabled
 COMMON         0x008007b2        0xa src/LUFA/LUFA/Drivers/USB/Core/USBTask.o
                0x008007b2                USB_IsInitialized
                0x008007b3                USB_DeviceState
                0x008007b4                USB_ControlRequest
                0x008007bc                PROVIDE (__bss_end, .)
                0x0000479c                __data_load_start = LOADADDR (.data)
                0x00004906                __data_load_end = (__data_load_start + SIZEOF (.data))

.noinit         0x008007bc        0x0
                0x008007bc                PROVIDE (__noinit_start, .)
 *(.noinit*)
                0x008007bc                PROVIDE (__noinit_end, .)
                0x008007bc                _end = .
                0x008007bc                PROVIDE (__heap_start, .)

.eeprom         0x00810000        0x0
 *(.eeprom*)
                0x00810000                __eeprom_end = .

.fuse
 *(.fuse)
 *(.lfuse)
 *(.hfuse)
 *(.efuse)

.lock
 *(.lock*)

.signature
 *(.signature*)

.user_signatures
 *(.user_signatures*)

.stab
 *(.stab)

.stabstr
 *(.stabstr)

.stab.excl
 *(.stab.excl)

.stab.exclstr
 *(.stab.exclstr)

.stab.index
 *(.stab.index)

.stab.indexstr
 *(.stab.indexstr)

.comment        0x00000000       0x30
 *(.comment)
 .comment       0x00000000       0x30 Bluetooth.o
                                 0x31 (size before relaxing)
 .comment       0x00000000       0x31 Calibrate.o
 .comment       0x00000000       0x31 Config_Interrupts.o
 .comment       0x00000000       0x31 Config_IO.o
 .comment       0x00000000       0x31 Init_Mode.o
 .comment       0x00000000       0x31 Descriptors.o
 .comment       0x00000000       0x31 Lib/FatFS/diskio.o
 .comment       0x00000000       0x31 Lib/FatFS/ff.o
 .comment       0x00000000       0x31 Lib/SCSI.o
 .comment       0x00000000       0x31 Lib/SDCardManager.o
 .comment       0x00000000       0x31 uart.o
 .comment       0x00000000       0x31 Keyboard.o
 .comment       0x00000000       0x31 Send.o
 .comment       0x00000000       0x31 Sense_Keys.o
 .comment       0x00000000       0x31 src/LUFA/LUFA/Drivers/USB/Class/Device/HIDClassDevice.o
 .comment       0x00000000       0x31 src/LUFA/LUFA/Drivers/USB/Class/Device/MassStorageClassDevice.o
 .comment       0x00000000       0x31 src/LUFA/LUFA/Drivers/USB/Core/AVR8/EndpointStream_AVR8.o
 .comment       0x00000000       0x31 src/LUFA/LUFA/Drivers/USB/Core/AVR8/Endpoint_AVR8.o
 .comment       0x00000000       0x31 src/LUFA/LUFA/Drivers/USB/Core/AVR8/USBController_AVR8.o
 .comment       0x00000000       0x31 src/LUFA/LUFA/Drivers/USB/Core/AVR8/USBInterrupt_AVR8.o
 .comment       0x00000000       0x31 src/LUFA/LUFA/Drivers/USB/Core/DeviceStandardReq.o
 .comment       0x00000000       0x31 src/LUFA/LUFA/Drivers/USB/Core/Events.o
 .comment       0x00000000       0x31 src/LUFA/LUFA/Drivers/USB/Core/USBTask.o

.note.gnu.build-id
 *(.note.gnu.build-id)

.debug
 *(.debug)

.line
 *(.line)

.debug_srcinfo
 *(.debug_srcinfo)

.debug_sfnames
 *(.debug_sfnames)

.debug_aranges
 *(.debug_aranges)

.debug_pubnames
 *(.debug_pubnames)

.debug_info
 *(.debug_info .gnu.linkonce.wi.*)

.debug_abbrev
 *(.debug_abbrev)

.debug_line
 *(.debug_line .debug_line.* .debug_line_end)

.debug_frame
 *(.debug_frame)

.debug_str
 *(.debug_str)

.debug_loc
 *(.debug_loc)

.debug_macinfo
 *(.debug_macinfo)

.debug_weaknames
 *(.debug_weaknames)

.debug_funcnames
 *(.debug_funcnames)

.debug_typenames
 *(.debug_typenames)

.debug_varnames
 *(.debug_varnames)

.debug_pubtypes
 *(.debug_pubtypes)

.debug_ranges
 *(.debug_ranges)

.debug_macro
 *(.debug_macro)
OUTPUT(USB Typewriter P2S.elf elf32-avr)
LOAD linker stubs
