Archive member included because of file (symbol)

c:/program files (x86)/atmel/atmel toolchain/avr8 gcc/native/3.4.1061/avr8-gnu-toolchain/bin/../lib/gcc/avr/4.8.1/avr5\libgcc.a(_udivmodqi4.o)
                              Send.o (__udivmodqi4)
c:/program files (x86)/atmel/atmel toolchain/avr8 gcc/native/3.4.1061/avr8-gnu-toolchain/bin/../lib/gcc/avr/4.8.1/avr5\libgcc.a(_divmodhi4.o)
                              Send.o (__divmodhi4)
c:/program files (x86)/atmel/atmel toolchain/avr8 gcc/native/3.4.1061/avr8-gnu-toolchain/bin/../lib/gcc/avr/4.8.1/avr5\libgcc.a(_udivmodsi4.o)
                              Lib/FatFS/ff.o (__udivmodsi4)
c:/program files (x86)/atmel/atmel toolchain/avr8 gcc/native/3.4.1061/avr8-gnu-toolchain/bin/../lib/gcc/avr/4.8.1/avr5\libgcc.a(_exit.o)
                              c:/program files (x86)/atmel/atmel toolchain/avr8 gcc/native/3.4.1061/avr8-gnu-toolchain/bin/../lib/gcc/avr/4.8.1/../../../../avr/lib/avr5/crtm32u4.o (exit)
c:/program files (x86)/atmel/atmel toolchain/avr8 gcc/native/3.4.1061/avr8-gnu-toolchain/bin/../lib/gcc/avr/4.8.1/avr5\libgcc.a(_copy_data.o)
                              Bluetooth.o (__do_copy_data)
c:/program files (x86)/atmel/atmel toolchain/avr8 gcc/native/3.4.1061/avr8-gnu-toolchain/bin/../lib/gcc/avr/4.8.1/avr5\libgcc.a(_clear_bss.o)
                              Config_IO.o (__do_clear_bss)
c:/program files (x86)/atmel/atmel toolchain/avr8 gcc/native/3.4.1061/avr8-gnu-toolchain/bin/../lib/gcc/avr/4.8.1/avr5\libgcc.a(_muluhisi3.o)
                              KeyLogging.o (__muluhisi3)
c:/program files (x86)/atmel/atmel toolchain/avr8 gcc/native/3.4.1061/avr8-gnu-toolchain/bin/../lib/gcc/avr/4.8.1/avr5\libgcc.a(_clzdi2.o)
                              Sense_Keys.o (__clzdi2)
c:/program files (x86)/atmel/atmel toolchain/avr8 gcc/native/3.4.1061/avr8-gnu-toolchain/bin/../lib/gcc/avr/4.8.1/avr5\libgcc.a(_ashldi3.o)
                              Sense_Keys.o (__ashldi3)
c:/program files (x86)/atmel/atmel toolchain/avr8 gcc/native/3.4.1061/avr8-gnu-toolchain/bin/../lib/gcc/avr/4.8.1/avr5\libgcc.a(_ashrdi3.o)
                              Sense_Keys.o (__lshrdi3)
c:/program files (x86)/atmel/atmel toolchain/avr8 gcc/native/3.4.1061/avr8-gnu-toolchain/bin/../lib/gcc/avr/4.8.1/avr5\libgcc.a(_cmpdi2_s8.o)
                              Sense_Keys.o (__cmpdi2_s8)
c:/program files (x86)/atmel/atmel toolchain/avr8 gcc/native/3.4.1061/avr8-gnu-toolchain/bin/../lib/gcc/avr/4.8.1/avr5\libgcc.a(_udivmodhi4.o)
                              c:/program files (x86)/atmel/atmel toolchain/avr8 gcc/native/3.4.1061/avr8-gnu-toolchain/bin/../lib/gcc/avr/4.8.1/avr5\libgcc.a(_divmodhi4.o) (__udivmodhi4)
c:/program files (x86)/atmel/atmel toolchain/avr8 gcc/native/3.4.1061/avr8-gnu-toolchain/bin/../lib/gcc/avr/4.8.1/avr5\libgcc.a(_clzsi2.o)
                              c:/program files (x86)/atmel/atmel toolchain/avr8 gcc/native/3.4.1061/avr8-gnu-toolchain/bin/../lib/gcc/avr/4.8.1/avr5\libgcc.a(_clzdi2.o) (__clzsi2)
c:/program files (x86)/atmel/atmel toolchain/avr8 gcc/native/3.4.1061/avr8-gnu-toolchain/bin/../lib/gcc/avr/4.8.1/avr5\libgcc.a(_clzhi2.o)
                              c:/program files (x86)/atmel/atmel toolchain/avr8 gcc/native/3.4.1061/avr8-gnu-toolchain/bin/../lib/gcc/avr/4.8.1/avr5\libgcc.a(_clzsi2.o) (__clzhi2)
c:/program files (x86)/atmel/atmel toolchain/avr8 gcc/native/3.4.1061/avr8-gnu-toolchain/bin/../lib/gcc/avr/4.8.1/avr5\libgcc.a(_umulhisi3.o)
                              c:/program files (x86)/atmel/atmel toolchain/avr8 gcc/native/3.4.1061/avr8-gnu-toolchain/bin/../lib/gcc/avr/4.8.1/avr5\libgcc.a(_muluhisi3.o) (__umulhisi3)
c:/program files (x86)/atmel/atmel toolchain/avr8 gcc/native/3.4.1061/avr8-gnu-toolchain/bin/../lib/gcc/avr/4.8.1/../../../../avr/lib/avr5\libc.a(toupper.o)
                              Send.o (toupper)
c:/program files (x86)/atmel/atmel toolchain/avr8 gcc/native/3.4.1061/avr8-gnu-toolchain/bin/../lib/gcc/avr/4.8.1/../../../../avr/lib/avr5\libc.a(memcpy_P.o)
                              src/LUFA/LUFA/Drivers/USB/Class/Device/RNDISClassDevice.o (memcpy_P)
c:/program files (x86)/atmel/atmel toolchain/avr8 gcc/native/3.4.1061/avr8-gnu-toolchain/bin/../lib/gcc/avr/4.8.1/../../../../avr/lib/avr5\libc.a(strcpy_P.o)
                              Send.o (strcpy_P)
c:/program files (x86)/atmel/atmel toolchain/avr8 gcc/native/3.4.1061/avr8-gnu-toolchain/bin/../lib/gcc/avr/4.8.1/../../../../avr/lib/avr5\libc.a(memcmp.o)
                              src/LUFA/LUFA/Drivers/USB/Class/Device/HIDClassDevice.o (memcmp)
c:/program files (x86)/atmel/atmel toolchain/avr8 gcc/native/3.4.1061/avr8-gnu-toolchain/bin/../lib/gcc/avr/4.8.1/../../../../avr/lib/avr5\libc.a(memcpy.o)
                              src/LUFA/LUFA/Drivers/USB/Class/Device/HIDClassDevice.o (memcpy)
c:/program files (x86)/atmel/atmel toolchain/avr8 gcc/native/3.4.1061/avr8-gnu-toolchain/bin/../lib/gcc/avr/4.8.1/../../../../avr/lib/avr5\libc.a(memset.o)
[...]
Memory Configuration

Name             Origin             Length             Attributes
text             0x00000000         0x00020000         xr
data             0x00800060         0x0000ffa0         rw !x
eeprom           0x00810000         0x00010000         rw !x
fuse             0x00820000         0x00000400         rw !x
lock             0x00830000         0x00000400         rw !x
signature        0x00840000         0x00000400         rw !x
user_signatures  0x00850000         0x00000400         rw !x
*default*        0x00000000         0xffffffff

Linker script and memory map

Address of section .data set to 0x800100
LOAD c:/program files (x86)/atmel/atmel toolchain/avr8 gcc/native/3.4.1061/avr8-gnu-toolchain/bin/../lib/gcc/avr/4.8.1/../../../../avr/lib/avr5/crtm32u4.o
LOAD Bluetooth.o
LOAD Calibrate.o
LOAD Config_Interrupts.o
LOAD Config_IO.o
LOAD Descriptors.o
LOAD KeyLogging.o
LOAD Lib/FatFS/diskio.o
LOAD Lib/FatFS/ff.o
LOAD Lib/SCSI.o
LOAD Lib/SDCardManager.o
LOAD uart.o
LOAD Keyboard.o
LOAD Send.o
LOAD Sense_Keys.o
LOAD src/LUFA/LUFA/Drivers/USB/Class/Common/HIDParser.o
LOAD src/LUFA/LUFA/Drivers/USB/Class/Device/AudioClassDevice.o
LOAD src/LUFA/LUFA/Drivers/USB/Class/Device/CDCClassDevice.o
LOAD src/LUFA/LUFA/Drivers/USB/Class/Device/HIDClassDevice.o
LOAD src/LUFA/LUFA/Drivers/USB/Class/Device/MassStorageClassDevice.o
LOAD src/LUFA/LUFA/Drivers/USB/Class/Device/MIDIClassDevice.o
LOAD src/LUFA/LUFA/Drivers/USB/Class/Device/PrinterClassDevice.o
LOAD src/LUFA/LUFA/Drivers/USB/Class/Device/RNDISClassDevice.o
LOAD src/LUFA/LUFA/Drivers/USB/Class/Host/AndroidAccessoryClassHost.o
LOAD src/LUFA/LUFA/Drivers/USB/Class/Host/AudioClassHost.o
LOAD src/LUFA/LUFA/Drivers/USB/Class/Host/CDCClassHost.o
LOAD src/LUFA/LUFA/Drivers/USB/Class/Host/HIDClassHost.o
LOAD src/LUFA/LUFA/Drivers/USB/Class/Host/MassStorageClassHost.o
LOAD src/LUFA/LUFA/Drivers/USB/Class/Host/MIDIClassHost.o
LOAD src/LUFA/LUFA/Drivers/USB/Class/Host/PrinterClassHost.o
LOAD src/LUFA/LUFA/Drivers/USB/Class/Host/RNDISClassHost.o
LOAD src/LUFA/LUFA/Drivers/USB/Class/Host/StillImageClassHost.o
LOAD src/LUFA/LUFA/Drivers/USB/Core/AVR8/Device_AVR8.o
LOAD src/LUFA/LUFA/Drivers/USB/Core/AVR8/EndpointStream_AVR8.o
LOAD src/LUFA/LUFA/Drivers/USB/Core/AVR8/Endpoint_AVR8.o
LOAD src/LUFA/LUFA/Drivers/USB/Core/AVR8/Host_AVR8.o
LOAD src/LUFA/LUFA/Drivers/USB/Core/AVR8/PipeStream_AVR8.o
LOAD src/LUFA/LUFA/Drivers/USB/Core/AVR8/Pipe_AVR8.o
LOAD src/LUFA/LUFA/Drivers/USB/Core/AVR8/Template/Template_Endpoint_Control_R.o
LOAD src/LUFA/LUFA/Drivers/USB/Core/AVR8/Template/Template_Endpoint_Control_W.o
LOAD src/LUFA/LUFA/Drivers/USB/Core/AVR8/Template/Template_Endpoint_RW.o
LOAD src/LUFA/LUFA/Drivers/USB/Core/AVR8/Template/Template_Pipe_RW.o
LOAD src/LUFA/LUFA/Drivers/USB/Core/AVR8/USBController_AVR8.o
LOAD src/LUFA/LUFA/Drivers/USB/Core/AVR8/USBInterrupt_AVR8.o
LOAD src/LUFA/LUFA/Drivers/USB/Core/ConfigDescriptors.o
LOAD src/LUFA/LUFA/Drivers/USB/Core/DeviceStandardReq.o
LOAD src/LUFA/LUFA/Drivers/USB/Core/Events.o
LOAD src/LUFA/LUFA/Drivers/USB/Core/HostStandardReq.o
LOAD src/LUFA/LUFA/Drivers/USB/Core/USBTask.o
START GROUP
LOAD c:/program files (x86)/atmel/atmel toolchain/avr8 gcc/native/3.4.1061/avr8-gnu-toolchain/bin/../lib/gcc/avr/4.8.1/../../../../avr/lib/avr5\libm.a
END GROUP
START GROUP
LOAD c:/program files (x86)/atmel/atmel toolchain/avr8 gcc/native/3.4.1061/avr8-gnu-toolchain/bin/../lib/gcc/avr/4.8.1/avr5\libgcc.a
LOAD c:/program files (x86)/atmel/atmel toolchain/avr8 gcc/native/3.4.1061/avr8-gnu-toolchain/bin/../lib/gcc/avr/4.8.1/../../../../avr/lib/avr5\libm.a
LOAD c:/program files (x86)/atmel/atmel toolchain/avr8 gcc/native/3.4.1061/avr8-gnu-toolchain/bin/../lib/gcc/avr/4.8.1/../../../../avr/lib/avr5\libc.a
END GROUP

.hash
 *(.hash)

.dynsym
 *(.dynsym)

.dynstr
 *(.dynstr)

.gnu.version
 *(.gnu.version)

.gnu.version_d
 *(.gnu.version_d)

.gnu.version_r
 *(.gnu.version_r)

.rel.init
 *(.rel.init)

.rela.init
 *(.rela.init)

.rel.text
 *(.rel.text)
 *(.rel.text.*)
 *(.rel.gnu.linkonce.t*)

.rela.text
 *(.rela.text)
 *(.rela.text.*)
 *(.rela.gnu.linkonce.t*)

.rel.fini
 *(.rel.fini)

.rela.fini
 *(.rela.fini)

.rel.rodata
 *(.rel.rodata)
 *(.rel.rodata.*)
 *(.rel.gnu.linkonce.r*)

.rela.rodata
 *(.rela.rodata)
 *(.rela.rodata.*)
 *(.rela.gnu.linkonce.r*)

.rel.data
 *(.rel.data)
 *(.rel.data.*)
 *(.rel.gnu.linkonce.d*)

.rela.data
 *(.rela.data)
 *(.rela.data.*)
 *(.rela.gnu.linkonce.d*)

.rel.ctors
 *(.rel.ctors)

.rela.ctors
 *(.rela.ctors)

.rel.dtors
 *(.rel.dtors)

.rela.dtors
 *(.rela.dtors)

.rel.got
 *(.rel.got)

.rela.got
 *(.rela.got)

.rel.bss
 *(.rel.bss)

.rela.bss
 *(.rela.bss)

.rel.plt
 *(.rel.plt)

.rela.plt
 *(.rela.plt)

.text           0x00000000     0x6b00
 *(.vectors)
 .vectors       0x00000000       0xac c:/program files (x86)/atmel/atmel toolchain/avr8 gcc/native/3.4.1061/avr8-gnu-toolchain/bin/../lib/gcc/avr/4.8.1/../../../../avr/lib/avr5/crtm32u4.o
                0x00000000                __vector_default
                0x00000000                __vectors
 *(.vectors)
 *(.progmem.gcc*)
                0x000000ac                . = ALIGN (0x2)
                0x000000ac                __trampolines_start = .
 *(.trampolines)
 .trampolines   0x000000ac        0x0 linker stubs
 *(.trampolines*)
                0x000000ac                __trampolines_end = .
 *(.progmem*)
 .progmem.data.Str_Settings_Saved
                0x000000ac       0x11 Calibrate.o
                0x000000ac                Str_Settings_Saved
 .progmem.data.Str_Spacebar_Blocks_Enter
                0x000000bd       0x2a Calibrate.o
                0x000000bd                Str_Spacebar_Blocks_Enter
 .progmem.data.Str_Set_Reed_Time
                0x000000e7       0x20 Calibrate.o
                0x000000e7                Str_Set_Reed_Time
 .progmem.data.Str_Set_Double_Time
                0x00000107       0x2e Calibrate.o
                0x00000107                Str_Set_Double_Time
 .progmem.data.Str_Set_Release_Time
                0x00000135       0x1e Calibrate.o
                0x00000135                Str_Set_Release_Time
 .progmem.data.Str_Set_Reaction_Time
                0x00000153       0x30 Calibrate.o
                0x00000153                Str_Set_Reaction_Time
 .progmem.data.Str_Press_CMD
                0x00000183       0x1e Calibrate.o
                0x00000183                Str_Press_CMD
 .progmem.data.Str_Adj_Sensitivity
                0x000001a1       0x1c Calibrate.o
                0x000001a1                Str_Adj_Sensitivity
 .progmem.data.Str_No_Hall
                0x000001bd       0x31 Calibrate.o
                0x000001bd                Str_No_Hall
 .progmem.data.Str_Calibrate_Hall
                0x000001ee       0x36 Calibrate.o
                0x000001ee                Str_Calibrate_Hall
 .progmem.data.Str_Backspace
                0x00000224        0xa Calibrate.o
                0x00000224                Str_Backspace
 .progmem.data.Str_Enter
                0x0000022e        0x6 Calibrate.o
                0x0000022e                Str_Enter
 .progmem.data.Str_Spacebar
                0x00000234        0x9 Calibrate.o
                0x00000234                Str_Spacebar
 .progmem.data.Str_Quick_Calibrate
                0x0000023d       0x1b Calibrate.o
                0x0000023d                Str_Quick_Calibrate
 .progmem.data.Str_No_Dummy_Load
                0x00000258       0x18 Calibrate.o
                0x00000258                Str_No_Dummy_Load
 .progmem.data.Str_Dummy_Load
                0x00000270       0x16 Calibrate.o
                0x00000270                Str_Dummy_Load
 .progmem.data.Str_Shift_Error
                0x00000286       0x26 Calibrate.o
                0x00000286                Str_Shift_Error
 .progmem.data.Str_Type_The_Following
                0x000002ac       0x32 Calibrate.o
                0x000002ac                Str_Type_The_Following
 .progmem.data.Str_Calibrating
                0x000002de       0x10 Calibrate.o
                0x000002de                Str_Calibrating
 .progmem.data.Str_SD_Mode
                0x000002ee       0x16 Calibrate.o
                0x000002ee                Str_SD_Mode
 .progmem.data.Str_Combo_Mode
                0x00000304       0x1f Calibrate.o
                0x00000304                Str_Combo_Mode
 .progmem.data.Str_Light_Mode
                0x00000323       0x26 Calibrate.o
                0x00000323                Str_Light_Mode
 .progmem.data.Str_BT_Mode
                0x00000349       0x19 Calibrate.o
                0x00000349                Str_BT_Mode
 .progmem.data.Str_Typewriter_Mode
                0x00000362       0x12 Calibrate.o
                0x00000362                Str_Typewriter_Mode
 .progmem.data.Str_Firmware_Ver
                0x00000374       0x13 Calibrate.o
                0x00000374                Str_Firmware_Ver
 .progmem.data.Str_USB_Typewriter
                0x00000387       0x15 Calibrate.o
                0x00000387                Str_USB_Typewriter
 .progmem.data.ProductString
                0x0000039c       0x32 Descriptors.o
                0x0000039c                ProductString
 .progmem.data.ManufacturerString
                0x000003ce       0x28 Descriptors.o
                0x000003ce                ManufacturerString
 .progmem.data.LanguageString
                0x000003f6        0x4 Descriptors.o
                0x000003f6                LanguageString
 .progmem.data.ConfigurationDescriptor
                0x000003fa       0x39 Descriptors.o
                0x000003fa                ConfigurationDescriptor
 .progmem.data.DeviceDescriptor
                0x00000433       0x12 Descriptors.o
                0x00000433                DeviceDescriptor
 .progmem.data.KeyboardReport
                0x00000445       0x3f Descriptors.o
                0x00000445                KeyboardReport
                0x00000484                . = ALIGN (0x2)
 *(.jumptables)
 *(.jumptables*)
 *(.lowtext)
 *(.lowtext*)
                0x00000484                __ctors_start = .
 *(.ctors)
                0x00000484                __ctors_end = .
                0x00000484                __dtors_start = .
 *(.dtors)
                0x00000484                __dtors_end = .
 SORT(*)(.ctors)
 SORT(*)(.dtors)
 *(.init0)
 .init0         0x00000484        0x0 c:/program files (x86)/atmel/atmel toolchain/avr8 gcc/native/3.4.1061/avr8-gnu-toolchain/bin/../lib/gcc/avr/4.8.1/../../../../avr/lib/avr5/crtm32u4.o
                0x00000484                __init
 *(.init0)
 *(.init1)
 *(.init1)
 *(.init2)
 .init2         0x00000484        0xc c:/program files (x86)/atmel/atmel toolchain/avr8 gcc/native/3.4.1061/avr8-gnu-toolchain/bin/../lib/gcc/avr/4.8.1/../../../../avr/lib/avr5/crtm32u4.o
 *(.init2)
 *(.init3)
 *(.init3)
 *(.init4)
 .init4         0x00000490       0x16 c:/program files (x86)/atmel/atmel toolchain/avr8 gcc/native/3.4.1061/avr8-gnu-toolchain/bin/../lib/gcc/avr/4.8.1/avr5\libgcc.a(_copy_data.o)
                0x00000490                __do_copy_data
 .init4         0x000004a6       0x10 c:/program files (x86)/atmel/atmel toolchain/avr8 gcc/native/3.4.1061/avr8-gnu-toolchain/bin/../lib/gcc/avr/4.8.1/avr5\libgcc.a(_clear_bss.o)
                0x000004a6                __do_clear_bss
 *(.init4)
 *(.init5)
 *(.init5)
 *(.init6)
 *(.init6)
 *(.init7)
 *(.init7)
 *(.init8)
 *(.init8)
 *(.init9)
 .init9         0x000004b6        0x8 c:/program files (x86)/atmel/atmel toolchain/avr8 gcc/native/3.4.1061/avr8-gnu-toolchain/bin/../lib/gcc/avr/4.8.1/../../../../avr/lib/avr5/crtm32u4.o
 *(.init9)
 *(.text)
 .text          0x000004be        0x2 c:/program files (x86)/atmel/atmel toolchain/avr8 gcc/native/3.4.1061/avr8-gnu-toolchain/bin/../lib/gcc/avr/4.8.1/../../../../avr/lib/avr5/crtm32u4.o
                0x000004be                __vector_38
                0x000004be                __vector_22
                0x000004be                __vector_28
                0x000004be                __vector_1
                0x000004be                __vector_32
                0x000004be                __vector_34
                0x000004be                __vector_24
                0x000004be                __vector_12
                0x000004be                __bad_interrupt
                0x000004be                __vector_6
                0x000004be                __vector_31
                0x000004be                __vector_35
                0x000004be                __vector_39
                0x000004be                __vector_3
                0x000004be                __vector_23
                0x000004be                __vector_30
                0x000004be                __vector_11
                0x000004be                __vector_13
                0x000004be                __vector_19
                0x000004be                __vector_7
                0x000004be                __vector_27
                0x000004be                __vector_5
                0x000004be                __vector_33
                0x000004be                __vector_37
                0x000004be                __vector_4
                0x000004be                __vector_9
                0x000004be                __vector_2
                0x000004be                __vector_21
                0x000004be                __vector_15
                0x000004be                __vector_36
                0x000004be                __vector_29
                0x000004be                __vector_40
                0x000004be                __vector_8
                0x000004be                __vector_14
                0x000004be                __vector_16
                0x000004be                __vector_18
                0x000004be                __vector_20
                0x000004be                __vector_42
                0x000004c0                . = ALIGN (0x2)
 *(.text.*)
 .text.Bluetooth_Send
                0x000004c0       0x52 Bluetooth.o
                0x000004c0                Bluetooth_Send
 .text.Bluetooth_Reset
                0x00000512       0x38 Bluetooth.o
                0x00000512                Bluetooth_Reset
 .text.Bluetooth_Init
                0x0000054a        0x2 Bluetooth.o
                0x0000054a                Bluetooth_Init
 .text.Get_Response
                0x0000054c       0x36 Bluetooth.o
                0x0000054c                Get_Response
 .text.Bluetooth_Send_CMD
                0x00000582       0x42 Bluetooth.o
                0x00000582                Bluetooth_Send_CMD
 .text.Bluetooth_Enter_CMD_Mode
                0x000005c4       0x18 Bluetooth.o
                0x000005c4                Bluetooth_Enter_CMD_Mode
 .text.Bluetooth_Configure
                0x000005dc       0xc0 Bluetooth.o
                0x000005dc                Bluetooth_Configure
 .text.SaveCalibration
                0x0000069c       0x8c Calibrate.o
                0x0000069c                SaveCalibration
 .text.DetectHallSensor
                0x00000728       0x7c Calibrate.o
                0x00000728                DetectHallSensor
 .text.WaitForKeypress
                0x000007a4       0x1e Calibrate.o
                0x000007a4                WaitForKeypress
 .text.TeachHIDKey
                0x000007c2       0x58 Calibrate.o
                0x000007c2                TeachHIDKey
 .text.CalibrateReeds
                0x0000081a      0x140 Calibrate.o
                0x0000081a                CalibrateReeds
 .text.QuickCalibrate
                0x0000095a       0xa6 Calibrate.o
                0x0000095a                QuickCalibrate
 .text.TeachASCIIKey
                0x00000a00       0x1a Calibrate.o
                0x00000a00                TeachASCIIKey
 .text.Calibrate
                0x00000a1a      0x436 Calibrate.o
                0x00000a1a                Calibrate
 .text.Adjust_Sensitivity
                0x00000e50      0x200 Calibrate.o
                0x00000e50                Adjust_Sensitivity
 .text.Config_Interrupts
                0x00001050       0x28 Config_Interrupts.o
                0x00001050                Config_Interrupts
 .text.Config_IO
                0x00001078       0x60 Config_IO.o
                0x00001078                Config_IO
 .text.GlowGreenLED
                0x000010d8       0x8a Config_IO.o
                0x000010d8                GlowGreenLED
 .text.__vector_41
                0x00001162       0x5e Config_IO.o
                0x00001162                __vector_41
 .text.CALLBACK_USB_GetDescriptor
                0x000011c0       0x86 Descriptors.o
                0x000011c0                CALLBACK_USB_GetDescriptor
 .text.OpenLogFile
                0x00001246       0x4e KeyLogging.o
                0x00001246                OpenLogFile
 .text.CloseLogFile
                0x00001294       0x10 KeyLogging.o
                0x00001294                CloseLogFile
 .text.MountFilesystem
                0x000012a4       0x1a KeyLogging.o
                0x000012a4                MountFilesystem
 .text.get_num_of_sectors
                0x000012be       0x5c KeyLogging.o
                0x000012be                get_num_of_sectors
 .text.WriteToLogFile
                0x0000131a       0x70 KeyLogging.o
                0x0000131a                WriteToLogFile
 .text.TestSDHardware
                0x0000138a       0x40 KeyLogging.o
                0x0000138a                TestSDHardware
 .text.AddToSDBuffer
                0x000013ca       0xa2 KeyLogging.o
                0x000013ca                AddToSDBuffer
 .text.LogKeystrokes
                0x0000146c      0x178 KeyLogging.o
                0x0000146c                LogKeystrokes
 .text.dly_us   0x000015e4        0xc Lib/FatFS/diskio.o
 .text.xmit_mmc
                0x000015f0       0x82 Lib/FatFS/diskio.o
 .text.rcvr_mmc
                0x00001672       0x66 Lib/FatFS/diskio.o
 .text.wait_ready
                0x000016d8       0x4a Lib/FatFS/diskio.o
 .text.deselect
                0x00001722       0x1e Lib/FatFS/diskio.o
 .text.select   0x00001740       0x3a Lib/FatFS/diskio.o
 .text.rcvr_datablock
                0x0000177a       0x76 Lib/FatFS/diskio.o
 .text.send_cmd
                0x000017f0       0xba Lib/FatFS/diskio.o
 .text.xmit_datablock
                0x000018aa       0x70 Lib/FatFS/diskio.o
 .text.disk_status
                0x0000191a        0xe Lib/FatFS/diskio.o
                0x0000191a                disk_status
 .text.disk_initialize
                0x00001928      0x14c Lib/FatFS/diskio.o
                0x00001928                disk_initialize
 .text.disk_read
                0x00001a74       0x90 Lib/FatFS/diskio.o
                0x00001a74                disk_read
 .text.disk_write
                0x00001b04       0xc4 Lib/FatFS/diskio.o
                0x00001b04                disk_write
 .text.disk_ioctl
                0x00001bc8      0x136 Lib/FatFS/diskio.o
                0x00001bc8                disk_ioctl
 .text.mem_cpy  0x00001cfe       0x46 Lib/FatFS/ff.o
 .text.get_fileinfo
                0x00001d44       0x90 Lib/FatFS/ff.o
 .text.get_ldnumber
                0x00001dd4       0x3e Lib/FatFS/ff.o
 .text.validate
                0x00001e12       0x3c Lib/FatFS/ff.o
 .text.sync_window
                0x00001e4e       0xcc Lib/FatFS/ff.o
 .text.move_window
                0x00001f1a       0x78 Lib/FatFS/ff.o
 .text.check_fs
                0x00001f92       0x78 Lib/FatFS/ff.o
 .text.find_volume
                0x0000200a      0x4ca Lib/FatFS/ff.o
 .text.sync_fs  0x000024d4       0xce Lib/FatFS/ff.o
 .text.clust2sect
                0x000025a2       0x52 Lib/FatFS/ff.o
                0x000025a2                clust2sect
 .text.get_fat  0x000025f4      0x188 Lib/FatFS/ff.o
                0x000025f4                get_fat
 .text.dir_sdi  0x0000277c      0x14a Lib/FatFS/ff.o
 .text.put_fat  0x000028c6      0x1e4 Lib/FatFS/ff.o
                0x000028c6                put_fat
 .text.create_chain
                0x00002aaa      0x1ba Lib/FatFS/ff.o
 .text.dir_next
                0x00002c64      0x202 Lib/FatFS/ff.o
 .text.follow_path
                0x00002e66      0x236 Lib/FatFS/ff.o
 .text.dir_register
                0x0000309c       0x96 Lib/FatFS/ff.o
 .text.remove_chain
                0x00003132       0xe4 Lib/FatFS/ff.o
 .text.f_mount  0x00003216       0x90 Lib/FatFS/ff.o
                0x00003216                f_mount
 .text.f_open   0x000032a6      0x254 Lib/FatFS/ff.o
                0x000032a6                f_open
 .text.f_write  0x000034fa      0x324 Lib/FatFS/ff.o
                0x000034fa                f_write
 .text.f_sync   0x0000381e       0x86 Lib/FatFS/ff.o
                0x0000381e                f_sync
 .text.f_close  0x000038a4       0x20 Lib/FatFS/ff.o
                0x000038a4                f_close
 .text.f_lseek  0x000038c4      0x33e Lib/FatFS/ff.o
                0x000038c4                f_lseek
 .text.f_stat   0x00003c02       0x84 Lib/FatFS/ff.o
                0x00003c02                f_stat
 .text.SCSI_Command_ReadWrite_10
                0x00003c86       0x9e Lib/SCSI.o
 .text.SCSI_DecodeSCSICommand
                0x00003d24      0x2b0 Lib/SCSI.o
                0x00003d24                SCSI_DecodeSCSICommand
 .text.SDCardManager_Init
                0x00003fd4       0x18 Lib/SDCardManager.o
                0x00003fd4                SDCardManager_Init
 .text.SDCardManager_WriteBlockHandler
                0x00003fec       0xa0 Lib/SDCardManager.o
                0x00003fec                SDCardManager_WriteBlockHandler
 .text.SDCardManager_WriteBlocks
                0x0000408c       0x9a Lib/SDCardManager.o
                0x0000408c                SDCardManager_WriteBlocks
 .text.SDCardManager_ReadBlockHandler
                0x00004126       0x9c Lib/SDCardManager.o
                0x00004126                SDCardManager_ReadBlockHandler
 .text.SDCardManager_ReadBlocks
                0x000041c2       0xa4 Lib/SDCardManager.o
                0x000041c2                SDCardManager_ReadBlocks
 .text.SDCardManager_CheckSDCardOperation
                0x00004266        0x6 Lib/SDCardManager.o
                0x00004266                SDCardManager_CheckSDCardOperation
 .text.__vector_25
                0x0000426c       0x5c uart.o
                0x0000426c                __vector_25
 .text.__vector_26
                0x000042c8       0x54 uart.o
                0x000042c8                __vector_26
 .text.uart_init
                0x0000431c       0x32 uart.o
                0x0000431c                uart_init
 .text.uart_getc
                0x0000434e       0x32 uart.o
                0x0000434e                uart_getc
 .text.uart_clear_rx_buffer
                0x00004380        0xa uart.o
                0x00004380                uart_clear_rx_buffer
 .text.uart_putc
                0x0000438a       0x2a uart.o
                0x0000438a                uart_putc
 .text.__vector_17
                0x000043b4       0x92 Keyboard.o
                0x000043b4                __vector_17
 .text.Task_Manager
                0x00004446       0x3c Keyboard.o
                0x00004446                Task_Manager
 .text.SetupHardware
                0x00004482       0xac Keyboard.o
                0x00004482                SetupHardware
 .text.EVENT_USB_Device_Connect
                0x0000452e        0x2 Keyboard.o
                0x0000452e                EVENT_USB_Device_Connect
 .text.EVENT_USB_Device_Disconnect
                0x00004530        0xe Keyboard.o
                0x00004530                EVENT_USB_Device_Disconnect
 .text.EVENT_USB_Device_Suspend
                0x0000453e        0x2 Keyboard.o
                0x0000453e                EVENT_USB_Device_Suspend
 .text.EVENT_USB_Device_WakeUp
                0x00004540        0x2 Keyboard.o
                0x00004540                EVENT_USB_Device_WakeUp
 .text.EVENT_USB_Device_ConfigurationChanged
                0x00004542       0x1a Keyboard.o
                0x00004542                EVENT_USB_Device_ConfigurationChanged
 .text.EVENT_USB_Device_ControlRequest
                0x0000455c        0xc Keyboard.o
                0x0000455c                EVENT_USB_Device_ControlRequest
 .text.EVENT_USB_Device_StartOfFrame
                0x00004568       0x18 Keyboard.o
                0x00004568                EVENT_USB_Device_StartOfFrame
 .text.CALLBACK_MS_Device_SCSICommandReceived
                0x00004580        0x2 Keyboard.o
                0x00004580                CALLBACK_MS_Device_SCSICommandReceived
 .text.CALLBACK_HID_Device_CreateHIDReport
                0x00004582       0x42 Keyboard.o
                0x00004582                CALLBACK_HID_Device_CreateHIDReport
 .text.CALLBACK_HID_Device_ProcessHIDReport
                0x000045c4       0x36 Keyboard.o
                0x000045c4                CALLBACK_HID_Device_ProcessHIDReport
 .text.Init_Mode
                0x000045fa       0xd4 Keyboard.o
                0x000045fa                Init_Mode
 .text.startup.main
                0x000046ce      0x1a6 Keyboard.o
                0x000046ce                main
 .text.USBSend  0x00004874       0x8e Send.o
                0x00004874                USBSend
 .text.USBSendString
                0x00004902       0xd2 Send.o
                0x00004902                USBSendString
 .text.USBSendPROGString
                0x000049d4       0x10 Send.o
                0x000049d4                USBSendPROGString
 .text.USBSendNumber
                0x000049e4       0x8c Send.o
                0x000049e4                USBSendNumber
 .text.GetModifier
                0x00004a70       0x66 Sense_Keys.o
                0x00004a70                GetModifier
 .text.ReadSensor
                0x00004ad6      0x166 Sense_Keys.o
                0x00004ad6                ReadSensor
 .text.GetKeySimple
                0x00004c3c       0x2e Sense_Keys.o
                0x00004c3c                GetKeySimple
 .text.GetKey   0x00004c6a      0x242 Sense_Keys.o
                0x00004c6a                GetKey
 .text.GetHIDKeyCode
                0x00004eac       0x2e Sense_Keys.o
                0x00004eac                GetHIDKeyCode
 .text.GetASCIIKeyCode
                0x00004eda       0x26 Sense_Keys.o
                0x00004eda                GetASCIIKeyCode
 .text.getHallState
                0x00004f00       0x12 Sense_Keys.o
                0x00004f00                getHallState
 .text.LoadKeyCodeTables
                0x00004f12       0x50 Sense_Keys.o
                0x00004f12                LoadKeyCodeTables
 .text.LoadEepromParameters
                0x00004f62       0x6e Sense_Keys.o
                0x00004f62                LoadEepromParameters
 .text.ClearKeyCodeTables
                0x00004fd0       0x50 Sense_Keys.o
                0x00004fd0                ClearKeyCodeTables
 .text.RestoreFactoryDefaults
                0x00005020       0x54 Sense_Keys.o
                0x00005020                RestoreFactoryDefaults
 .text.InitializeEeprom
                0x00005074       0x52 Sense_Keys.o
                0x00005074                InitializeEeprom
 .text.HID_Device_ProcessControlRequest
                0x000050c6      0x268 src/LUFA/LUFA/Drivers/USB/Class/Device/HIDClassDevice.o
                0x000050c6                HID_Device_ProcessControlRequest
 .text.HID_Device_ConfigureEndpoints
                0x0000532e       0x26 src/LUFA/LUFA/Drivers/USB/Class/Device/HIDClassDevice.o
                0x0000532e                HID_Device_ConfigureEndpoints
 .text.HID_Device_USBTask
                0x00005354      0x180 src/LUFA/LUFA/Drivers/USB/Class/Device/HIDClassDevice.o
                0x00005354                HID_Device_USBTask
 .text.MS_Device_ProcessControlRequest
                0x000054d4       0x7e src/LUFA/LUFA/Drivers/USB/Class/Device/MassStorageClassDevice.o
                0x000054d4                MS_Device_ProcessControlRequest
 .text.MS_Device_ConfigureEndpoints
                0x00005552       0x3a src/LUFA/LUFA/Drivers/USB/Class/Device/MassStorageClassDevice.o
                0x00005552                MS_Device_ConfigureEndpoints
 .text.MS_Device_USBTask
                0x0000558c      0x236 src/LUFA/LUFA/Drivers/USB/Class/Device/MassStorageClassDevice.o
                0x0000558c                MS_Device_USBTask
 .text.Endpoint_Null_Stream
                0x000057c2       0x7a src/LUFA/LUFA/Drivers/USB/Core/AVR8/EndpointStream_AVR8.o
                0x000057c2                Endpoint_Null_Stream
 .text.Endpoint_Write_Stream_LE
                0x0000583c       0x90 src/LUFA/LUFA/Drivers/USB/Core/AVR8/EndpointStream_AVR8.o
                0x0000583c                Endpoint_Write_Stream_LE
 .text.Endpoint_Write_Stream_BE
                0x000058cc       0x9e src/LUFA/LUFA/Drivers/USB/Core/AVR8/EndpointStream_AVR8.o
                0x000058cc                Endpoint_Write_Stream_BE
 .text.Endpoint_Read_Stream_LE
                0x0000596a       0x90 src/LUFA/LUFA/Drivers/USB/Core/AVR8/EndpointStream_AVR8.o
                0x0000596a                Endpoint_Read_Stream_LE
 .text.Endpoint_Write_Control_Stream_LE
                0x000059fa       0xc2 src/LUFA/LUFA/Drivers/USB/Core/AVR8/EndpointStream_AVR8.o
                0x000059fa                Endpoint_Write_Control_Stream_LE
 .text.Endpoint_Read_Control_Stream_LE
                0x00005abc       0x80 src/LUFA/LUFA/Drivers/USB/Core/AVR8/EndpointStream_AVR8.o
                0x00005abc                Endpoint_Read_Control_Stream_LE
 .text.Endpoint_Write_Control_PStream_LE
                0x00005b3c       0xc4 src/LUFA/LUFA/Drivers/USB/Core/AVR8/EndpointStream_AVR8.o
                0x00005b3c                Endpoint_Write_Control_PStream_LE
 .text.Endpoint_ConfigureEndpoint_Prv
                0x00005c00       0x6a src/LUFA/LUFA/Drivers/USB/Core/AVR8/Endpoint_AVR8.o
                0x00005c00                Endpoint_ConfigureEndpoint_Prv
 .text.Endpoint_ConfigureEndpointTable
                0x00005c6a       0x7a src/LUFA/LUFA/Drivers/USB/Core/AVR8/Endpoint_AVR8.o
                0x00005c6a                Endpoint_ConfigureEndpointTable
 .text.Endpoint_ClearStatusStage
                0x00005ce4       0x42 src/LUFA/LUFA/Drivers/USB/Core/AVR8/Endpoint_AVR8.o
                0x00005ce4                Endpoint_ClearStatusStage
 .text.Endpoint_WaitUntilReady
                0x00005d26       0x60 src/LUFA/LUFA/Drivers/USB/Core/AVR8/Endpoint_AVR8.o
                0x00005d26                Endpoint_WaitUntilReady
 .text.USB_Disable
                0x00005d86       0x30 src/LUFA/LUFA/Drivers/USB/Core/AVR8/USBController_AVR8.o
                0x00005d86                USB_Disable
 .text.USB_ResetInterface
                0x00005db6       0x80 src/LUFA/LUFA/Drivers/USB/Core/AVR8/USBController_AVR8.o
                0x00005db6                USB_ResetInterface
 .text.USB_Init
                0x00005e36       0x20 src/LUFA/LUFA/Drivers/USB/Core/AVR8/USBController_AVR8.o
                0x00005e36                USB_Init
 .text.USB_INT_DisableAllInterrupts
                0x00005e56       0x10 src/LUFA/LUFA/Drivers/USB/Core/AVR8/USBInterrupt_AVR8.o
                0x00005e56                USB_INT_DisableAllInterrupts
 .text.USB_INT_ClearAllInterrupts
                0x00005e66        0xa src/LUFA/LUFA/Drivers/USB/Core/AVR8/USBInterrupt_AVR8.o
                0x00005e66                USB_INT_ClearAllInterrupts
 .text.__vector_10
                0x00005e70      0x190 src/LUFA/LUFA/Drivers/USB/Core/AVR8/USBInterrupt_AVR8.o
                0x00005e70                __vector_10
 .text.USB_Device_ProcessControlRequest
                0x00006000      0x2a8 src/LUFA/LUFA/Drivers/USB/Core/DeviceStandardReq.o
                0x00006000                USB_Device_ProcessControlRequest
 .text.USB_Event_Stub
                0x000062a8        0x2 src/LUFA/LUFA/Drivers/USB/Core/Events.o
                0x000062a8                EVENT_USB_Device_Reset
                0x000062a8                USB_Event_Stub
 .text.USB_USBTask
                0x000062aa       0x38 src/LUFA/LUFA/Drivers/USB/Core/USBTask.o
                0x000062aa                USB_USBTask
 .text.libgcc.div
                0x000062e2       0x18 c:/program files (x86)/atmel/atmel toolchain/avr8 gcc/native/3.4.1061/avr8-gnu-toolchain/bin/../lib/gcc/avr/4.8.1/avr5\libgcc.a(_udivmodqi4.o)
                0x000062e2                __udivmodqi4
 .text.libgcc.div
                0x000062fa       0x26 c:/program files (x86)/atmel/atmel toolchain/avr8 gcc/native/3.4.1061/avr8-gnu-toolchain/bin/../lib/gcc/avr/4.8.1/avr5\libgcc.a(_divmodhi4.o)
                0x000062fa                _div
                0x000062fa                __divmodhi4
 .text.libgcc.div
                0x00006320       0x44 c:/program files (x86)/atmel/atmel toolchain/avr8 gcc/native/3.4.1061/avr8-gnu-toolchain/bin/../lib/gcc/avr/4.8.1/avr5\libgcc.a(_udivmodsi4.o)
                0x00006320                __udivmodsi4
 .text.libgcc.mul
                0x00006364       0x14 c:/program files (x86)/atmel/atmel toolchain/avr8 gcc/native/3.4.1061/avr8-gnu-toolchain/bin/../lib/gcc/avr/4.8.1/avr5\libgcc.a(_muluhisi3.o)
                0x00006364                __muluhisi3
 .text.libgcc.builtins
                0x00006378       0x10 c:/program files (x86)/atmel/atmel toolchain/avr8 gcc/native/3.4.1061/avr8-gnu-toolchain/bin/../lib/gcc/avr/4.8.1/avr5\libgcc.a(_clzdi2.o)
                0x00006378                __clzdi2
 .text.libgcc.builtins
                0x00006388       0x32 c:/program files (x86)/atmel/atmel toolchain/avr8 gcc/native/3.4.1061/avr8-gnu-toolchain/bin/../lib/gcc/avr/4.8.1/avr5\libgcc.a(_ashldi3.o)
                0x00006388                __ashldi3
 .text.libgcc.builtins
                0x000063ba       0x3c c:/program files (x86)/atmel/atmel toolchain/avr8 gcc/native/3.4.1061/avr8-gnu-toolchain/bin/../lib/gcc/avr/4.8.1/avr5\libgcc.a(_ashrdi3.o)
                0x000063ba                __ashrdi3
                0x000063be                __lshrdi3
 .text.libgcc   0x000063f6       0x18 c:/program files (x86)/atmel/atmel toolchain/avr8 gcc/native/3.4.1061/avr8-gnu-toolchain/bin/../lib/gcc/avr/4.8.1/avr5\libgcc.a(_cmpdi2_s8.o)
                0x000063f6                __cmpdi2_s8
 .text.libgcc.div
                0x0000640e       0x28 c:/program files (x86)/atmel/atmel toolchain/avr8 gcc/native/3.4.1061/avr8-gnu-toolchain/bin/../lib/gcc/avr/4.8.1/avr5\libgcc.a(_udivmodhi4.o)
                0x0000640e                __udivmodhi4
 .text.libgcc.builtins
                0x00006436        0xe c:/program files (x86)/atmel/atmel toolchain/avr8 gcc/native/3.4.1061/avr8-gnu-toolchain/bin/../lib/gcc/avr/4.8.1/avr5\libgcc.a(_clzsi2.o)
                0x00006436                __clzsi2
 .text.libgcc.builtins
                0x00006444       0x24 c:/program files (x86)/atmel/atmel toolchain/avr8 gcc/native/3.4.1061/avr8-gnu-toolchain/bin/../lib/gcc/avr/4.8.1/avr5\libgcc.a(_clzhi2.o)
                0x00006444                __clzhi2
 .text.libgcc.mul
                0x00006468       0x1e c:/program files (x86)/atmel/atmel toolchain/avr8 gcc/native/3.4.1061/avr8-gnu-toolchain/bin/../lib/gcc/avr/4.8.1/avr5\libgcc.a(_umulhisi3.o)
                0x00006468                __umulhisi3
 .text.avr-libc
                0x00006486       0x10 c:/program files (x86)/atmel/atmel toolchain/avr8 gcc/native/3.4.1061/avr8-gnu-toolchain/bin/../lib/gcc/avr/4.8.1/../../../../avr/lib/avr5\libc.a(toupper.o)
                0x00006486                toupper
 .text.avr-libc
                0x00006496        0xe c:/program files (x86)/atmel/atmel toolchain/avr8 gcc/native/3.4.1061/avr8-gnu-toolchain/bin/../lib/gcc/avr/4.8.1/../../../../avr/lib/avr5\libc.a(strcpy_P.o)
                0x00006496                strcpy_P
 .text.avr-libc
                0x000064a4       0x1a c:/program files (x86)/atmel/atmel toolchain/avr8 gcc/native/3.4.1061/avr8-gnu-toolchain/bin/../lib/gcc/avr/4.8.1/../../../../avr/lib/avr5\libc.a(memcmp.o)
                0x000064a4                memcmp
 .text.avr-libc
                0x000064be       0x12 c:/program files (x86)/atmel/atmel toolchain/avr8 gcc/native/3.4.1061/avr8-gnu-toolchain/bin/../lib/gcc/avr/4.8.1/../../../../avr/lib/avr5\libc.a(memcpy.o)
                0x000064be                memcpy
 .text.avr-libc
                0x000064d0        0xe c:/program files (x86)/atmel/atmel toolchain/avr8 gcc/native/3.4.1061/avr8-gnu-toolchain/bin/../lib/gcc/avr/4.8.1/../../../../avr/lib/avr5\libc.a(memset.o)
                0x000064d0                memset
 .text.avr-libc
                0x000064de        0xe c:/program files (x86)/atmel/atmel toolchain/avr8 gcc/native/3.4.1061/avr8-gnu-toolchain/bin/../lib/gcc/avr/4.8.1/../../../../avr/lib/avr5\libc.a(strcpy.o)
                0x000064de                strcpy
 .text.avr-libc
                0x000064ec       0x3e c:/program files (x86)/atmel/atmel toolchain/avr8 gcc/native/3.4.1061/avr8-gnu-toolchain/bin/../lib/gcc/avr/4.8.1/../../../../avr/lib/avr5\libc.a(sprintf.o)
                0x000064ec                sprintf
 .text.avr-libc
                0x0000652a      0x386 c:/program files (x86)/atmel/atmel toolchain/avr8 gcc/native/3.4.1061/avr8-gnu-toolchain/bin/../lib/gcc/avr/4.8.1/../../../../avr/lib/avr5\libc.a(vfprintf_std.o)
                0x0000652a                vfprintf
 .text.avr-libc
                0x000068b0       0x20 c:/program files (x86)/atmel/atmel toolchain/avr8 gcc/native/3.4.1061/avr8-gnu-toolchain/bin/../lib/gcc/avr/4.8.1/../../../../avr/lib/avr5\libc.a(eerd_block_atmega32u4.o)
                0x000068b0                __eerd_block_m32u4
                0x000068b4                __eerd_blraw_m32u4
 .text.avr-libc
                0x000068d0       0x10 c:/program files (x86)/atmel/atmel toolchain/avr8 gcc/native/3.4.1061/avr8-gnu-toolchain/bin/../lib/gcc/avr/4.8.1/../../../../avr/lib/avr5\libc.a(eerd_byte_atmega32u4.o)
                0x000068d0                __eerd_byte_m32u4
 .text.avr-libc
                0x000068e0        0xa c:/program files (x86)/atmel/atmel toolchain/avr8 gcc/native/3.4.1061/avr8-gnu-toolchain/bin/../lib/gcc/avr/4.8.1/../../../../avr/lib/avr5\libc.a(eerd_word_atmega32u4.o)
                0x000068e0                __eerd_word_m32u4
 .text.avr-libc
                0x000068ea       0x24 c:/program files (x86)/atmel/atmel toolchain/avr8 gcc/native/3.4.1061/avr8-gnu-toolchain/bin/../lib/gcc/avr/4.8.1/../../../../avr/lib/avr5\libc.a(eeupd_byte_atmega32u4.o)
                0x000068ea                __eeupd_byte_m32u4
                0x000068ec                __eeupd_r18_m32u4
 .text.avr-libc
                0x0000690e       0x12 c:/program files (x86)/atmel/atmel toolchain/avr8 gcc/native/3.4.1061/avr8-gnu-toolchain/bin/../lib/gcc/avr/4.8.1/../../../../avr/lib/avr5\libc.a(eewr_block_atmega32u4.o)
                0x0000690e                __eewr_block_m32u4
 .text.avr-libc
                0x00006920       0x1c c:/program files (x86)/atmel/atmel toolchain/avr8 gcc/native/3.4.1061/avr8-gnu-toolchain/bin/../lib/gcc/avr/4.8.1/../../../../avr/lib/avr5\libc.a(eewr_byte_atmega32u4.o)
                0x00006920                __eewr_byte_m32u4
                0x00006922                __eewr_r18_m32u4
 .text.avr-libc
                0x0000693c        0x6 c:/program files (x86)/atmel/atmel toolchain/avr8 gcc/native/3.4.1061/avr8-gnu-toolchain/bin/../lib/gcc/avr/4.8.1/../../../../avr/lib/avr5\libc.a(eewr_word_atmega32u4.o)
                0x0000693c                __eewr_word_m32u4
 .text.avr-libc
                0x00006942       0x16 c:/program files (x86)/atmel/atmel toolchain/avr8 gcc/native/3.4.1061/avr8-gnu-toolchain/bin/../lib/gcc/avr/4.8.1/../../../../avr/lib/avr5\libc.a(strnlen_P.o)
                0x00006942                strnlen_P
 .text.avr-libc
                0x00006958       0x16 c:/program files (x86)/atmel/atmel toolchain/avr8 gcc/native/3.4.1061/avr8-gnu-toolchain/bin/../lib/gcc/avr/4.8.1/../../../../avr/lib/avr5\libc.a(strnlen.o)
                0x00006958                strnlen
 .text.avr-libc
                0x0000696e       0x64 c:/program files (x86)/atmel/atmel toolchain/avr8 gcc/native/3.4.1061/avr8-gnu-toolchain/bin/../lib/gcc/avr/4.8.1/../../../../avr/lib/avr5\libc.a(fputc.o)
                0x0000696e                fputc
 .text.avr-libc
                0x000069d2       0xbc c:/program files (x86)/atmel/atmel toolchain/avr8 gcc/native/3.4.1061/avr8-gnu-toolchain/bin/../lib/gcc/avr/4.8.1/../../../../avr/lib/avr5\libc.a(ultoa_invert.o)
                0x000069d2                __ultoa_invert
 .text.libgcc.prologue
                0x00006a8e       0x38 c:/program files (x86)/atmel/atmel toolchain/avr8 gcc/native/3.4.1061/avr8-gnu-toolchain/bin/../lib/gcc/avr/4.8.1/avr5\libgcc.a(_prologue.o)
                0x00006a8e                __prologue_saves__
 .text.libgcc.prologue
                0x00006ac6       0x36 c:/program files (x86)/atmel/atmel toolchain/avr8 gcc/native/3.4.1061/avr8-gnu-toolchain/bin/../lib/gcc/avr/4.8.1/avr5\libgcc.a(_epilogue.o)
                0x00006ac6                __epilogue_restores__
                0x00006afc                . = ALIGN (0x2)
 *(.fini9)
 .fini9         0x00006afc        0x0 c:/program files (x86)/atmel/atmel toolchain/avr8 gcc/native/3.4.1061/avr8-gnu-toolchain/bin/../lib/gcc/avr/4.8.1/avr5\libgcc.a(_exit.o)
                0x00006afc                _exit
                0x00006afc                exit
 *(.fini9)
 *(.fini8)
 *(.fini8)
 *(.fini7)
 *(.fini7)
 *(.fini6)
 *(.fini6)
 *(.fini5)
 *(.fini5)
 *(.fini4)
 *(.fini4)
 *(.fini3)
 *(.fini3)
 *(.fini2)
 *(.fini2)
 *(.fini1)
 *(.fini1)
 *(.fini0)
 .fini0         0x00006afc        0x4 c:/program files (x86)/atmel/atmel toolchain/avr8 gcc/native/3.4.1061/avr8-gnu-toolchain/bin/../lib/gcc/avr/4.8.1/avr5\libgcc.a(_exit.o)
 *(.fini0)
                0x00006b00                _etext = .

.data           0x00800100      0x1f8 load address 0x00006b00
                0x00800100                PROVIDE (__data_start, .)
 *(.data)
 *(.data*)
 .data.FileName
                0x00800100        0xd KeyLogging.o
                0x00800100                FileName
 .data.Stat     0x0080010d        0x1 Lib/FatFS/diskio.o
 .data.SenseData
                0x0080010e       0x12 Lib/SCSI.o
 .data.Keyboard_HID_Interface
                0x00800120       0x10 Keyboard.o
                0x00800120                Keyboard_HID_Interface
 .data.Disk_MS_Interface
                0x00800130       0x39 Keyboard.o
                0x00800130                Disk_MS_Interface
 *(.rodata)
 *(.rodata*)
 .rodata.str1.1
                0x00800169       0x65 Bluetooth.o
                                 0x67 (size before relaxing)
 .rodata.str1.1
                0x008001ce       0x32 Calibrate.o
 .rodata.ASCIINumSymbols
                0x00800200        0xa Calibrate.o
                0x00800200                ASCIINumSymbols
 .rodata.ASCIINumbers
                0x0080020a        0xa Calibrate.o
                0x0080020a                ASCIINumbers
 .rodata.HIDNumbers
                0x00800214        0xa Calibrate.o
                0x00800214                HIDNumbers
 .rodata.str1.1
                0x0080021e       0x22 KeyLogging.o
                                 0x23 (size before relaxing)
 .rodata.str1.1
                0x00800240        0xf Lib/FatFS/ff.o
 .rodata.ExCvt  0x0080024f       0x80 Lib/FatFS/ff.o
 .rodata.InquiryData
                0x008002cf       0x24 Lib/SCSI.o
 .rodata.REED_BITS
                0x008002f3        0x4 Sense_Keys.o
                0x008002f3                REED_BITS
 *(.gnu.linkonce.d*)
                0x008002f8                . = ALIGN (0x2)
 *fill*         0x008002f7        0x1 
                0x008002f8                _edata = .
                0x008002f8                PROVIDE (__data_end, .)

.bss            0x008002f8      0x634
                0x008002f8                PROVIDE (__bss_start, .)
 *(.bss)
 *(.bss*)
 .bss.prevcharacter.4451
                0x008002f8        0x1 KeyLogging.o
 .bss.tot_sect.4438
                0x008002f9        0x4 KeyLogging.o
 .bss.LogFile   0x008002fd       0x20 KeyLogging.o
 .bss.DiskFATState
                0x0080031d      0x22e KeyLogging.o
 .bss.CardType  0x0080054b        0x1 Lib/FatFS/diskio.o
 .bss.Fsid      0x0080054c        0x2 Lib/FatFS/ff.o
 .bss.FatFs     0x0080054e        0x2 Lib/FatFS/ff.o
 .bss.SDCard_Present
                0x00800550        0x1 Lib/SDCardManager.o
 .bss.UART_LastRxError
                0x00800551        0x1 uart.o
 .bss.UART_RxTail
                0x00800552        0x1 uart.o
 .bss.UART_RxHead
                0x00800553        0x1 uart.o
 .bss.UART_TxTail
                0x00800554        0x1 uart.o
 .bss.UART_TxHead
                0x00800555        0x1 uart.o
 .bss.UART_RxBuf
                0x00800556       0x10 uart.o
 .bss.UART_TxBuf
                0x00800566       0x10 uart.o
 .bss.PrevKeyboardHIDReportBuffer
                0x00800576        0x8 Keyboard.o
 .bss.KeyReleaseCounter.4430
                0x0080057e        0x1 Sense_Keys.o
 .bss.KeyHoldCounter.4429
                0x0080057f        0x1 Sense_Keys.o
 .bss.DoubleTapCounter.4428
                0x00800580        0x1 Sense_Keys.o
 .bss.PreviousKey.4426
                0x00800581        0x1 Sense_Keys.o
 .bss.ActiveKey.4427
                0x00800582        0x1 Sense_Keys.o
 .bss.ActiveReeds.4431
                0x00800583        0x4 Sense_Keys.o
 .bss.ReedDebounce.4432
                0x00800587        0x4 Sense_Keys.o
 *(COMMON)
 COMMON         0x0080058b        0x1 Config_IO.o
                0x0080058b                GlowDirection
 COMMON         0x0080058c      0x393 Keyboard.o
                0x0080058c                Reed2Polarity
                0x0080058d                UseDummyLoad
                0x0080058e                Reeds_Are_Independent
                0x0080058f                Scheduled_Task
                0x00800590                KeyReleaseTime
                0x00800591                KeyBufferMod
                0x00800592                KeyCodeLookUpTable
                0x008005d2                ReedHoldTime
                0x008005d3                DoubleTapTime
                0x008005d4                Shift_Reed
                0x008005d5                TMR1_Count
                0x008005d7                Ignore_Flag
                0x008005d8                KeyBuffer
                0x008005da                HallSensorPolarity
                0x008005db                Reed1Polarity
                0x008005dc                ShiftKeyCodeLookUpTable
                0x0080061c                KeyHoldTime
                0x0080061d                ASCIIShiftLookUpTable
                0x0080065d                Reed3Polarity
                0x0080065e                UseHallSensor
                0x0080065f                StringBuffer
                0x0080069b                Reed4Polarity
                0x0080069c                ASCIILookUpTable
                0x008006dc                TimeoutCounter
                0x008006de                Typewriter_Mode
                0x008006df                SD_Buffer
                0x008008df                FnKeyCodeLookUpTable
 COMMON         0x0080091f        0x3 src/LUFA/LUFA/Drivers/USB/Core/DeviceStandardReq.o
                0x0080091f                USB_Device_ConfigurationNumber
                0x00800920                USB_Device_CurrentlySelfPowered
                0x00800921                USB_Device_RemoteWakeupEnabled
 COMMON         0x00800922        0xa src/LUFA/LUFA/Drivers/USB/Core/USBTask.o
                0x00800922                USB_IsInitialized
                0x00800923                USB_DeviceState
                0x00800924                USB_ControlRequest
                0x0080092c                PROVIDE (__bss_end, .)
                0x00006b00                __data_load_start = LOADADDR (.data)
                0x00006cf8                __data_load_end = (__data_load_start + SIZEOF (.data))

.noinit         0x0080092c        0x0
                0x0080092c                PROVIDE (__noinit_start, .)
 *(.noinit*)
                0x0080092c                PROVIDE (__noinit_end, .)
                0x0080092c                _end = .
                0x0080092c                PROVIDE (__heap_start, .)

.eeprom         0x00810000        0x0
 *(.eeprom*)
                0x00810000                __eeprom_end = .

.fuse
 *(.fuse)
 *(.lfuse)
 *(.hfuse)
 *(.efuse)

.lock
 *(.lock*)

.signature
 *(.signature*)

.user_signatures
 *(.user_signatures*)

.stab
 *(.stab)

.stabstr
 *(.stabstr)

.stab.excl
 *(.stab.excl)

.stab.exclstr
 *(.stab.exclstr)

.stab.index
 *(.stab.index)

.stab.indexstr
 *(.stab.indexstr)

.comment        0x00000000       0x5c
 *(.comment)
 .comment       0x00000000       0x30 Bluetooth.o
                                 0x31 (size before relaxing)
 .comment       0x00000000       0x31 Calibrate.o
 .comment       0x00000000       0x31 Config_Interrupts.o
 .comment       0x00000000       0x31 Config_IO.o
 .comment       0x00000000       0x31 Descriptors.o
 .comment       0x00000000       0x31 KeyLogging.o
 .comment       0x00000000       0x31 Lib/FatFS/diskio.o
 .comment       0x00000000       0x31 Lib/FatFS/ff.o
 .comment       0x00000000       0x31 Lib/SCSI.o
 .comment       0x00000000       0x31 Lib/SDCardManager.o
 .comment       0x00000000       0x31 uart.o
 .comment       0x00000000       0x31 Keyboard.o
 .comment       0x00000000       0x31 Send.o
 .comment       0x00000000       0x31 Sense_Keys.o
 .comment       0x00000000       0x31 src/LUFA/LUFA/Drivers/USB/Class/Device/HIDClassDevice.o
 .comment       0x00000000       0x31 src/LUFA/LUFA/Drivers/USB/Class/Device/MassStorageClassDevice.o
 .comment       0x00000000       0x31 src/LUFA/LUFA/Drivers/USB/Core/AVR8/EndpointStream_AVR8.o
 .comment       0x00000000       0x31 src/LUFA/LUFA/Drivers/USB/Core/AVR8/Endpoint_AVR8.o
 .comment       0x00000000       0x31 src/LUFA/LUFA/Drivers/USB/Core/AVR8/USBController_AVR8.o
 .comment       0x00000000       0x31 src/LUFA/LUFA/Drivers/USB/Core/AVR8/USBInterrupt_AVR8.o
 .comment       0x00000000       0x31 src/LUFA/LUFA/Drivers/USB/Core/DeviceStandardReq.o
 .comment       0x00000000       0x31 src/LUFA/LUFA/Drivers/USB/Core/Events.o
 .comment       0x00000000       0x31 src/LUFA/LUFA/Drivers/USB/Core/USBTask.o
 .comment       0x00000000       0x31 c:/program files (x86)/atmel/atmel toolchain/avr8 gcc/native/3.4.1061/avr8-gnu-toolchain/bin/../lib/gcc/avr/4.8.1/../../../../avr/lib/avr5\libc.a(sprintf.o)
 .comment       0x00000030       0x2c c:/program files (x86)/atmel/atmel toolchain/avr8 gcc/native/3.4.1061/avr8-gnu-toolchain/bin/../lib/gcc/avr/4.8.1/../../../../avr/lib/avr5\libc.a(vfprintf_std.o)
                                 0x2d (size before relaxing)
 .comment       0x00000000       0x31 c:/program files (x86)/atmel/atmel toolchain/avr8 gcc/native/3.4.1061/avr8-gnu-toolchain/bin/../lib/gcc/avr/4.8.1/../../../../avr/lib/avr5\libc.a(fputc.o)

.note.gnu.build-id
 *(.note.gnu.build-id)

.debug
 *(.debug)

.line
 *(.line)

.debug_srcinfo
 *(.debug_srcinfo)

.debug_sfnames
 *(.debug_sfnames)

.debug_aranges
 *(.debug_aranges)

.debug_pubnames
 *(.debug_pubnames)

.debug_info
 *(.debug_info .gnu.linkonce.wi.*)

.debug_abbrev
 *(.debug_abbrev)

.debug_line
 *(.debug_line .debug_line.* .debug_line_end)

.debug_frame
 *(.debug_frame)

.debug_str
 *(.debug_str)

.debug_loc
 *(.debug_loc)

.debug_macinfo
 *(.debug_macinfo)

.debug_weaknames
 *(.debug_weaknames)

.debug_funcnames
 *(.debug_funcnames)

.debug_typenames
 *(.debug_typenames)

.debug_varnames
 *(.debug_varnames)

.debug_pubtypes
 *(.debug_pubtypes)

.debug_ranges
 *(.debug_ranges)

.debug_macro
 *(.debug_macro)
OUTPUT(USB Typewriter P2S.elf elf32-avr)
LOAD linker stubs
