Archive member included to satisfy reference by file (symbol)

c:/program files (x86)/atmel/studio/7.0/toolchain/avr8/avr8-gnu-toolchain/bin/../lib/gcc/avr/4.9.2/avr5\libgcc.a(_udivmodqi4.o)
                              Send.o (__udivmodqi4)
c:/program files (x86)/atmel/studio/7.0/toolchain/avr8/avr8-gnu-toolchain/bin/../lib/gcc/avr/4.9.2/avr5\libgcc.a(_divmodhi4.o)
                              Send.o (__divmodhi4)
c:/program files (x86)/atmel/studio/7.0/toolchain/avr8/avr8-gnu-toolchain/bin/../lib/gcc/avr/4.9.2/avr5\libgcc.a(_udivmodsi4.o)
                              Lib/FatFS/ff.o (__udivmodsi4)
c:/program files (x86)/atmel/studio/7.0/toolchain/avr8/avr8-gnu-toolchain/bin/../lib/gcc/avr/4.9.2/avr5\libgcc.a(_exit.o)
                              C:/Program Files (x86)/Atmel/Studio/7.0/Packs/atmel/ATmega_DFP/1.0.90/gcc/dev/atmega32u4/avr5/crtatmega32u4.o (exit)
c:/program files (x86)/atmel/studio/7.0/toolchain/avr8/avr8-gnu-toolchain/bin/../lib/gcc/avr/4.9.2/avr5\libgcc.a(_copy_data.o)
                              Bluetooth.o (__do_copy_data)
c:/program files (x86)/atmel/studio/7.0/toolchain/avr8/avr8-gnu-toolchain/bin/../lib/gcc/avr/4.9.2/avr5\libgcc.a(_clear_bss.o)
                              Bluetooth.o (__do_clear_bss)
c:/program files (x86)/atmel/studio/7.0/toolchain/avr8/avr8-gnu-toolchain/bin/../lib/gcc/avr/4.9.2/avr5\libgcc.a(_muluhisi3.o)
                              KeyLogging.o (__muluhisi3)
c:/program files (x86)/atmel/studio/7.0/toolchain/avr8/avr8-gnu-toolchain/bin/../lib/gcc/avr/4.9.2/avr5\libgcc.a(_clzdi2.o)
                              Sense_Keys.o (__clzdi2)
c:/program files (x86)/atmel/studio/7.0/toolchain/avr8/avr8-gnu-toolchain/bin/../lib/gcc/avr/4.9.2/avr5\libgcc.a(_ashldi3.o)
                              Sense_Keys.o (__ashldi3)
c:/program files (x86)/atmel/studio/7.0/toolchain/avr8/avr8-gnu-toolchain/bin/../lib/gcc/avr/4.9.2/avr5\libgcc.a(_ashrdi3.o)
                              Sense_Keys.o (__lshrdi3)
c:/program files (x86)/atmel/studio/7.0/toolchain/avr8/avr8-gnu-toolchain/bin/../lib/gcc/avr/4.9.2/avr5\libgcc.a(_cmpdi2_s8.o)
                              Sense_Keys.o (__cmpdi2_s8)
c:/program files (x86)/atmel/studio/7.0/toolchain/avr8/avr8-gnu-toolchain/bin/../lib/gcc/avr/4.9.2/avr5\libgcc.a(_udivmodhi4.o)
                              c:/program files (x86)/atmel/studio/7.0/toolchain/avr8/avr8-gnu-toolchain/bin/../lib/gcc/avr/4.9.2/avr5\libgcc.a(_divmodhi4.o) (__udivmodhi4)
c:/program files (x86)/atmel/studio/7.0/toolchain/avr8/avr8-gnu-toolchain/bin/../lib/gcc/avr/4.9.2/avr5\libgcc.a(_clzsi2.o)
                              c:/program files (x86)/atmel/studio/7.0/toolchain/avr8/avr8-gnu-toolchain/bin/../lib/gcc/avr/4.9.2/avr5\libgcc.a(_clzdi2.o) (__clzsi2)
c:/program files (x86)/atmel/studio/7.0/toolchain/avr8/avr8-gnu-toolchain/bin/../lib/gcc/avr/4.9.2/avr5\libgcc.a(_clzhi2.o)
                              c:/program files (x86)/atmel/studio/7.0/toolchain/avr8/avr8-gnu-toolchain/bin/../lib/gcc/avr/4.9.2/avr5\libgcc.a(_clzsi2.o) (__clzhi2)
c:/program files (x86)/atmel/studio/7.0/toolchain/avr8/avr8-gnu-toolchain/bin/../lib/gcc/avr/4.9.2/avr5\libgcc.a(_umulhisi3.o)
                              c:/program files (x86)/atmel/studio/7.0/toolchain/avr8/avr8-gnu-toolchain/bin/../lib/gcc/avr/4.9.2/avr5\libgcc.a(_muluhisi3.o) (__umulhisi3)
c:/program files (x86)/atmel/studio/7.0/toolchain/avr8/avr8-gnu-toolchain/bin/../lib/gcc/avr/4.9.2/../../../../avr/lib/avr5\libc.a(toupper.o)
                              Send.o (toupper)
c:/program files (x86)/atmel/studio/7.0/toolchain/avr8/avr8-gnu-toolchain/bin/../lib/gcc/avr/4.9.2/../../../../avr/lib/avr5\libc.a(memcpy_P.o)
                              src/LUFA/LUFA/Drivers/USB/Class/Device/RNDISClassDevice.o (memcpy_P)
c:/program files (x86)/atmel/studio/7.0/toolchain/avr8/avr8-gnu-toolchain/bin/../lib/gcc/avr/4.9.2/../../../../avr/lib/avr5\libc.a(strcpy_P.o)
                              Bluetooth.o (strcpy_P)
c:/program files (x86)/atmel/studio/7.0/toolchain/avr8/avr8-gnu-toolchain/bin/../lib/gcc/avr/4.9.2/../../../../avr/lib/avr5\libc.a(strtok.o)
                              Bluetooth.o (strtok)
c:/program files (x86)/atmel/studio/7.0/toolchain/avr8/avr8-gnu-toolchain/bin/../lib/gcc/avr/4.9.2/../../../../avr/lib/avr5\libc.a(memcmp.o)
                              src/LUFA/LUFA/Drivers/USB/Class/Device/HIDClassDevice.o (memcmp)
c:/program files (x86)/atmel/studio/7.0/toolchain/avr8/avr8-gnu-toolchain/bin/../lib/gcc/avr/4.9.2/../../../../avr/lib/avr5\libc.a(memcpy.o)
                              src/LUFA/LUFA/Drivers/USB/Class/Device/HIDClassDevice.o (memcpy)
c:/program files (x86)/atmel/studio/7.0/toolchain/avr8/avr8-gnu-toolchain/bin/../lib/gcc/avr/4.9.2/../../../../avr/lib/avr5\libc.a(memset.o)
                              src/LUFA/LUFA/Drivers/USB/Class/Device/HIDClassDevice.o (memset)
c:/program files (x86)/atmel/studio/7.0/toolchain/avr8/avr8-gnu-toolchain/bin/../lib/gcc/avr/4.9.2/../../../../avr/lib/avr5\libc.a(strcpy.o)
[...]
Memory Configuration

Name             Origin             Length             Attributes
text             0x00000000         0x00020000         xr
data             0x00800060         0x0000ffa0         rw !x
eeprom           0x00810000         0x00010000         rw !x
fuse             0x00820000         0x00000400         rw !x
lock             0x00830000         0x00000400         rw !x
signature        0x00840000         0x00000400         rw !x
user_signatures  0x00850000         0x00000400         rw !x
*default*        0x00000000         0xffffffff

Linker script and memory map

Address of section .data set to 0x800100
LOAD C:/Program Files (x86)/Atmel/Studio/7.0/Packs/atmel/ATmega_DFP/1.0.90/gcc/dev/atmega32u4/avr5/crtatmega32u4.o
LOAD Bluetooth.o
LOAD Calibrate.o
LOAD Config_Interrupts.o
LOAD Config_IO.o
LOAD Descriptors.o
LOAD KeyLogging.o
LOAD Lib/FatFS/diskio.o
LOAD Lib/FatFS/ff.o
LOAD Lib/SCSI.o
LOAD Lib/SDCardManager.o
LOAD uart.o
LOAD Keyboard.o
LOAD Send.o
LOAD Sense_Keys.o
LOAD src/LUFA/LUFA/Drivers/USB/Class/Common/HIDParser.o
LOAD src/LUFA/LUFA/Drivers/USB/Class/Device/AudioClassDevice.o
LOAD src/LUFA/LUFA/Drivers/USB/Class/Device/CDCClassDevice.o
LOAD src/LUFA/LUFA/Drivers/USB/Class/Device/HIDClassDevice.o
LOAD src/LUFA/LUFA/Drivers/USB/Class/Device/MassStorageClassDevice.o
LOAD src/LUFA/LUFA/Drivers/USB/Class/Device/MIDIClassDevice.o
LOAD src/LUFA/LUFA/Drivers/USB/Class/Device/PrinterClassDevice.o
LOAD src/LUFA/LUFA/Drivers/USB/Class/Device/RNDISClassDevice.o
LOAD src/LUFA/LUFA/Drivers/USB/Class/Host/AndroidAccessoryClassHost.o
LOAD src/LUFA/LUFA/Drivers/USB/Class/Host/AudioClassHost.o
LOAD src/LUFA/LUFA/Drivers/USB/Class/Host/CDCClassHost.o
LOAD src/LUFA/LUFA/Drivers/USB/Class/Host/HIDClassHost.o
LOAD src/LUFA/LUFA/Drivers/USB/Class/Host/MassStorageClassHost.o
LOAD src/LUFA/LUFA/Drivers/USB/Class/Host/MIDIClassHost.o
LOAD src/LUFA/LUFA/Drivers/USB/Class/Host/PrinterClassHost.o
LOAD src/LUFA/LUFA/Drivers/USB/Class/Host/RNDISClassHost.o
LOAD src/LUFA/LUFA/Drivers/USB/Class/Host/StillImageClassHost.o
LOAD src/LUFA/LUFA/Drivers/USB/Core/AVR8/Device_AVR8.o
LOAD src/LUFA/LUFA/Drivers/USB/Core/AVR8/EndpointStream_AVR8.o
LOAD src/LUFA/LUFA/Drivers/USB/Core/AVR8/Endpoint_AVR8.o
LOAD src/LUFA/LUFA/Drivers/USB/Core/AVR8/Host_AVR8.o
LOAD src/LUFA/LUFA/Drivers/USB/Core/AVR8/PipeStream_AVR8.o
LOAD src/LUFA/LUFA/Drivers/USB/Core/AVR8/Pipe_AVR8.o
LOAD src/LUFA/LUFA/Drivers/USB/Core/AVR8/Template/Template_Endpoint_Control_R.o
LOAD src/LUFA/LUFA/Drivers/USB/Core/AVR8/Template/Template_Endpoint_Control_W.o
LOAD src/LUFA/LUFA/Drivers/USB/Core/AVR8/Template/Template_Endpoint_RW.o
LOAD src/LUFA/LUFA/Drivers/USB/Core/AVR8/Template/Template_Pipe_RW.o
LOAD src/LUFA/LUFA/Drivers/USB/Core/AVR8/USBController_AVR8.o
LOAD src/LUFA/LUFA/Drivers/USB/Core/AVR8/USBInterrupt_AVR8.o
LOAD src/LUFA/LUFA/Drivers/USB/Core/ConfigDescriptors.o
LOAD src/LUFA/LUFA/Drivers/USB/Core/DeviceStandardReq.o
LOAD src/LUFA/LUFA/Drivers/USB/Core/Events.o
LOAD src/LUFA/LUFA/Drivers/USB/Core/HostStandardReq.o
LOAD src/LUFA/LUFA/Drivers/USB/Core/USBTask.o
START GROUP
LOAD c:/program files (x86)/atmel/studio/7.0/toolchain/avr8/avr8-gnu-toolchain/bin/../lib/gcc/avr/4.9.2/../../../../avr/lib/avr5\libm.a
END GROUP
START GROUP
LOAD c:/program files (x86)/atmel/studio/7.0/toolchain/avr8/avr8-gnu-toolchain/bin/../lib/gcc/avr/4.9.2/avr5\libgcc.a
LOAD c:/program files (x86)/atmel/studio/7.0/toolchain/avr8/avr8-gnu-toolchain/bin/../lib/gcc/avr/4.9.2/../../../../avr/lib/avr5\libm.a
LOAD c:/program files (x86)/atmel/studio/7.0/toolchain/avr8/avr8-gnu-toolchain/bin/../lib/gcc/avr/4.9.2/../../../../avr/lib/avr5\libc.a
LOAD C:/Program Files (x86)/Atmel/Studio/7.0/Packs/atmel/ATmega_DFP/1.0.90/gcc/dev/atmega32u4/avr5\libatmega32u4.a
END GROUP

.hash
 *(.hash)

.dynsym
 *(.dynsym)

.dynstr
 *(.dynstr)

.gnu.version
 *(.gnu.version)

.gnu.version_d
 *(.gnu.version_d)

.gnu.version_r
 *(.gnu.version_r)

.rel.init
 *(.rel.init)

.rela.init
 *(.rela.init)

.rel.text
 *(.rel.text)
 *(.rel.text.*)
 *(.rel.gnu.linkonce.t*)

.rela.text
 *(.rela.text)
 *(.rela.text.*)
 *(.rela.gnu.linkonce.t*)

.rel.fini
 *(.rel.fini)

.rela.fini
 *(.rela.fini)

.rel.rodata
 *(.rel.rodata)
 *(.rel.rodata.*)
 *(.rel.gnu.linkonce.r*)

.rela.rodata
 *(.rela.rodata)
 *(.rela.rodata.*)
 *(.rela.gnu.linkonce.r*)

.rel.data
 *(.rel.data)
 *(.rel.data.*)
 *(.rel.gnu.linkonce.d*)

.rela.data
 *(.rela.data)
 *(.rela.data.*)
 *(.rela.gnu.linkonce.d*)

.rel.ctors
 *(.rel.ctors)

.rela.ctors
 *(.rela.ctors)

.rel.dtors
 *(.rel.dtors)

.rela.dtors
 *(.rela.dtors)

.rel.got
 *(.rel.got)

.rela.got
 *(.rela.got)

.rel.bss
 *(.rel.bss)

.rela.bss
 *(.rela.bss)

.rel.plt
 *(.rel.plt)

.rela.plt
 *(.rela.plt)

.text           0x00000000     0x7336
 *(.vectors)
 .vectors       0x00000000       0xac C:/Program Files (x86)/Atmel/Studio/7.0/Packs/atmel/ATmega_DFP/1.0.90/gcc/dev/atmega32u4/avr5/crtatmega32u4.o
                0x00000000                __vector_default
                0x00000000                __vectors
 *(.vectors)
 *(.progmem.gcc*)
                0x000000ac                . = ALIGN (0x2)
                0x000000ac                __trampolines_start = .
 *(.trampolines)
 .trampolines   0x000000ac        0x0 linker stubs
 *(.trampolines*)
                0x000000ac                __trampolines_end = .
 *(.progmem*)
 .progmem.data.SEND_EMPTY_HID_REPORT
                0x000000ac       0x24 Bluetooth.o
                0x000000ac                SEND_EMPTY_HID_REPORT
 .progmem.data.CONNECT_TO_PAIRED_DEVICE
                0x000000d0        0x6 Bluetooth.o
                0x000000d0                CONNECT_TO_PAIRED_DEVICE
 .progmem.data.MAKE_DISCOVERABLE
                0x000000d6        0x6 Bluetooth.o
                0x000000d6                MAKE_DISCOVERABLE
 .progmem.data.CLEAR_PAIRED_LIST
                0x000000dc        0x6 Bluetooth.o
                0x000000dc                CLEAR_PAIRED_LIST
 .progmem.data.DISABLE_PIN
                0x000000e2        0x9 Bluetooth.o
                0x000000e2                DISABLE_PIN
 .progmem.data.DISABLE_MIM
                0x000000eb        0x9 Bluetooth.o
                0x000000eb                DISABLE_MIM
 .progmem.data.SET_MODULE_FEATURES
                0x000000f4       0x1a Bluetooth.o
                0x000000f4                SET_MODULE_FEATURES
 .progmem.data.SET_HID_PARAMS
                0x0000010e       0x15 Bluetooth.o
                0x0000010e                SET_HID_PARAMS
 .progmem.data.SET_PROXY_MODE
                0x00000123        0xc Bluetooth.o
                0x00000123                SET_PROXY_MODE
 .progmem.data.ENABLE_UI
                0x0000012f        0x9 Bluetooth.o
                0x0000012f                ENABLE_UI
 .progmem.data.SET_FRIENDLY_NAME
                0x00000138       0x18 Bluetooth.o
                0x00000138                SET_FRIENDLY_NAME
 .progmem.data.Str_Assign
                0x00000150       0x34 Calibrate.o
                0x00000150                Str_Assign
 .progmem.data.Str_How_To_Exit
                0x00000184       0x1d Calibrate.o
                0x00000184                Str_How_To_Exit
 .progmem.data.Str_How_To_Select
                0x000001a1       0x22 Calibrate.o
                0x000001a1                Str_How_To_Select
 .progmem.data.Str_How_To_Scroll
                0x000001c3       0x2a Calibrate.o
                0x000001c3                Str_How_To_Scroll
 .progmem.data.Str_S_For_SD
                0x000001ed       0x2d Calibrate.o
                0x000001ed                Str_S_For_SD
 .progmem.data.Str_U_For_USB
                0x0000021a       0x31 Calibrate.o
                0x0000021a                Str_U_For_USB
 .progmem.data.Str_Manual_Calibration
                0x0000024b       0x1c Calibrate.o
                0x0000024b                Str_Manual_Calibration
 .progmem.data.Str_Settings_Saved
                0x00000267       0x11 Calibrate.o
                0x00000267                Str_Settings_Saved
 .progmem.data.Str_Spacebar_Blocks_Enter
                0x00000278       0x2a Calibrate.o
                0x00000278                Str_Spacebar_Blocks_Enter
 .progmem.data.Str_Set_Reed_Time
                0x000002a2       0x20 Calibrate.o
                0x000002a2                Str_Set_Reed_Time
 .progmem.data.Str_Set_Double_Time
                0x000002c2       0x2e Calibrate.o
                0x000002c2                Str_Set_Double_Time
 .progmem.data.Str_Set_Release_Time
                0x000002f0       0x1e Calibrate.o
                0x000002f0                Str_Set_Release_Time
 .progmem.data.Str_Set_Reaction_Time
                0x0000030e       0x30 Calibrate.o
                0x0000030e                Str_Set_Reaction_Time
 .progmem.data.Str_Press_CMD
                0x0000033e       0x1e Calibrate.o
                0x0000033e                Str_Press_CMD
 .progmem.data.Str_Adj_Sensitivity
                0x0000035c       0x1c Calibrate.o
                0x0000035c                Str_Adj_Sensitivity
 .progmem.data.Str_No_Hall
                0x00000378       0x31 Calibrate.o
                0x00000378                Str_No_Hall
 .progmem.data.Str_Calibrate_Hall
                0x000003a9       0x36 Calibrate.o
                0x000003a9                Str_Calibrate_Hall
 .progmem.data.Str_Backspace
                0x000003df        0xa Calibrate.o
                0x000003df                Str_Backspace
 .progmem.data.Str_Post
                0x000003e9        0x5 Calibrate.o
                0x000003e9                Str_Post
 .progmem.data.Str_Second_Enter
                0x000003ee       0x10 Calibrate.o
                0x000003ee                Str_Second_Enter
 .progmem.data.Str_Enter
                0x000003fe        0x6 Calibrate.o
                0x000003fe                Str_Enter
 .progmem.data.Str_Spacebar
                0x00000404        0x9 Calibrate.o
                0x00000404                Str_Spacebar
 .progmem.data.Str_Quick_Calibrate
                0x0000040d       0x1b Calibrate.o
                0x0000040d                Str_Quick_Calibrate
 .progmem.data.Str_No_Dummy_Load
                0x00000428       0x18 Calibrate.o
                0x00000428                Str_No_Dummy_Load
 .progmem.data.Str_Dummy_Load
                0x00000440       0x16 Calibrate.o
                0x00000440                Str_Dummy_Load
 .progmem.data.Str_USB_Only
                0x00000456       0x27 Calibrate.o
                0x00000456                Str_USB_Only
 .progmem.data.Str_SD_Only
                0x0000047d       0x21 Calibrate.o
                0x0000047d                Str_SD_Only
 .progmem.data.Str_Shift_Error
                0x0000049e       0x26 Calibrate.o
                0x0000049e                Str_Shift_Error
 .progmem.data.Str_Type_The_Following
                0x000004c4       0x32 Calibrate.o
                0x000004c4                Str_Type_The_Following
 .progmem.data.Str_Calibrating
                0x000004f6       0x10 Calibrate.o
                0x000004f6                Str_Calibrating
 .progmem.data.Str_SD_Mode
                0x00000506       0x16 Calibrate.o
                0x00000506                Str_SD_Mode
 .progmem.data.Str_Combo_Mode
                0x0000051c       0x1f Calibrate.o
                0x0000051c                Str_Combo_Mode
 .progmem.data.Str_Light_Mode
                0x0000053b       0x26 Calibrate.o
                0x0000053b                Str_Light_Mode
 .progmem.data.Str_BT_Mode
                0x00000561       0x19 Calibrate.o
                0x00000561                Str_BT_Mode
 .progmem.data.Str_Typewriter_Mode
                0x0000057a       0x12 Calibrate.o
                0x0000057a                Str_Typewriter_Mode
 .progmem.data.Str_Firmware_Ver
                0x0000058c       0x15 Calibrate.o
                0x0000058c                Str_Firmware_Ver
 .progmem.data.Str_USB_Typewriter
                0x000005a1       0x15 Calibrate.o
                0x000005a1                Str_USB_Typewriter
 .progmem.data.ProductString
                0x000005b6       0x32 Descriptors.o
                0x000005b6                ProductString
 .progmem.data.ManufacturerString
                0x000005e8       0x28 Descriptors.o
                0x000005e8                ManufacturerString
 .progmem.data.LanguageString
                0x00000610        0x4 Descriptors.o
                0x00000610                LanguageString
 .progmem.data.ConfigurationDescriptor
                0x00000614       0x39 Descriptors.o
                0x00000614                ConfigurationDescriptor
 .progmem.data.DeviceDescriptor
                0x0000064d       0x12 Descriptors.o
                0x0000064d                DeviceDescriptor
 .progmem.data.KeyboardReport
                0x0000065f       0x3f Descriptors.o
                0x0000065f                KeyboardReport
                0x0000069e                . = ALIGN (0x2)
 *(.jumptables)
 *(.jumptables*)
 *(.lowtext)
 *(.lowtext*)
                0x0000069e                __ctors_start = .
 *(.ctors)
                0x0000069e                __ctors_end = .
                0x0000069e                __dtors_start = .
 *(.dtors)
                0x0000069e                __dtors_end = .
 SORT(*)(.ctors)
 SORT(*)(.dtors)
 *(.init0)
 .init0         0x0000069e        0x0 C:/Program Files (x86)/Atmel/Studio/7.0/Packs/atmel/ATmega_DFP/1.0.90/gcc/dev/atmega32u4/avr5/crtatmega32u4.o
                0x0000069e                __init
 *(.init0)
 *(.init1)
 *(.init1)
 *(.init2)
 .init2         0x0000069e        0xc C:/Program Files (x86)/Atmel/Studio/7.0/Packs/atmel/ATmega_DFP/1.0.90/gcc/dev/atmega32u4/avr5/crtatmega32u4.o
 *(.init2)
 *(.init3)
 *(.init3)
 *(.init4)
 .init4         0x000006aa       0x16 c:/program files (x86)/atmel/studio/7.0/toolchain/avr8/avr8-gnu-toolchain/bin/../lib/gcc/avr/4.9.2/avr5\libgcc.a(_copy_data.o)
                0x000006aa                __do_copy_data
 .init4         0x000006c0       0x10 c:/program files (x86)/atmel/studio/7.0/toolchain/avr8/avr8-gnu-toolchain/bin/../lib/gcc/avr/4.9.2/avr5\libgcc.a(_clear_bss.o)
                0x000006c0                __do_clear_bss
 *(.init4)
 *(.init5)
 *(.init5)
 *(.init6)
 *(.init6)
 *(.init7)
 *(.init7)
 *(.init8)
 *(.init8)
 *(.init9)
 .init9         0x000006d0        0x8 C:/Program Files (x86)/Atmel/Studio/7.0/Packs/atmel/ATmega_DFP/1.0.90/gcc/dev/atmega32u4/avr5/crtatmega32u4.o
 *(.init9)
 *(.text)
 .text          0x000006d8        0x2 C:/Program Files (x86)/Atmel/Studio/7.0/Packs/atmel/ATmega_DFP/1.0.90/gcc/dev/atmega32u4/avr5/crtatmega32u4.o
                0x000006d8                __vector_38
                0x000006d8                __vector_22
                0x000006d8                __vector_28
                0x000006d8                __vector_1
                0x000006d8                __vector_32
                0x000006d8                __vector_34
                0x000006d8                __vector_24
                0x000006d8                __vector_12
                0x000006d8                __bad_interrupt
                0x000006d8                __vector_6
                0x000006d8                __vector_31
                0x000006d8                __vector_35
                0x000006d8                __vector_39
                0x000006d8                __vector_3
                0x000006d8                __vector_23
                0x000006d8                __vector_30
                0x000006d8                __vector_11
                0x000006d8                __vector_13
                0x000006d8                __vector_19
                0x000006d8                __vector_7
                0x000006d8                __vector_27
                0x000006d8                __vector_5
                0x000006d8                __vector_33
                0x000006d8                __vector_37
                0x000006d8                __vector_4
                0x000006d8                __vector_9
                0x000006d8                __vector_2
                0x000006d8                __vector_21
                0x000006d8                __vector_15
                0x000006d8                __vector_36
                0x000006d8                __vector_29
                0x000006d8                __vector_40
                0x000006d8                __vector_8
                0x000006d8                __vector_14
                0x000006d8                __vector_16
                0x000006d8                __vector_18
                0x000006d8                __vector_20
                0x000006d8                __vector_42
                0x000006da                . = ALIGN (0x2)
 *(.text.*)
 .text.Bluetooth_Reset
                0x000006da       0x38 Bluetooth.o
                0x000006da                Bluetooth_Reset
 .text.Get_Response
                0x00000712       0x7e Bluetooth.o
                0x00000712                Get_Response
 .text.Bluetooth_Send_CMD
                0x00000790       0x50 Bluetooth.o
                0x00000790                Bluetooth_Send_CMD
 .text.Bluetooth_Send_PROGMEM_CMD
                0x000007e0       0x18 Bluetooth.o
                0x000007e0                Bluetooth_Send_PROGMEM_CMD
 .text.Bluetooth_Send
                0x000007f8       0x78 Bluetooth.o
                0x000007f8                Bluetooth_Send
 .text.Bluetooth_Init
                0x00000870       0x3a Bluetooth.o
                0x00000870                Bluetooth_Init
 .text.Bluetooth_Configure
                0x000008aa       0x5e Bluetooth.o
                0x000008aa                Bluetooth_Configure
 .text.BluetoothInquire
                0x00000908        0x8 Bluetooth.o
                0x00000908                BluetoothInquire
 .text.Get_Bluetooth_State
                0x00000910        0x6 Bluetooth.o
                0x00000910                Get_Bluetooth_State
 .text.Bluetooth_Connect
                0x00000916       0x7e Bluetooth.o
                0x00000916                Bluetooth_Connect
 .text.SaveCalibration
                0x00000994       0x94 Calibrate.o
                0x00000994                SaveCalibration
 .text.DetectHallSensor
                0x00000a28       0xba Calibrate.o
                0x00000a28                DetectHallSensor
 .text.WaitForKeypress
                0x00000ae2       0x1e Calibrate.o
                0x00000ae2                WaitForKeypress
 .text.TeachHIDKey
                0x00000b00       0x58 Calibrate.o
                0x00000b00                TeachHIDKey
 .text.CalibrateReeds
                0x00000b58      0x1ba Calibrate.o
                0x00000b58                CalibrateReeds
 .text.QuickCalibrate
                0x00000d12       0xa6 Calibrate.o
                0x00000d12                QuickCalibrate
 .text.TeachASCIIKey
                0x00000db8       0x1a Calibrate.o
                0x00000db8                TeachASCIIKey
 .text.Calibrate
                0x00000dd2      0x4fe Calibrate.o
                0x00000dd2                Calibrate
 .text.Adjust_Sensitivity
                0x000012d0      0x200 Calibrate.o
                0x000012d0                Adjust_Sensitivity
 .text.Get_User_Response
                0x000014d0       0x16 Calibrate.o
                0x000014d0                Get_User_Response
 .text.Calibrate_Manually
                0x000014e6       0xfe Calibrate.o
                0x000014e6                Calibrate_Manually
 .text.Config_Interrupts
                0x000015e4       0x28 Config_Interrupts.o
                0x000015e4                Config_Interrupts
 .text.Config_IO
                0x0000160c       0x60 Config_IO.o
                0x0000160c                Config_IO
 .text.GlowGreenLED
                0x0000166c       0x8a Config_IO.o
                0x0000166c                GlowGreenLED
 .text.__vector_41
                0x000016f6       0x5e Config_IO.o
                0x000016f6                __vector_41
 .text.CALLBACK_USB_GetDescriptor
                0x00001754       0x86 Descriptors.o
                0x00001754                CALLBACK_USB_GetDescriptor
 .text.OpenLogFile
                0x000017da       0x4e KeyLogging.o
                0x000017da                OpenLogFile
 .text.CloseLogFile
                0x00001828       0x10 KeyLogging.o
                0x00001828                CloseLogFile
 .text.MountFilesystem
                0x00001838       0x1a KeyLogging.o
                0x00001838                MountFilesystem
 .text.get_num_of_sectors
                0x00001852       0x60 KeyLogging.o
                0x00001852                get_num_of_sectors
 .text.WriteToLogFile
                0x000018b2       0x70 KeyLogging.o
                0x000018b2                WriteToLogFile
 .text.TestSDHardware
                0x00001922       0x40 KeyLogging.o
                0x00001922                TestSDHardware
 .text.AddToSDBuffer
                0x00001962       0xa0 KeyLogging.o
                0x00001962                AddToSDBuffer
 .text.LogKeystrokes
                0x00001a02      0x192 KeyLogging.o
                0x00001a02                LogKeystrokes
 .text.dly_us   0x00001b94        0xa Lib/FatFS/diskio.o
 .text.xmit_mmc
                0x00001b9e       0x80 Lib/FatFS/diskio.o
 .text.rcvr_mmc
                0x00001c1e       0x64 Lib/FatFS/diskio.o
 .text.wait_ready
                0x00001c82       0x46 Lib/FatFS/diskio.o
 .text.deselect
                0x00001cc8       0x1e Lib/FatFS/diskio.o
 .text.select   0x00001ce6       0x3a Lib/FatFS/diskio.o
 .text.rcvr_datablock
                0x00001d20       0x72 Lib/FatFS/diskio.o
 .text.send_cmd
                0x00001d92       0xba Lib/FatFS/diskio.o
 .text.xmit_datablock
                0x00001e4c       0x6e Lib/FatFS/diskio.o
 .text.disk_status
                0x00001eba        0xe Lib/FatFS/diskio.o
                0x00001eba                disk_status
 .text.disk_initialize
                0x00001ec8      0x13c Lib/FatFS/diskio.o
                0x00001ec8                disk_initialize
 .text.disk_read
                0x00002004       0x88 Lib/FatFS/diskio.o
                0x00002004                disk_read
 .text.disk_write
                0x0000208c       0xc0 Lib/FatFS/diskio.o
                0x0000208c                disk_write
 .text.disk_ioctl
                0x0000214c      0x138 Lib/FatFS/diskio.o
                0x0000214c                disk_ioctl
 .text.mem_cpy  0x00002284       0x3a Lib/FatFS/ff.o
 .text.get_fileinfo
                0x000022be       0x9a Lib/FatFS/ff.o
 .text.get_ldnumber
                0x00002358       0x3e Lib/FatFS/ff.o
 .text.validate
                0x00002396       0x3c Lib/FatFS/ff.o
 .text.sync_window
                0x000023d2       0xbe Lib/FatFS/ff.o
 .text.sync_fs  0x00002490       0xd2 Lib/FatFS/ff.o
 .text.move_window
                0x00002562       0x78 Lib/FatFS/ff.o
 .text.check_fs
                0x000025da       0x72 Lib/FatFS/ff.o
 .text.find_volume
                0x0000264c      0x4bc Lib/FatFS/ff.o
 .text.clust2sect
                0x00002b08       0x50 Lib/FatFS/ff.o
                0x00002b08                clust2sect
 .text.get_fat  0x00002b58      0x196 Lib/FatFS/ff.o
                0x00002b58                get_fat
 .text.dir_sdi  0x00002cee      0x162 Lib/FatFS/ff.o
 .text.put_fat  0x00002e50      0x232 Lib/FatFS/ff.o
                0x00002e50                put_fat
 .text.create_chain
                0x00003082      0x1ac Lib/FatFS/ff.o
 .text.dir_next
                0x0000322e      0x200 Lib/FatFS/ff.o
 .text.follow_path
                0x0000342e      0x262 Lib/FatFS/ff.o
 .text.dir_register
                0x00003690       0x94 Lib/FatFS/ff.o
 .text.remove_chain
                0x00003724       0xdc Lib/FatFS/ff.o
 .text.f_mount  0x00003800       0x90 Lib/FatFS/ff.o
                0x00003800                f_mount
 .text.f_open   0x00003890      0x254 Lib/FatFS/ff.o
                0x00003890                f_open
 .text.f_write  0x00003ae4      0x324 Lib/FatFS/ff.o
                0x00003ae4                f_write
 .text.f_sync   0x00003e08       0x86 Lib/FatFS/ff.o
                0x00003e08                f_sync
 .text.f_close  0x00003e8e       0x20 Lib/FatFS/ff.o
                0x00003e8e                f_close
 .text.f_lseek  0x00003eae      0x31e Lib/FatFS/ff.o
                0x00003eae                f_lseek
 .text.f_stat   0x000041cc       0x82 Lib/FatFS/ff.o
                0x000041cc                f_stat
 .text.SCSI_Command_ReadWrite_10
                0x0000424e       0xa2 Lib/SCSI.o
 .text.SCSI_DecodeSCSICommand
                0x000042f0      0x2a4 Lib/SCSI.o
                0x000042f0                SCSI_DecodeSCSICommand
 .text.SDCardManager_Init
                0x00004594       0x18 Lib/SDCardManager.o
                0x00004594                SDCardManager_Init
 .text.SDCardManager_WriteBlockHandler
                0x000045ac       0xa0 Lib/SDCardManager.o
                0x000045ac                SDCardManager_WriteBlockHandler
 .text.SDCardManager_WriteBlocks
                0x0000464c       0xa8 Lib/SDCardManager.o
                0x0000464c                SDCardManager_WriteBlocks
 .text.SDCardManager_ReadBlockHandler
                0x000046f4       0xa4 Lib/SDCardManager.o
                0x000046f4                SDCardManager_ReadBlockHandler
 .text.SDCardManager_ReadBlocks
                0x00004798       0xb2 Lib/SDCardManager.o
                0x00004798                SDCardManager_ReadBlocks
 .text.SDCardManager_CheckSDCardOperation
                0x0000484a        0x6 Lib/SDCardManager.o
                0x0000484a                SDCardManager_CheckSDCardOperation
 .text.__vector_25
                0x00004850       0x5c uart.o
                0x00004850                __vector_25
 .text.__vector_26
                0x000048ac       0x54 uart.o
                0x000048ac                __vector_26
 .text.uart_init
                0x00004900       0x32 uart.o
                0x00004900                uart_init
 .text.uart_getc
                0x00004932       0x32 uart.o
                0x00004932                uart_getc
 .text.uart_clear_rx_buffer
                0x00004964        0xa uart.o
                0x00004964                uart_clear_rx_buffer
 .text.uart_putc
                0x0000496e       0x2a uart.o
                0x0000496e                uart_putc
 .text.__vector_17
                0x00004998       0x94 Keyboard.o
                0x00004998                __vector_17
 .text.Task_Manager
                0x00004a2c       0x3e Keyboard.o
                0x00004a2c                Task_Manager
 .text.SetupHardware
                0x00004a6a       0xb2 Keyboard.o
                0x00004a6a                SetupHardware
 .text.EVENT_USB_Device_Connect
                0x00004b1c        0x2 Keyboard.o
                0x00004b1c                EVENT_USB_Device_Connect
 .text.EVENT_USB_Device_Disconnect
                0x00004b1e        0xe Keyboard.o
                0x00004b1e                EVENT_USB_Device_Disconnect
 .text.EVENT_USB_Device_Suspend
                0x00004b2c        0x2 Keyboard.o
                0x00004b2c                EVENT_USB_Device_Suspend
 .text.EVENT_USB_Device_WakeUp
                0x00004b2e        0x2 Keyboard.o
                0x00004b2e                EVENT_USB_Device_WakeUp
 .text.EVENT_USB_Device_ConfigurationChanged
                0x00004b30       0x1a Keyboard.o
                0x00004b30                EVENT_USB_Device_ConfigurationChanged
 .text.EVENT_USB_Device_ControlRequest
                0x00004b4a        0xe Keyboard.o
                0x00004b4a                EVENT_USB_Device_ControlRequest
 .text.EVENT_USB_Device_StartOfFrame
                0x00004b58       0x18 Keyboard.o
                0x00004b58                EVENT_USB_Device_StartOfFrame
 .text.CALLBACK_MS_Device_SCSICommandReceived
                0x00004b70        0x2 Keyboard.o
                0x00004b70                CALLBACK_MS_Device_SCSICommandReceived
 .text.CALLBACK_HID_Device_CreateHIDReport
                0x00004b72       0x4e Keyboard.o
                0x00004b72                CALLBACK_HID_Device_CreateHIDReport
 .text.CALLBACK_HID_Device_ProcessHIDReport
                0x00004bc0       0x36 Keyboard.o
                0x00004bc0                CALLBACK_HID_Device_ProcessHIDReport
 .text.Init_Mode
                0x00004bf6       0xf2 Keyboard.o
                0x00004bf6                Init_Mode
 .text.startup.main
                0x00004ce8      0x1f0 Keyboard.o
                0x00004ce8                main
 .text.USBSend  0x00004ed8       0x96 Send.o
                0x00004ed8                USBSend
 .text.USBSendString
                0x00004f6e       0xe2 Send.o
                0x00004f6e                USBSendString
 .text.USBSendPROGString
                0x00005050       0x10 Send.o
                0x00005050                USBSendPROGString
 .text.USBSendNumber
                0x00005060       0x8c Send.o
                0x00005060                USBSendNumber
 .text.USBSendASCII
                0x000050ec       0xb4 Send.o
                0x000050ec                USBSendASCII
 .text.GetModifier
                0x000051a0       0x60 Sense_Keys.o
                0x000051a0                GetModifier
 .text.ReadSensor
                0x00005200      0x164 Sense_Keys.o
                0x00005200                ReadSensor
 .text.GetKeySimple
                0x00005364       0x50 Sense_Keys.o
                0x00005364                GetKeySimple
 .text.GetKey   0x000053b4      0x27c Sense_Keys.o
                0x000053b4                GetKey
 .text.GetHIDKeyCode
                0x00005630       0x3c Sense_Keys.o
                0x00005630                GetHIDKeyCode
 .text.GetASCIIKeyCode
                0x0000566c       0x26 Sense_Keys.o
                0x0000566c                GetASCIIKeyCode
 .text.getHallState
                0x00005692       0x12 Sense_Keys.o
                0x00005692                getHallState
 .text.LoadKeyCodeTables
                0x000056a4       0x50 Sense_Keys.o
                0x000056a4                LoadKeyCodeTables
 .text.LoadEepromParameters
                0x000056f4       0x6e Sense_Keys.o
                0x000056f4                LoadEepromParameters
 .text.ClearKeyCodeTables
                0x00005762       0x4c Sense_Keys.o
                0x00005762                ClearKeyCodeTables
 .text.RestoreFactoryDefaults
                0x000057ae       0x5e Sense_Keys.o
                0x000057ae                RestoreFactoryDefaults
 .text.InitializeEeprom
                0x0000580c       0x52 Sense_Keys.o
                0x0000580c                InitializeEeprom
 .text.HID_Device_ProcessControlRequest
                0x0000585e      0x274 src/LUFA/LUFA/Drivers/USB/Class/Device/HIDClassDevice.o
                0x0000585e                HID_Device_ProcessControlRequest
 .text.HID_Device_ConfigureEndpoints
                0x00005ad2       0x26 src/LUFA/LUFA/Drivers/USB/Class/Device/HIDClassDevice.o
                0x00005ad2                HID_Device_ConfigureEndpoints
 .text.HID_Device_USBTask
                0x00005af8      0x18c src/LUFA/LUFA/Drivers/USB/Class/Device/HIDClassDevice.o
                0x00005af8                HID_Device_USBTask
 .text.MS_Device_ProcessControlRequest
                0x00005c84       0x82 src/LUFA/LUFA/Drivers/USB/Class/Device/MassStorageClassDevice.o
                0x00005c84                MS_Device_ProcessControlRequest
 .text.MS_Device_ConfigureEndpoints
                0x00005d06       0x3a src/LUFA/LUFA/Drivers/USB/Class/Device/MassStorageClassDevice.o
                0x00005d06                MS_Device_ConfigureEndpoints
 .text.MS_Device_USBTask
                0x00005d40      0x234 src/LUFA/LUFA/Drivers/USB/Class/Device/MassStorageClassDevice.o
                0x00005d40                MS_Device_USBTask
 .text.Endpoint_Null_Stream
                0x00005f74       0x7c src/LUFA/LUFA/Drivers/USB/Core/AVR8/EndpointStream_AVR8.o
                0x00005f74                Endpoint_Null_Stream
 .text.Endpoint_Write_Stream_LE
                0x00005ff0       0x94 src/LUFA/LUFA/Drivers/USB/Core/AVR8/EndpointStream_AVR8.o
                0x00005ff0                Endpoint_Write_Stream_LE
 .text.Endpoint_Write_Stream_BE
                0x00006084       0xa0 src/LUFA/LUFA/Drivers/USB/Core/AVR8/EndpointStream_AVR8.o
                0x00006084                Endpoint_Write_Stream_BE
 .text.Endpoint_Read_Stream_LE
                0x00006124       0x94 src/LUFA/LUFA/Drivers/USB/Core/AVR8/EndpointStream_AVR8.o
                0x00006124                Endpoint_Read_Stream_LE
 .text.Endpoint_Write_Control_Stream_LE
                0x000061b8       0xc6 src/LUFA/LUFA/Drivers/USB/Core/AVR8/EndpointStream_AVR8.o
                0x000061b8                Endpoint_Write_Control_Stream_LE
 .text.Endpoint_Read_Control_Stream_LE
                0x0000627e       0x80 src/LUFA/LUFA/Drivers/USB/Core/AVR8/EndpointStream_AVR8.o
                0x0000627e                Endpoint_Read_Control_Stream_LE
 .text.Endpoint_Write_Control_PStream_LE
                0x000062fe       0xc2 src/LUFA/LUFA/Drivers/USB/Core/AVR8/EndpointStream_AVR8.o
                0x000062fe                Endpoint_Write_Control_PStream_LE
 .text.Endpoint_ConfigureEndpoint_Prv
                0x000063c0       0x6a src/LUFA/LUFA/Drivers/USB/Core/AVR8/Endpoint_AVR8.o
                0x000063c0                Endpoint_ConfigureEndpoint_Prv
 .text.Endpoint_ConfigureEndpointTable
                0x0000642a       0x90 src/LUFA/LUFA/Drivers/USB/Core/AVR8/Endpoint_AVR8.o
                0x0000642a                Endpoint_ConfigureEndpointTable
 .text.Endpoint_ClearStatusStage
                0x000064ba       0x3e src/LUFA/LUFA/Drivers/USB/Core/AVR8/Endpoint_AVR8.o
                0x000064ba                Endpoint_ClearStatusStage
 .text.Endpoint_WaitUntilReady
                0x000064f8       0x64 src/LUFA/LUFA/Drivers/USB/Core/AVR8/Endpoint_AVR8.o
                0x000064f8                Endpoint_WaitUntilReady
 .text.USB_Disable
                0x0000655c       0x30 src/LUFA/LUFA/Drivers/USB/Core/AVR8/USBController_AVR8.o
                0x0000655c                USB_Disable
 .text.USB_ResetInterface
                0x0000658c       0x80 src/LUFA/LUFA/Drivers/USB/Core/AVR8/USBController_AVR8.o
                0x0000658c                USB_ResetInterface
 .text.USB_Init
                0x0000660c       0x20 src/LUFA/LUFA/Drivers/USB/Core/AVR8/USBController_AVR8.o
                0x0000660c                USB_Init
 .text.USB_INT_DisableAllInterrupts
                0x0000662c       0x10 src/LUFA/LUFA/Drivers/USB/Core/AVR8/USBInterrupt_AVR8.o
                0x0000662c                USB_INT_DisableAllInterrupts
 .text.USB_INT_ClearAllInterrupts
                0x0000663c        0xa src/LUFA/LUFA/Drivers/USB/Core/AVR8/USBInterrupt_AVR8.o
                0x0000663c                USB_INT_ClearAllInterrupts
 .text.__vector_10
                0x00006646      0x190 src/LUFA/LUFA/Drivers/USB/Core/AVR8/USBInterrupt_AVR8.o
                0x00006646                __vector_10
 .text.USB_Device_ProcessControlRequest
                0x000067d6      0x2aa src/LUFA/LUFA/Drivers/USB/Core/DeviceStandardReq.o
                0x000067d6                USB_Device_ProcessControlRequest
 .text.USB_Event_Stub
                0x00006a80        0x2 src/LUFA/LUFA/Drivers/USB/Core/Events.o
                0x00006a80                EVENT_USB_Device_Reset
                0x00006a80                USB_Event_Stub
 .text.USB_USBTask
                0x00006a82       0x34 src/LUFA/LUFA/Drivers/USB/Core/USBTask.o
                0x00006a82                USB_USBTask
 .text.libgcc.div
                0x00006ab6       0x18 c:/program files (x86)/atmel/studio/7.0/toolchain/avr8/avr8-gnu-toolchain/bin/../lib/gcc/avr/4.9.2/avr5\libgcc.a(_udivmodqi4.o)
                0x00006ab6                __udivmodqi4
 .text.libgcc.div
                0x00006ace       0x26 c:/program files (x86)/atmel/studio/7.0/toolchain/avr8/avr8-gnu-toolchain/bin/../lib/gcc/avr/4.9.2/avr5\libgcc.a(_divmodhi4.o)
                0x00006ace                _div
                0x00006ace                __divmodhi4
 .text.libgcc.div
                0x00006af4       0x44 c:/program files (x86)/atmel/studio/7.0/toolchain/avr8/avr8-gnu-toolchain/bin/../lib/gcc/avr/4.9.2/avr5\libgcc.a(_udivmodsi4.o)
                0x00006af4                __udivmodsi4
 .text.libgcc.mul
                0x00006b38       0x14 c:/program files (x86)/atmel/studio/7.0/toolchain/avr8/avr8-gnu-toolchain/bin/../lib/gcc/avr/4.9.2/avr5\libgcc.a(_muluhisi3.o)
                0x00006b38                __muluhisi3
 .text.libgcc.builtins
                0x00006b4c       0x10 c:/program files (x86)/atmel/studio/7.0/toolchain/avr8/avr8-gnu-toolchain/bin/../lib/gcc/avr/4.9.2/avr5\libgcc.a(_clzdi2.o)
                0x00006b4c                __clzdi2
 .text.libgcc.builtins
                0x00006b5c       0x32 c:/program files (x86)/atmel/studio/7.0/toolchain/avr8/avr8-gnu-toolchain/bin/../lib/gcc/avr/4.9.2/avr5\libgcc.a(_ashldi3.o)
                0x00006b5c                __ashldi3
 .text.libgcc.builtins
                0x00006b8e       0x3c c:/program files (x86)/atmel/studio/7.0/toolchain/avr8/avr8-gnu-toolchain/bin/../lib/gcc/avr/4.9.2/avr5\libgcc.a(_ashrdi3.o)
                0x00006b8e                __ashrdi3
                0x00006b92                __lshrdi3
 .text.libgcc   0x00006bca       0x18 c:/program files (x86)/atmel/studio/7.0/toolchain/avr8/avr8-gnu-toolchain/bin/../lib/gcc/avr/4.9.2/avr5\libgcc.a(_cmpdi2_s8.o)
                0x00006bca                __cmpdi2_s8
 .text.libgcc.div
                0x00006be2       0x28 c:/program files (x86)/atmel/studio/7.0/toolchain/avr8/avr8-gnu-toolchain/bin/../lib/gcc/avr/4.9.2/avr5\libgcc.a(_udivmodhi4.o)
                0x00006be2                __udivmodhi4
 .text.libgcc.builtins
                0x00006c0a        0xe c:/program files (x86)/atmel/studio/7.0/toolchain/avr8/avr8-gnu-toolchain/bin/../lib/gcc/avr/4.9.2/avr5\libgcc.a(_clzsi2.o)
                0x00006c0a                __clzsi2
 .text.libgcc.builtins
                0x00006c18       0x24 c:/program files (x86)/atmel/studio/7.0/toolchain/avr8/avr8-gnu-toolchain/bin/../lib/gcc/avr/4.9.2/avr5\libgcc.a(_clzhi2.o)
                0x00006c18                __clzhi2
 .text.libgcc.mul
                0x00006c3c       0x1e c:/program files (x86)/atmel/studio/7.0/toolchain/avr8/avr8-gnu-toolchain/bin/../lib/gcc/avr/4.9.2/avr5\libgcc.a(_umulhisi3.o)
                0x00006c3c                __umulhisi3
 .text.avr-libc
                0x00006c5a       0x10 c:/program files (x86)/atmel/studio/7.0/toolchain/avr8/avr8-gnu-toolchain/bin/../lib/gcc/avr/4.9.2/../../../../avr/lib/avr5\libc.a(toupper.o)
                0x00006c5a                toupper
 .text.avr-libc
                0x00006c6a        0xe c:/program files (x86)/atmel/studio/7.0/toolchain/avr8/avr8-gnu-toolchain/bin/../lib/gcc/avr/4.9.2/../../../../avr/lib/avr5\libc.a(strcpy_P.o)
                0x00006c6a                strcpy_P
 .text.avr-libc
                0x00006c78        0x6 c:/program files (x86)/atmel/studio/7.0/toolchain/avr8/avr8-gnu-toolchain/bin/../lib/gcc/avr/4.9.2/../../../../avr/lib/avr5\libc.a(strtok.o)
                0x00006c78                strtok
 .text.avr-libc
                0x00006c7e       0x1a c:/program files (x86)/atmel/studio/7.0/toolchain/avr8/avr8-gnu-toolchain/bin/../lib/gcc/avr/4.9.2/../../../../avr/lib/avr5\libc.a(memcmp.o)
                0x00006c7e                memcmp
 .text.avr-libc
                0x00006c98       0x12 c:/program files (x86)/atmel/studio/7.0/toolchain/avr8/avr8-gnu-toolchain/bin/../lib/gcc/avr/4.9.2/../../../../avr/lib/avr5\libc.a(memcpy.o)
                0x00006c98                memcpy
 .text.avr-libc
                0x00006caa        0xe c:/program files (x86)/atmel/studio/7.0/toolchain/avr8/avr8-gnu-toolchain/bin/../lib/gcc/avr/4.9.2/../../../../avr/lib/avr5\libc.a(memset.o)
                0x00006caa                memset
 .text.avr-libc
                0x00006cb8        0xe c:/program files (x86)/atmel/studio/7.0/toolchain/avr8/avr8-gnu-toolchain/bin/../lib/gcc/avr/4.9.2/../../../../avr/lib/avr5\libc.a(strcpy.o)
                0x00006cb8                strcpy
 .text.avr-libc
                0x00006cc6       0x4e c:/program files (x86)/atmel/studio/7.0/toolchain/avr8/avr8-gnu-toolchain/bin/../lib/gcc/avr/4.9.2/../../../../avr/lib/avr5\libc.a(strtok_r.o)
                0x00006cc6                strtok_r
 .text.avr-libc
                0x00006d14       0x40 c:/program files (x86)/atmel/studio/7.0/toolchain/avr8/avr8-gnu-toolchain/bin/../lib/gcc/avr/4.9.2/../../../../avr/lib/avr5\libc.a(sprintf.o)
                0x00006d14                sprintf
 .text.avr-libc
                0x00006d54      0x386 c:/program files (x86)/atmel/studio/7.0/toolchain/avr8/avr8-gnu-toolchain/bin/../lib/gcc/avr/4.9.2/../../../../avr/lib/avr5\libc.a(vfprintf_std.o)
                0x00006d54                vfprintf
 .text.avr-libc
                0x000070da       0x16 c:/program files (x86)/atmel/studio/7.0/toolchain/avr8/avr8-gnu-toolchain/bin/../lib/gcc/avr/4.9.2/../../../../avr/lib/avr5\libc.a(strnlen_P.o)
                0x000070da                strnlen_P
 .text.avr-libc
                0x000070f0       0x16 c:/program files (x86)/atmel/studio/7.0/toolchain/avr8/avr8-gnu-toolchain/bin/../lib/gcc/avr/4.9.2/../../../../avr/lib/avr5\libc.a(strnlen.o)
                0x000070f0                strnlen
 .text.avr-libc
                0x00007106       0x70 c:/program files (x86)/atmel/studio/7.0/toolchain/avr8/avr8-gnu-toolchain/bin/../lib/gcc/avr/4.9.2/../../../../avr/lib/avr5\libc.a(fputc.o)
                0x00007106                fputc
 .text.avr-libc
                0x00007176       0xbc c:/program files (x86)/atmel/studio/7.0/toolchain/avr8/avr8-gnu-toolchain/bin/../lib/gcc/avr/4.9.2/../../../../avr/lib/avr5\libc.a(ultoa_invert.o)
                0x00007176                __ultoa_invert
 .text.avr-libc
                0x00007232       0x20 C:/Program Files (x86)/Atmel/Studio/7.0/Packs/atmel/ATmega_DFP/1.0.90/gcc/dev/atmega32u4/avr5\libatmega32u4.a(eerd_block.o)
                0x00007232                eeprom_read_block
                0x00007236                eeprom_read_blraw
 .text.avr-libc
                0x00007252       0x10 C:/Program Files (x86)/Atmel/Studio/7.0/Packs/atmel/ATmega_DFP/1.0.90/gcc/dev/atmega32u4/avr5\libatmega32u4.a(eerd_byte.o)
                0x00007252                eeprom_read_byte
 .text.avr-libc
                0x00007262        0xa C:/Program Files (x86)/Atmel/Studio/7.0/Packs/atmel/ATmega_DFP/1.0.90/gcc/dev/atmega32u4/avr5\libatmega32u4.a(eerd_word.o)
                0x00007262                eeprom_read_word
 .text.avr-libc
                0x0000726c       0x24 C:/Program Files (x86)/Atmel/Studio/7.0/Packs/atmel/ATmega_DFP/1.0.90/gcc/dev/atmega32u4/avr5\libatmega32u4.a(eeupd_byte.o)
                0x0000726c                eeprom_update_byte
                0x0000726e                eeprom_update_r18
 .text.avr-libc
                0x00007290       0x12 C:/Program Files (x86)/Atmel/Studio/7.0/Packs/atmel/ATmega_DFP/1.0.90/gcc/dev/atmega32u4/avr5\libatmega32u4.a(eewr_block.o)
                0x00007290                eeprom_write_block
 .text.avr-libc
                0x000072a2       0x1c C:/Program Files (x86)/Atmel/Studio/7.0/Packs/atmel/ATmega_DFP/1.0.90/gcc/dev/atmega32u4/avr5\libatmega32u4.a(eewr_byte.o)
                0x000072a2                eeprom_write_byte
                0x000072a4                eeprom_write_r18
 .text.avr-libc
                0x000072be        0x6 C:/Program Files (x86)/Atmel/Studio/7.0/Packs/atmel/ATmega_DFP/1.0.90/gcc/dev/atmega32u4/avr5\libatmega32u4.a(eewr_word.o)
                0x000072be                eeprom_write_word
 .text.libgcc.prologue
                0x000072c4       0x38 c:/program files (x86)/atmel/studio/7.0/toolchain/avr8/avr8-gnu-toolchain/bin/../lib/gcc/avr/4.9.2/avr5\libgcc.a(_prologue.o)
                0x000072c4                __prologue_saves__
 .text.libgcc.prologue
                0x000072fc       0x36 c:/program files (x86)/atmel/studio/7.0/toolchain/avr8/avr8-gnu-toolchain/bin/../lib/gcc/avr/4.9.2/avr5\libgcc.a(_epilogue.o)
                0x000072fc                __epilogue_restores__
                0x00007332                . = ALIGN (0x2)
 *(.fini9)
 .fini9         0x00007332        0x0 c:/program files (x86)/atmel/studio/7.0/toolchain/avr8/avr8-gnu-toolchain/bin/../lib/gcc/avr/4.9.2/avr5\libgcc.a(_exit.o)
                0x00007332                _exit
                0x00007332                exit
 *(.fini9)
 *(.fini8)
 *(.fini8)
 *(.fini7)
 *(.fini7)
 *(.fini6)
 *(.fini6)
 *(.fini5)
 *(.fini5)
 *(.fini4)
 *(.fini4)
 *(.fini3)
 *(.fini3)
 *(.fini2)
 *(.fini2)
 *(.fini1)
 *(.fini1)
 *(.fini0)
 .fini0         0x00007332        0x4 c:/program files (x86)/atmel/studio/7.0/toolchain/avr8/avr8-gnu-toolchain/bin/../lib/gcc/avr/4.9.2/avr5\libgcc.a(_exit.o)
 *(.fini0)
                0x00007336                _etext = .

.data           0x00800100      0x24c load address 0x00007336
                0x00800100                PROVIDE (__data_start, .)
 *(.data)
 *(.data*)
 .data.cmd_buffer
                0x00800100       0x24 Bluetooth.o
                0x00800100                cmd_buffer
 .data.FileName
                0x00800124        0xd KeyLogging.o
                0x00800124                FileName
 .data.Stat     0x00800131        0x1 Lib/FatFS/diskio.o
 .data.SenseData
                0x00800132       0x12 Lib/SCSI.o
 .data.Keyboard_HID_Interface
                0x00800144       0x10 Keyboard.o
                0x00800144                Keyboard_HID_Interface
 .data.Disk_MS_Interface
                0x00800154       0x39 Keyboard.o
                0x00800154                Disk_MS_Interface
 *(.rodata)
 *(.rodata*)
 .rodata.str1.1
                0x0080018d       0x31 Bluetooth.o
 .rodata.str1.1
                0x008001be       0x96 Calibrate.o
 .rodata.ASCIINumSymbols
                0x00800254        0xa Calibrate.o
                0x00800254                ASCIINumSymbols
 .rodata.ASCIINumbers
                0x0080025e        0xa Calibrate.o
                0x0080025e                ASCIINumbers
 .rodata.HIDNumbers
                0x00800268        0xa Calibrate.o
                0x00800268                HIDNumbers
 .rodata.str1.1
                0x00800272       0x22 KeyLogging.o
                                 0x23 (size before relaxing)
 .rodata.str1.1
                0x00800294        0xf Lib/FatFS/ff.o
 .rodata.ExCvt  0x008002a3       0x80 Lib/FatFS/ff.o
 .rodata.InquiryData
                0x00800323       0x24 Lib/SCSI.o
 .rodata.REED_BITS
                0x00800347        0x4 Sense_Keys.o
                0x00800347                REED_BITS
 *(.gnu.linkonce.d*)
                0x0080034c                . = ALIGN (0x2)
 *fill*         0x0080034b        0x1 
                0x0080034c                _edata = .
                0x0080034c                PROVIDE (__data_end, .)

.bss            0x0080034c      0x6a9
                0x0080034c                PROVIDE (__bss_start, .)
 *(.bss)
 .bss           0x0080034c        0x2 c:/program files (x86)/atmel/studio/7.0/toolchain/avr8/avr8-gnu-toolchain/bin/../lib/gcc/avr/4.9.2/../../../../avr/lib/avr5\libc.a(strtok.o)
 *(.bss*)
 .bss.prevcharacter.4496
                0x0080034e        0x1 KeyLogging.o
 .bss.tot_sect.4483
                0x0080034f        0x4 KeyLogging.o
 .bss.LogFile   0x00800353       0x20 KeyLogging.o
 .bss.DiskFATState
                0x00800373      0x22e KeyLogging.o
 .bss.CardType  0x008005a1        0x1 Lib/FatFS/diskio.o
 .bss.Fsid      0x008005a2        0x2 Lib/FatFS/ff.o
 .bss.FatFs     0x008005a4        0x2 Lib/FatFS/ff.o
 .bss.SDCard_Present
                0x008005a6        0x1 Lib/SDCardManager.o
 .bss.UART_LastRxError
                0x008005a7        0x1 uart.o
 .bss.UART_RxTail
                0x008005a8        0x1 uart.o
 .bss.UART_RxHead
                0x008005a9        0x1 uart.o
 .bss.UART_TxTail
                0x008005aa        0x1 uart.o
 .bss.UART_TxHead
                0x008005ab        0x1 uart.o
 .bss.UART_RxBuf
                0x008005ac       0x40 uart.o
 .bss.UART_TxBuf
                0x008005ec       0x10 uart.o
 .bss.PrevKeyboardHIDReportBuffer
                0x008005fc        0x8 Keyboard.o
 .bss.KeyReleaseCounter.4475
                0x00800604        0x1 Sense_Keys.o
 .bss.KeyHoldCounter.4474
                0x00800605        0x1 Sense_Keys.o
 .bss.DoubleTapCounter.4473
                0x00800606        0x1 Sense_Keys.o
 .bss.PreviousKey.4471
                0x00800607        0x1 Sense_Keys.o
 .bss.ActiveKey.4472
                0x00800608        0x1 Sense_Keys.o
 .bss.ActiveReeds.4476
                0x00800609        0x4 Sense_Keys.o
 .bss.ReedDebounce.4477
                0x0080060d        0x4 Sense_Keys.o
 *(COMMON)
 COMMON         0x00800611       0x42 Bluetooth.o
                0x00800611                response
                0x00800651                BT_State
                0x00800652                BT_Asleep
 COMMON         0x00800653        0x1 Config_IO.o
                0x00800653                GlowDirection
 COMMON         0x00800654      0x394 Keyboard.o
                0x00800654                Reed2Polarity
                0x00800655                UseDummyLoad
                0x00800656                Reeds_Are_Independent
                0x00800657                Scheduled_Task
                0x00800658                KeyReleaseTime
                0x00800659                KeyBufferMod
                0x0080065a                KeyCodeLookUpTable
                0x0080069a                ReedHoldTime
                0x0080069b                DoubleTapTime
                0x0080069c                Shift_Reed
                0x0080069d                TMR1_Count
                0x0080069f                myTimeoutCounter
                0x008006a1                Ignore_Flag
                0x008006a2                KeyBuffer
                0x008006a4                HallSensorPolarity
                0x008006a5                Hold_Alt_Down
                0x008006a6                Reed1Polarity
                0x008006a7                ShiftKeyCodeLookUpTable
                0x008006e7                KeyHoldTime
                0x008006e8                ASCIIShiftLookUpTable
                0x00800728                Reed3Polarity
                0x00800729                UseHallSensor
                0x0080072a                StringBuffer
                0x00800766                Reed4Polarity
                0x00800767                ASCIILookUpTable
                0x008007a7                Typewriter_Mode
                0x008007a8                SD_Buffer
                0x008009a8                FnKeyCodeLookUpTable
 COMMON         0x008009e8        0x3 src/LUFA/LUFA/Drivers/USB/Core/DeviceStandardReq.o
                0x008009e8                USB_Device_ConfigurationNumber
                0x008009e9                USB_Device_CurrentlySelfPowered
                0x008009ea                USB_Device_RemoteWakeupEnabled
 COMMON         0x008009eb        0xa src/LUFA/LUFA/Drivers/USB/Core/USBTask.o
                0x008009eb                USB_IsInitialized
                0x008009ec                USB_DeviceState
                0x008009ed                USB_ControlRequest
                0x008009f5                PROVIDE (__bss_end, .)
                0x00007336                __data_load_start = LOADADDR (.data)
                0x00007582                __data_load_end = (__data_load_start + SIZEOF (.data))

.noinit         0x008009f5        0x0
                0x008009f5                PROVIDE (__noinit_start, .)
 *(.noinit*)
                0x008009f5                PROVIDE (__noinit_end, .)
                0x008009f5                _end = .
                0x008009f5                PROVIDE (__heap_start, .)

.eeprom         0x00810000        0x0
 *(.eeprom*)
                0x00810000                __eeprom_end = .

.fuse
 *(.fuse)
 *(.lfuse)
 *(.hfuse)
 *(.efuse)

.lock
 *(.lock*)

.signature
 *(.signature*)

.user_signatures
 *(.user_signatures*)

.stab
 *(.stab)

.stabstr
 *(.stabstr)

.stab.excl
 *(.stab.excl)

.stab.exclstr
 *(.stab.exclstr)

.stab.index
 *(.stab.index)

.stab.indexstr
 *(.stab.indexstr)

.comment        0x00000000       0x5c
 *(.comment)
 .comment       0x00000000       0x30 Bluetooth.o
                                 0x31 (size before relaxing)
 .comment       0x00000030       0x31 Calibrate.o
 .comment       0x00000030       0x31 Config_Interrupts.o
 .comment       0x00000030       0x31 Config_IO.o
 .comment       0x00000030       0x31 Descriptors.o
 .comment       0x00000030       0x31 KeyLogging.o
 .comment       0x00000030       0x31 Lib/FatFS/diskio.o
 .comment       0x00000030       0x31 Lib/FatFS/ff.o
 .comment       0x00000030       0x31 Lib/SCSI.o
 .comment       0x00000030       0x31 Lib/SDCardManager.o
 .comment       0x00000030       0x31 uart.o
 .comment       0x00000030       0x31 Keyboard.o
 .comment       0x00000030       0x31 Send.o
 .comment       0x00000030       0x31 Sense_Keys.o
 .comment       0x00000030       0x31 src/LUFA/LUFA/Drivers/USB/Class/Device/HIDClassDevice.o
 .comment       0x00000030       0x31 src/LUFA/LUFA/Drivers/USB/Class/Device/MassStorageClassDevice.o
 .comment       0x00000030       0x31 src/LUFA/LUFA/Drivers/USB/Core/AVR8/EndpointStream_AVR8.o
 .comment       0x00000030       0x31 src/LUFA/LUFA/Drivers/USB/Core/AVR8/Endpoint_AVR8.o
 .comment       0x00000030       0x31 src/LUFA/LUFA/Drivers/USB/Core/AVR8/USBController_AVR8.o
 .comment       0x00000030       0x31 src/LUFA/LUFA/Drivers/USB/Core/AVR8/USBInterrupt_AVR8.o
 .comment       0x00000030       0x31 src/LUFA/LUFA/Drivers/USB/Core/DeviceStandardReq.o
 .comment       0x00000030       0x31 src/LUFA/LUFA/Drivers/USB/Core/Events.o
 .comment       0x00000030       0x31 src/LUFA/LUFA/Drivers/USB/Core/USBTask.o
 .comment       0x00000030       0x31 c:/program files (x86)/atmel/studio/7.0/toolchain/avr8/avr8-gnu-toolchain/bin/../lib/gcc/avr/4.9.2/../../../../avr/lib/avr5\libc.a(strtok.o)
 .comment       0x00000030       0x31 c:/program files (x86)/atmel/studio/7.0/toolchain/avr8/avr8-gnu-toolchain/bin/../lib/gcc/avr/4.9.2/../../../../avr/lib/avr5\libc.a(sprintf.o)
 .comment       0x00000030       0x2c c:/program files (x86)/atmel/studio/7.0/toolchain/avr8/avr8-gnu-toolchain/bin/../lib/gcc/avr/4.9.2/../../../../avr/lib/avr5\libc.a(vfprintf_std.o)
                                 0x2d (size before relaxing)
 .comment       0x0000005c       0x31 c:/program files (x86)/atmel/studio/7.0/toolchain/avr8/avr8-gnu-toolchain/bin/../lib/gcc/avr/4.9.2/../../../../avr/lib/avr5\libc.a(fputc.o)

.note.gnu.avr.deviceinfo
                0x00000000       0x40
 .note.gnu.avr.deviceinfo
                0x00000000       0x40 C:/Program Files (x86)/Atmel/Studio/7.0/Packs/atmel/ATmega_DFP/1.0.90/gcc/dev/atmega32u4/avr5/crtatmega32u4.o

.note.gnu.build-id
 *(.note.gnu.build-id)

.debug
 *(.debug)

.line
 *(.line)

.debug_srcinfo
 *(.debug_srcinfo)

.debug_sfnames
 *(.debug_sfnames)

.debug_aranges
 *(.debug_aranges)

.debug_pubnames
 *(.debug_pubnames)

.debug_info
 *(.debug_info .gnu.linkonce.wi.*)

.debug_abbrev
 *(.debug_abbrev)

.debug_line
 *(.debug_line .debug_line.* .debug_line_end)

.debug_frame
 *(.debug_frame)

.debug_str
 *(.debug_str)

.debug_loc
 *(.debug_loc)

.debug_macinfo
 *(.debug_macinfo)

.debug_weaknames
 *(.debug_weaknames)

.debug_funcnames
 *(.debug_funcnames)

.debug_typenames
 *(.debug_typenames)

.debug_varnames
 *(.debug_varnames)

.debug_pubtypes
 *(.debug_pubtypes)

.debug_ranges
 *(.debug_ranges)

.debug_macro
 *(.debug_macro)
OUTPUT(USB Typewriter P2S.elf elf32-avr)
LOAD linker stubs
