Archive member included to satisfy reference by file (symbol)

c:/program files (x86)/atmel/studio/7.0/toolchain/avr8/avr8-gnu-toolchain/bin/../lib/gcc/avr/4.9.2/avr5\libgcc.a(_udivmodqi4.o)
                              Send.o (__udivmodqi4)
c:/program files (x86)/atmel/studio/7.0/toolchain/avr8/avr8-gnu-toolchain/bin/../lib/gcc/avr/4.9.2/avr5\libgcc.a(_divmodhi4.o)
                              Send.o (__divmodhi4)
c:/program files (x86)/atmel/studio/7.0/toolchain/avr8/avr8-gnu-toolchain/bin/../lib/gcc/avr/4.9.2/avr5\libgcc.a(_udivmodsi4.o)
                              Lib/FatFS/ff.o (__udivmodsi4)
c:/program files (x86)/atmel/studio/7.0/toolchain/avr8/avr8-gnu-toolchain/bin/../lib/gcc/avr/4.9.2/avr5\libgcc.a(_exit.o)
                              C:/Program Files (x86)/Atmel/Studio/7.0/Packs/atmel/ATmega_DFP/1.0.90/gcc/dev/atmega32u4/avr5/crtatmega32u4.o (exit)
c:/program files (x86)/atmel/studio/7.0/toolchain/avr8/avr8-gnu-toolchain/bin/../lib/gcc/avr/4.9.2/avr5\libgcc.a(_copy_data.o)
                              Bluetooth.o (__do_copy_data)
c:/program files (x86)/atmel/studio/7.0/toolchain/avr8/avr8-gnu-toolchain/bin/../lib/gcc/avr/4.9.2/avr5\libgcc.a(_clear_bss.o)
                              Bluetooth.o (__do_clear_bss)
c:/program files (x86)/atmel/studio/7.0/toolchain/avr8/avr8-gnu-toolchain/bin/../lib/gcc/avr/4.9.2/avr5\libgcc.a(_muluhisi3.o)
                              KeyLogging.o (__muluhisi3)
c:/program files (x86)/atmel/studio/7.0/toolchain/avr8/avr8-gnu-toolchain/bin/../lib/gcc/avr/4.9.2/avr5\libgcc.a(_clzdi2.o)
                              Sense_Keys.o (__clzdi2)
c:/program files (x86)/atmel/studio/7.0/toolchain/avr8/avr8-gnu-toolchain/bin/../lib/gcc/avr/4.9.2/avr5\libgcc.a(_ashldi3.o)
                              Sense_Keys.o (__ashldi3)
c:/program files (x86)/atmel/studio/7.0/toolchain/avr8/avr8-gnu-toolchain/bin/../lib/gcc/avr/4.9.2/avr5\libgcc.a(_ashrdi3.o)
                              Sense_Keys.o (__lshrdi3)
c:/program files (x86)/atmel/studio/7.0/toolchain/avr8/avr8-gnu-toolchain/bin/../lib/gcc/avr/4.9.2/avr5\libgcc.a(_cmpdi2_s8.o)
                              Sense_Keys.o (__cmpdi2_s8)
c:/program files (x86)/atmel/studio/7.0/toolchain/avr8/avr8-gnu-toolchain/bin/../lib/gcc/avr/4.9.2/avr5\libgcc.a(_udivmodhi4.o)
                              c:/program files (x86)/atmel/studio/7.0/toolchain/avr8/avr8-gnu-toolchain/bin/../lib/gcc/avr/4.9.2/avr5\libgcc.a(_divmodhi4.o) (__udivmodhi4)
c:/program files (x86)/atmel/studio/7.0/toolchain/avr8/avr8-gnu-toolchain/bin/../lib/gcc/avr/4.9.2/avr5\libgcc.a(_clzsi2.o)
                              c:/program files (x86)/atmel/studio/7.0/toolchain/avr8/avr8-gnu-toolchain/bin/../lib/gcc/avr/4.9.2/avr5\libgcc.a(_clzdi2.o) (__clzsi2)
c:/program files (x86)/atmel/studio/7.0/toolchain/avr8/avr8-gnu-toolchain/bin/../lib/gcc/avr/4.9.2/avr5\libgcc.a(_clzhi2.o)
                              c:/program files (x86)/atmel/studio/7.0/toolchain/avr8/avr8-gnu-toolchain/bin/../lib/gcc/avr/4.9.2/avr5\libgcc.a(_clzsi2.o) (__clzhi2)
c:/program files (x86)/atmel/studio/7.0/toolchain/avr8/avr8-gnu-toolchain/bin/../lib/gcc/avr/4.9.2/avr5\libgcc.a(_umulhisi3.o)
                              c:/program files (x86)/atmel/studio/7.0/toolchain/avr8/avr8-gnu-toolchain/bin/../lib/gcc/avr/4.9.2/avr5\libgcc.a(_muluhisi3.o) (__umulhisi3)
c:/program files (x86)/atmel/studio/7.0/toolchain/avr8/avr8-gnu-toolchain/bin/../lib/gcc/avr/4.9.2/../../../../avr/lib/avr5\libc.a(toupper.o)
                              Send.o (toupper)
c:/program files (x86)/atmel/studio/7.0/toolchain/avr8/avr8-gnu-toolchain/bin/../lib/gcc/avr/4.9.2/../../../../avr/lib/avr5\libc.a(memcpy_P.o)
                              src/LUFA/LUFA/Drivers/USB/Class/Device/RNDISClassDevice.o (memcpy_P)
c:/program files (x86)/atmel/studio/7.0/toolchain/avr8/avr8-gnu-toolchain/bin/../lib/gcc/avr/4.9.2/../../../../avr/lib/avr5\libc.a(strcpy_P.o)
                              Send.o (strcpy_P)
c:/program files (x86)/atmel/studio/7.0/toolchain/avr8/avr8-gnu-toolchain/bin/../lib/gcc/avr/4.9.2/../../../../avr/lib/avr5\libc.a(memcmp.o)
                              src/LUFA/LUFA/Drivers/USB/Class/Device/HIDClassDevice.o (memcmp)
c:/program files (x86)/atmel/studio/7.0/toolchain/avr8/avr8-gnu-toolchain/bin/../lib/gcc/avr/4.9.2/../../../../avr/lib/avr5\libc.a(memcpy.o)
                              src/LUFA/LUFA/Drivers/USB/Class/Device/HIDClassDevice.o (memcpy)
c:/program files (x86)/atmel/studio/7.0/toolchain/avr8/avr8-gnu-toolchain/bin/../lib/gcc/avr/4.9.2/../../../../avr/lib/avr5\libc.a(memset.o)
                              src/LUFA/LUFA/Drivers/USB/Class/Device/HIDClassDevice.o (memset)
c:/program files (x86)/atmel/studio/7.0/toolchain/avr8/avr8-gnu-toolchain/bin/../lib/gcc/avr/4.9.2/../../../../avr/lib/avr5\libc.a(strcpy.o)
                              KeyLogging.o (strcpy)
c:/program files (x86)/atmel/studio/7.0/toolchain/avr8/avr8-gnu-toolchain/bin/../lib/gcc/avr/4.9.2/../../../../avr/lib/avr5\libc.a(sprintf.o)
[...]
Memory Configuration

Name             Origin             Length             Attributes
text             0x00000000         0x00020000         xr
data             0x00800060         0x0000ffa0         rw !x
eeprom           0x00810000         0x00010000         rw !x
fuse             0x00820000         0x00000400         rw !x
lock             0x00830000         0x00000400         rw !x
signature        0x00840000         0x00000400         rw !x
user_signatures  0x00850000         0x00000400         rw !x
*default*        0x00000000         0xffffffff

Linker script and memory map

Address of section .data set to 0x800100
LOAD C:/Program Files (x86)/Atmel/Studio/7.0/Packs/atmel/ATmega_DFP/1.0.90/gcc/dev/atmega32u4/avr5/crtatmega32u4.o
LOAD Bluetooth.o
LOAD Calibrate.o
LOAD Config_Interrupts.o
LOAD Config_IO.o
LOAD Descriptors.o
LOAD KeyLogging.o
LOAD Lib/FatFS/diskio.o
LOAD Lib/FatFS/ff.o
LOAD Lib/SCSI.o
LOAD Lib/SDCardManager.o
LOAD uart.o
LOAD Keyboard.o
LOAD Send.o
LOAD Sense_Keys.o
LOAD src/LUFA/LUFA/Drivers/USB/Class/Common/HIDParser.o
LOAD src/LUFA/LUFA/Drivers/USB/Class/Device/AudioClassDevice.o
LOAD src/LUFA/LUFA/Drivers/USB/Class/Device/CDCClassDevice.o
LOAD src/LUFA/LUFA/Drivers/USB/Class/Device/HIDClassDevice.o
LOAD src/LUFA/LUFA/Drivers/USB/Class/Device/MassStorageClassDevice.o
LOAD src/LUFA/LUFA/Drivers/USB/Class/Device/MIDIClassDevice.o
LOAD src/LUFA/LUFA/Drivers/USB/Class/Device/PrinterClassDevice.o
LOAD src/LUFA/LUFA/Drivers/USB/Class/Device/RNDISClassDevice.o
LOAD src/LUFA/LUFA/Drivers/USB/Class/Host/AndroidAccessoryClassHost.o
LOAD src/LUFA/LUFA/Drivers/USB/Class/Host/AudioClassHost.o
LOAD src/LUFA/LUFA/Drivers/USB/Class/Host/CDCClassHost.o
LOAD src/LUFA/LUFA/Drivers/USB/Class/Host/HIDClassHost.o
LOAD src/LUFA/LUFA/Drivers/USB/Class/Host/MassStorageClassHost.o
LOAD src/LUFA/LUFA/Drivers/USB/Class/Host/MIDIClassHost.o
LOAD src/LUFA/LUFA/Drivers/USB/Class/Host/PrinterClassHost.o
LOAD src/LUFA/LUFA/Drivers/USB/Class/Host/RNDISClassHost.o
LOAD src/LUFA/LUFA/Drivers/USB/Class/Host/StillImageClassHost.o
LOAD src/LUFA/LUFA/Drivers/USB/Core/AVR8/Device_AVR8.o
LOAD src/LUFA/LUFA/Drivers/USB/Core/AVR8/EndpointStream_AVR8.o
LOAD src/LUFA/LUFA/Drivers/USB/Core/AVR8/Endpoint_AVR8.o
LOAD src/LUFA/LUFA/Drivers/USB/Core/AVR8/Host_AVR8.o
LOAD src/LUFA/LUFA/Drivers/USB/Core/AVR8/PipeStream_AVR8.o
LOAD src/LUFA/LUFA/Drivers/USB/Core/AVR8/Pipe_AVR8.o
LOAD src/LUFA/LUFA/Drivers/USB/Core/AVR8/Template/Template_Endpoint_Control_R.o
LOAD src/LUFA/LUFA/Drivers/USB/Core/AVR8/Template/Template_Endpoint_Control_W.o
LOAD src/LUFA/LUFA/Drivers/USB/Core/AVR8/Template/Template_Endpoint_RW.o
LOAD src/LUFA/LUFA/Drivers/USB/Core/AVR8/Template/Template_Pipe_RW.o
LOAD src/LUFA/LUFA/Drivers/USB/Core/AVR8/USBController_AVR8.o
LOAD src/LUFA/LUFA/Drivers/USB/Core/AVR8/USBInterrupt_AVR8.o
LOAD src/LUFA/LUFA/Drivers/USB/Core/ConfigDescriptors.o
LOAD src/LUFA/LUFA/Drivers/USB/Core/DeviceStandardReq.o
LOAD src/LUFA/LUFA/Drivers/USB/Core/Events.o
LOAD src/LUFA/LUFA/Drivers/USB/Core/HostStandardReq.o
LOAD src/LUFA/LUFA/Drivers/USB/Core/USBTask.o
START GROUP
LOAD c:/program files (x86)/atmel/studio/7.0/toolchain/avr8/avr8-gnu-toolchain/bin/../lib/gcc/avr/4.9.2/../../../../avr/lib/avr5\libm.a
END GROUP
START GROUP
LOAD c:/program files (x86)/atmel/studio/7.0/toolchain/avr8/avr8-gnu-toolchain/bin/../lib/gcc/avr/4.9.2/avr5\libgcc.a
LOAD c:/program files (x86)/atmel/studio/7.0/toolchain/avr8/avr8-gnu-toolchain/bin/../lib/gcc/avr/4.9.2/../../../../avr/lib/avr5\libm.a
LOAD c:/program files (x86)/atmel/studio/7.0/toolchain/avr8/avr8-gnu-toolchain/bin/../lib/gcc/avr/4.9.2/../../../../avr/lib/avr5\libc.a
LOAD C:/Program Files (x86)/Atmel/Studio/7.0/Packs/atmel/ATmega_DFP/1.0.90/gcc/dev/atmega32u4/avr5\libatmega32u4.a
END GROUP

.hash
 *(.hash)

.dynsym
 *(.dynsym)

.dynstr
 *(.dynstr)

.gnu.version
 *(.gnu.version)

.gnu.version_d
 *(.gnu.version_d)

.gnu.version_r
 *(.gnu.version_r)

.rel.init
 *(.rel.init)

.rela.init
 *(.rela.init)

.rel.text
 *(.rel.text)
 *(.rel.text.*)
 *(.rel.gnu.linkonce.t*)

.rela.text
 *(.rela.text)
 *(.rela.text.*)
 *(.rela.gnu.linkonce.t*)

.rel.fini
 *(.rel.fini)

.rela.fini
 *(.rela.fini)

.rel.rodata
 *(.rel.rodata)
 *(.rel.rodata.*)
 *(.rel.gnu.linkonce.r*)

.rela.rodata
 *(.rela.rodata)
 *(.rela.rodata.*)
 *(.rela.gnu.linkonce.r*)

.rel.data
 *(.rel.data)
 *(.rel.data.*)
 *(.rel.gnu.linkonce.d*)

.rela.data
 *(.rela.data)
 *(.rela.data.*)
 *(.rela.gnu.linkonce.d*)

.rel.ctors
 *(.rel.ctors)

.rela.ctors
 *(.rela.ctors)

.rel.dtors
 *(.rel.dtors)

.rela.dtors
 *(.rela.dtors)

.rel.got
 *(.rel.got)

.rela.got
 *(.rela.got)

.rel.bss
 *(.rel.bss)

.rela.bss
 *(.rela.bss)

.rel.plt
 *(.rel.plt)

.rela.plt
 *(.rela.plt)

.text           0x00000000     0x72ce
 *(.vectors)
 .vectors       0x00000000       0xac C:/Program Files (x86)/Atmel/Studio/7.0/Packs/atmel/ATmega_DFP/1.0.90/gcc/dev/atmega32u4/avr5/crtatmega32u4.o
                0x00000000                __vector_default
                0x00000000                __vectors
 *(.vectors)
 *(.progmem.gcc*)
                0x000000ac                . = ALIGN (0x2)
                0x000000ac                __trampolines_start = .
 *(.trampolines)
 .trampolines   0x000000ac        0x0 linker stubs
 *(.trampolines*)
                0x000000ac                __trampolines_end = .
 *(.progmem*)
 .progmem.data.Str_Assign
                0x000000ac       0x2f Calibrate.o
                0x000000ac                Str_Assign
 .progmem.data.Str_How_To_Exit
                0x000000db       0x1d Calibrate.o
                0x000000db                Str_How_To_Exit
 .progmem.data.Str_How_To_Select
                0x000000f8       0x22 Calibrate.o
                0x000000f8                Str_How_To_Select
 .progmem.data.Str_How_To_Scroll
                0x0000011a       0x2a Calibrate.o
                0x0000011a                Str_How_To_Scroll
 .progmem.data.Str_S_For_SD
                0x00000144       0x2d Calibrate.o
                0x00000144                Str_S_For_SD
 .progmem.data.Str_U_For_USB
                0x00000171       0x31 Calibrate.o
                0x00000171                Str_U_For_USB
 .progmem.data.Str_Manual_Calibration
                0x000001a2       0x1c Calibrate.o
                0x000001a2                Str_Manual_Calibration
 .progmem.data.Str_Settings_Saved
                0x000001be       0x11 Calibrate.o
                0x000001be                Str_Settings_Saved
 .progmem.data.Str_Spacebar_Blocks_Enter
                0x000001cf       0x2a Calibrate.o
                0x000001cf                Str_Spacebar_Blocks_Enter
 .progmem.data.Str_Set_Reed_Time
                0x000001f9       0x20 Calibrate.o
                0x000001f9                Str_Set_Reed_Time
 .progmem.data.Str_Set_Double_Time
                0x00000219       0x2e Calibrate.o
                0x00000219                Str_Set_Double_Time
 .progmem.data.Str_Set_Release_Time
                0x00000247       0x1e Calibrate.o
                0x00000247                Str_Set_Release_Time
 .progmem.data.Str_Set_Reaction_Time
                0x00000265       0x30 Calibrate.o
                0x00000265                Str_Set_Reaction_Time
 .progmem.data.Str_Press_CMD
                0x00000295       0x1e Calibrate.o
                0x00000295                Str_Press_CMD
 .progmem.data.Str_Adj_Sensitivity
                0x000002b3       0x1c Calibrate.o
                0x000002b3                Str_Adj_Sensitivity
 .progmem.data.Str_No_Hall
                0x000002cf       0x31 Calibrate.o
                0x000002cf                Str_No_Hall
 .progmem.data.Str_Calibrate_Hall
                0x00000300       0x36 Calibrate.o
                0x00000300                Str_Calibrate_Hall
 .progmem.data.Str_Backspace
                0x00000336        0xa Calibrate.o
                0x00000336                Str_Backspace
 .progmem.data.Str_Post
                0x00000340        0x5 Calibrate.o
                0x00000340                Str_Post
 .progmem.data.Str_Second_Enter
                0x00000345       0x10 Calibrate.o
                0x00000345                Str_Second_Enter
 .progmem.data.Str_Enter
                0x00000355        0x6 Calibrate.o
                0x00000355                Str_Enter
 .progmem.data.Str_Spacebar
                0x0000035b        0x9 Calibrate.o
                0x0000035b                Str_Spacebar
 .progmem.data.Str_Quick_Calibrate
                0x00000364       0x1b Calibrate.o
                0x00000364                Str_Quick_Calibrate
 .progmem.data.Str_No_Dummy_Load
                0x0000037f       0x18 Calibrate.o
                0x0000037f                Str_No_Dummy_Load
 .progmem.data.Str_Dummy_Load
                0x00000397       0x16 Calibrate.o
                0x00000397                Str_Dummy_Load
 .progmem.data.Str_USB_Only
                0x000003ad       0x27 Calibrate.o
                0x000003ad                Str_USB_Only
 .progmem.data.Str_SD_Only
                0x000003d4       0x21 Calibrate.o
                0x000003d4                Str_SD_Only
 .progmem.data.Str_Shift_Error
                0x000003f5       0x26 Calibrate.o
                0x000003f5                Str_Shift_Error
 .progmem.data.Str_Type_The_Following
                0x0000041b       0x32 Calibrate.o
                0x0000041b                Str_Type_The_Following
 .progmem.data.Str_Calibrating
                0x0000044d       0x10 Calibrate.o
                0x0000044d                Str_Calibrating
 .progmem.data.Str_SD_Mode
                0x0000045d       0x16 Calibrate.o
                0x0000045d                Str_SD_Mode
 .progmem.data.Str_Combo_Mode
                0x00000473       0x1f Calibrate.o
                0x00000473                Str_Combo_Mode
 .progmem.data.Str_Light_Mode
                0x00000492       0x26 Calibrate.o
                0x00000492                Str_Light_Mode
 .progmem.data.Str_BT_Mode
                0x000004b8       0x19 Calibrate.o
                0x000004b8                Str_BT_Mode
 .progmem.data.Str_Typewriter_Mode
                0x000004d1       0x12 Calibrate.o
                0x000004d1                Str_Typewriter_Mode
 .progmem.data.Str_Firmware_Ver
                0x000004e3       0x15 Calibrate.o
                0x000004e3                Str_Firmware_Ver
 .progmem.data.Str_USB_Typewriter
                0x000004f8       0x15 Calibrate.o
                0x000004f8                Str_USB_Typewriter
 .progmem.data.ProductString
                0x0000050d       0x32 Descriptors.o
                0x0000050d                ProductString
 .progmem.data.ManufacturerString
                0x0000053f       0x28 Descriptors.o
                0x0000053f                ManufacturerString
 .progmem.data.LanguageString
                0x00000567        0x4 Descriptors.o
                0x00000567                LanguageString
 .progmem.data.ConfigurationDescriptor
                0x0000056b       0x39 Descriptors.o
                0x0000056b                ConfigurationDescriptor
 .progmem.data.DeviceDescriptor
                0x000005a4       0x12 Descriptors.o
                0x000005a4                DeviceDescriptor
 .progmem.data.KeyboardReport
                0x000005b6       0x3f Descriptors.o
                0x000005b6                KeyboardReport
                0x000005f6                . = ALIGN (0x2)
 *fill*         0x000005f5        0x1 
 *(.jumptables)
 *(.jumptables*)
 *(.lowtext)
 *(.lowtext*)
                0x000005f6                __ctors_start = .
 *(.ctors)
                0x000005f6                __ctors_end = .
                0x000005f6                __dtors_start = .
 *(.dtors)
                0x000005f6                __dtors_end = .
 SORT(*)(.ctors)
 SORT(*)(.dtors)
 *(.init0)
 .init0         0x000005f6        0x0 C:/Program Files (x86)/Atmel/Studio/7.0/Packs/atmel/ATmega_DFP/1.0.90/gcc/dev/atmega32u4/avr5/crtatmega32u4.o
                0x000005f6                __init
 *(.init0)
 *(.init1)
 *(.init1)
 *(.init2)
 .init2         0x000005f6        0xc C:/Program Files (x86)/Atmel/Studio/7.0/Packs/atmel/ATmega_DFP/1.0.90/gcc/dev/atmega32u4/avr5/crtatmega32u4.o
 *(.init2)
 *(.init3)
 *(.init3)
 *(.init4)
 .init4         0x00000602       0x16 c:/program files (x86)/atmel/studio/7.0/toolchain/avr8/avr8-gnu-toolchain/bin/../lib/gcc/avr/4.9.2/avr5\libgcc.a(_copy_data.o)
                0x00000602                __do_copy_data
 .init4         0x00000618       0x10 c:/program files (x86)/atmel/studio/7.0/toolchain/avr8/avr8-gnu-toolchain/bin/../lib/gcc/avr/4.9.2/avr5\libgcc.a(_clear_bss.o)
                0x00000618                __do_clear_bss
 *(.init4)
 *(.init5)
 *(.init5)
 *(.init6)
 *(.init6)
 *(.init7)
 *(.init7)
 *(.init8)
 *(.init8)
 *(.init9)
 .init9         0x00000628        0x8 C:/Program Files (x86)/Atmel/Studio/7.0/Packs/atmel/ATmega_DFP/1.0.90/gcc/dev/atmega32u4/avr5/crtatmega32u4.o
 *(.init9)
 *(.text)
 .text          0x00000630        0x2 C:/Program Files (x86)/Atmel/Studio/7.0/Packs/atmel/ATmega_DFP/1.0.90/gcc/dev/atmega32u4/avr5/crtatmega32u4.o
                0x00000630                __vector_38
                0x00000630                __vector_22
                0x00000630                __vector_28
                0x00000630                __vector_1
                0x00000630                __vector_32
                0x00000630                __vector_34
                0x00000630                __vector_24
                0x00000630                __vector_12
                0x00000630                __bad_interrupt
                0x00000630                __vector_6
                0x00000630                __vector_31
                0x00000630                __vector_35
                0x00000630                __vector_39
                0x00000630                __vector_3
                0x00000630                __vector_23
                0x00000630                __vector_30
                0x00000630                __vector_11
                0x00000630                __vector_13
                0x00000630                __vector_19
                0x00000630                __vector_7
                0x00000630                __vector_27
                0x00000630                __vector_5
                0x00000630                __vector_33
                0x00000630                __vector_37
                0x00000630                __vector_4
                0x00000630                __vector_9
                0x00000630                __vector_2
                0x00000630                __vector_21
                0x00000630                __vector_15
                0x00000630                __vector_36
                0x00000630                __vector_29
                0x00000630                __vector_40
                0x00000630                __vector_8
                0x00000630                __vector_14
                0x00000630                __vector_16
                0x00000630                __vector_18
                0x00000630                __vector_20
                0x00000630                __vector_42
                0x00000632                . = ALIGN (0x2)
 *(.text.*)
 .text.Bluetooth_Send
                0x00000632       0x5c Bluetooth.o
                0x00000632                Bluetooth_Send
 .text.Bluetooth_Reset
                0x0000068e       0x38 Bluetooth.o
                0x0000068e                Bluetooth_Reset
 .text.Bluetooth_Init
                0x000006c6        0xa Bluetooth.o
                0x000006c6                Bluetooth_Init
 .text.Get_Response
                0x000006d0       0x3e Bluetooth.o
                0x000006d0                Get_Response
 .text.Bluetooth_Send_CMD
                0x0000070e       0x42 Bluetooth.o
                0x0000070e                Bluetooth_Send_CMD
 .text.Bluetooth_Enter_CMD_Mode
                0x00000750       0x18 Bluetooth.o
                0x00000750                Bluetooth_Enter_CMD_Mode
 .text.Bluetooth_Configure
                0x00000768       0xb4 Bluetooth.o
                0x00000768                Bluetooth_Configure
 .text.Get_Bluetooth_State
                0x0000081c        0x6 Bluetooth.o
                0x0000081c                Get_Bluetooth_State
 .text.SaveCalibration
                0x00000822       0x94 Calibrate.o
                0x00000822                SaveCalibration
 .text.DetectHallSensor
                0x000008b6       0xba Calibrate.o
                0x000008b6                DetectHallSensor
 .text.WaitForKeypress
                0x00000970       0x1e Calibrate.o
                0x00000970                WaitForKeypress
 .text.TeachHIDKey
                0x0000098e       0x58 Calibrate.o
                0x0000098e                TeachHIDKey
 .text.CalibrateReeds
                0x000009e6      0x1ba Calibrate.o
                0x000009e6                CalibrateReeds
 .text.QuickCalibrate
                0x00000ba0       0xa6 Calibrate.o
                0x00000ba0                QuickCalibrate
 .text.TeachASCIIKey
                0x00000c46       0x1a Calibrate.o
                0x00000c46                TeachASCIIKey
 .text.Calibrate
                0x00000c60      0x5a4 Calibrate.o
                0x00000c60                Calibrate
 .text.Adjust_Sensitivity
                0x00001204      0x200 Calibrate.o
                0x00001204                Adjust_Sensitivity
 .text.Get_User_Response
                0x00001404       0x16 Calibrate.o
                0x00001404                Get_User_Response
 .text.Calibrate_Manually
                0x0000141a      0x1c0 Calibrate.o
                0x0000141a                Calibrate_Manually
 .text.Config_Interrupts
                0x000015da       0x28 Config_Interrupts.o
                0x000015da                Config_Interrupts
 .text.Config_IO
                0x00001602       0x60 Config_IO.o
                0x00001602                Config_IO
 .text.GlowGreenLED
                0x00001662       0x8a Config_IO.o
                0x00001662                GlowGreenLED
 .text.__vector_41
                0x000016ec       0x5e Config_IO.o
                0x000016ec                __vector_41
 .text.CALLBACK_USB_GetDescriptor
                0x0000174a       0x86 Descriptors.o
                0x0000174a                CALLBACK_USB_GetDescriptor
 .text.OpenLogFile
                0x000017d0       0x4e KeyLogging.o
                0x000017d0                OpenLogFile
 .text.CloseLogFile
                0x0000181e       0x10 KeyLogging.o
                0x0000181e                CloseLogFile
 .text.MountFilesystem
                0x0000182e       0x1a KeyLogging.o
                0x0000182e                MountFilesystem
 .text.get_num_of_sectors
                0x00001848       0x60 KeyLogging.o
                0x00001848                get_num_of_sectors
 .text.WriteToLogFile
                0x000018a8       0x70 KeyLogging.o
                0x000018a8                WriteToLogFile
 .text.TestSDHardware
                0x00001918       0x40 KeyLogging.o
                0x00001918                TestSDHardware
 .text.AddToSDBuffer
                0x00001958       0xa0 KeyLogging.o
                0x00001958                AddToSDBuffer
 .text.LogKeystrokes
                0x000019f8      0x192 KeyLogging.o
                0x000019f8                LogKeystrokes
 .text.dly_us   0x00001b8a        0xa Lib/FatFS/diskio.o
 .text.xmit_mmc
                0x00001b94       0x80 Lib/FatFS/diskio.o
 .text.rcvr_mmc
                0x00001c14       0x64 Lib/FatFS/diskio.o
 .text.wait_ready
                0x00001c78       0x46 Lib/FatFS/diskio.o
 .text.deselect
                0x00001cbe       0x1e Lib/FatFS/diskio.o
 .text.select   0x00001cdc       0x3a Lib/FatFS/diskio.o
 .text.rcvr_datablock
                0x00001d16       0x72 Lib/FatFS/diskio.o
 .text.send_cmd
                0x00001d88       0xba Lib/FatFS/diskio.o
 .text.xmit_datablock
                0x00001e42       0x6e Lib/FatFS/diskio.o
 .text.disk_status
                0x00001eb0        0xe Lib/FatFS/diskio.o
                0x00001eb0                disk_status
 .text.disk_initialize
                0x00001ebe      0x13c Lib/FatFS/diskio.o
                0x00001ebe                disk_initialize
 .text.disk_read
                0x00001ffa       0x88 Lib/FatFS/diskio.o
                0x00001ffa                disk_read
 .text.disk_write
                0x00002082       0xc0 Lib/FatFS/diskio.o
                0x00002082                disk_write
 .text.disk_ioctl
                0x00002142      0x138 Lib/FatFS/diskio.o
                0x00002142                disk_ioctl
 .text.mem_cpy  0x0000227a       0x3a Lib/FatFS/ff.o
 .text.get_fileinfo
                0x000022b4       0x9a Lib/FatFS/ff.o
 .text.get_ldnumber
                0x0000234e       0x3e Lib/FatFS/ff.o
 .text.validate
                0x0000238c       0x3c Lib/FatFS/ff.o
 .text.sync_window
                0x000023c8       0xbe Lib/FatFS/ff.o
 .text.sync_fs  0x00002486       0xd2 Lib/FatFS/ff.o
 .text.move_window
                0x00002558       0x78 Lib/FatFS/ff.o
 .text.check_fs
                0x000025d0       0x72 Lib/FatFS/ff.o
 .text.find_volume
                0x00002642      0x4bc Lib/FatFS/ff.o
 .text.clust2sect
                0x00002afe       0x50 Lib/FatFS/ff.o
                0x00002afe                clust2sect
 .text.get_fat  0x00002b4e      0x196 Lib/FatFS/ff.o
                0x00002b4e                get_fat
 .text.dir_sdi  0x00002ce4      0x162 Lib/FatFS/ff.o
 .text.put_fat  0x00002e46      0x232 Lib/FatFS/ff.o
                0x00002e46                put_fat
 .text.create_chain
                0x00003078      0x1ac Lib/FatFS/ff.o
 .text.dir_next
                0x00003224      0x200 Lib/FatFS/ff.o
 .text.follow_path
                0x00003424      0x262 Lib/FatFS/ff.o
 .text.dir_register
                0x00003686       0x94 Lib/FatFS/ff.o
 .text.remove_chain
                0x0000371a       0xdc Lib/FatFS/ff.o
 .text.f_mount  0x000037f6       0x90 Lib/FatFS/ff.o
                0x000037f6                f_mount
 .text.f_open   0x00003886      0x254 Lib/FatFS/ff.o
                0x00003886                f_open
 .text.f_write  0x00003ada      0x324 Lib/FatFS/ff.o
                0x00003ada                f_write
 .text.f_sync   0x00003dfe       0x86 Lib/FatFS/ff.o
                0x00003dfe                f_sync
 .text.f_close  0x00003e84       0x20 Lib/FatFS/ff.o
                0x00003e84                f_close
 .text.f_lseek  0x00003ea4      0x31e Lib/FatFS/ff.o
                0x00003ea4                f_lseek
 .text.f_stat   0x000041c2       0x82 Lib/FatFS/ff.o
                0x000041c2                f_stat
 .text.SCSI_Command_ReadWrite_10
                0x00004244       0xa2 Lib/SCSI.o
 .text.SCSI_DecodeSCSICommand
                0x000042e6      0x2a4 Lib/SCSI.o
                0x000042e6                SCSI_DecodeSCSICommand
 .text.SDCardManager_Init
                0x0000458a       0x18 Lib/SDCardManager.o
                0x0000458a                SDCardManager_Init
 .text.SDCardManager_WriteBlockHandler
                0x000045a2       0xa0 Lib/SDCardManager.o
                0x000045a2                SDCardManager_WriteBlockHandler
 .text.SDCardManager_WriteBlocks
                0x00004642       0xa8 Lib/SDCardManager.o
                0x00004642                SDCardManager_WriteBlocks
 .text.SDCardManager_ReadBlockHandler
                0x000046ea       0xa4 Lib/SDCardManager.o
                0x000046ea                SDCardManager_ReadBlockHandler
 .text.SDCardManager_ReadBlocks
                0x0000478e       0xb2 Lib/SDCardManager.o
                0x0000478e                SDCardManager_ReadBlocks
 .text.SDCardManager_CheckSDCardOperation
                0x00004840        0x6 Lib/SDCardManager.o
                0x00004840                SDCardManager_CheckSDCardOperation
 .text.__vector_25
                0x00004846       0x5c uart.o
                0x00004846                __vector_25
 .text.__vector_26
                0x000048a2       0x54 uart.o
                0x000048a2                __vector_26
 .text.uart_init
                0x000048f6       0x32 uart.o
                0x000048f6                uart_init
 .text.uart_getc
                0x00004928       0x32 uart.o
                0x00004928                uart_getc
 .text.uart_clear_rx_buffer
                0x0000495a        0xa uart.o
                0x0000495a                uart_clear_rx_buffer
 .text.uart_putc
                0x00004964       0x2a uart.o
                0x00004964                uart_putc
 .text.__vector_17
                0x0000498e       0x94 Keyboard.o
                0x0000498e                __vector_17
 .text.Task_Manager
                0x00004a22       0x3e Keyboard.o
                0x00004a22                Task_Manager
 .text.SetupHardware
                0x00004a60       0xb2 Keyboard.o
                0x00004a60                SetupHardware
 .text.EVENT_USB_Device_Connect
                0x00004b12        0x2 Keyboard.o
                0x00004b12                EVENT_USB_Device_Connect
 .text.EVENT_USB_Device_Disconnect
                0x00004b14        0xe Keyboard.o
                0x00004b14                EVENT_USB_Device_Disconnect
 .text.EVENT_USB_Device_Suspend
                0x00004b22        0x2 Keyboard.o
                0x00004b22                EVENT_USB_Device_Suspend
 .text.EVENT_USB_Device_WakeUp
                0x00004b24        0x2 Keyboard.o
                0x00004b24                EVENT_USB_Device_WakeUp
 .text.EVENT_USB_Device_ConfigurationChanged
                0x00004b26       0x1a Keyboard.o
                0x00004b26                EVENT_USB_Device_ConfigurationChanged
 .text.EVENT_USB_Device_ControlRequest
                0x00004b40        0xe Keyboard.o
                0x00004b40                EVENT_USB_Device_ControlRequest
 .text.EVENT_USB_Device_StartOfFrame
                0x00004b4e       0x18 Keyboard.o
                0x00004b4e                EVENT_USB_Device_StartOfFrame
 .text.CALLBACK_MS_Device_SCSICommandReceived
                0x00004b66        0x2 Keyboard.o
                0x00004b66                CALLBACK_MS_Device_SCSICommandReceived
 .text.CALLBACK_HID_Device_CreateHIDReport
                0x00004b68       0x4e Keyboard.o
                0x00004b68                CALLBACK_HID_Device_CreateHIDReport
 .text.CALLBACK_HID_Device_ProcessHIDReport
                0x00004bb6       0x44 Keyboard.o
                0x00004bb6                CALLBACK_HID_Device_ProcessHIDReport
 .text.Init_Mode
                0x00004bfa       0xea Keyboard.o
                0x00004bfa                Init_Mode
 .text.startup.main
                0x00004ce4      0x1da Keyboard.o
                0x00004ce4                main
 .text.USBSend  0x00004ebe       0x96 Send.o
                0x00004ebe                USBSend
 .text.USBSendString
                0x00004f54       0xe2 Send.o
                0x00004f54                USBSendString
 .text.USBSendPROGString
                0x00005036       0x10 Send.o
                0x00005036                USBSendPROGString
 .text.USBSendNumber
                0x00005046       0x8c Send.o
                0x00005046                USBSendNumber
 .text.USBSendASCII
                0x000050d2       0xba Send.o
                0x000050d2                USBSendASCII
 .text.GetModifier
                0x0000518c       0x60 Sense_Keys.o
                0x0000518c                GetModifier
 .text.ReadSensor
                0x000051ec      0x164 Sense_Keys.o
                0x000051ec                ReadSensor
 .text.GetKeySimple
                0x00005350       0x50 Sense_Keys.o
                0x00005350                GetKeySimple
 .text.GetKey   0x000053a0      0x27c Sense_Keys.o
                0x000053a0                GetKey
 .text.GetHIDKeyCode
                0x0000561c       0x3c Sense_Keys.o
                0x0000561c                GetHIDKeyCode
 .text.GetASCIIKeyCode
                0x00005658       0x26 Sense_Keys.o
                0x00005658                GetASCIIKeyCode
 .text.getHallState
                0x0000567e       0x12 Sense_Keys.o
                0x0000567e                getHallState
 .text.LoadKeyCodeTables
                0x00005690       0x50 Sense_Keys.o
                0x00005690                LoadKeyCodeTables
 .text.LoadEepromParameters
                0x000056e0       0x6e Sense_Keys.o
                0x000056e0                LoadEepromParameters
 .text.ClearKeyCodeTables
                0x0000574e       0x4c Sense_Keys.o
                0x0000574e                ClearKeyCodeTables
 .text.RestoreFactoryDefaults
                0x0000579a       0x5e Sense_Keys.o
                0x0000579a                RestoreFactoryDefaults
 .text.InitializeEeprom
                0x000057f8       0x52 Sense_Keys.o
                0x000057f8                InitializeEeprom
 .text.HID_Device_ProcessControlRequest
                0x0000584a      0x274 src/LUFA/LUFA/Drivers/USB/Class/Device/HIDClassDevice.o
                0x0000584a                HID_Device_ProcessControlRequest
 .text.HID_Device_ConfigureEndpoints
                0x00005abe       0x26 src/LUFA/LUFA/Drivers/USB/Class/Device/HIDClassDevice.o
                0x00005abe                HID_Device_ConfigureEndpoints
 .text.HID_Device_USBTask
                0x00005ae4      0x18c src/LUFA/LUFA/Drivers/USB/Class/Device/HIDClassDevice.o
                0x00005ae4                HID_Device_USBTask
 .text.MS_Device_ProcessControlRequest
                0x00005c70       0x82 src/LUFA/LUFA/Drivers/USB/Class/Device/MassStorageClassDevice.o
                0x00005c70                MS_Device_ProcessControlRequest
 .text.MS_Device_ConfigureEndpoints
                0x00005cf2       0x3a src/LUFA/LUFA/Drivers/USB/Class/Device/MassStorageClassDevice.o
                0x00005cf2                MS_Device_ConfigureEndpoints
 .text.MS_Device_USBTask
                0x00005d2c      0x234 src/LUFA/LUFA/Drivers/USB/Class/Device/MassStorageClassDevice.o
                0x00005d2c                MS_Device_USBTask
 .text.Endpoint_Null_Stream
                0x00005f60       0x7c src/LUFA/LUFA/Drivers/USB/Core/AVR8/EndpointStream_AVR8.o
                0x00005f60                Endpoint_Null_Stream
 .text.Endpoint_Write_Stream_LE
                0x00005fdc       0x94 src/LUFA/LUFA/Drivers/USB/Core/AVR8/EndpointStream_AVR8.o
                0x00005fdc                Endpoint_Write_Stream_LE
 .text.Endpoint_Write_Stream_BE
                0x00006070       0xa0 src/LUFA/LUFA/Drivers/USB/Core/AVR8/EndpointStream_AVR8.o
                0x00006070                Endpoint_Write_Stream_BE
 .text.Endpoint_Read_Stream_LE
                0x00006110       0x94 src/LUFA/LUFA/Drivers/USB/Core/AVR8/EndpointStream_AVR8.o
                0x00006110                Endpoint_Read_Stream_LE
 .text.Endpoint_Write_Control_Stream_LE
                0x000061a4       0xc6 src/LUFA/LUFA/Drivers/USB/Core/AVR8/EndpointStream_AVR8.o
                0x000061a4                Endpoint_Write_Control_Stream_LE
 .text.Endpoint_Read_Control_Stream_LE
                0x0000626a       0x80 src/LUFA/LUFA/Drivers/USB/Core/AVR8/EndpointStream_AVR8.o
                0x0000626a                Endpoint_Read_Control_Stream_LE
 .text.Endpoint_Write_Control_PStream_LE
                0x000062ea       0xc2 src/LUFA/LUFA/Drivers/USB/Core/AVR8/EndpointStream_AVR8.o
                0x000062ea                Endpoint_Write_Control_PStream_LE
 .text.Endpoint_ConfigureEndpoint_Prv
                0x000063ac       0x6a src/LUFA/LUFA/Drivers/USB/Core/AVR8/Endpoint_AVR8.o
                0x000063ac                Endpoint_ConfigureEndpoint_Prv
 .text.Endpoint_ConfigureEndpointTable
                0x00006416       0x90 src/LUFA/LUFA/Drivers/USB/Core/AVR8/Endpoint_AVR8.o
                0x00006416                Endpoint_ConfigureEndpointTable
 .text.Endpoint_ClearStatusStage
                0x000064a6       0x3e src/LUFA/LUFA/Drivers/USB/Core/AVR8/Endpoint_AVR8.o
                0x000064a6                Endpoint_ClearStatusStage
 .text.Endpoint_WaitUntilReady
                0x000064e4       0x64 src/LUFA/LUFA/Drivers/USB/Core/AVR8/Endpoint_AVR8.o
                0x000064e4                Endpoint_WaitUntilReady
 .text.USB_Disable
                0x00006548       0x30 src/LUFA/LUFA/Drivers/USB/Core/AVR8/USBController_AVR8.o
                0x00006548                USB_Disable
 .text.USB_ResetInterface
                0x00006578       0x80 src/LUFA/LUFA/Drivers/USB/Core/AVR8/USBController_AVR8.o
                0x00006578                USB_ResetInterface
 .text.USB_Init
                0x000065f8       0x20 src/LUFA/LUFA/Drivers/USB/Core/AVR8/USBController_AVR8.o
                0x000065f8                USB_Init
 .text.USB_INT_DisableAllInterrupts
                0x00006618       0x10 src/LUFA/LUFA/Drivers/USB/Core/AVR8/USBInterrupt_AVR8.o
                0x00006618                USB_INT_DisableAllInterrupts
 .text.USB_INT_ClearAllInterrupts
                0x00006628        0xa src/LUFA/LUFA/Drivers/USB/Core/AVR8/USBInterrupt_AVR8.o
                0x00006628                USB_INT_ClearAllInterrupts
 .text.__vector_10
                0x00006632      0x190 src/LUFA/LUFA/Drivers/USB/Core/AVR8/USBInterrupt_AVR8.o
                0x00006632                __vector_10
 .text.USB_Device_ProcessControlRequest
                0x000067c2      0x2aa src/LUFA/LUFA/Drivers/USB/Core/DeviceStandardReq.o
                0x000067c2                USB_Device_ProcessControlRequest
 .text.USB_Event_Stub
                0x00006a6c        0x2 src/LUFA/LUFA/Drivers/USB/Core/Events.o
                0x00006a6c                EVENT_USB_Device_Reset
                0x00006a6c                USB_Event_Stub
 .text.USB_USBTask
                0x00006a6e       0x34 src/LUFA/LUFA/Drivers/USB/Core/USBTask.o
                0x00006a6e                USB_USBTask
 .text.libgcc.div
                0x00006aa2       0x18 c:/program files (x86)/atmel/studio/7.0/toolchain/avr8/avr8-gnu-toolchain/bin/../lib/gcc/avr/4.9.2/avr5\libgcc.a(_udivmodqi4.o)
                0x00006aa2                __udivmodqi4
 .text.libgcc.div
                0x00006aba       0x26 c:/program files (x86)/atmel/studio/7.0/toolchain/avr8/avr8-gnu-toolchain/bin/../lib/gcc/avr/4.9.2/avr5\libgcc.a(_divmodhi4.o)
                0x00006aba                _div
                0x00006aba                __divmodhi4
 .text.libgcc.div
                0x00006ae0       0x44 c:/program files (x86)/atmel/studio/7.0/toolchain/avr8/avr8-gnu-toolchain/bin/../lib/gcc/avr/4.9.2/avr5\libgcc.a(_udivmodsi4.o)
                0x00006ae0                __udivmodsi4
 .text.libgcc.mul
                0x00006b24       0x14 c:/program files (x86)/atmel/studio/7.0/toolchain/avr8/avr8-gnu-toolchain/bin/../lib/gcc/avr/4.9.2/avr5\libgcc.a(_muluhisi3.o)
                0x00006b24                __muluhisi3
 .text.libgcc.builtins
                0x00006b38       0x10 c:/program files (x86)/atmel/studio/7.0/toolchain/avr8/avr8-gnu-toolchain/bin/../lib/gcc/avr/4.9.2/avr5\libgcc.a(_clzdi2.o)
                0x00006b38                __clzdi2
 .text.libgcc.builtins
                0x00006b48       0x32 c:/program files (x86)/atmel/studio/7.0/toolchain/avr8/avr8-gnu-toolchain/bin/../lib/gcc/avr/4.9.2/avr5\libgcc.a(_ashldi3.o)
                0x00006b48                __ashldi3
 .text.libgcc.builtins
                0x00006b7a       0x3c c:/program files (x86)/atmel/studio/7.0/toolchain/avr8/avr8-gnu-toolchain/bin/../lib/gcc/avr/4.9.2/avr5\libgcc.a(_ashrdi3.o)
                0x00006b7a                __ashrdi3
                0x00006b7e                __lshrdi3
 .text.libgcc   0x00006bb6       0x18 c:/program files (x86)/atmel/studio/7.0/toolchain/avr8/avr8-gnu-toolchain/bin/../lib/gcc/avr/4.9.2/avr5\libgcc.a(_cmpdi2_s8.o)
                0x00006bb6                __cmpdi2_s8
 .text.libgcc.div
                0x00006bce       0x28 c:/program files (x86)/atmel/studio/7.0/toolchain/avr8/avr8-gnu-toolchain/bin/../lib/gcc/avr/4.9.2/avr5\libgcc.a(_udivmodhi4.o)
                0x00006bce                __udivmodhi4
 .text.libgcc.builtins
                0x00006bf6        0xe c:/program files (x86)/atmel/studio/7.0/toolchain/avr8/avr8-gnu-toolchain/bin/../lib/gcc/avr/4.9.2/avr5\libgcc.a(_clzsi2.o)
                0x00006bf6                __clzsi2
 .text.libgcc.builtins
                0x00006c04       0x24 c:/program files (x86)/atmel/studio/7.0/toolchain/avr8/avr8-gnu-toolchain/bin/../lib/gcc/avr/4.9.2/avr5\libgcc.a(_clzhi2.o)
                0x00006c04                __clzhi2
 .text.libgcc.mul
                0x00006c28       0x1e c:/program files (x86)/atmel/studio/7.0/toolchain/avr8/avr8-gnu-toolchain/bin/../lib/gcc/avr/4.9.2/avr5\libgcc.a(_umulhisi3.o)
                0x00006c28                __umulhisi3
 .text.avr-libc
                0x00006c46       0x10 c:/program files (x86)/atmel/studio/7.0/toolchain/avr8/avr8-gnu-toolchain/bin/../lib/gcc/avr/4.9.2/../../../../avr/lib/avr5\libc.a(toupper.o)
                0x00006c46                toupper
 .text.avr-libc
                0x00006c56        0xe c:/program files (x86)/atmel/studio/7.0/toolchain/avr8/avr8-gnu-toolchain/bin/../lib/gcc/avr/4.9.2/../../../../avr/lib/avr5\libc.a(strcpy_P.o)
                0x00006c56                strcpy_P
 .text.avr-libc
                0x00006c64       0x1a c:/program files (x86)/atmel/studio/7.0/toolchain/avr8/avr8-gnu-toolchain/bin/../lib/gcc/avr/4.9.2/../../../../avr/lib/avr5\libc.a(memcmp.o)
                0x00006c64                memcmp
 .text.avr-libc
                0x00006c7e       0x12 c:/program files (x86)/atmel/studio/7.0/toolchain/avr8/avr8-gnu-toolchain/bin/../lib/gcc/avr/4.9.2/../../../../avr/lib/avr5\libc.a(memcpy.o)
                0x00006c7e                memcpy
 .text.avr-libc
                0x00006c90        0xe c:/program files (x86)/atmel/studio/7.0/toolchain/avr8/avr8-gnu-toolchain/bin/../lib/gcc/avr/4.9.2/../../../../avr/lib/avr5\libc.a(memset.o)
                0x00006c90                memset
 .text.avr-libc
                0x00006c9e        0xe c:/program files (x86)/atmel/studio/7.0/toolchain/avr8/avr8-gnu-toolchain/bin/../lib/gcc/avr/4.9.2/../../../../avr/lib/avr5\libc.a(strcpy.o)
                0x00006c9e                strcpy
 .text.avr-libc
                0x00006cac       0x40 c:/program files (x86)/atmel/studio/7.0/toolchain/avr8/avr8-gnu-toolchain/bin/../lib/gcc/avr/4.9.2/../../../../avr/lib/avr5\libc.a(sprintf.o)
                0x00006cac                sprintf
 .text.avr-libc
                0x00006cec      0x386 c:/program files (x86)/atmel/studio/7.0/toolchain/avr8/avr8-gnu-toolchain/bin/../lib/gcc/avr/4.9.2/../../../../avr/lib/avr5\libc.a(vfprintf_std.o)
                0x00006cec                vfprintf
 .text.avr-libc
                0x00007072       0x16 c:/program files (x86)/atmel/studio/7.0/toolchain/avr8/avr8-gnu-toolchain/bin/../lib/gcc/avr/4.9.2/../../../../avr/lib/avr5\libc.a(strnlen_P.o)
                0x00007072                strnlen_P
 .text.avr-libc
                0x00007088       0x16 c:/program files (x86)/atmel/studio/7.0/toolchain/avr8/avr8-gnu-toolchain/bin/../lib/gcc/avr/4.9.2/../../../../avr/lib/avr5\libc.a(strnlen.o)
                0x00007088                strnlen
 .text.avr-libc
                0x0000709e       0x70 c:/program files (x86)/atmel/studio/7.0/toolchain/avr8/avr8-gnu-toolchain/bin/../lib/gcc/avr/4.9.2/../../../../avr/lib/avr5\libc.a(fputc.o)
                0x0000709e                fputc
 .text.avr-libc
                0x0000710e       0xbc c:/program files (x86)/atmel/studio/7.0/toolchain/avr8/avr8-gnu-toolchain/bin/../lib/gcc/avr/4.9.2/../../../../avr/lib/avr5\libc.a(ultoa_invert.o)
                0x0000710e                __ultoa_invert
 .text.avr-libc
                0x000071ca       0x20 C:/Program Files (x86)/Atmel/Studio/7.0/Packs/atmel/ATmega_DFP/1.0.90/gcc/dev/atmega32u4/avr5\libatmega32u4.a(eerd_block.o)
                0x000071ca                eeprom_read_block
                0x000071ce                eeprom_read_blraw
 .text.avr-libc
                0x000071ea       0x10 C:/Program Files (x86)/Atmel/Studio/7.0/Packs/atmel/ATmega_DFP/1.0.90/gcc/dev/atmega32u4/avr5\libatmega32u4.a(eerd_byte.o)
                0x000071ea                eeprom_read_byte
 .text.avr-libc
                0x000071fa        0xa C:/Program Files (x86)/Atmel/Studio/7.0/Packs/atmel/ATmega_DFP/1.0.90/gcc/dev/atmega32u4/avr5\libatmega32u4.a(eerd_word.o)
                0x000071fa                eeprom_read_word
 .text.avr-libc
                0x00007204       0x24 C:/Program Files (x86)/Atmel/Studio/7.0/Packs/atmel/ATmega_DFP/1.0.90/gcc/dev/atmega32u4/avr5\libatmega32u4.a(eeupd_byte.o)
                0x00007204                eeprom_update_byte
                0x00007206                eeprom_update_r18
 .text.avr-libc
                0x00007228       0x12 C:/Program Files (x86)/Atmel/Studio/7.0/Packs/atmel/ATmega_DFP/1.0.90/gcc/dev/atmega32u4/avr5\libatmega32u4.a(eewr_block.o)
                0x00007228                eeprom_write_block
 .text.avr-libc
                0x0000723a       0x1c C:/Program Files (x86)/Atmel/Studio/7.0/Packs/atmel/ATmega_DFP/1.0.90/gcc/dev/atmega32u4/avr5\libatmega32u4.a(eewr_byte.o)
                0x0000723a                eeprom_write_byte
                0x0000723c                eeprom_write_r18
 .text.avr-libc
                0x00007256        0x6 C:/Program Files (x86)/Atmel/Studio/7.0/Packs/atmel/ATmega_DFP/1.0.90/gcc/dev/atmega32u4/avr5\libatmega32u4.a(eewr_word.o)
                0x00007256                eeprom_write_word
 .text.libgcc.prologue
                0x0000725c       0x38 c:/program files (x86)/atmel/studio/7.0/toolchain/avr8/avr8-gnu-toolchain/bin/../lib/gcc/avr/4.9.2/avr5\libgcc.a(_prologue.o)
                0x0000725c                __prologue_saves__
 .text.libgcc.prologue
                0x00007294       0x36 c:/program files (x86)/atmel/studio/7.0/toolchain/avr8/avr8-gnu-toolchain/bin/../lib/gcc/avr/4.9.2/avr5\libgcc.a(_epilogue.o)
                0x00007294                __epilogue_restores__
                0x000072ca                . = ALIGN (0x2)
 *(.fini9)
 .fini9         0x000072ca        0x0 c:/program files (x86)/atmel/studio/7.0/toolchain/avr8/avr8-gnu-toolchain/bin/../lib/gcc/avr/4.9.2/avr5\libgcc.a(_exit.o)
                0x000072ca                _exit
                0x000072ca                exit
 *(.fini9)
 *(.fini8)
 *(.fini8)
 *(.fini7)
 *(.fini7)
 *(.fini6)
 *(.fini6)
 *(.fini5)
 *(.fini5)
 *(.fini4)
 *(.fini4)
 *(.fini3)
 *(.fini3)
 *(.fini2)
 *(.fini2)
 *(.fini1)
 *(.fini1)
 *(.fini0)
 .fini0         0x000072ca        0x4 c:/program files (x86)/atmel/studio/7.0/toolchain/avr8/avr8-gnu-toolchain/bin/../lib/gcc/avr/4.9.2/avr5\libgcc.a(_exit.o)
 *(.fini0)
                0x000072ce                _etext = .

.data           0x00800100      0x254 load address 0x000072ce
                0x00800100                PROVIDE (__data_start, .)
 *(.data)
 *(.data*)
 .data.FileName
                0x00800100        0xd KeyLogging.o
                0x00800100                FileName
 .data.Stat     0x0080010d        0x1 Lib/FatFS/diskio.o
 .data.SenseData
                0x0080010e       0x12 Lib/SCSI.o
 .data.Keyboard_HID_Interface
                0x00800120       0x10 Keyboard.o
                0x00800120                Keyboard_HID_Interface
 .data.Disk_MS_Interface
                0x00800130       0x39 Keyboard.o
                0x00800130                Disk_MS_Interface
 *(.rodata)
 *(.rodata*)
 .rodata.str1.1
                0x00800169       0x59 Bluetooth.o
                                 0x5b (size before relaxing)
 .rodata.str1.1
                0x008001c2       0x9a Calibrate.o
 .rodata.ASCIINumSymbols
                0x0080025c        0xa Calibrate.o
                0x0080025c                ASCIINumSymbols
 .rodata.ASCIINumbers
                0x00800266        0xa Calibrate.o
                0x00800266                ASCIINumbers
 .rodata.HIDNumbers
                0x00800270        0xa Calibrate.o
                0x00800270                HIDNumbers
 .rodata.str1.1
                0x0080027a       0x22 KeyLogging.o
                                 0x23 (size before relaxing)
 .rodata.str1.1
                0x0080029c        0xf Lib/FatFS/ff.o
 .rodata.ExCvt  0x008002ab       0x80 Lib/FatFS/ff.o
 .rodata.InquiryData
                0x0080032b       0x24 Lib/SCSI.o
 .rodata.REED_BITS
                0x0080034f        0x4 Sense_Keys.o
                0x0080034f                REED_BITS
 *(.gnu.linkonce.d*)
                0x00800354                . = ALIGN (0x2)
 *fill*         0x00800353        0x1 
                0x00800354                _edata = .
                0x00800354                PROVIDE (__data_end, .)

.bss            0x00800354      0x698
                0x00800354                PROVIDE (__bss_start, .)
 *(.bss)
 *(.bss*)
 .bss.prevcharacter.4495
                0x00800354        0x1 KeyLogging.o
 .bss.tot_sect.4482
                0x00800355        0x4 KeyLogging.o
 .bss.LogFile   0x00800359       0x20 KeyLogging.o
 .bss.DiskFATState
                0x00800379      0x22e KeyLogging.o
 .bss.CardType  0x008005a7        0x1 Lib/FatFS/diskio.o
 .bss.Fsid      0x008005a8        0x2 Lib/FatFS/ff.o
 .bss.FatFs     0x008005aa        0x2 Lib/FatFS/ff.o
 .bss.SDCard_Present
                0x008005ac        0x1 Lib/SDCardManager.o
 .bss.UART_LastRxError
                0x008005ad        0x1 uart.o
 .bss.UART_RxTail
                0x008005ae        0x1 uart.o
 .bss.UART_RxHead
                0x008005af        0x1 uart.o
 .bss.UART_TxTail
                0x008005b0        0x1 uart.o
 .bss.UART_TxHead
                0x008005b1        0x1 uart.o
 .bss.UART_RxBuf
                0x008005b2       0x40 uart.o
 .bss.UART_TxBuf
                0x008005f2       0x40 uart.o
 .bss.CapsLockDeactivated.4558
                0x00800632        0x1 Keyboard.o
 .bss.NumLockActivated.4557
                0x00800633        0x1 Keyboard.o
 .bss.PrevKeyboardHIDReportBuffer
                0x00800634        0x8 Keyboard.o
 .bss.KeyReleaseCounter.4474
                0x0080063c        0x1 Sense_Keys.o
 .bss.KeyHoldCounter.4473
                0x0080063d        0x1 Sense_Keys.o
 .bss.DoubleTapCounter.4472
                0x0080063e        0x1 Sense_Keys.o
 .bss.PreviousKey.4470
                0x0080063f        0x1 Sense_Keys.o
 .bss.ActiveKey.4471
                0x00800640        0x1 Sense_Keys.o
 .bss.ActiveReeds.4475
                0x00800641        0x4 Sense_Keys.o
 .bss.ReedDebounce.4476
                0x00800645        0x4 Sense_Keys.o
 *(COMMON)
 COMMON         0x00800649        0x1 Bluetooth.o
                0x00800649                BT_State
 COMMON         0x0080064a        0x1 Config_IO.o
                0x0080064a                GlowDirection
 COMMON         0x0080064b      0x394 Keyboard.o
                0x0080064b                Reed2Polarity
                0x0080064c                UseDummyLoad
                0x0080064d                Reeds_Are_Independent
                0x0080064e                Scheduled_Task
                0x0080064f                KeyReleaseTime
                0x00800650                KeyBufferMod
                0x00800651                KeyCodeLookUpTable
                0x00800691                ReedHoldTime
                0x00800692                DoubleTapTime
                0x00800693                Shift_Reed
                0x00800694                TMR1_Count
                0x00800696                myTimeoutCounter
                0x00800698                Ignore_Flag
                0x00800699                KeyBuffer
                0x0080069b                HallSensorPolarity
                0x0080069c                Hold_Alt_Down
                0x0080069d                Reed1Polarity
                0x0080069e                ShiftKeyCodeLookUpTable
                0x008006de                KeyHoldTime
                0x008006df                ASCIIShiftLookUpTable
                0x0080071f                Reed3Polarity
                0x00800720                UseHallSensor
                0x00800721                StringBuffer
                0x0080075d                Reed4Polarity
                0x0080075e                ASCIILookUpTable
                0x0080079e                Typewriter_Mode
                0x0080079f                SD_Buffer
                0x0080099f                FnKeyCodeLookUpTable
 COMMON         0x008009df        0x3 src/LUFA/LUFA/Drivers/USB/Core/DeviceStandardReq.o
                0x008009df                USB_Device_ConfigurationNumber
                0x008009e0                USB_Device_CurrentlySelfPowered
                0x008009e1                USB_Device_RemoteWakeupEnabled
 COMMON         0x008009e2        0xa src/LUFA/LUFA/Drivers/USB/Core/USBTask.o
                0x008009e2                USB_IsInitialized
                0x008009e3                USB_DeviceState
                0x008009e4                USB_ControlRequest
                0x008009ec                PROVIDE (__bss_end, .)
                0x000072ce                __data_load_start = LOADADDR (.data)
                0x00007522                __data_load_end = (__data_load_start + SIZEOF (.data))

.noinit         0x008009ec        0x0
                0x008009ec                PROVIDE (__noinit_start, .)
 *(.noinit*)
                0x008009ec                PROVIDE (__noinit_end, .)
                0x008009ec                _end = .
                0x008009ec                PROVIDE (__heap_start, .)

.eeprom         0x00810000        0x0
 *(.eeprom*)
                0x00810000                __eeprom_end = .

.fuse
 *(.fuse)
 *(.lfuse)
 *(.hfuse)
 *(.efuse)

.lock
 *(.lock*)

.signature
 *(.signature*)

.user_signatures
 *(.user_signatures*)

.stab
 *(.stab)

.stabstr
 *(.stabstr)

.stab.excl
 *(.stab.excl)

.stab.exclstr
 *(.stab.exclstr)

.stab.index
 *(.stab.index)

.stab.indexstr
 *(.stab.indexstr)

.comment        0x00000000       0x5c
 *(.comment)
 .comment       0x00000000       0x30 Bluetooth.o
                                 0x31 (size before relaxing)
 .comment       0x00000030       0x31 Calibrate.o
 .comment       0x00000030       0x31 Config_Interrupts.o
 .comment       0x00000030       0x31 Config_IO.o
 .comment       0x00000030       0x31 Descriptors.o
 .comment       0x00000030       0x31 KeyLogging.o
 .comment       0x00000030       0x31 Lib/FatFS/diskio.o
 .comment       0x00000030       0x31 Lib/FatFS/ff.o
 .comment       0x00000030       0x31 Lib/SCSI.o
 .comment       0x00000030       0x31 Lib/SDCardManager.o
 .comment       0x00000030       0x31 uart.o
 .comment       0x00000030       0x31 Keyboard.o
 .comment       0x00000030       0x31 Send.o
 .comment       0x00000030       0x31 Sense_Keys.o
 .comment       0x00000030       0x31 src/LUFA/LUFA/Drivers/USB/Class/Device/HIDClassDevice.o
 .comment       0x00000030       0x31 src/LUFA/LUFA/Drivers/USB/Class/Device/MassStorageClassDevice.o
 .comment       0x00000030       0x31 src/LUFA/LUFA/Drivers/USB/Core/AVR8/EndpointStream_AVR8.o
 .comment       0x00000030       0x31 src/LUFA/LUFA/Drivers/USB/Core/AVR8/Endpoint_AVR8.o
 .comment       0x00000030       0x31 src/LUFA/LUFA/Drivers/USB/Core/AVR8/USBController_AVR8.o
 .comment       0x00000030       0x31 src/LUFA/LUFA/Drivers/USB/Core/AVR8/USBInterrupt_AVR8.o
 .comment       0x00000030       0x31 src/LUFA/LUFA/Drivers/USB/Core/DeviceStandardReq.o
 .comment       0x00000030       0x31 src/LUFA/LUFA/Drivers/USB/Core/Events.o
 .comment       0x00000030       0x31 src/LUFA/LUFA/Drivers/USB/Core/USBTask.o
 .comment       0x00000030       0x31 c:/program files (x86)/atmel/studio/7.0/toolchain/avr8/avr8-gnu-toolchain/bin/../lib/gcc/avr/4.9.2/../../../../avr/lib/avr5\libc.a(sprintf.o)
 .comment       0x00000030       0x2c c:/program files (x86)/atmel/studio/7.0/toolchain/avr8/avr8-gnu-toolchain/bin/../lib/gcc/avr/4.9.2/../../../../avr/lib/avr5\libc.a(vfprintf_std.o)
                                 0x2d (size before relaxing)
 .comment       0x0000005c       0x31 c:/program files (x86)/atmel/studio/7.0/toolchain/avr8/avr8-gnu-toolchain/bin/../lib/gcc/avr/4.9.2/../../../../avr/lib/avr5\libc.a(fputc.o)

.note.gnu.avr.deviceinfo
                0x00000000       0x40
 .note.gnu.avr.deviceinfo
                0x00000000       0x40 C:/Program Files (x86)/Atmel/Studio/7.0/Packs/atmel/ATmega_DFP/1.0.90/gcc/dev/atmega32u4/avr5/crtatmega32u4.o

.note.gnu.build-id
 *(.note.gnu.build-id)

.debug
 *(.debug)

.line
 *(.line)

.debug_srcinfo
 *(.debug_srcinfo)

.debug_sfnames
 *(.debug_sfnames)

.debug_aranges
 *(.debug_aranges)

.debug_pubnames
 *(.debug_pubnames)

.debug_info
 *(.debug_info .gnu.linkonce.wi.*)

.debug_abbrev
 *(.debug_abbrev)

.debug_line
 *(.debug_line .debug_line.* .debug_line_end)

.debug_frame
 *(.debug_frame)

.debug_str
 *(.debug_str)

.debug_loc
 *(.debug_loc)

.debug_macinfo
 *(.debug_macinfo)

.debug_weaknames
 *(.debug_weaknames)

.debug_funcnames
 *(.debug_funcnames)

.debug_typenames
 *(.debug_typenames)

.debug_varnames
 *(.debug_varnames)

.debug_pubtypes
 *(.debug_pubtypes)

.debug_ranges
 *(.debug_ranges)

.debug_macro
 *(.debug_macro)
OUTPUT(USB Typewriter P2S.elf elf32-avr)
LOAD linker stubs
