Archive member included to satisfy reference by file (symbol)

c:/program files (x86)/atmel/studio/7.0/toolchain/avr8/avr8-gnu-toolchain/bin/../lib/gcc/avr/4.9.2/avr5\libgcc.a(_udivmodqi4.o)
                              Send.o (__udivmodqi4)
c:/program files (x86)/atmel/studio/7.0/toolchain/avr8/avr8-gnu-toolchain/bin/../lib/gcc/avr/4.9.2/avr5\libgcc.a(_divmodhi4.o)
                              Send.o (__divmodhi4)
c:/program files (x86)/atmel/studio/7.0/toolchain/avr8/avr8-gnu-toolchain/bin/../lib/gcc/avr/4.9.2/avr5\libgcc.a(_udivmodsi4.o)
                              Lib/FatFS/ff.o (__udivmodsi4)
c:/program files (x86)/atmel/studio/7.0/toolchain/avr8/avr8-gnu-toolchain/bin/../lib/gcc/avr/4.9.2/avr5\libgcc.a(_exit.o)
                              C:/Program Files (x86)/Atmel/Studio/7.0/Packs/atmel/ATmega_DFP/1.0.90/gcc/dev/atmega32u4/avr5/crtatmega32u4.o (exit)
c:/program files (x86)/atmel/studio/7.0/toolchain/avr8/avr8-gnu-toolchain/bin/../lib/gcc/avr/4.9.2/avr5\libgcc.a(_copy_data.o)
                              Bluetooth.o (__do_copy_data)
c:/program files (x86)/atmel/studio/7.0/toolchain/avr8/avr8-gnu-toolchain/bin/../lib/gcc/avr/4.9.2/avr5\libgcc.a(_clear_bss.o)
                              Bluetooth.o (__do_clear_bss)
c:/program files (x86)/atmel/studio/7.0/toolchain/avr8/avr8-gnu-toolchain/bin/../lib/gcc/avr/4.9.2/avr5\libgcc.a(_muluhisi3.o)
                              KeyLogging.o (__muluhisi3)
c:/program files (x86)/atmel/studio/7.0/toolchain/avr8/avr8-gnu-toolchain/bin/../lib/gcc/avr/4.9.2/avr5\libgcc.a(_clzdi2.o)
                              Sense_Keys.o (__clzdi2)
c:/program files (x86)/atmel/studio/7.0/toolchain/avr8/avr8-gnu-toolchain/bin/../lib/gcc/avr/4.9.2/avr5\libgcc.a(_ashldi3.o)
                              Sense_Keys.o (__ashldi3)
c:/program files (x86)/atmel/studio/7.0/toolchain/avr8/avr8-gnu-toolchain/bin/../lib/gcc/avr/4.9.2/avr5\libgcc.a(_ashrdi3.o)
                              Sense_Keys.o (__lshrdi3)
c:/program files (x86)/atmel/studio/7.0/toolchain/avr8/avr8-gnu-toolchain/bin/../lib/gcc/avr/4.9.2/avr5\libgcc.a(_cmpdi2_s8.o)
                              Sense_Keys.o (__cmpdi2_s8)
c:/program files (x86)/atmel/studio/7.0/toolchain/avr8/avr8-gnu-toolchain/bin/../lib/gcc/avr/4.9.2/avr5\libgcc.a(_udivmodhi4.o)
                              c:/program files (x86)/atmel/studio/7.0/toolchain/avr8/avr8-gnu-toolchain/bin/../lib/gcc/avr/4.9.2/avr5\libgcc.a(_divmodhi4.o) (__udivmodhi4)
c:/program files (x86)/atmel/studio/7.0/toolchain/avr8/avr8-gnu-toolchain/bin/../lib/gcc/avr/4.9.2/avr5\libgcc.a(_clzsi2.o)
                              c:/program files (x86)/atmel/studio/7.0/toolchain/avr8/avr8-gnu-toolchain/bin/../lib/gcc/avr/4.9.2/avr5\libgcc.a(_clzdi2.o) (__clzsi2)
c:/program files (x86)/atmel/studio/7.0/toolchain/avr8/avr8-gnu-toolchain/bin/../lib/gcc/avr/4.9.2/avr5\libgcc.a(_clzhi2.o)
                              c:/program files (x86)/atmel/studio/7.0/toolchain/avr8/avr8-gnu-toolchain/bin/../lib/gcc/avr/4.9.2/avr5\libgcc.a(_clzsi2.o) (__clzhi2)
c:/program files (x86)/atmel/studio/7.0/toolchain/avr8/avr8-gnu-toolchain/bin/../lib/gcc/avr/4.9.2/avr5\libgcc.a(_umulhisi3.o)
                              c:/program files (x86)/atmel/studio/7.0/toolchain/avr8/avr8-gnu-toolchain/bin/../lib/gcc/avr/4.9.2/avr5\libgcc.a(_muluhisi3.o) (__umulhisi3)
c:/program files (x86)/atmel/studio/7.0/toolchain/avr8/avr8-gnu-toolchain/bin/../lib/gcc/avr/4.9.2/../../../../avr/lib/avr5\libc.a(toupper.o)
                              Send.o (toupper)
c:/program files (x86)/atmel/studio/7.0/toolchain/avr8/avr8-gnu-toolchain/bin/../lib/gcc/avr/4.9.2/../../../../avr/lib/avr5\libc.a(memcpy_P.o)
                              src/LUFA/LUFA/Drivers/USB/Class/Device/RNDISClassDevice.o (memcpy_P)
c:/program files (x86)/atmel/studio/7.0/toolchain/avr8/avr8-gnu-toolchain/bin/../lib/gcc/avr/4.9.2/../../../../avr/lib/avr5\libc.a(strcpy_P.o)
                              Send.o (strcpy_P)
c:/program files (x86)/atmel/studio/7.0/toolchain/avr8/avr8-gnu-toolchain/bin/../lib/gcc/avr/4.9.2/../../../../avr/lib/avr5\libc.a(strtok.o)
                              Bluetooth.o (strtok)
c:/program files (x86)/atmel/studio/7.0/toolchain/avr8/avr8-gnu-toolchain/bin/../lib/gcc/avr/4.9.2/../../../../avr/lib/avr5\libc.a(memcmp.o)
                              src/LUFA/LUFA/Drivers/USB/Class/Device/HIDClassDevice.o (memcmp)
c:/program files (x86)/atmel/studio/7.0/toolchain/avr8/avr8-gnu-toolchain/bin/../lib/gcc/avr/4.9.2/../../../../avr/lib/avr5\libc.a(memcpy.o)
                              src/LUFA/LUFA/Drivers/USB/Class/Device/HIDClassDevice.o (memcpy)
c:/program files (x86)/atmel/studio/7.0/toolchain/avr8/avr8-gnu-toolchain/bin/../lib/gcc/avr/4.9.2/../../../../avr/lib/avr5\libc.a(memset.o)
                              src/LUFA/LUFA/Drivers/USB/Class/Device/HIDClassDevice.o (memset)
c:/program files (x86)/atmel/studio/7.0/toolchain/avr8/avr8-gnu-toolchain/bin/../lib/gcc/avr/4.9.2/../../../../avr/lib/avr5\libc.a(strcpy.o)
[...]
Memory Configuration

Name             Origin             Length             Attributes
text             0x00000000         0x00020000         xr
data             0x00800060         0x0000ffa0         rw !x
eeprom           0x00810000         0x00010000         rw !x
fuse             0x00820000         0x00000400         rw !x
lock             0x00830000         0x00000400         rw !x
signature        0x00840000         0x00000400         rw !x
user_signatures  0x00850000         0x00000400         rw !x
*default*        0x00000000         0xffffffff

Linker script and memory map

Address of section .data set to 0x800100
LOAD C:/Program Files (x86)/Atmel/Studio/7.0/Packs/atmel/ATmega_DFP/1.0.90/gcc/dev/atmega32u4/avr5/crtatmega32u4.o
LOAD Bluetooth.o
LOAD Calibrate.o
LOAD Config_Interrupts.o
LOAD Config_IO.o
LOAD Descriptors.o
LOAD KeyLogging.o
LOAD Lib/FatFS/diskio.o
LOAD Lib/FatFS/ff.o
LOAD Lib/SCSI.o
LOAD Lib/SDCardManager.o
LOAD uart.o
LOAD Keyboard.o
LOAD Send.o
LOAD Sense_Keys.o
LOAD src/LUFA/LUFA/Drivers/USB/Class/Common/HIDParser.o
LOAD src/LUFA/LUFA/Drivers/USB/Class/Device/AudioClassDevice.o
LOAD src/LUFA/LUFA/Drivers/USB/Class/Device/CDCClassDevice.o
LOAD src/LUFA/LUFA/Drivers/USB/Class/Device/HIDClassDevice.o
LOAD src/LUFA/LUFA/Drivers/USB/Class/Device/MassStorageClassDevice.o
LOAD src/LUFA/LUFA/Drivers/USB/Class/Device/MIDIClassDevice.o
LOAD src/LUFA/LUFA/Drivers/USB/Class/Device/PrinterClassDevice.o
LOAD src/LUFA/LUFA/Drivers/USB/Class/Device/RNDISClassDevice.o
LOAD src/LUFA/LUFA/Drivers/USB/Class/Host/AndroidAccessoryClassHost.o
LOAD src/LUFA/LUFA/Drivers/USB/Class/Host/AudioClassHost.o
LOAD src/LUFA/LUFA/Drivers/USB/Class/Host/CDCClassHost.o
LOAD src/LUFA/LUFA/Drivers/USB/Class/Host/HIDClassHost.o
LOAD src/LUFA/LUFA/Drivers/USB/Class/Host/MassStorageClassHost.o
LOAD src/LUFA/LUFA/Drivers/USB/Class/Host/MIDIClassHost.o
LOAD src/LUFA/LUFA/Drivers/USB/Class/Host/PrinterClassHost.o
LOAD src/LUFA/LUFA/Drivers/USB/Class/Host/RNDISClassHost.o
LOAD src/LUFA/LUFA/Drivers/USB/Class/Host/StillImageClassHost.o
LOAD src/LUFA/LUFA/Drivers/USB/Core/AVR8/Device_AVR8.o
LOAD src/LUFA/LUFA/Drivers/USB/Core/AVR8/EndpointStream_AVR8.o
LOAD src/LUFA/LUFA/Drivers/USB/Core/AVR8/Endpoint_AVR8.o
LOAD src/LUFA/LUFA/Drivers/USB/Core/AVR8/Host_AVR8.o
LOAD src/LUFA/LUFA/Drivers/USB/Core/AVR8/PipeStream_AVR8.o
LOAD src/LUFA/LUFA/Drivers/USB/Core/AVR8/Pipe_AVR8.o
LOAD src/LUFA/LUFA/Drivers/USB/Core/AVR8/Template/Template_Endpoint_Control_R.o
LOAD src/LUFA/LUFA/Drivers/USB/Core/AVR8/Template/Template_Endpoint_Control_W.o
LOAD src/LUFA/LUFA/Drivers/USB/Core/AVR8/Template/Template_Endpoint_RW.o
LOAD src/LUFA/LUFA/Drivers/USB/Core/AVR8/Template/Template_Pipe_RW.o
LOAD src/LUFA/LUFA/Drivers/USB/Core/AVR8/USBController_AVR8.o
LOAD src/LUFA/LUFA/Drivers/USB/Core/AVR8/USBInterrupt_AVR8.o
LOAD src/LUFA/LUFA/Drivers/USB/Core/ConfigDescriptors.o
LOAD src/LUFA/LUFA/Drivers/USB/Core/DeviceStandardReq.o
LOAD src/LUFA/LUFA/Drivers/USB/Core/Events.o
LOAD src/LUFA/LUFA/Drivers/USB/Core/HostStandardReq.o
LOAD src/LUFA/LUFA/Drivers/USB/Core/USBTask.o
START GROUP
LOAD c:/program files (x86)/atmel/studio/7.0/toolchain/avr8/avr8-gnu-toolchain/bin/../lib/gcc/avr/4.9.2/../../../../avr/lib/avr5\libm.a
END GROUP
START GROUP
LOAD c:/program files (x86)/atmel/studio/7.0/toolchain/avr8/avr8-gnu-toolchain/bin/../lib/gcc/avr/4.9.2/avr5\libgcc.a
LOAD c:/program files (x86)/atmel/studio/7.0/toolchain/avr8/avr8-gnu-toolchain/bin/../lib/gcc/avr/4.9.2/../../../../avr/lib/avr5\libm.a
LOAD c:/program files (x86)/atmel/studio/7.0/toolchain/avr8/avr8-gnu-toolchain/bin/../lib/gcc/avr/4.9.2/../../../../avr/lib/avr5\libc.a
LOAD C:/Program Files (x86)/Atmel/Studio/7.0/Packs/atmel/ATmega_DFP/1.0.90/gcc/dev/atmega32u4/avr5\libatmega32u4.a
END GROUP

.hash
 *(.hash)

.dynsym
 *(.dynsym)

.dynstr
 *(.dynstr)

.gnu.version
 *(.gnu.version)

.gnu.version_d
 *(.gnu.version_d)

.gnu.version_r
 *(.gnu.version_r)

.rel.init
 *(.rel.init)

.rela.init
 *(.rela.init)

.rel.text
 *(.rel.text)
 *(.rel.text.*)
 *(.rel.gnu.linkonce.t*)

.rela.text
 *(.rela.text)
 *(.rela.text.*)
 *(.rela.gnu.linkonce.t*)

.rel.fini
 *(.rel.fini)

.rela.fini
 *(.rela.fini)

.rel.rodata
 *(.rel.rodata)
 *(.rel.rodata.*)
 *(.rel.gnu.linkonce.r*)

.rela.rodata
 *(.rela.rodata)
 *(.rela.rodata.*)
 *(.rela.gnu.linkonce.r*)

.rel.data
 *(.rel.data)
 *(.rel.data.*)
 *(.rel.gnu.linkonce.d*)

.rela.data
 *(.rela.data)
 *(.rela.data.*)
 *(.rela.gnu.linkonce.d*)

.rel.ctors
 *(.rel.ctors)

.rela.ctors
 *(.rela.ctors)

.rel.dtors
 *(.rel.dtors)

.rela.dtors
 *(.rela.dtors)

.rel.got
 *(.rel.got)

.rela.got
 *(.rela.got)

.rel.bss
 *(.rel.bss)

.rela.bss
 *(.rela.bss)

.rel.plt
 *(.rel.plt)

.rela.plt
 *(.rela.plt)

.text           0x00000000     0x6ee6
 *(.vectors)
 .vectors       0x00000000       0xac C:/Program Files (x86)/Atmel/Studio/7.0/Packs/atmel/ATmega_DFP/1.0.90/gcc/dev/atmega32u4/avr5/crtatmega32u4.o
                0x00000000                __vector_default
                0x00000000                __vectors
 *(.vectors)
 *(.progmem.gcc*)
                0x000000ac                . = ALIGN (0x2)
                0x000000ac                __trampolines_start = .
 *(.trampolines)
 .trampolines   0x000000ac        0x0 linker stubs
 *(.trampolines*)
                0x000000ac                __trampolines_end = .
 *(.progmem*)
 .progmem.data.Str_Settings_Saved
                0x000000ac       0x11 Calibrate.o
                0x000000ac                Str_Settings_Saved
 .progmem.data.Str_Spacebar_Blocks_Enter
                0x000000bd       0x2a Calibrate.o
                0x000000bd                Str_Spacebar_Blocks_Enter
 .progmem.data.Str_Set_Reed_Time
                0x000000e7       0x20 Calibrate.o
                0x000000e7                Str_Set_Reed_Time
 .progmem.data.Str_Set_Double_Time
                0x00000107       0x2e Calibrate.o
                0x00000107                Str_Set_Double_Time
 .progmem.data.Str_Set_Release_Time
                0x00000135       0x1e Calibrate.o
                0x00000135                Str_Set_Release_Time
 .progmem.data.Str_Set_Reaction_Time
                0x00000153       0x30 Calibrate.o
                0x00000153                Str_Set_Reaction_Time
 .progmem.data.Str_Press_CMD
                0x00000183       0x1e Calibrate.o
                0x00000183                Str_Press_CMD
 .progmem.data.Str_Adj_Sensitivity
                0x000001a1       0x1c Calibrate.o
                0x000001a1                Str_Adj_Sensitivity
 .progmem.data.Str_No_Hall
                0x000001bd       0x31 Calibrate.o
                0x000001bd                Str_No_Hall
 .progmem.data.Str_Calibrate_Hall
                0x000001ee       0x36 Calibrate.o
                0x000001ee                Str_Calibrate_Hall
 .progmem.data.Str_Backspace
                0x00000224        0xa Calibrate.o
                0x00000224                Str_Backspace
 .progmem.data.Str_Post
                0x0000022e        0x5 Calibrate.o
                0x0000022e                Str_Post
 .progmem.data.Str_Second_Enter
                0x00000233       0x10 Calibrate.o
                0x00000233                Str_Second_Enter
 .progmem.data.Str_Enter
                0x00000243        0x6 Calibrate.o
                0x00000243                Str_Enter
 .progmem.data.Str_Spacebar
                0x00000249        0x9 Calibrate.o
                0x00000249                Str_Spacebar
 .progmem.data.Str_Quick_Calibrate
                0x00000252       0x1b Calibrate.o
                0x00000252                Str_Quick_Calibrate
 .progmem.data.Str_No_Dummy_Load
                0x0000026d       0x18 Calibrate.o
                0x0000026d                Str_No_Dummy_Load
 .progmem.data.Str_Dummy_Load
                0x00000285       0x16 Calibrate.o
                0x00000285                Str_Dummy_Load
 .progmem.data.Str_Shift_Error
                0x0000029b       0x26 Calibrate.o
                0x0000029b                Str_Shift_Error
 .progmem.data.Str_Type_The_Following
                0x000002c1       0x32 Calibrate.o
                0x000002c1                Str_Type_The_Following
 .progmem.data.Str_Calibrating
                0x000002f3       0x10 Calibrate.o
                0x000002f3                Str_Calibrating
 .progmem.data.Str_SD_Mode
                0x00000303       0x16 Calibrate.o
                0x00000303                Str_SD_Mode
 .progmem.data.Str_Combo_Mode
                0x00000319       0x1f Calibrate.o
                0x00000319                Str_Combo_Mode
 .progmem.data.Str_Light_Mode
                0x00000338       0x26 Calibrate.o
                0x00000338                Str_Light_Mode
 .progmem.data.Str_BT_Mode
                0x0000035e       0x19 Calibrate.o
                0x0000035e                Str_BT_Mode
 .progmem.data.Str_Typewriter_Mode
                0x00000377       0x12 Calibrate.o
                0x00000377                Str_Typewriter_Mode
 .progmem.data.Str_Firmware_Ver
                0x00000389       0x14 Calibrate.o
                0x00000389                Str_Firmware_Ver
 .progmem.data.Str_USB_Typewriter
                0x0000039d       0x15 Calibrate.o
                0x0000039d                Str_USB_Typewriter
 .progmem.data.ProductString
                0x000003b2       0x32 Descriptors.o
                0x000003b2                ProductString
 .progmem.data.ManufacturerString
                0x000003e4       0x28 Descriptors.o
                0x000003e4                ManufacturerString
 .progmem.data.LanguageString
                0x0000040c        0x4 Descriptors.o
                0x0000040c                LanguageString
 .progmem.data.ConfigurationDescriptor
                0x00000410       0x39 Descriptors.o
                0x00000410                ConfigurationDescriptor
 .progmem.data.DeviceDescriptor
                0x00000449       0x12 Descriptors.o
                0x00000449                DeviceDescriptor
 .progmem.data.KeyboardReport
                0x0000045b       0x3f Descriptors.o
                0x0000045b                KeyboardReport
                0x0000049a                . = ALIGN (0x2)
 *(.jumptables)
 *(.jumptables*)
 *(.lowtext)
 *(.lowtext*)
                0x0000049a                __ctors_start = .
 *(.ctors)
                0x0000049a                __ctors_end = .
                0x0000049a                __dtors_start = .
 *(.dtors)
                0x0000049a                __dtors_end = .
 SORT(*)(.ctors)
 SORT(*)(.dtors)
 *(.init0)
 .init0         0x0000049a        0x0 C:/Program Files (x86)/Atmel/Studio/7.0/Packs/atmel/ATmega_DFP/1.0.90/gcc/dev/atmega32u4/avr5/crtatmega32u4.o
                0x0000049a                __init
 *(.init0)
 *(.init1)
 *(.init1)
 *(.init2)
 .init2         0x0000049a        0xc C:/Program Files (x86)/Atmel/Studio/7.0/Packs/atmel/ATmega_DFP/1.0.90/gcc/dev/atmega32u4/avr5/crtatmega32u4.o
 *(.init2)
 *(.init3)
 *(.init3)
 *(.init4)
 .init4         0x000004a6       0x16 c:/program files (x86)/atmel/studio/7.0/toolchain/avr8/avr8-gnu-toolchain/bin/../lib/gcc/avr/4.9.2/avr5\libgcc.a(_copy_data.o)
                0x000004a6                __do_copy_data
 .init4         0x000004bc       0x10 c:/program files (x86)/atmel/studio/7.0/toolchain/avr8/avr8-gnu-toolchain/bin/../lib/gcc/avr/4.9.2/avr5\libgcc.a(_clear_bss.o)
                0x000004bc                __do_clear_bss
 *(.init4)
 *(.init5)
 *(.init5)
 *(.init6)
 *(.init6)
 *(.init7)
 *(.init7)
 *(.init8)
 *(.init8)
 *(.init9)
 .init9         0x000004cc        0x8 C:/Program Files (x86)/Atmel/Studio/7.0/Packs/atmel/ATmega_DFP/1.0.90/gcc/dev/atmega32u4/avr5/crtatmega32u4.o
 *(.init9)
 *(.text)
 .text          0x000004d4        0x2 C:/Program Files (x86)/Atmel/Studio/7.0/Packs/atmel/ATmega_DFP/1.0.90/gcc/dev/atmega32u4/avr5/crtatmega32u4.o
                0x000004d4                __vector_38
                0x000004d4                __vector_22
                0x000004d4                __vector_28
                0x000004d4                __vector_1
                0x000004d4                __vector_32
                0x000004d4                __vector_34
                0x000004d4                __vector_24
                0x000004d4                __vector_12
                0x000004d4                __bad_interrupt
                0x000004d4                __vector_6
                0x000004d4                __vector_31
                0x000004d4                __vector_35
                0x000004d4                __vector_39
                0x000004d4                __vector_3
                0x000004d4                __vector_23
                0x000004d4                __vector_30
                0x000004d4                __vector_11
                0x000004d4                __vector_13
                0x000004d4                __vector_19
                0x000004d4                __vector_7
                0x000004d4                __vector_27
                0x000004d4                __vector_5
                0x000004d4                __vector_33
                0x000004d4                __vector_37
                0x000004d4                __vector_4
                0x000004d4                __vector_9
                0x000004d4                __vector_2
                0x000004d4                __vector_21
                0x000004d4                __vector_15
                0x000004d4                __vector_36
                0x000004d4                __vector_29
                0x000004d4                __vector_40
                0x000004d4                __vector_8
                0x000004d4                __vector_14
                0x000004d4                __vector_16
                0x000004d4                __vector_18
                0x000004d4                __vector_20
                0x000004d4                __vector_42
                0x000004d6                . = ALIGN (0x2)
 *(.text.*)
 .text.Bluetooth_Reset
                0x000004d6       0x38 Bluetooth.o
                0x000004d6                Bluetooth_Reset
 .text.Get_Response
                0x0000050e       0x76 Bluetooth.o
                0x0000050e                Get_Response
 .text.Bluetooth_Send_CMD
                0x00000584       0x50 Bluetooth.o
                0x00000584                Bluetooth_Send_CMD
 .text.Bluetooth_Send
                0x000005d4       0xc4 Bluetooth.o
                0x000005d4                Bluetooth_Send
 .text.Bluetooth_Init
                0x00000698       0x3a Bluetooth.o
                0x00000698                Bluetooth_Init
 .text.Bluetooth_Configure
                0x000006d2       0x5e Bluetooth.o
                0x000006d2                Bluetooth_Configure
 .text.BluetoothInquire
                0x00000730        0x8 Bluetooth.o
                0x00000730                BluetoothInquire
 .text.Get_Bluetooth_State
                0x00000738        0x6 Bluetooth.o
                0x00000738                Get_Bluetooth_State
 .text.Bluetooth_Connect
                0x0000073e       0x86 Bluetooth.o
                0x0000073e                Bluetooth_Connect
 .text.SaveCalibration
                0x000007c4       0x94 Calibrate.o
                0x000007c4                SaveCalibration
 .text.DetectHallSensor
                0x00000858       0xba Calibrate.o
                0x00000858                DetectHallSensor
 .text.WaitForKeypress
                0x00000912       0x1e Calibrate.o
                0x00000912                WaitForKeypress
 .text.TeachHIDKey
                0x00000930       0x58 Calibrate.o
                0x00000930                TeachHIDKey
 .text.CalibrateReeds
                0x00000988      0x1ba Calibrate.o
                0x00000988                CalibrateReeds
 .text.QuickCalibrate
                0x00000b42       0xa6 Calibrate.o
                0x00000b42                QuickCalibrate
 .text.TeachASCIIKey
                0x00000be8       0x1a Calibrate.o
                0x00000be8                TeachASCIIKey
 .text.Calibrate
                0x00000c02      0x4a6 Calibrate.o
                0x00000c02                Calibrate
 .text.Adjust_Sensitivity
                0x000010a8      0x200 Calibrate.o
                0x000010a8                Adjust_Sensitivity
 .text.Config_Interrupts
                0x000012a8       0x28 Config_Interrupts.o
                0x000012a8                Config_Interrupts
 .text.Config_IO
                0x000012d0       0x60 Config_IO.o
                0x000012d0                Config_IO
 .text.GlowGreenLED
                0x00001330       0x8a Config_IO.o
                0x00001330                GlowGreenLED
 .text.__vector_41
                0x000013ba       0x5e Config_IO.o
                0x000013ba                __vector_41
 .text.CALLBACK_USB_GetDescriptor
                0x00001418       0x86 Descriptors.o
                0x00001418                CALLBACK_USB_GetDescriptor
 .text.OpenLogFile
                0x0000149e       0x4e KeyLogging.o
                0x0000149e                OpenLogFile
 .text.CloseLogFile
                0x000014ec       0x10 KeyLogging.o
                0x000014ec                CloseLogFile
 .text.MountFilesystem
                0x000014fc       0x1a KeyLogging.o
                0x000014fc                MountFilesystem
 .text.get_num_of_sectors
                0x00001516       0x60 KeyLogging.o
                0x00001516                get_num_of_sectors
 .text.WriteToLogFile
                0x00001576       0x70 KeyLogging.o
                0x00001576                WriteToLogFile
 .text.TestSDHardware
                0x000015e6       0x40 KeyLogging.o
                0x000015e6                TestSDHardware
 .text.AddToSDBuffer
                0x00001626       0xa0 KeyLogging.o
                0x00001626                AddToSDBuffer
 .text.LogKeystrokes
                0x000016c6      0x192 KeyLogging.o
                0x000016c6                LogKeystrokes
 .text.dly_us   0x00001858        0xa Lib/FatFS/diskio.o
 .text.xmit_mmc
                0x00001862       0x80 Lib/FatFS/diskio.o
 .text.rcvr_mmc
                0x000018e2       0x64 Lib/FatFS/diskio.o
 .text.wait_ready
                0x00001946       0x46 Lib/FatFS/diskio.o
 .text.deselect
                0x0000198c       0x1e Lib/FatFS/diskio.o
 .text.select   0x000019aa       0x3a Lib/FatFS/diskio.o
 .text.rcvr_datablock
                0x000019e4       0x72 Lib/FatFS/diskio.o
 .text.send_cmd
                0x00001a56       0xba Lib/FatFS/diskio.o
 .text.xmit_datablock
                0x00001b10       0x6e Lib/FatFS/diskio.o
 .text.disk_status
                0x00001b7e        0xe Lib/FatFS/diskio.o
                0x00001b7e                disk_status
 .text.disk_initialize
                0x00001b8c      0x13c Lib/FatFS/diskio.o
                0x00001b8c                disk_initialize
 .text.disk_read
                0x00001cc8       0x88 Lib/FatFS/diskio.o
                0x00001cc8                disk_read
 .text.disk_write
                0x00001d50       0xc0 Lib/FatFS/diskio.o
                0x00001d50                disk_write
 .text.disk_ioctl
                0x00001e10      0x138 Lib/FatFS/diskio.o
                0x00001e10                disk_ioctl
 .text.mem_cpy  0x00001f48       0x46 Lib/FatFS/ff.o
 .text.get_fileinfo
                0x00001f8e       0x90 Lib/FatFS/ff.o
 .text.get_ldnumber
                0x0000201e       0x3e Lib/FatFS/ff.o
 .text.validate
                0x0000205c       0x3c Lib/FatFS/ff.o
 .text.sync_window
                0x00002098       0xcc Lib/FatFS/ff.o
 .text.move_window
                0x00002164       0x78 Lib/FatFS/ff.o
 .text.check_fs
                0x000021dc       0x78 Lib/FatFS/ff.o
 .text.find_volume
                0x00002254      0x4ca Lib/FatFS/ff.o
 .text.sync_fs  0x0000271e       0xce Lib/FatFS/ff.o
 .text.clust2sect
                0x000027ec       0x52 Lib/FatFS/ff.o
                0x000027ec                clust2sect
 .text.get_fat  0x0000283e      0x188 Lib/FatFS/ff.o
                0x0000283e                get_fat
 .text.dir_sdi  0x000029c6      0x14a Lib/FatFS/ff.o
 .text.put_fat  0x00002b10      0x1e4 Lib/FatFS/ff.o
                0x00002b10                put_fat
 .text.create_chain
                0x00002cf4      0x1ba Lib/FatFS/ff.o
 .text.dir_next
                0x00002eae      0x202 Lib/FatFS/ff.o
 .text.follow_path
                0x000030b0      0x236 Lib/FatFS/ff.o
 .text.dir_register
                0x000032e6       0x96 Lib/FatFS/ff.o
 .text.remove_chain
                0x0000337c       0xe4 Lib/FatFS/ff.o
 .text.f_mount  0x00003460       0x90 Lib/FatFS/ff.o
                0x00003460                f_mount
 .text.f_open   0x000034f0      0x254 Lib/FatFS/ff.o
                0x000034f0                f_open
 .text.f_write  0x00003744      0x324 Lib/FatFS/ff.o
                0x00003744                f_write
 .text.f_sync   0x00003a68       0x86 Lib/FatFS/ff.o
                0x00003a68                f_sync
 .text.f_close  0x00003aee       0x20 Lib/FatFS/ff.o
                0x00003aee                f_close
 .text.f_lseek  0x00003b0e      0x33e Lib/FatFS/ff.o
                0x00003b0e                f_lseek
 .text.f_stat   0x00003e4c       0x84 Lib/FatFS/ff.o
                0x00003e4c                f_stat
 .text.SCSI_Command_ReadWrite_10
                0x00003ed0       0xa2 Lib/SCSI.o
 .text.SCSI_DecodeSCSICommand
                0x00003f72      0x2a4 Lib/SCSI.o
                0x00003f72                SCSI_DecodeSCSICommand
 .text.SDCardManager_Init
                0x00004216       0x18 Lib/SDCardManager.o
                0x00004216                SDCardManager_Init
 .text.SDCardManager_WriteBlockHandler
                0x0000422e       0xa0 Lib/SDCardManager.o
                0x0000422e                SDCardManager_WriteBlockHandler
 .text.SDCardManager_WriteBlocks
                0x000042ce       0xa8 Lib/SDCardManager.o
                0x000042ce                SDCardManager_WriteBlocks
 .text.SDCardManager_ReadBlockHandler
                0x00004376       0xa4 Lib/SDCardManager.o
                0x00004376                SDCardManager_ReadBlockHandler
 .text.SDCardManager_ReadBlocks
                0x0000441a       0xb2 Lib/SDCardManager.o
                0x0000441a                SDCardManager_ReadBlocks
 .text.SDCardManager_CheckSDCardOperation
                0x000044cc        0x6 Lib/SDCardManager.o
                0x000044cc                SDCardManager_CheckSDCardOperation
 .text.__vector_25
                0x000044d2       0x5c uart.o
                0x000044d2                __vector_25
 .text.__vector_26
                0x0000452e       0x54 uart.o
                0x0000452e                __vector_26
 .text.uart_init
                0x00004582       0x32 uart.o
                0x00004582                uart_init
 .text.uart_getc
                0x000045b4       0x32 uart.o
                0x000045b4                uart_getc
 .text.uart_clear_rx_buffer
                0x000045e6        0xa uart.o
                0x000045e6                uart_clear_rx_buffer
 .text.uart_putc
                0x000045f0       0x2a uart.o
                0x000045f0                uart_putc
 .text.__vector_17
                0x0000461a       0x94 Keyboard.o
                0x0000461a                __vector_17
 .text.Task_Manager
                0x000046ae       0x3c Keyboard.o
                0x000046ae                Task_Manager
 .text.SetupHardware
                0x000046ea       0xb2 Keyboard.o
                0x000046ea                SetupHardware
 .text.EVENT_USB_Device_Connect
                0x0000479c        0x2 Keyboard.o
                0x0000479c                EVENT_USB_Device_Connect
 .text.EVENT_USB_Device_Disconnect
                0x0000479e        0xe Keyboard.o
                0x0000479e                EVENT_USB_Device_Disconnect
 .text.EVENT_USB_Device_Suspend
                0x000047ac        0x2 Keyboard.o
                0x000047ac                EVENT_USB_Device_Suspend
 .text.EVENT_USB_Device_WakeUp
                0x000047ae        0x2 Keyboard.o
                0x000047ae                EVENT_USB_Device_WakeUp
 .text.EVENT_USB_Device_ConfigurationChanged
                0x000047b0       0x1a Keyboard.o
                0x000047b0                EVENT_USB_Device_ConfigurationChanged
 .text.EVENT_USB_Device_ControlRequest
                0x000047ca        0xe Keyboard.o
                0x000047ca                EVENT_USB_Device_ControlRequest
 .text.EVENT_USB_Device_StartOfFrame
                0x000047d8       0x18 Keyboard.o
                0x000047d8                EVENT_USB_Device_StartOfFrame
 .text.CALLBACK_MS_Device_SCSICommandReceived
                0x000047f0        0x2 Keyboard.o
                0x000047f0                CALLBACK_MS_Device_SCSICommandReceived
 .text.CALLBACK_HID_Device_CreateHIDReport
                0x000047f2       0x42 Keyboard.o
                0x000047f2                CALLBACK_HID_Device_CreateHIDReport
 .text.CALLBACK_HID_Device_ProcessHIDReport
                0x00004834       0x36 Keyboard.o
                0x00004834                CALLBACK_HID_Device_ProcessHIDReport
 .text.Init_Mode
                0x0000486a       0xf2 Keyboard.o
                0x0000486a                Init_Mode
 .text.startup.main
                0x0000495c      0x1f0 Keyboard.o
                0x0000495c                main
 .text.USBSend  0x00004b4c       0x96 Send.o
                0x00004b4c                USBSend
 .text.USBSendString
                0x00004be2       0xe2 Send.o
                0x00004be2                USBSendString
 .text.USBSendPROGString
                0x00004cc4       0x10 Send.o
                0x00004cc4                USBSendPROGString
 .text.USBSendNumber
                0x00004cd4       0x8c Send.o
                0x00004cd4                USBSendNumber
 .text.GetModifier
                0x00004d60       0x60 Sense_Keys.o
                0x00004d60                GetModifier
 .text.ReadSensor
                0x00004dc0      0x164 Sense_Keys.o
                0x00004dc0                ReadSensor
 .text.GetKeySimple
                0x00004f24       0x50 Sense_Keys.o
                0x00004f24                GetKeySimple
 .text.GetKey   0x00004f74      0x27c Sense_Keys.o
                0x00004f74                GetKey
 .text.GetHIDKeyCode
                0x000051f0       0x2e Sense_Keys.o
                0x000051f0                GetHIDKeyCode
 .text.GetASCIIKeyCode
                0x0000521e       0x26 Sense_Keys.o
                0x0000521e                GetASCIIKeyCode
 .text.getHallState
                0x00005244       0x12 Sense_Keys.o
                0x00005244                getHallState
 .text.LoadKeyCodeTables
                0x00005256       0x50 Sense_Keys.o
                0x00005256                LoadKeyCodeTables
 .text.LoadEepromParameters
                0x000052a6       0x6e Sense_Keys.o
                0x000052a6                LoadEepromParameters
 .text.ClearKeyCodeTables
                0x00005314       0x4c Sense_Keys.o
                0x00005314                ClearKeyCodeTables
 .text.RestoreFactoryDefaults
                0x00005360       0x5e Sense_Keys.o
                0x00005360                RestoreFactoryDefaults
 .text.InitializeEeprom
                0x000053be       0x52 Sense_Keys.o
                0x000053be                InitializeEeprom
 .text.HID_Device_ProcessControlRequest
                0x00005410      0x274 src/LUFA/LUFA/Drivers/USB/Class/Device/HIDClassDevice.o
                0x00005410                HID_Device_ProcessControlRequest
 .text.HID_Device_ConfigureEndpoints
                0x00005684       0x26 src/LUFA/LUFA/Drivers/USB/Class/Device/HIDClassDevice.o
                0x00005684                HID_Device_ConfigureEndpoints
 .text.HID_Device_USBTask
                0x000056aa      0x18a src/LUFA/LUFA/Drivers/USB/Class/Device/HIDClassDevice.o
                0x000056aa                HID_Device_USBTask
 .text.MS_Device_ProcessControlRequest
                0x00005834       0x82 src/LUFA/LUFA/Drivers/USB/Class/Device/MassStorageClassDevice.o
                0x00005834                MS_Device_ProcessControlRequest
 .text.MS_Device_ConfigureEndpoints
                0x000058b6       0x3a src/LUFA/LUFA/Drivers/USB/Class/Device/MassStorageClassDevice.o
                0x000058b6                MS_Device_ConfigureEndpoints
 .text.MS_Device_USBTask
                0x000058f0      0x234 src/LUFA/LUFA/Drivers/USB/Class/Device/MassStorageClassDevice.o
                0x000058f0                MS_Device_USBTask
 .text.Endpoint_Null_Stream
                0x00005b24       0x7c src/LUFA/LUFA/Drivers/USB/Core/AVR8/EndpointStream_AVR8.o
                0x00005b24                Endpoint_Null_Stream
 .text.Endpoint_Write_Stream_LE
                0x00005ba0       0x94 src/LUFA/LUFA/Drivers/USB/Core/AVR8/EndpointStream_AVR8.o
                0x00005ba0                Endpoint_Write_Stream_LE
 .text.Endpoint_Write_Stream_BE
                0x00005c34       0xa0 src/LUFA/LUFA/Drivers/USB/Core/AVR8/EndpointStream_AVR8.o
                0x00005c34                Endpoint_Write_Stream_BE
 .text.Endpoint_Read_Stream_LE
                0x00005cd4       0x94 src/LUFA/LUFA/Drivers/USB/Core/AVR8/EndpointStream_AVR8.o
                0x00005cd4                Endpoint_Read_Stream_LE
 .text.Endpoint_Write_Control_Stream_LE
                0x00005d68       0xc6 src/LUFA/LUFA/Drivers/USB/Core/AVR8/EndpointStream_AVR8.o
                0x00005d68                Endpoint_Write_Control_Stream_LE
 .text.Endpoint_Read_Control_Stream_LE
                0x00005e2e       0x80 src/LUFA/LUFA/Drivers/USB/Core/AVR8/EndpointStream_AVR8.o
                0x00005e2e                Endpoint_Read_Control_Stream_LE
 .text.Endpoint_Write_Control_PStream_LE
                0x00005eae       0xc2 src/LUFA/LUFA/Drivers/USB/Core/AVR8/EndpointStream_AVR8.o
                0x00005eae                Endpoint_Write_Control_PStream_LE
 .text.Endpoint_ConfigureEndpoint_Prv
                0x00005f70       0x6a src/LUFA/LUFA/Drivers/USB/Core/AVR8/Endpoint_AVR8.o
                0x00005f70                Endpoint_ConfigureEndpoint_Prv
 .text.Endpoint_ConfigureEndpointTable
                0x00005fda       0x90 src/LUFA/LUFA/Drivers/USB/Core/AVR8/Endpoint_AVR8.o
                0x00005fda                Endpoint_ConfigureEndpointTable
 .text.Endpoint_ClearStatusStage
                0x0000606a       0x3e src/LUFA/LUFA/Drivers/USB/Core/AVR8/Endpoint_AVR8.o
                0x0000606a                Endpoint_ClearStatusStage
 .text.Endpoint_WaitUntilReady
                0x000060a8       0x64 src/LUFA/LUFA/Drivers/USB/Core/AVR8/Endpoint_AVR8.o
                0x000060a8                Endpoint_WaitUntilReady
 .text.USB_Disable
                0x0000610c       0x30 src/LUFA/LUFA/Drivers/USB/Core/AVR8/USBController_AVR8.o
                0x0000610c                USB_Disable
 .text.USB_ResetInterface
                0x0000613c       0x80 src/LUFA/LUFA/Drivers/USB/Core/AVR8/USBController_AVR8.o
                0x0000613c                USB_ResetInterface
 .text.USB_Init
                0x000061bc       0x20 src/LUFA/LUFA/Drivers/USB/Core/AVR8/USBController_AVR8.o
                0x000061bc                USB_Init
 .text.USB_INT_DisableAllInterrupts
                0x000061dc       0x10 src/LUFA/LUFA/Drivers/USB/Core/AVR8/USBInterrupt_AVR8.o
                0x000061dc                USB_INT_DisableAllInterrupts
 .text.USB_INT_ClearAllInterrupts
                0x000061ec        0xa src/LUFA/LUFA/Drivers/USB/Core/AVR8/USBInterrupt_AVR8.o
                0x000061ec                USB_INT_ClearAllInterrupts
 .text.__vector_10
                0x000061f6      0x190 src/LUFA/LUFA/Drivers/USB/Core/AVR8/USBInterrupt_AVR8.o
                0x000061f6                __vector_10
 .text.USB_Device_ProcessControlRequest
                0x00006386      0x2aa src/LUFA/LUFA/Drivers/USB/Core/DeviceStandardReq.o
                0x00006386                USB_Device_ProcessControlRequest
 .text.USB_Event_Stub
                0x00006630        0x2 src/LUFA/LUFA/Drivers/USB/Core/Events.o
                0x00006630                EVENT_USB_Device_Reset
                0x00006630                USB_Event_Stub
 .text.USB_USBTask
                0x00006632       0x34 src/LUFA/LUFA/Drivers/USB/Core/USBTask.o
                0x00006632                USB_USBTask
 .text.libgcc.div
                0x00006666       0x18 c:/program files (x86)/atmel/studio/7.0/toolchain/avr8/avr8-gnu-toolchain/bin/../lib/gcc/avr/4.9.2/avr5\libgcc.a(_udivmodqi4.o)
                0x00006666                __udivmodqi4
 .text.libgcc.div
                0x0000667e       0x26 c:/program files (x86)/atmel/studio/7.0/toolchain/avr8/avr8-gnu-toolchain/bin/../lib/gcc/avr/4.9.2/avr5\libgcc.a(_divmodhi4.o)
                0x0000667e                _div
                0x0000667e                __divmodhi4
 .text.libgcc.div
                0x000066a4       0x44 c:/program files (x86)/atmel/studio/7.0/toolchain/avr8/avr8-gnu-toolchain/bin/../lib/gcc/avr/4.9.2/avr5\libgcc.a(_udivmodsi4.o)
                0x000066a4                __udivmodsi4
 .text.libgcc.mul
                0x000066e8       0x14 c:/program files (x86)/atmel/studio/7.0/toolchain/avr8/avr8-gnu-toolchain/bin/../lib/gcc/avr/4.9.2/avr5\libgcc.a(_muluhisi3.o)
                0x000066e8                __muluhisi3
 .text.libgcc.builtins
                0x000066fc       0x10 c:/program files (x86)/atmel/studio/7.0/toolchain/avr8/avr8-gnu-toolchain/bin/../lib/gcc/avr/4.9.2/avr5\libgcc.a(_clzdi2.o)
                0x000066fc                __clzdi2
 .text.libgcc.builtins
                0x0000670c       0x32 c:/program files (x86)/atmel/studio/7.0/toolchain/avr8/avr8-gnu-toolchain/bin/../lib/gcc/avr/4.9.2/avr5\libgcc.a(_ashldi3.o)
                0x0000670c                __ashldi3
 .text.libgcc.builtins
                0x0000673e       0x3c c:/program files (x86)/atmel/studio/7.0/toolchain/avr8/avr8-gnu-toolchain/bin/../lib/gcc/avr/4.9.2/avr5\libgcc.a(_ashrdi3.o)
                0x0000673e                __ashrdi3
                0x00006742                __lshrdi3
 .text.libgcc   0x0000677a       0x18 c:/program files (x86)/atmel/studio/7.0/toolchain/avr8/avr8-gnu-toolchain/bin/../lib/gcc/avr/4.9.2/avr5\libgcc.a(_cmpdi2_s8.o)
                0x0000677a                __cmpdi2_s8
 .text.libgcc.div
                0x00006792       0x28 c:/program files (x86)/atmel/studio/7.0/toolchain/avr8/avr8-gnu-toolchain/bin/../lib/gcc/avr/4.9.2/avr5\libgcc.a(_udivmodhi4.o)
                0x00006792                __udivmodhi4
 .text.libgcc.builtins
                0x000067ba        0xe c:/program files (x86)/atmel/studio/7.0/toolchain/avr8/avr8-gnu-toolchain/bin/../lib/gcc/avr/4.9.2/avr5\libgcc.a(_clzsi2.o)
                0x000067ba                __clzsi2
 .text.libgcc.builtins
                0x000067c8       0x24 c:/program files (x86)/atmel/studio/7.0/toolchain/avr8/avr8-gnu-toolchain/bin/../lib/gcc/avr/4.9.2/avr5\libgcc.a(_clzhi2.o)
                0x000067c8                __clzhi2
 .text.libgcc.mul
                0x000067ec       0x1e c:/program files (x86)/atmel/studio/7.0/toolchain/avr8/avr8-gnu-toolchain/bin/../lib/gcc/avr/4.9.2/avr5\libgcc.a(_umulhisi3.o)
                0x000067ec                __umulhisi3
 .text.avr-libc
                0x0000680a       0x10 c:/program files (x86)/atmel/studio/7.0/toolchain/avr8/avr8-gnu-toolchain/bin/../lib/gcc/avr/4.9.2/../../../../avr/lib/avr5\libc.a(toupper.o)
                0x0000680a                toupper
 .text.avr-libc
                0x0000681a        0xe c:/program files (x86)/atmel/studio/7.0/toolchain/avr8/avr8-gnu-toolchain/bin/../lib/gcc/avr/4.9.2/../../../../avr/lib/avr5\libc.a(strcpy_P.o)
                0x0000681a                strcpy_P
 .text.avr-libc
                0x00006828        0x6 c:/program files (x86)/atmel/studio/7.0/toolchain/avr8/avr8-gnu-toolchain/bin/../lib/gcc/avr/4.9.2/../../../../avr/lib/avr5\libc.a(strtok.o)
                0x00006828                strtok
 .text.avr-libc
                0x0000682e       0x1a c:/program files (x86)/atmel/studio/7.0/toolchain/avr8/avr8-gnu-toolchain/bin/../lib/gcc/avr/4.9.2/../../../../avr/lib/avr5\libc.a(memcmp.o)
                0x0000682e                memcmp
 .text.avr-libc
                0x00006848       0x12 c:/program files (x86)/atmel/studio/7.0/toolchain/avr8/avr8-gnu-toolchain/bin/../lib/gcc/avr/4.9.2/../../../../avr/lib/avr5\libc.a(memcpy.o)
                0x00006848                memcpy
 .text.avr-libc
                0x0000685a        0xe c:/program files (x86)/atmel/studio/7.0/toolchain/avr8/avr8-gnu-toolchain/bin/../lib/gcc/avr/4.9.2/../../../../avr/lib/avr5\libc.a(memset.o)
                0x0000685a                memset
 .text.avr-libc
                0x00006868        0xe c:/program files (x86)/atmel/studio/7.0/toolchain/avr8/avr8-gnu-toolchain/bin/../lib/gcc/avr/4.9.2/../../../../avr/lib/avr5\libc.a(strcpy.o)
                0x00006868                strcpy
 .text.avr-libc
                0x00006876       0x4e c:/program files (x86)/atmel/studio/7.0/toolchain/avr8/avr8-gnu-toolchain/bin/../lib/gcc/avr/4.9.2/../../../../avr/lib/avr5\libc.a(strtok_r.o)
                0x00006876                strtok_r
 .text.avr-libc
                0x000068c4       0x40 c:/program files (x86)/atmel/studio/7.0/toolchain/avr8/avr8-gnu-toolchain/bin/../lib/gcc/avr/4.9.2/../../../../avr/lib/avr5\libc.a(sprintf.o)
                0x000068c4                sprintf
 .text.avr-libc
                0x00006904      0x386 c:/program files (x86)/atmel/studio/7.0/toolchain/avr8/avr8-gnu-toolchain/bin/../lib/gcc/avr/4.9.2/../../../../avr/lib/avr5\libc.a(vfprintf_std.o)
                0x00006904                vfprintf
 .text.avr-libc
                0x00006c8a       0x16 c:/program files (x86)/atmel/studio/7.0/toolchain/avr8/avr8-gnu-toolchain/bin/../lib/gcc/avr/4.9.2/../../../../avr/lib/avr5\libc.a(strnlen_P.o)
                0x00006c8a                strnlen_P
 .text.avr-libc
                0x00006ca0       0x16 c:/program files (x86)/atmel/studio/7.0/toolchain/avr8/avr8-gnu-toolchain/bin/../lib/gcc/avr/4.9.2/../../../../avr/lib/avr5\libc.a(strnlen.o)
                0x00006ca0                strnlen
 .text.avr-libc
                0x00006cb6       0x70 c:/program files (x86)/atmel/studio/7.0/toolchain/avr8/avr8-gnu-toolchain/bin/../lib/gcc/avr/4.9.2/../../../../avr/lib/avr5\libc.a(fputc.o)
                0x00006cb6                fputc
 .text.avr-libc
                0x00006d26       0xbc c:/program files (x86)/atmel/studio/7.0/toolchain/avr8/avr8-gnu-toolchain/bin/../lib/gcc/avr/4.9.2/../../../../avr/lib/avr5\libc.a(ultoa_invert.o)
                0x00006d26                __ultoa_invert
 .text.avr-libc
                0x00006de2       0x20 C:/Program Files (x86)/Atmel/Studio/7.0/Packs/atmel/ATmega_DFP/1.0.90/gcc/dev/atmega32u4/avr5\libatmega32u4.a(eerd_block.o)
                0x00006de2                eeprom_read_block
                0x00006de6                eeprom_read_blraw
 .text.avr-libc
                0x00006e02       0x10 C:/Program Files (x86)/Atmel/Studio/7.0/Packs/atmel/ATmega_DFP/1.0.90/gcc/dev/atmega32u4/avr5\libatmega32u4.a(eerd_byte.o)
                0x00006e02                eeprom_read_byte
 .text.avr-libc
                0x00006e12        0xa C:/Program Files (x86)/Atmel/Studio/7.0/Packs/atmel/ATmega_DFP/1.0.90/gcc/dev/atmega32u4/avr5\libatmega32u4.a(eerd_word.o)
                0x00006e12                eeprom_read_word
 .text.avr-libc
                0x00006e1c       0x24 C:/Program Files (x86)/Atmel/Studio/7.0/Packs/atmel/ATmega_DFP/1.0.90/gcc/dev/atmega32u4/avr5\libatmega32u4.a(eeupd_byte.o)
                0x00006e1c                eeprom_update_byte
                0x00006e1e                eeprom_update_r18
 .text.avr-libc
                0x00006e40       0x12 C:/Program Files (x86)/Atmel/Studio/7.0/Packs/atmel/ATmega_DFP/1.0.90/gcc/dev/atmega32u4/avr5\libatmega32u4.a(eewr_block.o)
                0x00006e40                eeprom_write_block
 .text.avr-libc
                0x00006e52       0x1c C:/Program Files (x86)/Atmel/Studio/7.0/Packs/atmel/ATmega_DFP/1.0.90/gcc/dev/atmega32u4/avr5\libatmega32u4.a(eewr_byte.o)
                0x00006e52                eeprom_write_byte
                0x00006e54                eeprom_write_r18
 .text.avr-libc
                0x00006e6e        0x6 C:/Program Files (x86)/Atmel/Studio/7.0/Packs/atmel/ATmega_DFP/1.0.90/gcc/dev/atmega32u4/avr5\libatmega32u4.a(eewr_word.o)
                0x00006e6e                eeprom_write_word
 .text.libgcc.prologue
                0x00006e74       0x38 c:/program files (x86)/atmel/studio/7.0/toolchain/avr8/avr8-gnu-toolchain/bin/../lib/gcc/avr/4.9.2/avr5\libgcc.a(_prologue.o)
                0x00006e74                __prologue_saves__
 .text.libgcc.prologue
                0x00006eac       0x36 c:/program files (x86)/atmel/studio/7.0/toolchain/avr8/avr8-gnu-toolchain/bin/../lib/gcc/avr/4.9.2/avr5\libgcc.a(_epilogue.o)
                0x00006eac                __epilogue_restores__
                0x00006ee2                . = ALIGN (0x2)
 *(.fini9)
 .fini9         0x00006ee2        0x0 c:/program files (x86)/atmel/studio/7.0/toolchain/avr8/avr8-gnu-toolchain/bin/../lib/gcc/avr/4.9.2/avr5\libgcc.a(_exit.o)
                0x00006ee2                _exit
                0x00006ee2                exit
 *(.fini9)
 *(.fini8)
 *(.fini8)
 *(.fini7)
 *(.fini7)
 *(.fini6)
 *(.fini6)
 *(.fini5)
 *(.fini5)
 *(.fini4)
 *(.fini4)
 *(.fini3)
 *(.fini3)
 *(.fini2)
 *(.fini2)
 *(.fini1)
 *(.fini1)
 *(.fini0)
 .fini0         0x00006ee2        0x4 c:/program files (x86)/atmel/studio/7.0/toolchain/avr8/avr8-gnu-toolchain/bin/../lib/gcc/avr/4.9.2/avr5\libgcc.a(_exit.o)
 *(.fini0)
                0x00006ee6                _etext = .

.data           0x00800100      0x2de load address 0x00006ee6
                0x00800100                PROVIDE (__data_start, .)
 *(.data)
 *(.data*)
 .data.FileName
                0x00800100        0xd KeyLogging.o
                0x00800100                FileName
 .data.Stat     0x0080010d        0x1 Lib/FatFS/diskio.o
 .data.SenseData
                0x0080010e       0x12 Lib/SCSI.o
 .data.Keyboard_HID_Interface
                0x00800120       0x10 Keyboard.o
                0x00800120                Keyboard_HID_Interface
 .data.Disk_MS_Interface
                0x00800130       0x39 Keyboard.o
                0x00800130                Disk_MS_Interface
 *(.rodata)
 *(.rodata*)
 .rodata.str1.1
                0x00800169       0xe7 Bluetooth.o
 .rodata.str1.1
                0x00800250       0x96 Calibrate.o
 .rodata.ASCIINumSymbols
                0x008002e6        0xa Calibrate.o
                0x008002e6                ASCIINumSymbols
 .rodata.ASCIINumbers
                0x008002f0        0xa Calibrate.o
                0x008002f0                ASCIINumbers
 .rodata.HIDNumbers
                0x008002fa        0xa Calibrate.o
                0x008002fa                HIDNumbers
 .rodata.str1.1
                0x00800304       0x22 KeyLogging.o
                                 0x23 (size before relaxing)
 .rodata.str1.1
                0x00800326        0xf Lib/FatFS/ff.o
 .rodata.ExCvt  0x00800335       0x80 Lib/FatFS/ff.o
 .rodata.InquiryData
                0x008003b5       0x24 Lib/SCSI.o
 .rodata.REED_BITS
                0x008003d9        0x4 Sense_Keys.o
                0x008003d9                REED_BITS
 *(.gnu.linkonce.d*)
                0x008003de                . = ALIGN (0x2)
 *fill*         0x008003dd        0x1 
                0x008003de                _edata = .
                0x008003de                PROVIDE (__data_end, .)

.bss            0x008003de      0x6a8
                0x008003de                PROVIDE (__bss_start, .)
 *(.bss)
 .bss           0x008003de        0x2 c:/program files (x86)/atmel/studio/7.0/toolchain/avr8/avr8-gnu-toolchain/bin/../lib/gcc/avr/4.9.2/../../../../avr/lib/avr5\libc.a(strtok.o)
 *(.bss*)
 .bss.prevcharacter.4490
                0x008003e0        0x1 KeyLogging.o
 .bss.tot_sect.4477
                0x008003e1        0x4 KeyLogging.o
 .bss.LogFile   0x008003e5       0x20 KeyLogging.o
 .bss.DiskFATState
                0x00800405      0x22e KeyLogging.o
 .bss.CardType  0x00800633        0x1 Lib/FatFS/diskio.o
 .bss.Fsid      0x00800634        0x2 Lib/FatFS/ff.o
 .bss.FatFs     0x00800636        0x2 Lib/FatFS/ff.o
 .bss.SDCard_Present
                0x00800638        0x1 Lib/SDCardManager.o
 .bss.UART_LastRxError
                0x00800639        0x1 uart.o
 .bss.UART_RxTail
                0x0080063a        0x1 uart.o
 .bss.UART_RxHead
                0x0080063b        0x1 uart.o
 .bss.UART_TxTail
                0x0080063c        0x1 uart.o
 .bss.UART_TxHead
                0x0080063d        0x1 uart.o
 .bss.UART_RxBuf
                0x0080063e       0x40 uart.o
 .bss.UART_TxBuf
                0x0080067e       0x10 uart.o
 .bss.PrevKeyboardHIDReportBuffer
                0x0080068e        0x8 Keyboard.o
 .bss.KeyReleaseCounter.4469
                0x00800696        0x1 Sense_Keys.o
 .bss.KeyHoldCounter.4468
                0x00800697        0x1 Sense_Keys.o
 .bss.DoubleTapCounter.4467
                0x00800698        0x1 Sense_Keys.o
 .bss.PreviousKey.4465
                0x00800699        0x1 Sense_Keys.o
 .bss.ActiveKey.4466
                0x0080069a        0x1 Sense_Keys.o
 .bss.ActiveReeds.4470
                0x0080069b        0x4 Sense_Keys.o
 .bss.ReedDebounce.4471
                0x0080069f        0x4 Sense_Keys.o
 *(COMMON)
 COMMON         0x008006a3       0x42 Bluetooth.o
                0x008006a3                response
                0x008006e3                BT_State
                0x008006e4                BT_Asleep
 COMMON         0x008006e5        0x1 Config_IO.o
                0x008006e5                GlowDirection
 COMMON         0x008006e6      0x393 Keyboard.o
                0x008006e6                Reed2Polarity
                0x008006e7                UseDummyLoad
                0x008006e8                Reeds_Are_Independent
                0x008006e9                Scheduled_Task
                0x008006ea                KeyReleaseTime
                0x008006eb                KeyBufferMod
                0x008006ec                KeyCodeLookUpTable
                0x0080072c                ReedHoldTime
                0x0080072d                DoubleTapTime
                0x0080072e                Shift_Reed
                0x0080072f                TMR1_Count
                0x00800731                myTimeoutCounter
                0x00800733                Ignore_Flag
                0x00800734                KeyBuffer
                0x00800736                HallSensorPolarity
                0x00800737                Reed1Polarity
                0x00800738                ShiftKeyCodeLookUpTable
                0x00800778                KeyHoldTime
                0x00800779                ASCIIShiftLookUpTable
                0x008007b9                Reed3Polarity
                0x008007ba                UseHallSensor
                0x008007bb                StringBuffer
                0x008007f7                Reed4Polarity
                0x008007f8                ASCIILookUpTable
                0x00800838                Typewriter_Mode
                0x00800839                SD_Buffer
                0x00800a39                FnKeyCodeLookUpTable
 COMMON         0x00800a79        0x3 src/LUFA/LUFA/Drivers/USB/Core/DeviceStandardReq.o
                0x00800a79                USB_Device_ConfigurationNumber
                0x00800a7a                USB_Device_CurrentlySelfPowered
                0x00800a7b                USB_Device_RemoteWakeupEnabled
 COMMON         0x00800a7c        0xa src/LUFA/LUFA/Drivers/USB/Core/USBTask.o
                0x00800a7c                USB_IsInitialized
                0x00800a7d                USB_DeviceState
                0x00800a7e                USB_ControlRequest
                0x00800a86                PROVIDE (__bss_end, .)
                0x00006ee6                __data_load_start = LOADADDR (.data)
                0x000071c4                __data_load_end = (__data_load_start + SIZEOF (.data))

.noinit         0x00800a86        0x0
                0x00800a86                PROVIDE (__noinit_start, .)
 *(.noinit*)
                0x00800a86                PROVIDE (__noinit_end, .)
                0x00800a86                _end = .
                0x00800a86                PROVIDE (__heap_start, .)

.eeprom         0x00810000        0x0
 *(.eeprom*)
                0x00810000                __eeprom_end = .

.fuse
 *(.fuse)
 *(.lfuse)
 *(.hfuse)
 *(.efuse)

.lock
 *(.lock*)

.signature
 *(.signature*)

.user_signatures
 *(.user_signatures*)

.stab
 *(.stab)

.stabstr
 *(.stabstr)

.stab.excl
 *(.stab.excl)

.stab.exclstr
 *(.stab.exclstr)

.stab.index
 *(.stab.index)

.stab.indexstr
 *(.stab.indexstr)

.comment        0x00000000       0x8c
 *(.comment)
 .comment       0x00000000       0x30 Bluetooth.o
                                 0x31 (size before relaxing)
 .comment       0x00000030       0x31 Calibrate.o
 .comment       0x00000030       0x31 Config_Interrupts.o
 .comment       0x00000030       0x31 Config_IO.o
 .comment       0x00000030       0x31 Descriptors.o
 .comment       0x00000030       0x31 KeyLogging.o
 .comment       0x00000030       0x31 Lib/FatFS/diskio.o
 .comment       0x00000030       0x30 Lib/FatFS/ff.o
                                 0x31 (size before relaxing)
 .comment       0x00000060       0x31 Lib/SCSI.o
 .comment       0x00000060       0x31 Lib/SDCardManager.o
 .comment       0x00000060       0x31 uart.o
 .comment       0x00000060       0x31 Keyboard.o
 .comment       0x00000060       0x31 Send.o
 .comment       0x00000060       0x31 Sense_Keys.o
 .comment       0x00000060       0x31 src/LUFA/LUFA/Drivers/USB/Class/Device/HIDClassDevice.o
 .comment       0x00000060       0x31 src/LUFA/LUFA/Drivers/USB/Class/Device/MassStorageClassDevice.o
 .comment       0x00000060       0x31 src/LUFA/LUFA/Drivers/USB/Core/AVR8/EndpointStream_AVR8.o
 .comment       0x00000060       0x31 src/LUFA/LUFA/Drivers/USB/Core/AVR8/Endpoint_AVR8.o
 .comment       0x00000060       0x31 src/LUFA/LUFA/Drivers/USB/Core/AVR8/USBController_AVR8.o
 .comment       0x00000060       0x31 src/LUFA/LUFA/Drivers/USB/Core/AVR8/USBInterrupt_AVR8.o
 .comment       0x00000060       0x31 src/LUFA/LUFA/Drivers/USB/Core/DeviceStandardReq.o
 .comment       0x00000060       0x31 src/LUFA/LUFA/Drivers/USB/Core/Events.o
 .comment       0x00000060       0x31 src/LUFA/LUFA/Drivers/USB/Core/USBTask.o
 .comment       0x00000060       0x31 c:/program files (x86)/atmel/studio/7.0/toolchain/avr8/avr8-gnu-toolchain/bin/../lib/gcc/avr/4.9.2/../../../../avr/lib/avr5\libc.a(strtok.o)
 .comment       0x00000060       0x31 c:/program files (x86)/atmel/studio/7.0/toolchain/avr8/avr8-gnu-toolchain/bin/../lib/gcc/avr/4.9.2/../../../../avr/lib/avr5\libc.a(sprintf.o)
 .comment       0x00000060       0x2c c:/program files (x86)/atmel/studio/7.0/toolchain/avr8/avr8-gnu-toolchain/bin/../lib/gcc/avr/4.9.2/../../../../avr/lib/avr5\libc.a(vfprintf_std.o)
                                 0x2d (size before relaxing)
 .comment       0x0000008c       0x31 c:/program files (x86)/atmel/studio/7.0/toolchain/avr8/avr8-gnu-toolchain/bin/../lib/gcc/avr/4.9.2/../../../../avr/lib/avr5\libc.a(fputc.o)

.note.gnu.avr.deviceinfo
                0x00000000       0x40
 .note.gnu.avr.deviceinfo
                0x00000000       0x40 C:/Program Files (x86)/Atmel/Studio/7.0/Packs/atmel/ATmega_DFP/1.0.90/gcc/dev/atmega32u4/avr5/crtatmega32u4.o

.note.gnu.build-id
 *(.note.gnu.build-id)

.debug
 *(.debug)

.line
 *(.line)

.debug_srcinfo
 *(.debug_srcinfo)

.debug_sfnames
 *(.debug_sfnames)

.debug_aranges
 *(.debug_aranges)

.debug_pubnames
 *(.debug_pubnames)

.debug_info
 *(.debug_info .gnu.linkonce.wi.*)

.debug_abbrev
 *(.debug_abbrev)

.debug_line
 *(.debug_line .debug_line.* .debug_line_end)

.debug_frame
 *(.debug_frame)

.debug_str
 *(.debug_str)

.debug_loc
 *(.debug_loc)

.debug_macinfo
 *(.debug_macinfo)

.debug_weaknames
 *(.debug_weaknames)

.debug_funcnames
 *(.debug_funcnames)

.debug_typenames
 *(.debug_typenames)

.debug_varnames
 *(.debug_varnames)

.debug_pubtypes
 *(.debug_pubtypes)

.debug_ranges
 *(.debug_ranges)

.debug_macro
 *(.debug_macro)
OUTPUT(USB Typewriter P2S.elf elf32-avr)
LOAD linker stubs
