Archive member included to satisfy reference by file (symbol)

c:/program files (x86)/atmel/studio/7.0/toolchain/avr8/avr8-gnu-toolchain/bin/../lib/gcc/avr/4.9.2/avr5\libgcc.a(_udivmodqi4.o)
                              Send.o (__udivmodqi4)
c:/program files (x86)/atmel/studio/7.0/toolchain/avr8/avr8-gnu-toolchain/bin/../lib/gcc/avr/4.9.2/avr5\libgcc.a(_divmodhi4.o)
                              Send.o (__divmodhi4)
c:/program files (x86)/atmel/studio/7.0/toolchain/avr8/avr8-gnu-toolchain/bin/../lib/gcc/avr/4.9.2/avr5\libgcc.a(_udivmodsi4.o)
                              Lib/FatFS/ff.o (__udivmodsi4)
c:/program files (x86)/atmel/studio/7.0/toolchain/avr8/avr8-gnu-toolchain/bin/../lib/gcc/avr/4.9.2/avr5\libgcc.a(_exit.o)
                              C:/Program Files (x86)/Atmel/Studio/7.0/Packs/atmel/ATmega_DFP/1.0.90/gcc/dev/atmega32u4/avr5/crtatmega32u4.o (exit)
c:/program files (x86)/atmel/studio/7.0/toolchain/avr8/avr8-gnu-toolchain/bin/../lib/gcc/avr/4.9.2/avr5\libgcc.a(_copy_data.o)
                              Bluetooth.o (__do_copy_data)
c:/program files (x86)/atmel/studio/7.0/toolchain/avr8/avr8-gnu-toolchain/bin/../lib/gcc/avr/4.9.2/avr5\libgcc.a(_clear_bss.o)
                              Bluetooth.o (__do_clear_bss)
c:/program files (x86)/atmel/studio/7.0/toolchain/avr8/avr8-gnu-toolchain/bin/../lib/gcc/avr/4.9.2/avr5\libgcc.a(_muluhisi3.o)
                              KeyLogging.o (__muluhisi3)
c:/program files (x86)/atmel/studio/7.0/toolchain/avr8/avr8-gnu-toolchain/bin/../lib/gcc/avr/4.9.2/avr5\libgcc.a(_clzdi2.o)
                              Sense_Keys.o (__clzdi2)
c:/program files (x86)/atmel/studio/7.0/toolchain/avr8/avr8-gnu-toolchain/bin/../lib/gcc/avr/4.9.2/avr5\libgcc.a(_ashldi3.o)
                              Sense_Keys.o (__ashldi3)
c:/program files (x86)/atmel/studio/7.0/toolchain/avr8/avr8-gnu-toolchain/bin/../lib/gcc/avr/4.9.2/avr5\libgcc.a(_ashrdi3.o)
                              Sense_Keys.o (__lshrdi3)
c:/program files (x86)/atmel/studio/7.0/toolchain/avr8/avr8-gnu-toolchain/bin/../lib/gcc/avr/4.9.2/avr5\libgcc.a(_cmpdi2_s8.o)
                              Sense_Keys.o (__cmpdi2_s8)
c:/program files (x86)/atmel/studio/7.0/toolchain/avr8/avr8-gnu-toolchain/bin/../lib/gcc/avr/4.9.2/avr5\libgcc.a(_udivmodhi4.o)
                              c:/program files (x86)/atmel/studio/7.0/toolchain/avr8/avr8-gnu-toolchain/bin/../lib/gcc/avr/4.9.2/avr5\libgcc.a(_divmodhi4.o) (__udivmodhi4)
c:/program files (x86)/atmel/studio/7.0/toolchain/avr8/avr8-gnu-toolchain/bin/../lib/gcc/avr/4.9.2/avr5\libgcc.a(_clzsi2.o)
                              c:/program files (x86)/atmel/studio/7.0/toolchain/avr8/avr8-gnu-toolchain/bin/../lib/gcc/avr/4.9.2/avr5\libgcc.a(_clzdi2.o) (__clzsi2)
c:/program files (x86)/atmel/studio/7.0/toolchain/avr8/avr8-gnu-toolchain/bin/../lib/gcc/avr/4.9.2/avr5\libgcc.a(_clzhi2.o)
                              c:/program files (x86)/atmel/studio/7.0/toolchain/avr8/avr8-gnu-toolchain/bin/../lib/gcc/avr/4.9.2/avr5\libgcc.a(_clzsi2.o) (__clzhi2)
c:/program files (x86)/atmel/studio/7.0/toolchain/avr8/avr8-gnu-toolchain/bin/../lib/gcc/avr/4.9.2/avr5\libgcc.a(_umulhisi3.o)
                              c:/program files (x86)/atmel/studio/7.0/toolchain/avr8/avr8-gnu-toolchain/bin/../lib/gcc/avr/4.9.2/avr5\libgcc.a(_muluhisi3.o) (__umulhisi3)
c:/program files (x86)/atmel/studio/7.0/toolchain/avr8/avr8-gnu-toolchain/bin/../lib/gcc/avr/4.9.2/../../../../avr/lib/avr5\libc.a(toupper.o)
                              Send.o (toupper)
c:/program files (x86)/atmel/studio/7.0/toolchain/avr8/avr8-gnu-toolchain/bin/../lib/gcc/avr/4.9.2/../../../../avr/lib/avr5\libc.a(memcpy_P.o)
                              src/LUFA/LUFA/Drivers/USB/Class/Device/RNDISClassDevice.o (memcpy_P)
c:/program files (x86)/atmel/studio/7.0/toolchain/avr8/avr8-gnu-toolchain/bin/../lib/gcc/avr/4.9.2/../../../../avr/lib/avr5\libc.a(strcpy_P.o)
                              Bluetooth.o (strcpy_P)
c:/program files (x86)/atmel/studio/7.0/toolchain/avr8/avr8-gnu-toolchain/bin/../lib/gcc/avr/4.9.2/../../../../avr/lib/avr5\libc.a(strtok.o)
                              Bluetooth.o (strtok)
c:/program files (x86)/atmel/studio/7.0/toolchain/avr8/avr8-gnu-toolchain/bin/../lib/gcc/avr/4.9.2/../../../../avr/lib/avr5\libc.a(memcmp.o)
                              src/LUFA/LUFA/Drivers/USB/Class/Device/HIDClassDevice.o (memcmp)
c:/program files (x86)/atmel/studio/7.0/toolchain/avr8/avr8-gnu-toolchain/bin/../lib/gcc/avr/4.9.2/../../../../avr/lib/avr5\libc.a(memcpy.o)
                              src/LUFA/LUFA/Drivers/USB/Class/Device/HIDClassDevice.o (memcpy)
c:/program files (x86)/atmel/studio/7.0/toolchain/avr8/avr8-gnu-toolchain/bin/../lib/gcc/avr/4.9.2/../../../../avr/lib/avr5\libc.a(memset.o)
                              src/LUFA/LUFA/Drivers/USB/Class/Device/HIDClassDevice.o (memset)
c:/program files (x86)/atmel/studio/7.0/toolchain/avr8/avr8-gnu-toolchain/bin/../lib/gcc/avr/4.9.2/../../../../avr/lib/avr5\libc.a(strcpy.o)
[...]
Memory Configuration

Name             Origin             Length             Attributes
text             0x00000000         0x00020000         xr
data             0x00800060         0x0000ffa0         rw !x
eeprom           0x00810000         0x00010000         rw !x
fuse             0x00820000         0x00000400         rw !x
lock             0x00830000         0x00000400         rw !x
signature        0x00840000         0x00000400         rw !x
user_signatures  0x00850000         0x00000400         rw !x
*default*        0x00000000         0xffffffff

Linker script and memory map

Address of section .data set to 0x800100
LOAD C:/Program Files (x86)/Atmel/Studio/7.0/Packs/atmel/ATmega_DFP/1.0.90/gcc/dev/atmega32u4/avr5/crtatmega32u4.o
LOAD Bluetooth.o
LOAD Calibrate.o
LOAD Config_Interrupts.o
LOAD Config_IO.o
LOAD Descriptors.o
LOAD KeyLogging.o
LOAD Lib/FatFS/diskio.o
LOAD Lib/FatFS/ff.o
LOAD Lib/SCSI.o
LOAD Lib/SDCardManager.o
LOAD uart.o
LOAD Keyboard.o
LOAD Send.o
LOAD Sense_Keys.o
LOAD src/LUFA/LUFA/Drivers/USB/Class/Common/HIDParser.o
LOAD src/LUFA/LUFA/Drivers/USB/Class/Device/AudioClassDevice.o
LOAD src/LUFA/LUFA/Drivers/USB/Class/Device/CDCClassDevice.o
LOAD src/LUFA/LUFA/Drivers/USB/Class/Device/HIDClassDevice.o
LOAD src/LUFA/LUFA/Drivers/USB/Class/Device/MassStorageClassDevice.o
LOAD src/LUFA/LUFA/Drivers/USB/Class/Device/MIDIClassDevice.o
LOAD src/LUFA/LUFA/Drivers/USB/Class/Device/PrinterClassDevice.o
LOAD src/LUFA/LUFA/Drivers/USB/Class/Device/RNDISClassDevice.o
LOAD src/LUFA/LUFA/Drivers/USB/Class/Host/AndroidAccessoryClassHost.o
LOAD src/LUFA/LUFA/Drivers/USB/Class/Host/AudioClassHost.o
LOAD src/LUFA/LUFA/Drivers/USB/Class/Host/CDCClassHost.o
LOAD src/LUFA/LUFA/Drivers/USB/Class/Host/HIDClassHost.o
LOAD src/LUFA/LUFA/Drivers/USB/Class/Host/MassStorageClassHost.o
LOAD src/LUFA/LUFA/Drivers/USB/Class/Host/MIDIClassHost.o
LOAD src/LUFA/LUFA/Drivers/USB/Class/Host/PrinterClassHost.o
LOAD src/LUFA/LUFA/Drivers/USB/Class/Host/RNDISClassHost.o
LOAD src/LUFA/LUFA/Drivers/USB/Class/Host/StillImageClassHost.o
LOAD src/LUFA/LUFA/Drivers/USB/Core/AVR8/Device_AVR8.o
LOAD src/LUFA/LUFA/Drivers/USB/Core/AVR8/EndpointStream_AVR8.o
LOAD src/LUFA/LUFA/Drivers/USB/Core/AVR8/Endpoint_AVR8.o
LOAD src/LUFA/LUFA/Drivers/USB/Core/AVR8/Host_AVR8.o
LOAD src/LUFA/LUFA/Drivers/USB/Core/AVR8/PipeStream_AVR8.o
LOAD src/LUFA/LUFA/Drivers/USB/Core/AVR8/Pipe_AVR8.o
LOAD src/LUFA/LUFA/Drivers/USB/Core/AVR8/Template/Template_Endpoint_Control_R.o
LOAD src/LUFA/LUFA/Drivers/USB/Core/AVR8/Template/Template_Endpoint_Control_W.o
LOAD src/LUFA/LUFA/Drivers/USB/Core/AVR8/Template/Template_Endpoint_RW.o
LOAD src/LUFA/LUFA/Drivers/USB/Core/AVR8/Template/Template_Pipe_RW.o
LOAD src/LUFA/LUFA/Drivers/USB/Core/AVR8/USBController_AVR8.o
LOAD src/LUFA/LUFA/Drivers/USB/Core/AVR8/USBInterrupt_AVR8.o
LOAD src/LUFA/LUFA/Drivers/USB/Core/ConfigDescriptors.o
LOAD src/LUFA/LUFA/Drivers/USB/Core/DeviceStandardReq.o
LOAD src/LUFA/LUFA/Drivers/USB/Core/Events.o
LOAD src/LUFA/LUFA/Drivers/USB/Core/HostStandardReq.o
LOAD src/LUFA/LUFA/Drivers/USB/Core/USBTask.o
START GROUP
LOAD c:/program files (x86)/atmel/studio/7.0/toolchain/avr8/avr8-gnu-toolchain/bin/../lib/gcc/avr/4.9.2/../../../../avr/lib/avr5\libm.a
END GROUP
START GROUP
LOAD c:/program files (x86)/atmel/studio/7.0/toolchain/avr8/avr8-gnu-toolchain/bin/../lib/gcc/avr/4.9.2/avr5\libgcc.a
LOAD c:/program files (x86)/atmel/studio/7.0/toolchain/avr8/avr8-gnu-toolchain/bin/../lib/gcc/avr/4.9.2/../../../../avr/lib/avr5\libm.a
LOAD c:/program files (x86)/atmel/studio/7.0/toolchain/avr8/avr8-gnu-toolchain/bin/../lib/gcc/avr/4.9.2/../../../../avr/lib/avr5\libc.a
LOAD C:/Program Files (x86)/Atmel/Studio/7.0/Packs/atmel/ATmega_DFP/1.0.90/gcc/dev/atmega32u4/avr5\libatmega32u4.a
END GROUP

.hash
 *(.hash)

.dynsym
 *(.dynsym)

.dynstr
 *(.dynstr)

.gnu.version
 *(.gnu.version)

.gnu.version_d
 *(.gnu.version_d)

.gnu.version_r
 *(.gnu.version_r)

.rel.init
 *(.rel.init)

.rela.init
 *(.rela.init)

.rel.text
 *(.rel.text)
 *(.rel.text.*)
 *(.rel.gnu.linkonce.t*)

.rela.text
 *(.rela.text)
 *(.rela.text.*)
 *(.rela.gnu.linkonce.t*)

.rel.fini
 *(.rel.fini)

.rela.fini
 *(.rela.fini)

.rel.rodata
 *(.rel.rodata)
 *(.rel.rodata.*)
 *(.rel.gnu.linkonce.r*)

.rela.rodata
 *(.rela.rodata)
 *(.rela.rodata.*)
 *(.rela.gnu.linkonce.r*)

.rel.data
 *(.rel.data)
 *(.rel.data.*)
 *(.rel.gnu.linkonce.d*)

.rela.data
 *(.rela.data)
 *(.rela.data.*)
 *(.rela.gnu.linkonce.d*)

.rel.ctors
 *(.rel.ctors)

.rela.ctors
 *(.rela.ctors)

.rel.dtors
 *(.rel.dtors)

.rela.dtors
 *(.rela.dtors)

.rel.got
 *(.rel.got)

.rela.got
 *(.rela.got)

.rel.bss
 *(.rel.bss)

.rela.bss
 *(.rela.bss)

.rel.plt
 *(.rel.plt)

.rela.plt
 *(.rela.plt)

.text           0x00000000     0x7760
 *(.vectors)
 .vectors       0x00000000       0xac C:/Program Files (x86)/Atmel/Studio/7.0/Packs/atmel/ATmega_DFP/1.0.90/gcc/dev/atmega32u4/avr5/crtatmega32u4.o
                0x00000000                __vector_default
                0x00000000                __vectors
 *(.vectors)
 *(.progmem.gcc*)
                0x000000ac                . = ALIGN (0x2)
                0x000000ac                __trampolines_start = .
 *(.trampolines)
 .trampolines   0x000000ac        0x0 linker stubs
 *(.trampolines*)
                0x000000ac                __trampolines_end = .
 *(.progmem*)
 .progmem.data.SET_BYPASS_MODE
                0x000000ac        0xf Bluetooth.o
                0x000000ac                SET_BYPASS_MODE
 .progmem.data.CONNECT_TO_PAIRED_DEVICE
                0x000000bb        0x6 Bluetooth.o
                0x000000bb                CONNECT_TO_PAIRED_DEVICE
 .progmem.data.CHECK_DISCOVERABLE
                0x000000c1        0x6 Bluetooth.o
                0x000000c1                CHECK_DISCOVERABLE
 .progmem.data.DISABLE_SLEEP
                0x000000c7        0x9 Bluetooth.o
                0x000000c7                DISABLE_SLEEP
 .progmem.data.CLEAR_PAIRED_LIST
                0x000000d0        0x6 Bluetooth.o
                0x000000d0                CLEAR_PAIRED_LIST
 .progmem.data.ENABLE_PIN
                0x000000d6        0x9 Bluetooth.o
                0x000000d6                ENABLE_PIN
 .progmem.data.DISABLE_PIN
                0x000000df        0x9 Bluetooth.o
                0x000000df                DISABLE_PIN
 .progmem.data.ENABLE_MIM
                0x000000e8        0x9 Bluetooth.o
                0x000000e8                ENABLE_MIM
 .progmem.data.DISABLE_MIM
                0x000000f1        0x9 Bluetooth.o
                0x000000f1                DISABLE_MIM
 .progmem.data.SET_MODULE_FEATURES
                0x000000fa       0x19 Bluetooth.o
                0x000000fa                SET_MODULE_FEATURES
 .progmem.data.SET_HID_PARAMS
                0x00000113       0x15 Bluetooth.o
                0x00000113                SET_HID_PARAMS
 .progmem.data.SET_PROXY_MODE
                0x00000128        0xc Bluetooth.o
                0x00000128                SET_PROXY_MODE
 .progmem.data.ENABLE_UI
                0x00000134        0x9 Bluetooth.o
                0x00000134                ENABLE_UI
 .progmem.data.SET_FRIENDLY_NAME
                0x0000013d       0x18 Bluetooth.o
                0x0000013d                SET_FRIENDLY_NAME
 .progmem.data.Str_BT_Not_Found
                0x00000155       0x21 Calibrate.o
                0x00000155                Str_BT_Not_Found
 .progmem.data.Str_Header
                0x00000176       0x12 Calibrate.o
                0x00000176                Str_Header
 .progmem.data.Str_Reed
                0x00000188        0x5 Calibrate.o
                0x00000188                Str_Reed
 .progmem.data.Str_Shift_Plus
                0x0000018d        0x7 Calibrate.o
                0x0000018d                Str_Shift_Plus
 .progmem.data.Str_How_To_Exit
                0x00000194       0x2e Calibrate.o
                0x00000194                Str_How_To_Exit
 .progmem.data.Str_How_To_Scroll_Back
                0x000001c2       0x2a Calibrate.o
                0x000001c2                Str_How_To_Scroll_Back
 .progmem.data.Str_How_To_Scroll
                0x000001ec       0x2e Calibrate.o
                0x000001ec                Str_How_To_Scroll
 .progmem.data.Str_S_For_SD
                0x0000021a       0x2d Calibrate.o
                0x0000021a                Str_S_For_SD
 .progmem.data.Str_U_For_USB
                0x00000247       0x31 Calibrate.o
                0x00000247                Str_U_For_USB
 .progmem.data.Str_Manual_Calibration
                0x00000278       0x1c Calibrate.o
                0x00000278                Str_Manual_Calibration
 .progmem.data.Str_Settings_Saved
                0x00000294       0x11 Calibrate.o
                0x00000294                Str_Settings_Saved
 .progmem.data.Str_Spacebar_Blocks_Enter
                0x000002a5       0x2a Calibrate.o
                0x000002a5                Str_Spacebar_Blocks_Enter
 .progmem.data.Str_Set_Reed_Time
                0x000002cf       0x20 Calibrate.o
                0x000002cf                Str_Set_Reed_Time
 .progmem.data.Str_Set_Double_Time
                0x000002ef       0x2e Calibrate.o
                0x000002ef                Str_Set_Double_Time
 .progmem.data.Str_Set_Release_Time
                0x0000031d       0x1e Calibrate.o
                0x0000031d                Str_Set_Release_Time
 .progmem.data.Str_Set_Reaction_Time
                0x0000033b       0x30 Calibrate.o
                0x0000033b                Str_Set_Reaction_Time
 .progmem.data.Str_Press_CMD
                0x0000036b       0x1e Calibrate.o
                0x0000036b                Str_Press_CMD
 .progmem.data.Str_Adj_Sensitivity
                0x00000389       0x1c Calibrate.o
                0x00000389                Str_Adj_Sensitivity
 .progmem.data.Str_No_Hall
                0x000003a5       0x31 Calibrate.o
                0x000003a5                Str_No_Hall
 .progmem.data.Str_Calibrate_Hall
                0x000003d6       0x36 Calibrate.o
                0x000003d6                Str_Calibrate_Hall
 .progmem.data.Str_Backspace
                0x0000040c        0xa Calibrate.o
                0x0000040c                Str_Backspace
 .progmem.data.Str_Post
                0x00000416        0x6 Calibrate.o
                0x00000416                Str_Post
 .progmem.data.Str_Second_Enter
                0x0000041c        0xd Calibrate.o
                0x0000041c                Str_Second_Enter
 .progmem.data.Str_Esc
                0x00000429        0x5 Calibrate.o
                0x00000429                Str_Esc
 .progmem.data.Str_Tab
                0x0000042e        0x5 Calibrate.o
                0x0000042e                Str_Tab
 .progmem.data.Str_Enter
                0x00000433        0x7 Calibrate.o
                0x00000433                Str_Enter
 .progmem.data.Str_Spacebar
                0x0000043a        0x9 Calibrate.o
                0x0000043a                Str_Spacebar
 .progmem.data.Str_Quick_Calibrate
                0x00000443       0x1b Calibrate.o
                0x00000443                Str_Quick_Calibrate
 .progmem.data.Str_Pin_Code_Disabled
                0x0000045e       0x18 Calibrate.o
                0x0000045e                Str_Pin_Code_Disabled
 .progmem.data.Str_Pin_Code_Enabled
                0x00000476       0x17 Calibrate.o
                0x00000476                Str_Pin_Code_Enabled
 .progmem.data.Str_No_Dummy_Load
                0x0000048d       0x18 Calibrate.o
                0x0000048d                Str_No_Dummy_Load
 .progmem.data.Str_Dummy_Load
                0x000004a5       0x16 Calibrate.o
                0x000004a5                Str_Dummy_Load
 .progmem.data.Str_USB_Only
                0x000004bb       0x1b Calibrate.o
                0x000004bb                Str_USB_Only
 .progmem.data.Str_SD_Only
                0x000004d6       0x19 Calibrate.o
                0x000004d6                Str_SD_Only
 .progmem.data.Str_Shift_Error
                0x000004ef       0x26 Calibrate.o
                0x000004ef                Str_Shift_Error
 .progmem.data.Str_Type_The_Following
                0x00000515       0x32 Calibrate.o
                0x00000515                Str_Type_The_Following
 .progmem.data.Str_Calibrating
                0x00000547       0x10 Calibrate.o
                0x00000547                Str_Calibrating
 .progmem.data.Str_SD_Mode
                0x00000557       0x16 Calibrate.o
                0x00000557                Str_SD_Mode
 .progmem.data.Str_Combo_Mode
                0x0000056d       0x1f Calibrate.o
                0x0000056d                Str_Combo_Mode
 .progmem.data.Str_Light_Mode
                0x0000058c       0x26 Calibrate.o
                0x0000058c                Str_Light_Mode
 .progmem.data.Str_BT_Mode
                0x000005b2       0x19 Calibrate.o
                0x000005b2                Str_BT_Mode
 .progmem.data.Str_Typewriter_Mode
                0x000005cb       0x12 Calibrate.o
                0x000005cb                Str_Typewriter_Mode
 .progmem.data.Str_Firmware_Ver
                0x000005dd       0x16 Calibrate.o
                0x000005dd                Str_Firmware_Ver
 .progmem.data.Str_USB_Typewriter
                0x000005f3       0x15 Calibrate.o
                0x000005f3                Str_USB_Typewriter
 .progmem.data.str_down
                0x00000608        0x5 Calibrate.o
                0x00000608                str_down
 .progmem.data.str_up
                0x0000060d        0x3 Calibrate.o
                0x0000060d                str_up
 .progmem.data.str_right
                0x00000610        0x6 Calibrate.o
                0x00000610                str_right
 .progmem.data.str_left
                0x00000616        0x5 Calibrate.o
                0x00000616                str_left
 .progmem.data.hid_arrows
                0x0000061b        0x4 Calibrate.o
                0x0000061b                hid_arrows
 .progmem.data.ASCIINumSymbols
                0x0000061f        0xa Calibrate.o
                0x0000061f                ASCIINumSymbols
 .progmem.data.ASCIINumbers
                0x00000629        0xa Calibrate.o
                0x00000629                ASCIINumbers
 .progmem.data.HIDNumbers
                0x00000633        0xa Calibrate.o
                0x00000633                HIDNumbers
 .progmem.data.ProductString
                0x0000063d       0x32 Descriptors.o
                0x0000063d                ProductString
 .progmem.data.ManufacturerString
                0x0000066f       0x28 Descriptors.o
                0x0000066f                ManufacturerString
 .progmem.data.LanguageString
                0x00000697        0x4 Descriptors.o
                0x00000697                LanguageString
 .progmem.data.ConfigurationDescriptor
                0x0000069b       0x39 Descriptors.o
                0x0000069b                ConfigurationDescriptor
 .progmem.data.DeviceDescriptor
                0x000006d4       0x12 Descriptors.o
                0x000006d4                DeviceDescriptor
 .progmem.data.KeyboardReport
                0x000006e6       0x3f Descriptors.o
                0x000006e6                KeyboardReport
                0x00000726                . = ALIGN (0x2)
 *fill*         0x00000725        0x1 
 *(.jumptables)
 *(.jumptables*)
 *(.lowtext)
 *(.lowtext*)
                0x00000726                __ctors_start = .
 *(.ctors)
                0x00000726                __ctors_end = .
                0x00000726                __dtors_start = .
 *(.dtors)
                0x00000726                __dtors_end = .
 SORT(*)(.ctors)
 SORT(*)(.dtors)
 *(.init0)
 .init0         0x00000726        0x0 C:/Program Files (x86)/Atmel/Studio/7.0/Packs/atmel/ATmega_DFP/1.0.90/gcc/dev/atmega32u4/avr5/crtatmega32u4.o
                0x00000726                __init
 *(.init0)
 *(.init1)
 *(.init1)
 *(.init2)
 .init2         0x00000726        0xc C:/Program Files (x86)/Atmel/Studio/7.0/Packs/atmel/ATmega_DFP/1.0.90/gcc/dev/atmega32u4/avr5/crtatmega32u4.o
 *(.init2)
 *(.init3)
 *(.init3)
 *(.init4)
 .init4         0x00000732       0x16 c:/program files (x86)/atmel/studio/7.0/toolchain/avr8/avr8-gnu-toolchain/bin/../lib/gcc/avr/4.9.2/avr5\libgcc.a(_copy_data.o)
                0x00000732                __do_copy_data
 .init4         0x00000748       0x10 c:/program files (x86)/atmel/studio/7.0/toolchain/avr8/avr8-gnu-toolchain/bin/../lib/gcc/avr/4.9.2/avr5\libgcc.a(_clear_bss.o)
                0x00000748                __do_clear_bss
 *(.init4)
 *(.init5)
 *(.init5)
 *(.init6)
 *(.init6)
 *(.init7)
 *(.init7)
 *(.init8)
 *(.init8)
 *(.init9)
 .init9         0x00000758        0x8 C:/Program Files (x86)/Atmel/Studio/7.0/Packs/atmel/ATmega_DFP/1.0.90/gcc/dev/atmega32u4/avr5/crtatmega32u4.o
 *(.init9)
 *(.text)
 .text          0x00000760        0x2 C:/Program Files (x86)/Atmel/Studio/7.0/Packs/atmel/ATmega_DFP/1.0.90/gcc/dev/atmega32u4/avr5/crtatmega32u4.o
                0x00000760                __vector_38
                0x00000760                __vector_22
                0x00000760                __vector_28
                0x00000760                __vector_1
                0x00000760                __vector_32
                0x00000760                __vector_34
                0x00000760                __vector_24
                0x00000760                __vector_12
                0x00000760                __bad_interrupt
                0x00000760                __vector_6
                0x00000760                __vector_31
                0x00000760                __vector_35
                0x00000760                __vector_39
                0x00000760                __vector_3
                0x00000760                __vector_23
                0x00000760                __vector_30
                0x00000760                __vector_11
                0x00000760                __vector_13
                0x00000760                __vector_19
                0x00000760                __vector_7
                0x00000760                __vector_27
                0x00000760                __vector_5
                0x00000760                __vector_33
                0x00000760                __vector_37
                0x00000760                __vector_4
                0x00000760                __vector_9
                0x00000760                __vector_2
                0x00000760                __vector_21
                0x00000760                __vector_15
                0x00000760                __vector_36
                0x00000760                __vector_29
                0x00000760                __vector_40
                0x00000760                __vector_8
                0x00000760                __vector_14
                0x00000760                __vector_16
                0x00000760                __vector_18
                0x00000760                __vector_20
                0x00000760                __vector_42
                0x00000762                . = ALIGN (0x2)
 *(.text.*)
 .text.Get_Response.part.0
                0x00000762       0x7e Bluetooth.o
 .text.Bluetooth_Send
                0x000007e0       0xae Bluetooth.o
                0x000007e0                Bluetooth_Send
 .text.Bluetooth_Reset
                0x0000088e       0x2a Bluetooth.o
                0x0000088e                Bluetooth_Reset
 .text.Get_Response
                0x000008b8        0x8 Bluetooth.o
                0x000008b8                Get_Response
 .text.Bluetooth_Send_CMD
                0x000008c0       0x64 Bluetooth.o
                0x000008c0                Bluetooth_Send_CMD
 .text.Bluetooth_Send_PROGMEM_CMD
                0x00000924       0x18 Bluetooth.o
                0x00000924                Bluetooth_Send_PROGMEM_CMD
 .text.Bluetooth_Enter_Proxy_Mode
                0x0000093c       0x2e Bluetooth.o
                0x0000093c                Bluetooth_Enter_Proxy_Mode
 .text.Bluetooth_Exit_Proxy_Mode
                0x0000096a        0x8 Bluetooth.o
                0x0000096a                Bluetooth_Exit_Proxy_Mode
 .text.Bluetooth_Init
                0x00000972       0x6a Bluetooth.o
                0x00000972                Bluetooth_Init
 .text.Bluetooth_Test
                0x000009dc       0x24 Bluetooth.o
                0x000009dc                Bluetooth_Test
 .text.Bluetooth_Configure
                0x00000a00       0x80 Bluetooth.o
                0x00000a00                Bluetooth_Configure
 .text.BluetoothInquire
                0x00000a80        0x8 Bluetooth.o
                0x00000a80                BluetoothInquire
 .text.Bluetooth_Connect
                0x00000a88       0x86 Bluetooth.o
                0x00000a88                Bluetooth_Connect
 .text.Get_Bluetooth_State
                0x00000b0e        0x6 Bluetooth.o
                0x00000b0e                Get_Bluetooth_State
 .text.TogglePinCodeSetting
                0x00000b14       0x30 Calibrate.o
                0x00000b14                TogglePinCodeSetting
 .text.ToggleDummyLoad
                0x00000b44       0x2c Calibrate.o
                0x00000b44                ToggleDummyLoad
 .text.SaveCalibration
                0x00000b70       0x94 Calibrate.o
                0x00000b70                SaveCalibration
 .text.DetectHallSensor
                0x00000c04       0xba Calibrate.o
                0x00000c04                DetectHallSensor
 .text.WaitForKeypress
                0x00000cbe       0x1e Calibrate.o
                0x00000cbe                WaitForKeypress
 .text.TeachHIDKey
                0x00000cdc       0x6a Calibrate.o
                0x00000cdc                TeachHIDKey
 .text.CalibrateReeds
                0x00000d46      0x158 Calibrate.o
                0x00000d46                CalibrateReeds
 .text.QuickCalibrate
                0x00000e9e       0xd2 Calibrate.o
                0x00000e9e                QuickCalibrate
 .text.TeachASCIIKey
                0x00000f70       0x1a Calibrate.o
                0x00000f70                TeachASCIIKey
 .text.Calibrate
                0x00000f8a      0x53c Calibrate.o
                0x00000f8a                Calibrate
 .text.Adjust_Sensitivity
                0x000014c6      0x200 Calibrate.o
                0x000014c6                Adjust_Sensitivity
 .text.Get_User_Response
                0x000016c6       0x16 Calibrate.o
                0x000016c6                Get_User_Response
 .text.Calibrate_Manually
                0x000016dc      0x2d8 Calibrate.o
                0x000016dc                Calibrate_Manually
 .text.Config_Interrupts
                0x000019b4       0x28 Config_Interrupts.o
                0x000019b4                Config_Interrupts
 .text.Config_IO
                0x000019dc       0x60 Config_IO.o
                0x000019dc                Config_IO
 .text.GlowGreenLED
                0x00001a3c       0x8a Config_IO.o
                0x00001a3c                GlowGreenLED
 .text.__vector_41
                0x00001ac6       0x5e Config_IO.o
                0x00001ac6                __vector_41
 .text.CALLBACK_USB_GetDescriptor
                0x00001b24       0x86 Descriptors.o
                0x00001b24                CALLBACK_USB_GetDescriptor
 .text.OpenLogFile
                0x00001baa       0x4e KeyLogging.o
                0x00001baa                OpenLogFile
 .text.CloseLogFile
                0x00001bf8       0x10 KeyLogging.o
                0x00001bf8                CloseLogFile
 .text.MountFilesystem
                0x00001c08       0x1a KeyLogging.o
                0x00001c08                MountFilesystem
 .text.get_num_of_sectors
                0x00001c22       0x60 KeyLogging.o
                0x00001c22                get_num_of_sectors
 .text.WriteToLogFile
                0x00001c82       0x70 KeyLogging.o
                0x00001c82                WriteToLogFile
 .text.TestSDHardware
                0x00001cf2       0x40 KeyLogging.o
                0x00001cf2                TestSDHardware
 .text.AddToSDBuffer
                0x00001d32       0xa0 KeyLogging.o
                0x00001d32                AddToSDBuffer
 .text.LogKeystrokes
                0x00001dd2      0x18c KeyLogging.o
                0x00001dd2                LogKeystrokes
 .text.dly_us   0x00001f5e        0xa Lib/FatFS/diskio.o
 .text.xmit_mmc
                0x00001f68       0x80 Lib/FatFS/diskio.o
 .text.rcvr_mmc
                0x00001fe8       0x64 Lib/FatFS/diskio.o
 .text.wait_ready
                0x0000204c       0x46 Lib/FatFS/diskio.o
 .text.deselect
                0x00002092       0x1e Lib/FatFS/diskio.o
 .text.select   0x000020b0       0x3a Lib/FatFS/diskio.o
 .text.rcvr_datablock
                0x000020ea       0x72 Lib/FatFS/diskio.o
 .text.send_cmd
                0x0000215c       0xba Lib/FatFS/diskio.o
 .text.xmit_datablock
                0x00002216       0x6e Lib/FatFS/diskio.o
 .text.disk_status
                0x00002284        0xe Lib/FatFS/diskio.o
                0x00002284                disk_status
 .text.disk_initialize
                0x00002292      0x13c Lib/FatFS/diskio.o
                0x00002292                disk_initialize
 .text.disk_read
                0x000023ce       0x88 Lib/FatFS/diskio.o
                0x000023ce                disk_read
 .text.disk_write
                0x00002456       0xc0 Lib/FatFS/diskio.o
                0x00002456                disk_write
 .text.disk_ioctl
                0x00002516      0x138 Lib/FatFS/diskio.o
                0x00002516                disk_ioctl
 .text.mem_cpy  0x0000264e       0x3a Lib/FatFS/ff.o
 .text.get_fileinfo
                0x00002688       0x9a Lib/FatFS/ff.o
 .text.get_ldnumber
                0x00002722       0x3e Lib/FatFS/ff.o
 .text.validate
                0x00002760       0x3c Lib/FatFS/ff.o
 .text.sync_window
                0x0000279c       0xbe Lib/FatFS/ff.o
 .text.sync_fs  0x0000285a       0xd2 Lib/FatFS/ff.o
 .text.move_window
                0x0000292c       0x78 Lib/FatFS/ff.o
 .text.check_fs
                0x000029a4       0x72 Lib/FatFS/ff.o
 .text.find_volume
                0x00002a16      0x4bc Lib/FatFS/ff.o
 .text.clust2sect
                0x00002ed2       0x50 Lib/FatFS/ff.o
                0x00002ed2                clust2sect
 .text.get_fat  0x00002f22      0x196 Lib/FatFS/ff.o
                0x00002f22                get_fat
 .text.dir_sdi  0x000030b8      0x162 Lib/FatFS/ff.o
 .text.put_fat  0x0000321a      0x232 Lib/FatFS/ff.o
                0x0000321a                put_fat
 .text.create_chain
                0x0000344c      0x1ac Lib/FatFS/ff.o
 .text.dir_next
                0x000035f8      0x200 Lib/FatFS/ff.o
 .text.follow_path
                0x000037f8      0x262 Lib/FatFS/ff.o
 .text.dir_register
                0x00003a5a       0x94 Lib/FatFS/ff.o
 .text.remove_chain
                0x00003aee       0xdc Lib/FatFS/ff.o
 .text.f_mount  0x00003bca       0x90 Lib/FatFS/ff.o
                0x00003bca                f_mount
 .text.f_open   0x00003c5a      0x254 Lib/FatFS/ff.o
                0x00003c5a                f_open
 .text.f_write  0x00003eae      0x324 Lib/FatFS/ff.o
                0x00003eae                f_write
 .text.f_sync   0x000041d2       0x86 Lib/FatFS/ff.o
                0x000041d2                f_sync
 .text.f_close  0x00004258       0x20 Lib/FatFS/ff.o
                0x00004258                f_close
 .text.f_lseek  0x00004278      0x31e Lib/FatFS/ff.o
                0x00004278                f_lseek
 .text.f_stat   0x00004596       0x82 Lib/FatFS/ff.o
                0x00004596                f_stat
 .text.SCSI_Command_ReadWrite_10
                0x00004618       0xa2 Lib/SCSI.o
 .text.SCSI_DecodeSCSICommand
                0x000046ba      0x2a4 Lib/SCSI.o
                0x000046ba                SCSI_DecodeSCSICommand
 .text.SDCardManager_Init
                0x0000495e       0x18 Lib/SDCardManager.o
                0x0000495e                SDCardManager_Init
 .text.SDCardManager_WriteBlockHandler
                0x00004976       0xa0 Lib/SDCardManager.o
                0x00004976                SDCardManager_WriteBlockHandler
 .text.SDCardManager_WriteBlocks
                0x00004a16       0xa8 Lib/SDCardManager.o
                0x00004a16                SDCardManager_WriteBlocks
 .text.SDCardManager_ReadBlockHandler
                0x00004abe       0xa4 Lib/SDCardManager.o
                0x00004abe                SDCardManager_ReadBlockHandler
 .text.SDCardManager_ReadBlocks
                0x00004b62       0xb2 Lib/SDCardManager.o
                0x00004b62                SDCardManager_ReadBlocks
 .text.SDCardManager_CheckSDCardOperation
                0x00004c14        0x6 Lib/SDCardManager.o
                0x00004c14                SDCardManager_CheckSDCardOperation
 .text.__vector_25
                0x00004c1a       0x5c uart.o
                0x00004c1a                __vector_25
 .text.__vector_26
                0x00004c76       0x54 uart.o
                0x00004c76                __vector_26
 .text.uart_init
                0x00004cca       0x32 uart.o
                0x00004cca                uart_init
 .text.uart_getc
                0x00004cfc       0x32 uart.o
                0x00004cfc                uart_getc
 .text.uart_clear_rx_buffer
                0x00004d2e        0xa uart.o
                0x00004d2e                uart_clear_rx_buffer
 .text.uart_putc
                0x00004d38       0x2a uart.o
                0x00004d38                uart_putc
 .text.__vector_17
                0x00004d62       0x94 Keyboard.o
                0x00004d62                __vector_17
 .text.Task_Manager
                0x00004df6       0x3e Keyboard.o
                0x00004df6                Task_Manager
 .text.SetupHardware
                0x00004e34       0xb2 Keyboard.o
                0x00004e34                SetupHardware
 .text.EVENT_USB_Device_Connect
                0x00004ee6        0x2 Keyboard.o
                0x00004ee6                EVENT_USB_Device_Connect
 .text.EVENT_USB_Device_Disconnect
                0x00004ee8        0xe Keyboard.o
                0x00004ee8                EVENT_USB_Device_Disconnect
 .text.EVENT_USB_Device_Suspend
                0x00004ef6        0x2 Keyboard.o
                0x00004ef6                EVENT_USB_Device_Suspend
 .text.EVENT_USB_Device_WakeUp
                0x00004ef8        0x2 Keyboard.o
                0x00004ef8                EVENT_USB_Device_WakeUp
 .text.EVENT_USB_Device_ConfigurationChanged
                0x00004efa       0x1a Keyboard.o
                0x00004efa                EVENT_USB_Device_ConfigurationChanged
 .text.EVENT_USB_Device_ControlRequest
                0x00004f14        0xe Keyboard.o
                0x00004f14                EVENT_USB_Device_ControlRequest
 .text.EVENT_USB_Device_StartOfFrame
                0x00004f22       0x18 Keyboard.o
                0x00004f22                EVENT_USB_Device_StartOfFrame
 .text.CALLBACK_MS_Device_SCSICommandReceived
                0x00004f3a        0x2 Keyboard.o
                0x00004f3a                CALLBACK_MS_Device_SCSICommandReceived
 .text.CALLBACK_HID_Device_CreateHIDReport
                0x00004f3c       0x4e Keyboard.o
                0x00004f3c                CALLBACK_HID_Device_CreateHIDReport
 .text.CALLBACK_HID_Device_ProcessHIDReport
                0x00004f8a       0x44 Keyboard.o
                0x00004f8a                CALLBACK_HID_Device_ProcessHIDReport
 .text.Init_Mode
                0x00004fce       0xf8 Keyboard.o
                0x00004fce                Init_Mode
 .text.startup.main
                0x000050c6      0x200 Keyboard.o
                0x000050c6                main
 .text.USBSend  0x000052c6       0x96 Send.o
                0x000052c6                USBSend
 .text.USBSendString
                0x0000535c       0xfe Send.o
                0x0000535c                USBSendString
 .text.USBSendPROGString
                0x0000545a       0x10 Send.o
                0x0000545a                USBSendPROGString
 .text.USBSendNumber
                0x0000546a       0x8c Send.o
                0x0000546a                USBSendNumber
 .text.USBSendASCII
                0x000054f6       0xc8 Send.o
                0x000054f6                USBSendASCII
 .text.GetModifier
                0x000055be       0x60 Sense_Keys.o
                0x000055be                GetModifier
 .text.ReadSensor
                0x0000561e      0x164 Sense_Keys.o
                0x0000561e                ReadSensor
 .text.GetKeySimple
                0x00005782       0x50 Sense_Keys.o
                0x00005782                GetKeySimple
 .text.GetKey   0x000057d2      0x27c Sense_Keys.o
                0x000057d2                GetKey
 .text.GetHIDKeyCode
                0x00005a4e       0x3c Sense_Keys.o
                0x00005a4e                GetHIDKeyCode
 .text.GetASCIIKeyCode
                0x00005a8a       0x26 Sense_Keys.o
                0x00005a8a                GetASCIIKeyCode
 .text.getHallState
                0x00005ab0       0x12 Sense_Keys.o
                0x00005ab0                getHallState
 .text.LoadKeyCodeTables
                0x00005ac2       0x50 Sense_Keys.o
                0x00005ac2                LoadKeyCodeTables
 .text.LoadEepromParameters
                0x00005b12       0x7a Sense_Keys.o
                0x00005b12                LoadEepromParameters
 .text.ClearKeyCodeTables
                0x00005b8c       0x4c Sense_Keys.o
                0x00005b8c                ClearKeyCodeTables
 .text.RestoreFactoryDefaults
                0x00005bd8       0x5e Sense_Keys.o
                0x00005bd8                RestoreFactoryDefaults
 .text.InitializeEeprom
                0x00005c36       0x52 Sense_Keys.o
                0x00005c36                InitializeEeprom
 .text.HID_Device_ProcessControlRequest
                0x00005c88      0x274 src/LUFA/LUFA/Drivers/USB/Class/Device/HIDClassDevice.o
                0x00005c88                HID_Device_ProcessControlRequest
 .text.HID_Device_ConfigureEndpoints
                0x00005efc       0x26 src/LUFA/LUFA/Drivers/USB/Class/Device/HIDClassDevice.o
                0x00005efc                HID_Device_ConfigureEndpoints
 .text.HID_Device_USBTask
                0x00005f22      0x18c src/LUFA/LUFA/Drivers/USB/Class/Device/HIDClassDevice.o
                0x00005f22                HID_Device_USBTask
 .text.MS_Device_ProcessControlRequest
                0x000060ae       0x82 src/LUFA/LUFA/Drivers/USB/Class/Device/MassStorageClassDevice.o
                0x000060ae                MS_Device_ProcessControlRequest
 .text.MS_Device_ConfigureEndpoints
                0x00006130       0x3a src/LUFA/LUFA/Drivers/USB/Class/Device/MassStorageClassDevice.o
                0x00006130                MS_Device_ConfigureEndpoints
 .text.MS_Device_USBTask
                0x0000616a      0x234 src/LUFA/LUFA/Drivers/USB/Class/Device/MassStorageClassDevice.o
                0x0000616a                MS_Device_USBTask
 .text.Endpoint_Null_Stream
                0x0000639e       0x7c src/LUFA/LUFA/Drivers/USB/Core/AVR8/EndpointStream_AVR8.o
                0x0000639e                Endpoint_Null_Stream
 .text.Endpoint_Write_Stream_LE
                0x0000641a       0x94 src/LUFA/LUFA/Drivers/USB/Core/AVR8/EndpointStream_AVR8.o
                0x0000641a                Endpoint_Write_Stream_LE
 .text.Endpoint_Write_Stream_BE
                0x000064ae       0xa0 src/LUFA/LUFA/Drivers/USB/Core/AVR8/EndpointStream_AVR8.o
                0x000064ae                Endpoint_Write_Stream_BE
 .text.Endpoint_Read_Stream_LE
                0x0000654e       0x94 src/LUFA/LUFA/Drivers/USB/Core/AVR8/EndpointStream_AVR8.o
                0x0000654e                Endpoint_Read_Stream_LE
 .text.Endpoint_Write_Control_Stream_LE
                0x000065e2       0xc6 src/LUFA/LUFA/Drivers/USB/Core/AVR8/EndpointStream_AVR8.o
                0x000065e2                Endpoint_Write_Control_Stream_LE
 .text.Endpoint_Read_Control_Stream_LE
                0x000066a8       0x80 src/LUFA/LUFA/Drivers/USB/Core/AVR8/EndpointStream_AVR8.o
                0x000066a8                Endpoint_Read_Control_Stream_LE
 .text.Endpoint_Write_Control_PStream_LE
                0x00006728       0xc2 src/LUFA/LUFA/Drivers/USB/Core/AVR8/EndpointStream_AVR8.o
                0x00006728                Endpoint_Write_Control_PStream_LE
 .text.Endpoint_ConfigureEndpoint_Prv
                0x000067ea       0x6a src/LUFA/LUFA/Drivers/USB/Core/AVR8/Endpoint_AVR8.o
                0x000067ea                Endpoint_ConfigureEndpoint_Prv
 .text.Endpoint_ConfigureEndpointTable
                0x00006854       0x90 src/LUFA/LUFA/Drivers/USB/Core/AVR8/Endpoint_AVR8.o
                0x00006854                Endpoint_ConfigureEndpointTable
 .text.Endpoint_ClearStatusStage
                0x000068e4       0x3e src/LUFA/LUFA/Drivers/USB/Core/AVR8/Endpoint_AVR8.o
                0x000068e4                Endpoint_ClearStatusStage
 .text.Endpoint_WaitUntilReady
                0x00006922       0x64 src/LUFA/LUFA/Drivers/USB/Core/AVR8/Endpoint_AVR8.o
                0x00006922                Endpoint_WaitUntilReady
 .text.USB_Disable
                0x00006986       0x30 src/LUFA/LUFA/Drivers/USB/Core/AVR8/USBController_AVR8.o
                0x00006986                USB_Disable
 .text.USB_ResetInterface
                0x000069b6       0x80 src/LUFA/LUFA/Drivers/USB/Core/AVR8/USBController_AVR8.o
                0x000069b6                USB_ResetInterface
 .text.USB_Init
                0x00006a36       0x20 src/LUFA/LUFA/Drivers/USB/Core/AVR8/USBController_AVR8.o
                0x00006a36                USB_Init
 .text.USB_INT_DisableAllInterrupts
                0x00006a56       0x10 src/LUFA/LUFA/Drivers/USB/Core/AVR8/USBInterrupt_AVR8.o
                0x00006a56                USB_INT_DisableAllInterrupts
 .text.USB_INT_ClearAllInterrupts
                0x00006a66        0xa src/LUFA/LUFA/Drivers/USB/Core/AVR8/USBInterrupt_AVR8.o
                0x00006a66                USB_INT_ClearAllInterrupts
 .text.__vector_10
                0x00006a70      0x190 src/LUFA/LUFA/Drivers/USB/Core/AVR8/USBInterrupt_AVR8.o
                0x00006a70                __vector_10
 .text.USB_Device_ProcessControlRequest
                0x00006c00      0x2aa src/LUFA/LUFA/Drivers/USB/Core/DeviceStandardReq.o
                0x00006c00                USB_Device_ProcessControlRequest
 .text.USB_Event_Stub
                0x00006eaa        0x2 src/LUFA/LUFA/Drivers/USB/Core/Events.o
                0x00006eaa                EVENT_USB_Device_Reset
                0x00006eaa                USB_Event_Stub
 .text.USB_USBTask
                0x00006eac       0x34 src/LUFA/LUFA/Drivers/USB/Core/USBTask.o
                0x00006eac                USB_USBTask
 .text.libgcc.div
                0x00006ee0       0x18 c:/program files (x86)/atmel/studio/7.0/toolchain/avr8/avr8-gnu-toolchain/bin/../lib/gcc/avr/4.9.2/avr5\libgcc.a(_udivmodqi4.o)
                0x00006ee0                __udivmodqi4
 .text.libgcc.div
                0x00006ef8       0x26 c:/program files (x86)/atmel/studio/7.0/toolchain/avr8/avr8-gnu-toolchain/bin/../lib/gcc/avr/4.9.2/avr5\libgcc.a(_divmodhi4.o)
                0x00006ef8                _div
                0x00006ef8                __divmodhi4
 .text.libgcc.div
                0x00006f1e       0x44 c:/program files (x86)/atmel/studio/7.0/toolchain/avr8/avr8-gnu-toolchain/bin/../lib/gcc/avr/4.9.2/avr5\libgcc.a(_udivmodsi4.o)
                0x00006f1e                __udivmodsi4
 .text.libgcc.mul
                0x00006f62       0x14 c:/program files (x86)/atmel/studio/7.0/toolchain/avr8/avr8-gnu-toolchain/bin/../lib/gcc/avr/4.9.2/avr5\libgcc.a(_muluhisi3.o)
                0x00006f62                __muluhisi3
 .text.libgcc.builtins
                0x00006f76       0x10 c:/program files (x86)/atmel/studio/7.0/toolchain/avr8/avr8-gnu-toolchain/bin/../lib/gcc/avr/4.9.2/avr5\libgcc.a(_clzdi2.o)
                0x00006f76                __clzdi2
 .text.libgcc.builtins
                0x00006f86       0x32 c:/program files (x86)/atmel/studio/7.0/toolchain/avr8/avr8-gnu-toolchain/bin/../lib/gcc/avr/4.9.2/avr5\libgcc.a(_ashldi3.o)
                0x00006f86                __ashldi3
 .text.libgcc.builtins
                0x00006fb8       0x3c c:/program files (x86)/atmel/studio/7.0/toolchain/avr8/avr8-gnu-toolchain/bin/../lib/gcc/avr/4.9.2/avr5\libgcc.a(_ashrdi3.o)
                0x00006fb8                __ashrdi3
                0x00006fbc                __lshrdi3
 .text.libgcc   0x00006ff4       0x18 c:/program files (x86)/atmel/studio/7.0/toolchain/avr8/avr8-gnu-toolchain/bin/../lib/gcc/avr/4.9.2/avr5\libgcc.a(_cmpdi2_s8.o)
                0x00006ff4                __cmpdi2_s8
 .text.libgcc.div
                0x0000700c       0x28 c:/program files (x86)/atmel/studio/7.0/toolchain/avr8/avr8-gnu-toolchain/bin/../lib/gcc/avr/4.9.2/avr5\libgcc.a(_udivmodhi4.o)
                0x0000700c                __udivmodhi4
 .text.libgcc.builtins
                0x00007034        0xe c:/program files (x86)/atmel/studio/7.0/toolchain/avr8/avr8-gnu-toolchain/bin/../lib/gcc/avr/4.9.2/avr5\libgcc.a(_clzsi2.o)
                0x00007034                __clzsi2
 .text.libgcc.builtins
                0x00007042       0x24 c:/program files (x86)/atmel/studio/7.0/toolchain/avr8/avr8-gnu-toolchain/bin/../lib/gcc/avr/4.9.2/avr5\libgcc.a(_clzhi2.o)
                0x00007042                __clzhi2
 .text.libgcc.mul
                0x00007066       0x1e c:/program files (x86)/atmel/studio/7.0/toolchain/avr8/avr8-gnu-toolchain/bin/../lib/gcc/avr/4.9.2/avr5\libgcc.a(_umulhisi3.o)
                0x00007066                __umulhisi3
 .text.avr-libc
                0x00007084       0x10 c:/program files (x86)/atmel/studio/7.0/toolchain/avr8/avr8-gnu-toolchain/bin/../lib/gcc/avr/4.9.2/../../../../avr/lib/avr5\libc.a(toupper.o)
                0x00007084                toupper
 .text.avr-libc
                0x00007094        0xe c:/program files (x86)/atmel/studio/7.0/toolchain/avr8/avr8-gnu-toolchain/bin/../lib/gcc/avr/4.9.2/../../../../avr/lib/avr5\libc.a(strcpy_P.o)
                0x00007094                strcpy_P
 .text.avr-libc
                0x000070a2        0x6 c:/program files (x86)/atmel/studio/7.0/toolchain/avr8/avr8-gnu-toolchain/bin/../lib/gcc/avr/4.9.2/../../../../avr/lib/avr5\libc.a(strtok.o)
                0x000070a2                strtok
 .text.avr-libc
                0x000070a8       0x1a c:/program files (x86)/atmel/studio/7.0/toolchain/avr8/avr8-gnu-toolchain/bin/../lib/gcc/avr/4.9.2/../../../../avr/lib/avr5\libc.a(memcmp.o)
                0x000070a8                memcmp
 .text.avr-libc
                0x000070c2       0x12 c:/program files (x86)/atmel/studio/7.0/toolchain/avr8/avr8-gnu-toolchain/bin/../lib/gcc/avr/4.9.2/../../../../avr/lib/avr5\libc.a(memcpy.o)
                0x000070c2                memcpy
 .text.avr-libc
                0x000070d4        0xe c:/program files (x86)/atmel/studio/7.0/toolchain/avr8/avr8-gnu-toolchain/bin/../lib/gcc/avr/4.9.2/../../../../avr/lib/avr5\libc.a(memset.o)
                0x000070d4                memset
 .text.avr-libc
                0x000070e2        0xe c:/program files (x86)/atmel/studio/7.0/toolchain/avr8/avr8-gnu-toolchain/bin/../lib/gcc/avr/4.9.2/../../../../avr/lib/avr5\libc.a(strcpy.o)
                0x000070e2                strcpy
 .text.avr-libc
                0x000070f0       0x4e c:/program files (x86)/atmel/studio/7.0/toolchain/avr8/avr8-gnu-toolchain/bin/../lib/gcc/avr/4.9.2/../../../../avr/lib/avr5\libc.a(strtok_r.o)
                0x000070f0                strtok_r
 .text.avr-libc
                0x0000713e       0x40 c:/program files (x86)/atmel/studio/7.0/toolchain/avr8/avr8-gnu-toolchain/bin/../lib/gcc/avr/4.9.2/../../../../avr/lib/avr5\libc.a(sprintf.o)
                0x0000713e                sprintf
 .text.avr-libc
                0x0000717e      0x386 c:/program files (x86)/atmel/studio/7.0/toolchain/avr8/avr8-gnu-toolchain/bin/../lib/gcc/avr/4.9.2/../../../../avr/lib/avr5\libc.a(vfprintf_std.o)
                0x0000717e                vfprintf
 .text.avr-libc
                0x00007504       0x16 c:/program files (x86)/atmel/studio/7.0/toolchain/avr8/avr8-gnu-toolchain/bin/../lib/gcc/avr/4.9.2/../../../../avr/lib/avr5\libc.a(strnlen_P.o)
                0x00007504                strnlen_P
 .text.avr-libc
                0x0000751a       0x16 c:/program files (x86)/atmel/studio/7.0/toolchain/avr8/avr8-gnu-toolchain/bin/../lib/gcc/avr/4.9.2/../../../../avr/lib/avr5\libc.a(strnlen.o)
                0x0000751a                strnlen
 .text.avr-libc
                0x00007530       0x70 c:/program files (x86)/atmel/studio/7.0/toolchain/avr8/avr8-gnu-toolchain/bin/../lib/gcc/avr/4.9.2/../../../../avr/lib/avr5\libc.a(fputc.o)
                0x00007530                fputc
 .text.avr-libc
                0x000075a0       0xbc c:/program files (x86)/atmel/studio/7.0/toolchain/avr8/avr8-gnu-toolchain/bin/../lib/gcc/avr/4.9.2/../../../../avr/lib/avr5\libc.a(ultoa_invert.o)
                0x000075a0                __ultoa_invert
 .text.avr-libc
                0x0000765c       0x20 C:/Program Files (x86)/Atmel/Studio/7.0/Packs/atmel/ATmega_DFP/1.0.90/gcc/dev/atmega32u4/avr5\libatmega32u4.a(eerd_block.o)
                0x0000765c                eeprom_read_block
                0x00007660                eeprom_read_blraw
 .text.avr-libc
                0x0000767c       0x10 C:/Program Files (x86)/Atmel/Studio/7.0/Packs/atmel/ATmega_DFP/1.0.90/gcc/dev/atmega32u4/avr5\libatmega32u4.a(eerd_byte.o)
                0x0000767c                eeprom_read_byte
 .text.avr-libc
                0x0000768c        0xa C:/Program Files (x86)/Atmel/Studio/7.0/Packs/atmel/ATmega_DFP/1.0.90/gcc/dev/atmega32u4/avr5\libatmega32u4.a(eerd_word.o)
                0x0000768c                eeprom_read_word
 .text.avr-libc
                0x00007696       0x24 C:/Program Files (x86)/Atmel/Studio/7.0/Packs/atmel/ATmega_DFP/1.0.90/gcc/dev/atmega32u4/avr5\libatmega32u4.a(eeupd_byte.o)
                0x00007696                eeprom_update_byte
                0x00007698                eeprom_update_r18
 .text.avr-libc
                0x000076ba       0x12 C:/Program Files (x86)/Atmel/Studio/7.0/Packs/atmel/ATmega_DFP/1.0.90/gcc/dev/atmega32u4/avr5\libatmega32u4.a(eewr_block.o)
                0x000076ba                eeprom_write_block
 .text.avr-libc
                0x000076cc       0x1c C:/Program Files (x86)/Atmel/Studio/7.0/Packs/atmel/ATmega_DFP/1.0.90/gcc/dev/atmega32u4/avr5\libatmega32u4.a(eewr_byte.o)
                0x000076cc                eeprom_write_byte
                0x000076ce                eeprom_write_r18
 .text.avr-libc
                0x000076e8        0x6 C:/Program Files (x86)/Atmel/Studio/7.0/Packs/atmel/ATmega_DFP/1.0.90/gcc/dev/atmega32u4/avr5\libatmega32u4.a(eewr_word.o)
                0x000076e8                eeprom_write_word
 .text.libgcc.prologue
                0x000076ee       0x38 c:/program files (x86)/atmel/studio/7.0/toolchain/avr8/avr8-gnu-toolchain/bin/../lib/gcc/avr/4.9.2/avr5\libgcc.a(_prologue.o)
                0x000076ee                __prologue_saves__
 .text.libgcc.prologue
                0x00007726       0x36 c:/program files (x86)/atmel/studio/7.0/toolchain/avr8/avr8-gnu-toolchain/bin/../lib/gcc/avr/4.9.2/avr5\libgcc.a(_epilogue.o)
                0x00007726                __epilogue_restores__
                0x0000775c                . = ALIGN (0x2)
 *(.fini9)
 .fini9         0x0000775c        0x0 c:/program files (x86)/atmel/studio/7.0/toolchain/avr8/avr8-gnu-toolchain/bin/../lib/gcc/avr/4.9.2/avr5\libgcc.a(_exit.o)
                0x0000775c                _exit
                0x0000775c                exit
 *(.fini9)
 *(.fini8)
 *(.fini8)
 *(.fini7)
 *(.fini7)
 *(.fini6)
 *(.fini6)
 *(.fini5)
 *(.fini5)
 *(.fini4)
 *(.fini4)
 *(.fini3)
 *(.fini3)
 *(.fini2)
 *(.fini2)
 *(.fini1)
 *(.fini1)
 *(.fini0)
 .fini0         0x0000775c        0x4 c:/program files (x86)/atmel/studio/7.0/toolchain/avr8/avr8-gnu-toolchain/bin/../lib/gcc/avr/4.9.2/avr5\libgcc.a(_exit.o)
 *(.fini0)
                0x00007760                _etext = .

.data           0x00800100      0x1e4 load address 0x00007760
                0x00800100                PROVIDE (__data_start, .)
 *(.data)
 *(.data*)
 .data.FileName
                0x00800100        0xd KeyLogging.o
                0x00800100                FileName
 .data.Stat     0x0080010d        0x1 Lib/FatFS/diskio.o
 .data.SenseData
                0x0080010e       0x12 Lib/SCSI.o
 .data.Keyboard_HID_Interface
                0x00800120       0x10 Keyboard.o
                0x00800120                Keyboard_HID_Interface
 .data.Disk_MS_Interface
                0x00800130       0x39 Keyboard.o
                0x00800130                Disk_MS_Interface
 *(.rodata)
 *(.rodata*)
 .rodata.str1.1
                0x00800169        0x9 Bluetooth.o
 .rodata.str1.1
                0x00800172       0x90 Calibrate.o
 .rodata.arrow_table
                0x00800202        0x8 Calibrate.o
                0x00800202                arrow_table
 .rodata.str1.1
                0x0080020a       0x22 KeyLogging.o
                                 0x23 (size before relaxing)
 .rodata.str1.1
                0x0080022c        0xf Lib/FatFS/ff.o
 .rodata.ExCvt  0x0080023b       0x80 Lib/FatFS/ff.o
 .rodata.InquiryData
                0x008002bb       0x24 Lib/SCSI.o
 .rodata.REED_BITS
                0x008002df        0x4 Sense_Keys.o
                0x008002df                REED_BITS
 *(.gnu.linkonce.d*)
                0x008002e4                . = ALIGN (0x2)
 *fill*         0x008002e3        0x1 
                0x008002e4                _edata = .
                0x008002e4                PROVIDE (__data_end, .)

.bss            0x008002e4      0x6bc
                0x008002e4                PROVIDE (__bss_start, .)
 *(.bss)
 .bss           0x008002e4        0x2 c:/program files (x86)/atmel/studio/7.0/toolchain/avr8/avr8-gnu-toolchain/bin/../lib/gcc/avr/4.9.2/../../../../avr/lib/avr5\libc.a(strtok.o)
 *(.bss*)
 .bss.prevcharacter.4500
                0x008002e6        0x1 KeyLogging.o
 .bss.tot_sect.4487
                0x008002e7        0x4 KeyLogging.o
 .bss.LogFile   0x008002eb       0x20 KeyLogging.o
 .bss.DiskFATState
                0x0080030b      0x22e KeyLogging.o
 .bss.CardType  0x00800539        0x1 Lib/FatFS/diskio.o
 .bss.Fsid      0x0080053a        0x2 Lib/FatFS/ff.o
 .bss.FatFs     0x0080053c        0x2 Lib/FatFS/ff.o
 .bss.SDCard_Present
                0x0080053e        0x1 Lib/SDCardManager.o
 .bss.UART_LastRxError
                0x0080053f        0x1 uart.o
 .bss.UART_RxTail
                0x00800540        0x1 uart.o
 .bss.UART_RxHead
                0x00800541        0x1 uart.o
 .bss.UART_TxTail
                0x00800542        0x1 uart.o
 .bss.UART_TxHead
                0x00800543        0x1 uart.o
 .bss.UART_RxBuf
                0x00800544       0x40 uart.o
 .bss.UART_TxBuf
                0x00800584       0x40 uart.o
 .bss.CapsLockDeactivated.4569
                0x008005c4        0x1 Keyboard.o
 .bss.NumLockActivated.4568
                0x008005c5        0x1 Keyboard.o
 .bss.PrevKeyboardHIDReportBuffer
                0x008005c6        0x8 Keyboard.o
 .bss.KeyReleaseCounter.4479
                0x008005ce        0x1 Sense_Keys.o
 .bss.KeyHoldCounter.4478
                0x008005cf        0x1 Sense_Keys.o
 .bss.DoubleTapCounter.4477
                0x008005d0        0x1 Sense_Keys.o
 .bss.PreviousKey.4475
                0x008005d1        0x1 Sense_Keys.o
 .bss.ActiveKey.4476
                0x008005d2        0x1 Sense_Keys.o
 .bss.ActiveReeds.4480
                0x008005d3        0x4 Sense_Keys.o
 .bss.ReedDebounce.4481
                0x008005d7        0x4 Sense_Keys.o
 *(COMMON)
 COMMON         0x008005db       0x22 Bluetooth.o
                0x008005db                response
                0x008005fb                BT_State
                0x008005fc                BT_Asleep
 COMMON         0x008005fd        0x1 Config_IO.o
                0x008005fd                GlowDirection
 COMMON         0x008005fe      0x395 Keyboard.o
                0x008005fe                Reed2Polarity
                0x008005ff                UseDummyLoad
                0x00800600                Reeds_Are_Independent
                0x00800601                Scheduled_Task
                0x00800602                KeyReleaseTime
                0x00800603                KeyBufferMod
                0x00800604                KeyCodeLookUpTable
                0x00800644                ReedHoldTime
                0x00800645                DoubleTapTime
                0x00800646                Shift_Reed
                0x00800647                TMR1_Count
                0x00800649                myTimeoutCounter
                0x0080064b                Ignore_Flag
                0x0080064c                KeyBuffer
                0x0080064e                HallSensorPolarity
                0x0080064f                Hold_Alt_Down
                0x00800650                DisablePinCode
                0x00800651                Reed1Polarity
                0x00800652                ShiftKeyCodeLookUpTable
                0x00800692                KeyHoldTime
                0x00800693                ASCIIShiftLookUpTable
                0x008006d3                Reed3Polarity
                0x008006d4                UseHallSensor
                0x008006d5                StringBuffer
                0x00800711                Reed4Polarity
                0x00800712                ASCIILookUpTable
                0x00800752                Typewriter_Mode
                0x00800753                SD_Buffer
                0x00800953                FnKeyCodeLookUpTable
 COMMON         0x00800993        0x3 src/LUFA/LUFA/Drivers/USB/Core/DeviceStandardReq.o
                0x00800993                USB_Device_ConfigurationNumber
                0x00800994                USB_Device_CurrentlySelfPowered
                0x00800995                USB_Device_RemoteWakeupEnabled
 COMMON         0x00800996        0xa src/LUFA/LUFA/Drivers/USB/Core/USBTask.o
                0x00800996                USB_IsInitialized
                0x00800997                USB_DeviceState
                0x00800998                USB_ControlRequest
                0x008009a0                PROVIDE (__bss_end, .)
                0x00007760                __data_load_start = LOADADDR (.data)
                0x00007944                __data_load_end = (__data_load_start + SIZEOF (.data))

.noinit         0x008009a0        0x0
                0x008009a0                PROVIDE (__noinit_start, .)
 *(.noinit*)
                0x008009a0                PROVIDE (__noinit_end, .)
                0x008009a0                _end = .
                0x008009a0                PROVIDE (__heap_start, .)

.eeprom         0x00810000        0x0
 *(.eeprom*)
                0x00810000                __eeprom_end = .

.fuse
 *(.fuse)
 *(.lfuse)
 *(.hfuse)
 *(.efuse)

.lock
 *(.lock*)

.signature
 *(.signature*)

.user_signatures
 *(.user_signatures*)

.stab
 *(.stab)

.stabstr
 *(.stabstr)

.stab.excl
 *(.stab.excl)

.stab.exclstr
 *(.stab.exclstr)

.stab.index
 *(.stab.index)

.stab.indexstr
 *(.stab.indexstr)

.comment        0x00000000       0x5c
 *(.comment)
 .comment       0x00000000       0x30 Bluetooth.o
                                 0x31 (size before relaxing)
 .comment       0x00000030       0x31 Calibrate.o
 .comment       0x00000030       0x31 Config_Interrupts.o
 .comment       0x00000030       0x31 Config_IO.o
 .comment       0x00000030       0x31 Descriptors.o
 .comment       0x00000030       0x31 KeyLogging.o
 .comment       0x00000030       0x31 Lib/FatFS/diskio.o
 .comment       0x00000030       0x31 Lib/FatFS/ff.o
 .comment       0x00000030       0x31 Lib/SCSI.o
 .comment       0x00000030       0x31 Lib/SDCardManager.o
 .comment       0x00000030       0x31 uart.o
 .comment       0x00000030       0x31 Keyboard.o
 .comment       0x00000030       0x31 Send.o
 .comment       0x00000030       0x31 Sense_Keys.o
 .comment       0x00000030       0x31 src/LUFA/LUFA/Drivers/USB/Class/Device/HIDClassDevice.o
 .comment       0x00000030       0x31 src/LUFA/LUFA/Drivers/USB/Class/Device/MassStorageClassDevice.o
 .comment       0x00000030       0x31 src/LUFA/LUFA/Drivers/USB/Core/AVR8/EndpointStream_AVR8.o
 .comment       0x00000030       0x31 src/LUFA/LUFA/Drivers/USB/Core/AVR8/Endpoint_AVR8.o
 .comment       0x00000030       0x31 src/LUFA/LUFA/Drivers/USB/Core/AVR8/USBController_AVR8.o
 .comment       0x00000030       0x31 src/LUFA/LUFA/Drivers/USB/Core/AVR8/USBInterrupt_AVR8.o
 .comment       0x00000030       0x31 src/LUFA/LUFA/Drivers/USB/Core/DeviceStandardReq.o
 .comment       0x00000030       0x31 src/LUFA/LUFA/Drivers/USB/Core/Events.o
 .comment       0x00000030       0x31 src/LUFA/LUFA/Drivers/USB/Core/USBTask.o
 .comment       0x00000030       0x31 c:/program files (x86)/atmel/studio/7.0/toolchain/avr8/avr8-gnu-toolchain/bin/../lib/gcc/avr/4.9.2/../../../../avr/lib/avr5\libc.a(strtok.o)
 .comment       0x00000030       0x31 c:/program files (x86)/atmel/studio/7.0/toolchain/avr8/avr8-gnu-toolchain/bin/../lib/gcc/avr/4.9.2/../../../../avr/lib/avr5\libc.a(sprintf.o)
 .comment       0x00000030       0x2c c:/program files (x86)/atmel/studio/7.0/toolchain/avr8/avr8-gnu-toolchain/bin/../lib/gcc/avr/4.9.2/../../../../avr/lib/avr5\libc.a(vfprintf_std.o)
                                 0x2d (size before relaxing)
 .comment       0x0000005c       0x31 c:/program files (x86)/atmel/studio/7.0/toolchain/avr8/avr8-gnu-toolchain/bin/../lib/gcc/avr/4.9.2/../../../../avr/lib/avr5\libc.a(fputc.o)

.note.gnu.avr.deviceinfo
                0x00000000       0x40
 .note.gnu.avr.deviceinfo
                0x00000000       0x40 C:/Program Files (x86)/Atmel/Studio/7.0/Packs/atmel/ATmega_DFP/1.0.90/gcc/dev/atmega32u4/avr5/crtatmega32u4.o

.note.gnu.build-id
 *(.note.gnu.build-id)

.debug
 *(.debug)

.line
 *(.line)

.debug_srcinfo
 *(.debug_srcinfo)

.debug_sfnames
 *(.debug_sfnames)

.debug_aranges
 *(.debug_aranges)

.debug_pubnames
 *(.debug_pubnames)

.debug_info
 *(.debug_info .gnu.linkonce.wi.*)

.debug_abbrev
 *(.debug_abbrev)

.debug_line
 *(.debug_line .debug_line.* .debug_line_end)

.debug_frame
 *(.debug_frame)

.debug_str
 *(.debug_str)

.debug_loc
 *(.debug_loc)

.debug_macinfo
 *(.debug_macinfo)

.debug_weaknames
 *(.debug_weaknames)

.debug_funcnames
 *(.debug_funcnames)

.debug_typenames
 *(.debug_typenames)

.debug_varnames
 *(.debug_varnames)

.debug_pubtypes
 *(.debug_pubtypes)

.debug_ranges
 *(.debug_ranges)

.debug_macro
 *(.debug_macro)
OUTPUT(USB Typewriter P2S.elf elf32-avr)
LOAD linker stubs
