Archive member included to satisfy reference by file (symbol)

c:/program files (x86)/atmel/studio/7.0/toolchain/avr8/avr8-gnu-toolchain/bin/../lib/gcc/avr/5.4.0/avr5\libgcc.a(_udivmodqi4.o)
                              Send.o (__udivmodqi4)
c:/program files (x86)/atmel/studio/7.0/toolchain/avr8/avr8-gnu-toolchain/bin/../lib/gcc/avr/5.4.0/avr5\libgcc.a(_divmodhi4.o)
                              Send.o (__divmodhi4)
c:/program files (x86)/atmel/studio/7.0/toolchain/avr8/avr8-gnu-toolchain/bin/../lib/gcc/avr/5.4.0/avr5\libgcc.a(_udivmodsi4.o)
                              Bluetooth.o (__udivmodsi4)
c:/program files (x86)/atmel/studio/7.0/toolchain/avr8/avr8-gnu-toolchain/bin/../lib/gcc/avr/5.4.0/avr5\libgcc.a(_exit.o)
                              C:/Program Files (x86)/Atmel/Studio/7.0/Packs/atmel/ATmega_DFP/1.0.90/gcc/dev/atmega32u4/avr5/crtatmega32u4.o (exit)
c:/program files (x86)/atmel/studio/7.0/toolchain/avr8/avr8-gnu-toolchain/bin/../lib/gcc/avr/5.4.0/avr5\libgcc.a(_copy_data.o)
                              Bluetooth.o (__do_copy_data)
c:/program files (x86)/atmel/studio/7.0/toolchain/avr8/avr8-gnu-toolchain/bin/../lib/gcc/avr/5.4.0/avr5\libgcc.a(_clear_bss.o)
                              Bluetooth.o (__do_clear_bss)
c:/program files (x86)/atmel/studio/7.0/toolchain/avr8/avr8-gnu-toolchain/bin/../lib/gcc/avr/5.4.0/avr5\libgcc.a(_muluhisi3.o)
                              Bluetooth.o (__muluhisi3)
c:/program files (x86)/atmel/studio/7.0/toolchain/avr8/avr8-gnu-toolchain/bin/../lib/gcc/avr/5.4.0/avr5\libgcc.a(_clzdi2.o)
                              Sense_Keys.o (__clzdi2)
c:/program files (x86)/atmel/studio/7.0/toolchain/avr8/avr8-gnu-toolchain/bin/../lib/gcc/avr/5.4.0/avr5\libgcc.a(_ashldi3.o)
                              Sense_Keys.o (__ashldi3)
c:/program files (x86)/atmel/studio/7.0/toolchain/avr8/avr8-gnu-toolchain/bin/../lib/gcc/avr/5.4.0/avr5\libgcc.a(_ashrdi3.o)
                              Sense_Keys.o (__lshrdi3)
c:/program files (x86)/atmel/studio/7.0/toolchain/avr8/avr8-gnu-toolchain/bin/../lib/gcc/avr/5.4.0/avr5\libgcc.a(_cmpdi2_s8.o)
                              Sense_Keys.o (__cmpdi2_s8)
c:/program files (x86)/atmel/studio/7.0/toolchain/avr8/avr8-gnu-toolchain/bin/../lib/gcc/avr/5.4.0/avr5\libgcc.a(_udivmodhi4.o)
                              c:/program files (x86)/atmel/studio/7.0/toolchain/avr8/avr8-gnu-toolchain/bin/../lib/gcc/avr/5.4.0/avr5\libgcc.a(_divmodhi4.o) (__udivmodhi4)
c:/program files (x86)/atmel/studio/7.0/toolchain/avr8/avr8-gnu-toolchain/bin/../lib/gcc/avr/5.4.0/avr5\libgcc.a(_clzsi2.o)
                              c:/program files (x86)/atmel/studio/7.0/toolchain/avr8/avr8-gnu-toolchain/bin/../lib/gcc/avr/5.4.0/avr5\libgcc.a(_clzdi2.o) (__clzsi2)
c:/program files (x86)/atmel/studio/7.0/toolchain/avr8/avr8-gnu-toolchain/bin/../lib/gcc/avr/5.4.0/avr5\libgcc.a(_clzhi2.o)
                              c:/program files (x86)/atmel/studio/7.0/toolchain/avr8/avr8-gnu-toolchain/bin/../lib/gcc/avr/5.4.0/avr5\libgcc.a(_clzsi2.o) (__clzhi2)
c:/program files (x86)/atmel/studio/7.0/toolchain/avr8/avr8-gnu-toolchain/bin/../lib/gcc/avr/5.4.0/avr5\libgcc.a(_umulhisi3.o)
                              c:/program files (x86)/atmel/studio/7.0/toolchain/avr8/avr8-gnu-toolchain/bin/../lib/gcc/avr/5.4.0/avr5\libgcc.a(_muluhisi3.o) (__umulhisi3)
c:/program files (x86)/atmel/studio/7.0/toolchain/avr8/avr8-gnu-toolchain/bin/../lib/gcc/avr/5.4.0/../../../../avr/lib/avr5\libc.a(toupper.o)
                              Send.o (toupper)
c:/program files (x86)/atmel/studio/7.0/toolchain/avr8/avr8-gnu-toolchain/bin/../lib/gcc/avr/5.4.0/../../../../avr/lib/avr5\libc.a(memcpy_P.o)
                              src/LUFA/LUFA/Drivers/USB/Class/Device/RNDISClassDevice.o (memcpy_P)
c:/program files (x86)/atmel/studio/7.0/toolchain/avr8/avr8-gnu-toolchain/bin/../lib/gcc/avr/5.4.0/../../../../avr/lib/avr5\libc.a(strcpy_P.o)
                              Bluetooth.o (strcpy_P)
c:/program files (x86)/atmel/studio/7.0/toolchain/avr8/avr8-gnu-toolchain/bin/../lib/gcc/avr/5.4.0/../../../../avr/lib/avr5\libc.a(strtok.o)
                              Bluetooth.o (strtok)
c:/program files (x86)/atmel/studio/7.0/toolchain/avr8/avr8-gnu-toolchain/bin/../lib/gcc/avr/5.4.0/../../../../avr/lib/avr5\libc.a(memcmp.o)
                              src/LUFA/LUFA/Drivers/USB/Class/Device/HIDClassDevice.o (memcmp)
c:/program files (x86)/atmel/studio/7.0/toolchain/avr8/avr8-gnu-toolchain/bin/../lib/gcc/avr/5.4.0/../../../../avr/lib/avr5\libc.a(memcpy.o)
                              src/LUFA/LUFA/Drivers/USB/Class/Device/HIDClassDevice.o (memcpy)
c:/program files (x86)/atmel/studio/7.0/toolchain/avr8/avr8-gnu-toolchain/bin/../lib/gcc/avr/5.4.0/../../../../avr/lib/avr5\libc.a(memset.o)
                              src/LUFA/LUFA/Drivers/USB/Class/Device/HIDClassDevice.o (memset)
c:/program files (x86)/atmel/studio/7.0/toolchain/avr8/avr8-gnu-toolchain/bin/../lib/gcc/avr/5.4.0/../../../../avr/lib/avr5\libc.a(strcpy.o)
[...]
Memory Configuration

Name             Origin             Length             Attributes
text             0x00000000         0x00020000         xr
data             0x00800060         0x0000ffa0         rw !x
eeprom           0x00810000         0x00010000         rw !x
fuse             0x00820000         0x00000400         rw !x
lock             0x00830000         0x00000400         rw !x
signature        0x00840000         0x00000400         rw !x
user_signatures  0x00850000         0x00000400         rw !x
*default*        0x00000000         0xffffffff

Linker script and memory map

Address of section .data set to 0x800100
LOAD C:/Program Files (x86)/Atmel/Studio/7.0/Packs/atmel/ATmega_DFP/1.0.90/gcc/dev/atmega32u4/avr5/crtatmega32u4.o
LOAD Bluetooth.o
LOAD Calibrate.o
LOAD Config_Interrupts.o
LOAD Config_IO.o
LOAD Descriptors.o
LOAD KeyLogging.o
LOAD Lib/FatFS/diskio.o
LOAD Lib/FatFS/ff.o
LOAD Lib/SCSI.o
LOAD Lib/SDCardManager.o
LOAD uart.o
LOAD Keyboard.o
LOAD Send.o
LOAD Sense_Keys.o
LOAD src/LUFA/LUFA/Drivers/USB/Class/Common/HIDParser.o
LOAD src/LUFA/LUFA/Drivers/USB/Class/Device/AudioClassDevice.o
LOAD src/LUFA/LUFA/Drivers/USB/Class/Device/CDCClassDevice.o
LOAD src/LUFA/LUFA/Drivers/USB/Class/Device/HIDClassDevice.o
LOAD src/LUFA/LUFA/Drivers/USB/Class/Device/MassStorageClassDevice.o
LOAD src/LUFA/LUFA/Drivers/USB/Class/Device/MIDIClassDevice.o
LOAD src/LUFA/LUFA/Drivers/USB/Class/Device/PrinterClassDevice.o
LOAD src/LUFA/LUFA/Drivers/USB/Class/Device/RNDISClassDevice.o
LOAD src/LUFA/LUFA/Drivers/USB/Class/Host/AndroidAccessoryClassHost.o
LOAD src/LUFA/LUFA/Drivers/USB/Class/Host/AudioClassHost.o
LOAD src/LUFA/LUFA/Drivers/USB/Class/Host/CDCClassHost.o
LOAD src/LUFA/LUFA/Drivers/USB/Class/Host/HIDClassHost.o
LOAD src/LUFA/LUFA/Drivers/USB/Class/Host/MassStorageClassHost.o
LOAD src/LUFA/LUFA/Drivers/USB/Class/Host/MIDIClassHost.o
LOAD src/LUFA/LUFA/Drivers/USB/Class/Host/PrinterClassHost.o
LOAD src/LUFA/LUFA/Drivers/USB/Class/Host/RNDISClassHost.o
LOAD src/LUFA/LUFA/Drivers/USB/Class/Host/StillImageClassHost.o
LOAD src/LUFA/LUFA/Drivers/USB/Core/AVR8/Device_AVR8.o
LOAD src/LUFA/LUFA/Drivers/USB/Core/AVR8/EndpointStream_AVR8.o
LOAD src/LUFA/LUFA/Drivers/USB/Core/AVR8/Endpoint_AVR8.o
LOAD src/LUFA/LUFA/Drivers/USB/Core/AVR8/Host_AVR8.o
LOAD src/LUFA/LUFA/Drivers/USB/Core/AVR8/PipeStream_AVR8.o
LOAD src/LUFA/LUFA/Drivers/USB/Core/AVR8/Pipe_AVR8.o
LOAD src/LUFA/LUFA/Drivers/USB/Core/AVR8/Template/Template_Endpoint_Control_R.o
LOAD src/LUFA/LUFA/Drivers/USB/Core/AVR8/Template/Template_Endpoint_Control_W.o
LOAD src/LUFA/LUFA/Drivers/USB/Core/AVR8/Template/Template_Endpoint_RW.o
LOAD src/LUFA/LUFA/Drivers/USB/Core/AVR8/Template/Template_Pipe_RW.o
LOAD src/LUFA/LUFA/Drivers/USB/Core/AVR8/USBController_AVR8.o
LOAD src/LUFA/LUFA/Drivers/USB/Core/AVR8/USBInterrupt_AVR8.o
LOAD src/LUFA/LUFA/Drivers/USB/Core/ConfigDescriptors.o
LOAD src/LUFA/LUFA/Drivers/USB/Core/DeviceStandardReq.o
LOAD src/LUFA/LUFA/Drivers/USB/Core/Events.o
LOAD src/LUFA/LUFA/Drivers/USB/Core/HostStandardReq.o
LOAD src/LUFA/LUFA/Drivers/USB/Core/USBTask.o
START GROUP
LOAD c:/program files (x86)/atmel/studio/7.0/toolchain/avr8/avr8-gnu-toolchain/bin/../lib/gcc/avr/5.4.0/../../../../avr/lib/avr5\libm.a
END GROUP
START GROUP
LOAD c:/program files (x86)/atmel/studio/7.0/toolchain/avr8/avr8-gnu-toolchain/bin/../lib/gcc/avr/5.4.0/avr5\libgcc.a
LOAD c:/program files (x86)/atmel/studio/7.0/toolchain/avr8/avr8-gnu-toolchain/bin/../lib/gcc/avr/5.4.0/../../../../avr/lib/avr5\libm.a
LOAD c:/program files (x86)/atmel/studio/7.0/toolchain/avr8/avr8-gnu-toolchain/bin/../lib/gcc/avr/5.4.0/../../../../avr/lib/avr5\libc.a
LOAD C:/Program Files (x86)/Atmel/Studio/7.0/Packs/atmel/ATmega_DFP/1.0.90/gcc/dev/atmega32u4/avr5\libatmega32u4.a
END GROUP
                0x00000000                __TEXT_REGION_ORIGIN__ = DEFINED (__TEXT_REGION_ORIGIN__)?__TEXT_REGION_ORIGIN__:0x0
                0x00800060                __DATA_REGION_ORIGIN__ = DEFINED (__DATA_REGION_ORIGIN__)?__DATA_REGION_ORIGIN__:0x800060
                0x00020000                __TEXT_REGION_LENGTH__ = DEFINED (__TEXT_REGION_LENGTH__)?__TEXT_REGION_LENGTH__:0x20000
                0x0000ffa0                __DATA_REGION_LENGTH__ = DEFINED (__DATA_REGION_LENGTH__)?__DATA_REGION_LENGTH__:0xffa0
                0x00010000                __EEPROM_REGION_LENGTH__ = DEFINED (__EEPROM_REGION_LENGTH__)?__EEPROM_REGION_LENGTH__:0x10000
                0x00000400                __FUSE_REGION_LENGTH__ = DEFINED (__FUSE_REGION_LENGTH__)?__FUSE_REGION_LENGTH__:0x400
                0x00000400                __LOCK_REGION_LENGTH__ = DEFINED (__LOCK_REGION_LENGTH__)?__LOCK_REGION_LENGTH__:0x400
                0x00000400                __SIGNATURE_REGION_LENGTH__ = DEFINED (__SIGNATURE_REGION_LENGTH__)?__SIGNATURE_REGION_LENGTH__:0x400
                0x00000400                __USER_SIGNATURE_REGION_LENGTH__ = DEFINED (__USER_SIGNATURE_REGION_LENGTH__)?__USER_SIGNATURE_REGION_LENGTH__:0x400

.hash
 *(.hash)

.dynsym
 *(.dynsym)

.dynstr
 *(.dynstr)

.gnu.version
 *(.gnu.version)

.gnu.version_d
 *(.gnu.version_d)

.gnu.version_r
 *(.gnu.version_r)

.rel.init
 *(.rel.init)

.rela.init
 *(.rela.init)

.rel.text
 *(.rel.text)
 *(.rel.text.*)
 *(.rel.gnu.linkonce.t*)

.rela.text
 *(.rela.text)
 *(.rela.text.*)
 *(.rela.gnu.linkonce.t*)

.rel.fini
 *(.rel.fini)

.rela.fini
 *(.rela.fini)

.rel.rodata
 *(.rel.rodata)
 *(.rel.rodata.*)
 *(.rel.gnu.linkonce.r*)

.rela.rodata
 *(.rela.rodata)
 *(.rela.rodata.*)
 *(.rela.gnu.linkonce.r*)

.rel.data
 *(.rel.data)
 *(.rel.data.*)
 *(.rel.gnu.linkonce.d*)

.rela.data
 *(.rela.data)
 *(.rela.data.*)
 *(.rela.gnu.linkonce.d*)

.rel.ctors
 *(.rel.ctors)

.rela.ctors
 *(.rela.ctors)

.rel.dtors
 *(.rel.dtors)

.rela.dtors
 *(.rela.dtors)

.rel.got
 *(.rel.got)

.rela.got
 *(.rela.got)

.rel.bss
 *(.rel.bss)

.rela.bss
 *(.rela.bss)

.rel.plt
 *(.rel.plt)

.rela.plt
 *(.rela.plt)

.text           0x00000000     0x780c
 *(.vectors)
 .vectors       0x00000000       0xac C:/Program Files (x86)/Atmel/Studio/7.0/Packs/atmel/ATmega_DFP/1.0.90/gcc/dev/atmega32u4/avr5/crtatmega32u4.o
                0x00000000                __vector_default
                0x00000000                __vectors
 *(.vectors)
 *(.progmem.gcc*)
                0x000000ac                . = ALIGN (0x2)
                0x000000ac                __trampolines_start = .
 *(.trampolines)
 .trampolines   0x000000ac        0x0 linker stubs
 *(.trampolines*)
                0x000000ac                __trampolines_end = .
 *libprintf_flt.a:*(.progmem.data)
 *libc.a:*(.progmem.data)
 *(.progmem*)
 .progmem.data.SET_BYPASS_MODE
                0x000000ac        0xf Bluetooth.o
                0x000000ac                SET_BYPASS_MODE
 .progmem.data.CONNECT_TO_PAIRED_DEVICE
                0x000000bb        0x6 Bluetooth.o
                0x000000bb                CONNECT_TO_PAIRED_DEVICE
 .progmem.data.CHECK_DISCOVERABLE
                0x000000c1        0x6 Bluetooth.o
                0x000000c1                CHECK_DISCOVERABLE
 .progmem.data.DISABLE_SLEEP
                0x000000c7        0x9 Bluetooth.o
                0x000000c7                DISABLE_SLEEP
 .progmem.data.CLEAR_PAIRED_LIST
                0x000000d0        0x6 Bluetooth.o
                0x000000d0                CLEAR_PAIRED_LIST
 .progmem.data.DISABLE_MASTERSHIP
                0x000000d6        0x9 Bluetooth.o
                0x000000d6                DISABLE_MASTERSHIP
 .progmem.data.SET_BT_COD
                0x000000df        0xd Bluetooth.o
                0x000000df                SET_BT_COD
 .progmem.data.ENABLE_PIN
                0x000000ec        0x9 Bluetooth.o
                0x000000ec                ENABLE_PIN
 .progmem.data.DISABLE_PIN
                0x000000f5        0x9 Bluetooth.o
                0x000000f5                DISABLE_PIN
 .progmem.data.ENABLE_MIM
                0x000000fe        0x9 Bluetooth.o
                0x000000fe                ENABLE_MIM
 .progmem.data.DISABLE_MIM
                0x00000107        0x9 Bluetooth.o
                0x00000107                DISABLE_MIM
 .progmem.data.SET_MODULE_FEATURES
                0x00000110       0x1a Bluetooth.o
                0x00000110                SET_MODULE_FEATURES
 .progmem.data.SET_BAUD_RATE
                0x0000012a        0x9 Bluetooth.o
                0x0000012a                SET_BAUD_RATE
 .progmem.data.SET_HID_PARAMS
                0x00000133        0xf Bluetooth.o
                0x00000133                SET_HID_PARAMS
 .progmem.data.SET_PROXY_MODE
                0x00000142        0xc Bluetooth.o
                0x00000142                SET_PROXY_MODE
 .progmem.data.ENABLE_UI
                0x0000014e        0x9 Bluetooth.o
                0x0000014e                ENABLE_UI
 .progmem.data.SET_FRIENDLY_NAME
                0x00000157       0x18 Bluetooth.o
                0x00000157                SET_FRIENDLY_NAME
 .progmem.data.Str_BT_Not_Found
                0x0000016f       0x21 Calibrate.o
                0x0000016f                Str_BT_Not_Found
 .progmem.data.Str_Header
                0x00000190       0x12 Calibrate.o
                0x00000190                Str_Header
 .progmem.data.Str_Reed
                0x000001a2        0x5 Calibrate.o
                0x000001a2                Str_Reed
 .progmem.data.Str_Shift_Plus
                0x000001a7        0x7 Calibrate.o
                0x000001a7                Str_Shift_Plus
 .progmem.data.Str_How_To_Exit
                0x000001ae       0x2e Calibrate.o
                0x000001ae                Str_How_To_Exit
 .progmem.data.Str_How_To_Scroll_Back
                0x000001dc       0x2a Calibrate.o
                0x000001dc                Str_How_To_Scroll_Back
 .progmem.data.Str_How_To_Scroll
                0x00000206       0x2e Calibrate.o
                0x00000206                Str_How_To_Scroll
 .progmem.data.Str_S_For_SD
                0x00000234       0x2d Calibrate.o
                0x00000234                Str_S_For_SD
 .progmem.data.Str_U_For_USB
                0x00000261       0x31 Calibrate.o
                0x00000261                Str_U_For_USB
 .progmem.data.Str_Manual_Calibration
                0x00000292       0x1c Calibrate.o
                0x00000292                Str_Manual_Calibration
 .progmem.data.Str_Settings_Saved
                0x000002ae       0x11 Calibrate.o
                0x000002ae                Str_Settings_Saved
 .progmem.data.Str_Spacebar_Blocks_Enter
                0x000002bf       0x2a Calibrate.o
                0x000002bf                Str_Spacebar_Blocks_Enter
 .progmem.data.Str_Set_Reed_Time
                0x000002e9       0x20 Calibrate.o
                0x000002e9                Str_Set_Reed_Time
 .progmem.data.Str_Set_Double_Time
                0x00000309       0x2e Calibrate.o
                0x00000309                Str_Set_Double_Time
 .progmem.data.Str_Set_Release_Time
                0x00000337       0x1e Calibrate.o
                0x00000337                Str_Set_Release_Time
 .progmem.data.Str_Set_Reaction_Time
                0x00000355       0x30 Calibrate.o
                0x00000355                Str_Set_Reaction_Time
 .progmem.data.Str_Press_CMD
                0x00000385       0x1e Calibrate.o
                0x00000385                Str_Press_CMD
 .progmem.data.Str_Adj_Sensitivity
                0x000003a3       0x1c Calibrate.o
                0x000003a3                Str_Adj_Sensitivity
 .progmem.data.Str_No_Hall
                0x000003bf       0x31 Calibrate.o
                0x000003bf                Str_No_Hall
 .progmem.data.Str_Calibrate_Hall
                0x000003f0       0x36 Calibrate.o
                0x000003f0                Str_Calibrate_Hall
 .progmem.data.Str_Backspace
                0x00000426        0xa Calibrate.o
                0x00000426                Str_Backspace
 .progmem.data.Str_Post
                0x00000430        0x6 Calibrate.o
                0x00000430                Str_Post
 .progmem.data.Str_Second_Enter
                0x00000436        0xd Calibrate.o
                0x00000436                Str_Second_Enter
 .progmem.data.Str_Esc
                0x00000443        0x5 Calibrate.o
                0x00000443                Str_Esc
 .progmem.data.Str_Tab
                0x00000448        0x5 Calibrate.o
                0x00000448                Str_Tab
 .progmem.data.Str_Enter
                0x0000044d        0x7 Calibrate.o
                0x0000044d                Str_Enter
 .progmem.data.Str_Spacebar
                0x00000454        0x9 Calibrate.o
                0x00000454                Str_Spacebar
 .progmem.data.Str_Quick_Calibrate
                0x0000045d       0x1b Calibrate.o
                0x0000045d                Str_Quick_Calibrate
 .progmem.data.Str_No_Dummy_Load
                0x00000478       0x18 Calibrate.o
                0x00000478                Str_No_Dummy_Load
 .progmem.data.Str_Dummy_Load
                0x00000490       0x16 Calibrate.o
                0x00000490                Str_Dummy_Load
 .progmem.data.Str_USB_Only
                0x000004a6       0x1b Calibrate.o
                0x000004a6                Str_USB_Only
 .progmem.data.Str_SD_Only
                0x000004c1       0x19 Calibrate.o
                0x000004c1                Str_SD_Only
 .progmem.data.Str_Shift_Error
                0x000004da       0x26 Calibrate.o
                0x000004da                Str_Shift_Error
 .progmem.data.Str_Type_The_Following
                0x00000500       0x32 Calibrate.o
                0x00000500                Str_Type_The_Following
 .progmem.data.Str_Calibrating
                0x00000532       0x10 Calibrate.o
                0x00000532                Str_Calibrating
 .progmem.data.Str_SD_Mode
                0x00000542       0x16 Calibrate.o
                0x00000542                Str_SD_Mode
 .progmem.data.Str_Combo_Mode
                0x00000558       0x1f Calibrate.o
                0x00000558                Str_Combo_Mode
 .progmem.data.Str_Light_Mode
                0x00000577       0x26 Calibrate.o
                0x00000577                Str_Light_Mode
 .progmem.data.Str_BT_Mode
                0x0000059d       0x19 Calibrate.o
                0x0000059d                Str_BT_Mode
 .progmem.data.Str_Typewriter_Mode
                0x000005b6       0x12 Calibrate.o
                0x000005b6                Str_Typewriter_Mode
 .progmem.data.Str_Firmware_Ver
                0x000005c8       0x16 Calibrate.o
                0x000005c8                Str_Firmware_Ver
 .progmem.data.Str_USB_Typewriter
                0x000005de       0x15 Calibrate.o
                0x000005de                Str_USB_Typewriter
 .progmem.data.str_down
                0x000005f3        0x5 Calibrate.o
                0x000005f3                str_down
 .progmem.data.str_up
                0x000005f8        0x3 Calibrate.o
                0x000005f8                str_up
 .progmem.data.str_right
                0x000005fb        0x6 Calibrate.o
                0x000005fb                str_right
 .progmem.data.str_left
                0x00000601        0x5 Calibrate.o
                0x00000601                str_left
 .progmem.data.hid_arrows
                0x00000606        0x4 Calibrate.o
                0x00000606                hid_arrows
 .progmem.data.ASCIINumSymbols
                0x0000060a        0xa Calibrate.o
                0x0000060a                ASCIINumSymbols
 .progmem.data.ASCIINumbers
                0x00000614        0xa Calibrate.o
                0x00000614                ASCIINumbers
 .progmem.data.HIDNumbers
                0x0000061e        0xa Calibrate.o
                0x0000061e                HIDNumbers
 .progmem.data.ProductString
                0x00000628       0x32 Descriptors.o
                0x00000628                ProductString
 .progmem.data.ManufacturerString
                0x0000065a       0x28 Descriptors.o
                0x0000065a                ManufacturerString
 .progmem.data.LanguageString
                0x00000682        0x4 Descriptors.o
                0x00000682                LanguageString
 .progmem.data.ConfigurationDescriptor
                0x00000686       0x39 Descriptors.o
                0x00000686                ConfigurationDescriptor
 .progmem.data.DeviceDescriptor
                0x000006bf       0x12 Descriptors.o
                0x000006bf                DeviceDescriptor
 .progmem.data.KeyboardReport
                0x000006d1       0x3f Descriptors.o
                0x000006d1                KeyboardReport
                0x00000710                . = ALIGN (0x2)
 *(.jumptables)
 *(.jumptables*)
 *(.lowtext)
 *(.lowtext*)
                0x00000710                __ctors_start = .
 *(.ctors)
                0x00000710                __ctors_end = .
                0x00000710                __dtors_start = .
 *(.dtors)
                0x00000710                __dtors_end = .
 SORT(*)(.ctors)
 SORT(*)(.dtors)
 *(.init0)
 .init0         0x00000710        0x0 C:/Program Files (x86)/Atmel/Studio/7.0/Packs/atmel/ATmega_DFP/1.0.90/gcc/dev/atmega32u4/avr5/crtatmega32u4.o
                0x00000710                __init
 *(.init0)
 *(.init1)
 *(.init1)
 *(.init2)
 .init2         0x00000710        0xc C:/Program Files (x86)/Atmel/Studio/7.0/Packs/atmel/ATmega_DFP/1.0.90/gcc/dev/atmega32u4/avr5/crtatmega32u4.o
 *(.init2)
 *(.init3)
 *(.init3)
 *(.init4)
 .init4         0x0000071c       0x16 c:/program files (x86)/atmel/studio/7.0/toolchain/avr8/avr8-gnu-toolchain/bin/../lib/gcc/avr/5.4.0/avr5\libgcc.a(_copy_data.o)
                0x0000071c                __do_copy_data
 .init4         0x00000732       0x10 c:/program files (x86)/atmel/studio/7.0/toolchain/avr8/avr8-gnu-toolchain/bin/../lib/gcc/avr/5.4.0/avr5\libgcc.a(_clear_bss.o)
                0x00000732                __do_clear_bss
 *(.init4)
 *(.init5)
 *(.init5)
 *(.init6)
 *(.init6)
 *(.init7)
 *(.init7)
 *(.init8)
 *(.init8)
 *(.init9)
 .init9         0x00000742        0x8 C:/Program Files (x86)/Atmel/Studio/7.0/Packs/atmel/ATmega_DFP/1.0.90/gcc/dev/atmega32u4/avr5/crtatmega32u4.o
 *(.init9)
 *(.text)
 .text          0x0000074a        0x2 C:/Program Files (x86)/Atmel/Studio/7.0/Packs/atmel/ATmega_DFP/1.0.90/gcc/dev/atmega32u4/avr5/crtatmega32u4.o
                0x0000074a                __vector_38
                0x0000074a                __vector_22
                0x0000074a                __vector_28
                0x0000074a                __vector_1
                0x0000074a                __vector_32
                0x0000074a                __vector_34
                0x0000074a                __vector_24
                0x0000074a                __vector_12
                0x0000074a                __bad_interrupt
                0x0000074a                __vector_6
                0x0000074a                __vector_31
                0x0000074a                __vector_35
                0x0000074a                __vector_39
                0x0000074a                __vector_3
                0x0000074a                __vector_23
                0x0000074a                __vector_30
                0x0000074a                __vector_11
                0x0000074a                __vector_13
                0x0000074a                __vector_19
                0x0000074a                __vector_7
                0x0000074a                __vector_27
                0x0000074a                __vector_5
                0x0000074a                __vector_33
                0x0000074a                __vector_37
                0x0000074a                __vector_4
                0x0000074a                __vector_9
                0x0000074a                __vector_2
                0x0000074a                __vector_21
                0x0000074a                __vector_15
                0x0000074a                __vector_36
                0x0000074a                __vector_29
                0x0000074a                __vector_40
                0x0000074a                __vector_8
                0x0000074a                __vector_14
                0x0000074a                __vector_16
                0x0000074a                __vector_18
                0x0000074a                __vector_20
                0x0000074a                __vector_42
                0x0000074c                . = ALIGN (0x2)
 *(.text.*)
 .text.Get_Response.part.0
                0x0000074c       0x82 Bluetooth.o
 .text.Bluetooth_Send
                0x000007ce       0xa0 Bluetooth.o
                0x000007ce                Bluetooth_Send
 .text.Bluetooth_Toggle_iOS_Keyboard
                0x0000086e       0x3e Bluetooth.o
                0x0000086e                Bluetooth_Toggle_iOS_Keyboard
 .text.Bluetooth_Reset
                0x000008ac       0x2a Bluetooth.o
                0x000008ac                Bluetooth_Reset
 .text.Get_Response
                0x000008d6        0x8 Bluetooth.o
                0x000008d6                Get_Response
 .text.Bluetooth_Send_CMD
                0x000008de       0x4e Bluetooth.o
                0x000008de                Bluetooth_Send_CMD
 .text.Bluetooth_Send_PROGMEM_CMD
                0x0000092c       0x18 Bluetooth.o
                0x0000092c                Bluetooth_Send_PROGMEM_CMD
 .text.Bluetooth_Enter_Proxy_Mode
                0x00000944       0x2e Bluetooth.o
                0x00000944                Bluetooth_Enter_Proxy_Mode
 .text.Bluetooth_Exit_Proxy_Mode
                0x00000972        0x8 Bluetooth.o
                0x00000972                Bluetooth_Exit_Proxy_Mode
 .text.Bluetooth_Init
                0x0000097a       0xca Bluetooth.o
                0x0000097a                Bluetooth_Init
 .text.Bluetooth_Test
                0x00000a44       0x18 Bluetooth.o
                0x00000a44                Bluetooth_Test
 .text.Bluetooth_Configure
                0x00000a5c       0xbc Bluetooth.o
                0x00000a5c                Bluetooth_Configure
 .text.BluetoothInquire
                0x00000b18        0x8 Bluetooth.o
                0x00000b18                BluetoothInquire
 .text.Bluetooth_Connect
                0x00000b20       0x8e Bluetooth.o
                0x00000b20                Bluetooth_Connect
 .text.Get_Bluetooth_State
                0x00000bae        0x6 Bluetooth.o
                0x00000bae                Get_Bluetooth_State
 .text.ToggleDummyLoad
                0x00000bb4       0x2c Calibrate.o
                0x00000bb4                ToggleDummyLoad
 .text.SaveCalibration
                0x00000be0       0x94 Calibrate.o
                0x00000be0                SaveCalibration
 .text.DetectHallSensor
                0x00000c74       0xba Calibrate.o
                0x00000c74                DetectHallSensor
 .text.WaitForKeypress
                0x00000d2e       0x1e Calibrate.o
                0x00000d2e                WaitForKeypress
 .text.TeachHIDKey
                0x00000d4c       0x6a Calibrate.o
                0x00000d4c                TeachHIDKey
 .text.CalibrateReeds
                0x00000db6      0x158 Calibrate.o
                0x00000db6                CalibrateReeds
 .text.QuickCalibrate
                0x00000f0e       0xd2 Calibrate.o
                0x00000f0e                QuickCalibrate
 .text.TeachASCIIKey
                0x00000fe0       0x1a Calibrate.o
                0x00000fe0                TeachASCIIKey
 .text.Calibrate
                0x00000ffa      0x54e Calibrate.o
                0x00000ffa                Calibrate
 .text.Adjust_Sensitivity
                0x00001548      0x200 Calibrate.o
                0x00001548                Adjust_Sensitivity
 .text.Get_User_Response
                0x00001748       0x16 Calibrate.o
                0x00001748                Get_User_Response
 .text.Calibrate_Manually
                0x0000175e      0x2de Calibrate.o
                0x0000175e                Calibrate_Manually
 .text.Config_Interrupts
                0x00001a3c       0x28 Config_Interrupts.o
                0x00001a3c                Config_Interrupts
 .text.Config_IO
                0x00001a64       0x60 Config_IO.o
                0x00001a64                Config_IO
 .text.GlowGreenLED
                0x00001ac4       0x8a Config_IO.o
                0x00001ac4                GlowGreenLED
 .text.__vector_41
                0x00001b4e       0x5e Config_IO.o
                0x00001b4e                __vector_41
 .text.CALLBACK_USB_GetDescriptor
                0x00001bac       0x82 Descriptors.o
                0x00001bac                CALLBACK_USB_GetDescriptor
 .text.OpenLogFile
                0x00001c2e       0x4e KeyLogging.o
                0x00001c2e                OpenLogFile
 .text.CloseLogFile
                0x00001c7c       0x10 KeyLogging.o
                0x00001c7c                CloseLogFile
 .text.MountFilesystem
                0x00001c8c       0x1a KeyLogging.o
                0x00001c8c                MountFilesystem
 .text.get_num_of_sectors
                0x00001ca6       0x60 KeyLogging.o
                0x00001ca6                get_num_of_sectors
 .text.WriteToLogFile
                0x00001d06       0x70 KeyLogging.o
                0x00001d06                WriteToLogFile
 .text.TestSDHardware
                0x00001d76       0x40 KeyLogging.o
                0x00001d76                TestSDHardware
 .text.AddToSDBuffer
                0x00001db6       0xa0 KeyLogging.o
                0x00001db6                AddToSDBuffer
 .text.LogKeystrokes
                0x00001e56      0x18c KeyLogging.o
                0x00001e56                LogKeystrokes
 .text.dly_us   0x00001fe2        0xa Lib/FatFS/diskio.o
 .text.xmit_mmc
                0x00001fec       0x80 Lib/FatFS/diskio.o
 .text.rcvr_mmc
                0x0000206c       0x64 Lib/FatFS/diskio.o
 .text.wait_ready
                0x000020d0       0x46 Lib/FatFS/diskio.o
 .text.deselect
                0x00002116       0x1e Lib/FatFS/diskio.o
 .text.select   0x00002134       0x38 Lib/FatFS/diskio.o
 .text.rcvr_datablock
                0x0000216c       0x72 Lib/FatFS/diskio.o
 .text.send_cmd
                0x000021de       0xca Lib/FatFS/diskio.o
 .text.xmit_datablock
                0x000022a8       0x6e Lib/FatFS/diskio.o
 .text.disk_status
                0x00002316        0xe Lib/FatFS/diskio.o
                0x00002316                disk_status
 .text.disk_initialize
                0x00002324      0x138 Lib/FatFS/diskio.o
                0x00002324                disk_initialize
 .text.disk_read
                0x0000245c       0x88 Lib/FatFS/diskio.o
                0x0000245c                disk_read
 .text.disk_write
                0x000024e4       0xc0 Lib/FatFS/diskio.o
                0x000024e4                disk_write
 .text.disk_ioctl
                0x000025a4      0x136 Lib/FatFS/diskio.o
                0x000025a4                disk_ioctl
 .text.mem_cpy  0x000026da       0x3e Lib/FatFS/ff.o
 .text.get_fileinfo
                0x00002718       0x9a Lib/FatFS/ff.o
 .text.get_ldnumber
                0x000027b2       0x40 Lib/FatFS/ff.o
 .text.validate
                0x000027f2       0x3c Lib/FatFS/ff.o
 .text.sync_window.part.2
                0x0000282e       0xb6 Lib/FatFS/ff.o
 .text.sync_window
                0x000028e4        0xc Lib/FatFS/ff.o
 .text.move_window
                0x000028f0       0x78 Lib/FatFS/ff.o
 .text.check_fs
                0x00002968       0x72 Lib/FatFS/ff.o
 .text.find_volume
                0x000029da      0x51c Lib/FatFS/ff.o
 .text.sync_fs  0x00002ef6       0xd2 Lib/FatFS/ff.o
 .text.clust2sect
                0x00002fc8       0x50 Lib/FatFS/ff.o
                0x00002fc8                clust2sect
 .text.get_fat  0x00003018      0x192 Lib/FatFS/ff.o
                0x00003018                get_fat
 .text.dir_sdi  0x000031aa      0x15e Lib/FatFS/ff.o
 .text.put_fat  0x00003308      0x1f2 Lib/FatFS/ff.o
                0x00003308                put_fat
 .text.create_chain
                0x000034fa      0x1b8 Lib/FatFS/ff.o
 .text.dir_next
                0x000036b2      0x1fe Lib/FatFS/ff.o
 .text.follow_path
                0x000038b0      0x244 Lib/FatFS/ff.o
 .text.dir_register
                0x00003af4       0x96 Lib/FatFS/ff.o
 .text.remove_chain
                0x00003b8a       0xdc Lib/FatFS/ff.o
 .text.f_mount  0x00003c66       0x8c Lib/FatFS/ff.o
                0x00003c66                f_mount
 .text.f_open   0x00003cf2      0x256 Lib/FatFS/ff.o
                0x00003cf2                f_open
 .text.f_write  0x00003f48      0x320 Lib/FatFS/ff.o
                0x00003f48                f_write
 .text.f_sync   0x00004268       0x86 Lib/FatFS/ff.o
                0x00004268                f_sync
 .text.f_close  0x000042ee       0x20 Lib/FatFS/ff.o
                0x000042ee                f_close
 .text.f_lseek  0x0000430e      0x34c Lib/FatFS/ff.o
                0x0000430e                f_lseek
 .text.f_stat   0x0000465a       0x82 Lib/FatFS/ff.o
                0x0000465a                f_stat
 .text.SCSI_Command_ReadWrite_10
                0x000046dc       0xa2 Lib/SCSI.o
 .text.SCSI_DecodeSCSICommand
                0x0000477e      0x2a4 Lib/SCSI.o
                0x0000477e                SCSI_DecodeSCSICommand
 .text.SDCardManager_Init
                0x00004a22       0x18 Lib/SDCardManager.o
                0x00004a22                SDCardManager_Init
 .text.SDCardManager_WriteBlockHandler
                0x00004a3a       0xa0 Lib/SDCardManager.o
                0x00004a3a                SDCardManager_WriteBlockHandler
 .text.SDCardManager_WriteBlocks
                0x00004ada       0xa8 Lib/SDCardManager.o
                0x00004ada                SDCardManager_WriteBlocks
 .text.SDCardManager_ReadBlockHandler
                0x00004b82       0xa4 Lib/SDCardManager.o
                0x00004b82                SDCardManager_ReadBlockHandler
 .text.SDCardManager_ReadBlocks
                0x00004c26       0xb2 Lib/SDCardManager.o
                0x00004c26                SDCardManager_ReadBlocks
 .text.SDCardManager_CheckSDCardOperation
                0x00004cd8        0x6 Lib/SDCardManager.o
                0x00004cd8                SDCardManager_CheckSDCardOperation
 .text.__vector_25
                0x00004cde       0x5c uart.o
                0x00004cde                __vector_25
 .text.__vector_26
                0x00004d3a       0x54 uart.o
                0x00004d3a                __vector_26
 .text.uart_init
                0x00004d8e       0x32 uart.o
                0x00004d8e                uart_init
 .text.uart_getc
                0x00004dc0       0x32 uart.o
                0x00004dc0                uart_getc
 .text.uart_clear_rx_buffer
                0x00004df2        0xa uart.o
                0x00004df2                uart_clear_rx_buffer
 .text.uart_putc
                0x00004dfc       0x2a uart.o
                0x00004dfc                uart_putc
 .text.__vector_17
                0x00004e26       0x94 Keyboard.o
                0x00004e26                __vector_17
 .text.Task_Manager
                0x00004eba       0x3e Keyboard.o
                0x00004eba                Task_Manager
 .text.SetupHardware
                0x00004ef8       0xbc Keyboard.o
                0x00004ef8                SetupHardware
 .text.EVENT_USB_Device_Connect
                0x00004fb4        0x2 Keyboard.o
                0x00004fb4                EVENT_USB_Device_Connect
 .text.EVENT_USB_Device_Disconnect
                0x00004fb6        0xe Keyboard.o
                0x00004fb6                EVENT_USB_Device_Disconnect
 .text.EVENT_USB_Device_Suspend
                0x00004fc4        0x2 Keyboard.o
                0x00004fc4                EVENT_USB_Device_Suspend
 .text.EVENT_USB_Device_WakeUp
                0x00004fc6        0x2 Keyboard.o
                0x00004fc6                EVENT_USB_Device_WakeUp
 .text.EVENT_USB_Device_ConfigurationChanged
                0x00004fc8       0x1a Keyboard.o
                0x00004fc8                EVENT_USB_Device_ConfigurationChanged
 .text.EVENT_USB_Device_ControlRequest
                0x00004fe2        0xe Keyboard.o
                0x00004fe2                EVENT_USB_Device_ControlRequest
 .text.EVENT_USB_Device_StartOfFrame
                0x00004ff0       0x18 Keyboard.o
                0x00004ff0                EVENT_USB_Device_StartOfFrame
 .text.CALLBACK_MS_Device_SCSICommandReceived
                0x00005008        0x2 Keyboard.o
                0x00005008                CALLBACK_MS_Device_SCSICommandReceived
 .text.CALLBACK_HID_Device_CreateHIDReport
                0x0000500a       0x4e Keyboard.o
                0x0000500a                CALLBACK_HID_Device_CreateHIDReport
 .text.CALLBACK_HID_Device_ProcessHIDReport
                0x00005058       0x44 Keyboard.o
                0x00005058                CALLBACK_HID_Device_ProcessHIDReport
 .text.Init_Mode
                0x0000509c       0xf8 Keyboard.o
                0x0000509c                Init_Mode
 .text.startup.main
                0x00005194      0x204 Keyboard.o
                0x00005194                main
 .text.USBSend  0x00005398       0x88 Send.o
                0x00005398                USBSend
 .text.USBSendString
                0x00005420       0xfa Send.o
                0x00005420                USBSendString
 .text.USBSendPROGString
                0x0000551a       0x10 Send.o
                0x0000551a                USBSendPROGString
 .text.USBSendNumber
                0x0000552a       0x8c Send.o
                0x0000552a                USBSendNumber
 .text.USBSendASCII
                0x000055b6       0xc8 Send.o
                0x000055b6                USBSendASCII
 .text.GetModifier
                0x0000567e       0x60 Sense_Keys.o
                0x0000567e                GetModifier
 .text.ReadSensor
                0x000056de      0x164 Sense_Keys.o
                0x000056de                ReadSensor
 .text.GetKeySimple
                0x00005842       0x50 Sense_Keys.o
                0x00005842                GetKeySimple
 .text.GetKey   0x00005892      0x28a Sense_Keys.o
                0x00005892                GetKey
 .text.GetHIDKeyCode
                0x00005b1c       0x3c Sense_Keys.o
                0x00005b1c                GetHIDKeyCode
 .text.GetASCIIKeyCode
                0x00005b58       0x26 Sense_Keys.o
                0x00005b58                GetASCIIKeyCode
 .text.getHallState
                0x00005b7e       0x12 Sense_Keys.o
                0x00005b7e                getHallState
 .text.LoadKeyCodeTables
                0x00005b90       0x50 Sense_Keys.o
                0x00005b90                LoadKeyCodeTables
 .text.LoadEepromParameters
                0x00005be0       0x6e Sense_Keys.o
                0x00005be0                LoadEepromParameters
 .text.ClearKeyCodeTables
                0x00005c4e       0x4c Sense_Keys.o
                0x00005c4e                ClearKeyCodeTables
 .text.RestoreFactoryDefaults
                0x00005c9a       0x54 Sense_Keys.o
                0x00005c9a                RestoreFactoryDefaults
 .text.InitializeEeprom
                0x00005cee       0x52 Sense_Keys.o
                0x00005cee                InitializeEeprom
 .text.HID_Device_ProcessControlRequest
                0x00005d40      0x26a src/LUFA/LUFA/Drivers/USB/Class/Device/HIDClassDevice.o
                0x00005d40                HID_Device_ProcessControlRequest
 .text.HID_Device_ConfigureEndpoints
                0x00005faa       0x26 src/LUFA/LUFA/Drivers/USB/Class/Device/HIDClassDevice.o
                0x00005faa                HID_Device_ConfigureEndpoints
 .text.HID_Device_USBTask
                0x00005fd0      0x17a src/LUFA/LUFA/Drivers/USB/Class/Device/HIDClassDevice.o
                0x00005fd0                HID_Device_USBTask
 .text.MS_Device_ProcessControlRequest
                0x0000614a       0x82 src/LUFA/LUFA/Drivers/USB/Class/Device/MassStorageClassDevice.o
                0x0000614a                MS_Device_ProcessControlRequest
 .text.MS_Device_ConfigureEndpoints
                0x000061cc       0x3a src/LUFA/LUFA/Drivers/USB/Class/Device/MassStorageClassDevice.o
                0x000061cc                MS_Device_ConfigureEndpoints
 .text.MS_Device_USBTask
                0x00006206      0x234 src/LUFA/LUFA/Drivers/USB/Class/Device/MassStorageClassDevice.o
                0x00006206                MS_Device_USBTask
 .text.Endpoint_Null_Stream
                0x0000643a       0x7e src/LUFA/LUFA/Drivers/USB/Core/AVR8/EndpointStream_AVR8.o
                0x0000643a                Endpoint_Null_Stream
 .text.Endpoint_Write_Stream_LE
                0x000064b8       0x94 src/LUFA/LUFA/Drivers/USB/Core/AVR8/EndpointStream_AVR8.o
                0x000064b8                Endpoint_Write_Stream_LE
 .text.Endpoint_Write_Stream_BE
                0x0000654c       0x9e src/LUFA/LUFA/Drivers/USB/Core/AVR8/EndpointStream_AVR8.o
                0x0000654c                Endpoint_Write_Stream_BE
 .text.Endpoint_Read_Stream_LE
                0x000065ea       0x94 src/LUFA/LUFA/Drivers/USB/Core/AVR8/EndpointStream_AVR8.o
                0x000065ea                Endpoint_Read_Stream_LE
 .text.Endpoint_Write_Control_Stream_LE
                0x0000667e       0xbc src/LUFA/LUFA/Drivers/USB/Core/AVR8/EndpointStream_AVR8.o
                0x0000667e                Endpoint_Write_Control_Stream_LE
 .text.Endpoint_Read_Control_Stream_LE
                0x0000673a       0x80 src/LUFA/LUFA/Drivers/USB/Core/AVR8/EndpointStream_AVR8.o
                0x0000673a                Endpoint_Read_Control_Stream_LE
 .text.Endpoint_Write_Control_PStream_LE
                0x000067ba       0xc2 src/LUFA/LUFA/Drivers/USB/Core/AVR8/EndpointStream_AVR8.o
                0x000067ba                Endpoint_Write_Control_PStream_LE
 .text.Endpoint_ConfigureEndpoint_Prv
                0x0000687c       0x6a src/LUFA/LUFA/Drivers/USB/Core/AVR8/Endpoint_AVR8.o
                0x0000687c                Endpoint_ConfigureEndpoint_Prv
 .text.Endpoint_ConfigureEndpointTable
                0x000068e6       0x7a src/LUFA/LUFA/Drivers/USB/Core/AVR8/Endpoint_AVR8.o
                0x000068e6                Endpoint_ConfigureEndpointTable
 .text.Endpoint_ClearStatusStage
                0x00006960       0x3e src/LUFA/LUFA/Drivers/USB/Core/AVR8/Endpoint_AVR8.o
                0x00006960                Endpoint_ClearStatusStage
 .text.Endpoint_WaitUntilReady
                0x0000699e       0x66 src/LUFA/LUFA/Drivers/USB/Core/AVR8/Endpoint_AVR8.o
                0x0000699e                Endpoint_WaitUntilReady
 .text.USB_Disable
                0x00006a04       0x30 src/LUFA/LUFA/Drivers/USB/Core/AVR8/USBController_AVR8.o
                0x00006a04                USB_Disable
 .text.USB_ResetInterface
                0x00006a34       0x80 src/LUFA/LUFA/Drivers/USB/Core/AVR8/USBController_AVR8.o
                0x00006a34                USB_ResetInterface
 .text.USB_Init
                0x00006ab4       0x20 src/LUFA/LUFA/Drivers/USB/Core/AVR8/USBController_AVR8.o
                0x00006ab4                USB_Init
 .text.USB_INT_DisableAllInterrupts
                0x00006ad4       0x10 src/LUFA/LUFA/Drivers/USB/Core/AVR8/USBInterrupt_AVR8.o
                0x00006ad4                USB_INT_DisableAllInterrupts
 .text.USB_INT_ClearAllInterrupts
                0x00006ae4        0xa src/LUFA/LUFA/Drivers/USB/Core/AVR8/USBInterrupt_AVR8.o
                0x00006ae4                USB_INT_ClearAllInterrupts
 .text.__vector_10
                0x00006aee      0x190 src/LUFA/LUFA/Drivers/USB/Core/AVR8/USBInterrupt_AVR8.o
                0x00006aee                __vector_10
 .text.USB_Device_ProcessControlRequest
                0x00006c7e      0x2b4 src/LUFA/LUFA/Drivers/USB/Core/DeviceStandardReq.o
                0x00006c7e                USB_Device_ProcessControlRequest
 .text.USB_Event_Stub
                0x00006f32        0x2 src/LUFA/LUFA/Drivers/USB/Core/Events.o
                0x00006f32                EVENT_USB_Device_Reset
                0x00006f32                USB_Event_Stub
 .text.USB_USBTask
                0x00006f34       0x34 src/LUFA/LUFA/Drivers/USB/Core/USBTask.o
                0x00006f34                USB_USBTask
 .text.libgcc.div
                0x00006f68       0x18 c:/program files (x86)/atmel/studio/7.0/toolchain/avr8/avr8-gnu-toolchain/bin/../lib/gcc/avr/5.4.0/avr5\libgcc.a(_udivmodqi4.o)
                0x00006f68                __udivmodqi4
 .text.libgcc.div
                0x00006f80       0x26 c:/program files (x86)/atmel/studio/7.0/toolchain/avr8/avr8-gnu-toolchain/bin/../lib/gcc/avr/5.4.0/avr5\libgcc.a(_divmodhi4.o)
                0x00006f80                _div
                0x00006f80                __divmodhi4
 .text.libgcc.div
                0x00006fa6       0x44 c:/program files (x86)/atmel/studio/7.0/toolchain/avr8/avr8-gnu-toolchain/bin/../lib/gcc/avr/5.4.0/avr5\libgcc.a(_udivmodsi4.o)
                0x00006fa6                __udivmodsi4
 .text.libgcc.mul
                0x00006fea       0x14 c:/program files (x86)/atmel/studio/7.0/toolchain/avr8/avr8-gnu-toolchain/bin/../lib/gcc/avr/5.4.0/avr5\libgcc.a(_muluhisi3.o)
                0x00006fea                __muluhisi3
 .text.libgcc.builtins
                0x00006ffe       0x10 c:/program files (x86)/atmel/studio/7.0/toolchain/avr8/avr8-gnu-toolchain/bin/../lib/gcc/avr/5.4.0/avr5\libgcc.a(_clzdi2.o)
                0x00006ffe                __clzdi2
 .text.libgcc.builtins
                0x0000700e       0x32 c:/program files (x86)/atmel/studio/7.0/toolchain/avr8/avr8-gnu-toolchain/bin/../lib/gcc/avr/5.4.0/avr5\libgcc.a(_ashldi3.o)
                0x0000700e                __ashldi3
 .text.libgcc.builtins
                0x00007040       0x3c c:/program files (x86)/atmel/studio/7.0/toolchain/avr8/avr8-gnu-toolchain/bin/../lib/gcc/avr/5.4.0/avr5\libgcc.a(_ashrdi3.o)
                0x00007040                __ashrdi3
                0x00007044                __lshrdi3
 .text.libgcc   0x0000707c       0x18 c:/program files (x86)/atmel/studio/7.0/toolchain/avr8/avr8-gnu-toolchain/bin/../lib/gcc/avr/5.4.0/avr5\libgcc.a(_cmpdi2_s8.o)
                0x0000707c                __cmpdi2_s8
 .text.libgcc.div
                0x00007094       0x28 c:/program files (x86)/atmel/studio/7.0/toolchain/avr8/avr8-gnu-toolchain/bin/../lib/gcc/avr/5.4.0/avr5\libgcc.a(_udivmodhi4.o)
                0x00007094                __udivmodhi4
 .text.libgcc.builtins
                0x000070bc        0xe c:/program files (x86)/atmel/studio/7.0/toolchain/avr8/avr8-gnu-toolchain/bin/../lib/gcc/avr/5.4.0/avr5\libgcc.a(_clzsi2.o)
                0x000070bc                __clzsi2
 .text.libgcc.builtins
                0x000070ca       0x24 c:/program files (x86)/atmel/studio/7.0/toolchain/avr8/avr8-gnu-toolchain/bin/../lib/gcc/avr/5.4.0/avr5\libgcc.a(_clzhi2.o)
                0x000070ca                __clzhi2
 .text.libgcc.mul
                0x000070ee       0x1e c:/program files (x86)/atmel/studio/7.0/toolchain/avr8/avr8-gnu-toolchain/bin/../lib/gcc/avr/5.4.0/avr5\libgcc.a(_umulhisi3.o)
                0x000070ee                __umulhisi3
 .text.avr-libc
                0x0000710c       0x10 c:/program files (x86)/atmel/studio/7.0/toolchain/avr8/avr8-gnu-toolchain/bin/../lib/gcc/avr/5.4.0/../../../../avr/lib/avr5\libc.a(toupper.o)
                0x0000710c                toupper
 .text.avr-libc
                0x0000711c        0xe c:/program files (x86)/atmel/studio/7.0/toolchain/avr8/avr8-gnu-toolchain/bin/../lib/gcc/avr/5.4.0/../../../../avr/lib/avr5\libc.a(strcpy_P.o)
                0x0000711c                strcpy_P
 .text.avr-libc
                0x0000712a        0x6 c:/program files (x86)/atmel/studio/7.0/toolchain/avr8/avr8-gnu-toolchain/bin/../lib/gcc/avr/5.4.0/../../../../avr/lib/avr5\libc.a(strtok.o)
                0x0000712a                strtok
 .text.avr-libc
                0x00007130       0x1a c:/program files (x86)/atmel/studio/7.0/toolchain/avr8/avr8-gnu-toolchain/bin/../lib/gcc/avr/5.4.0/../../../../avr/lib/avr5\libc.a(memcmp.o)
                0x00007130                memcmp
 .text.avr-libc
                0x0000714a       0x12 c:/program files (x86)/atmel/studio/7.0/toolchain/avr8/avr8-gnu-toolchain/bin/../lib/gcc/avr/5.4.0/../../../../avr/lib/avr5\libc.a(memcpy.o)
                0x0000714a                memcpy
 .text.avr-libc
                0x0000715c        0xe c:/program files (x86)/atmel/studio/7.0/toolchain/avr8/avr8-gnu-toolchain/bin/../lib/gcc/avr/5.4.0/../../../../avr/lib/avr5\libc.a(memset.o)
                0x0000715c                memset
 .text.avr-libc
                0x0000716a        0xe c:/program files (x86)/atmel/studio/7.0/toolchain/avr8/avr8-gnu-toolchain/bin/../lib/gcc/avr/5.4.0/../../../../avr/lib/avr5\libc.a(strcpy.o)
                0x0000716a                strcpy
 .text.avr-libc
                0x00007178       0x4e c:/program files (x86)/atmel/studio/7.0/toolchain/avr8/avr8-gnu-toolchain/bin/../lib/gcc/avr/5.4.0/../../../../avr/lib/avr5\libc.a(strtok_r.o)
                0x00007178                strtok_r
 .text.avr-libc
                0x000071c6       0x3e c:/program files (x86)/atmel/studio/7.0/toolchain/avr8/avr8-gnu-toolchain/bin/../lib/gcc/avr/5.4.0/../../../../avr/lib/avr5\libc.a(sprintf.o)
                0x000071c6                sprintf
 .text.avr-libc
                0x00007204      0x3a4 c:/program files (x86)/atmel/studio/7.0/toolchain/avr8/avr8-gnu-toolchain/bin/../lib/gcc/avr/5.4.0/../../../../avr/lib/avr5\libc.a(vfprintf_std.o)
                0x00007204                vfprintf
 .text.avr-libc
                0x000075a8       0x16 c:/program files (x86)/atmel/studio/7.0/toolchain/avr8/avr8-gnu-toolchain/bin/../lib/gcc/avr/5.4.0/../../../../avr/lib/avr5\libc.a(strnlen_P.o)
                0x000075a8                strnlen_P
 .text.avr-libc
                0x000075be       0x16 c:/program files (x86)/atmel/studio/7.0/toolchain/avr8/avr8-gnu-toolchain/bin/../lib/gcc/avr/5.4.0/../../../../avr/lib/avr5\libc.a(strnlen.o)
                0x000075be                strnlen
 .text.avr-libc
                0x000075d4       0x78 c:/program files (x86)/atmel/studio/7.0/toolchain/avr8/avr8-gnu-toolchain/bin/../lib/gcc/avr/5.4.0/../../../../avr/lib/avr5\libc.a(fputc.o)
                0x000075d4                fputc
 .text.avr-libc
                0x0000764c       0xbc c:/program files (x86)/atmel/studio/7.0/toolchain/avr8/avr8-gnu-toolchain/bin/../lib/gcc/avr/5.4.0/../../../../avr/lib/avr5\libc.a(ultoa_invert.o)
                0x0000764c                __ultoa_invert
 .text.avr-libc
                0x00007708       0x20 C:/Program Files (x86)/Atmel/Studio/7.0/Packs/atmel/ATmega_DFP/1.0.90/gcc/dev/atmega32u4/avr5\libatmega32u4.a(eerd_block.o)
                0x00007708                eeprom_read_block
                0x0000770c                eeprom_read_blraw
 .text.avr-libc
                0x00007728       0x10 C:/Program Files (x86)/Atmel/Studio/7.0/Packs/atmel/ATmega_DFP/1.0.90/gcc/dev/atmega32u4/avr5\libatmega32u4.a(eerd_byte.o)
                0x00007728                eeprom_read_byte
 .text.avr-libc
                0x00007738        0xa C:/Program Files (x86)/Atmel/Studio/7.0/Packs/atmel/ATmega_DFP/1.0.90/gcc/dev/atmega32u4/avr5\libatmega32u4.a(eerd_word.o)
                0x00007738                eeprom_read_word
 .text.avr-libc
                0x00007742       0x24 C:/Program Files (x86)/Atmel/Studio/7.0/Packs/atmel/ATmega_DFP/1.0.90/gcc/dev/atmega32u4/avr5\libatmega32u4.a(eeupd_byte.o)
                0x00007742                eeprom_update_byte
                0x00007744                eeprom_update_r18
 .text.avr-libc
                0x00007766       0x12 C:/Program Files (x86)/Atmel/Studio/7.0/Packs/atmel/ATmega_DFP/1.0.90/gcc/dev/atmega32u4/avr5\libatmega32u4.a(eewr_block.o)
                0x00007766                eeprom_write_block
 .text.avr-libc
                0x00007778       0x1c C:/Program Files (x86)/Atmel/Studio/7.0/Packs/atmel/ATmega_DFP/1.0.90/gcc/dev/atmega32u4/avr5\libatmega32u4.a(eewr_byte.o)
                0x00007778                eeprom_write_byte
                0x0000777a                eeprom_write_r18
 .text.avr-libc
                0x00007794        0x6 C:/Program Files (x86)/Atmel/Studio/7.0/Packs/atmel/ATmega_DFP/1.0.90/gcc/dev/atmega32u4/avr5\libatmega32u4.a(eewr_word.o)
                0x00007794                eeprom_write_word
 .text.libgcc.prologue
                0x0000779a       0x38 c:/program files (x86)/atmel/studio/7.0/toolchain/avr8/avr8-gnu-toolchain/bin/../lib/gcc/avr/5.4.0/avr5\libgcc.a(_prologue.o)
                0x0000779a                __prologue_saves__
 .text.libgcc.prologue
                0x000077d2       0x36 c:/program files (x86)/atmel/studio/7.0/toolchain/avr8/avr8-gnu-toolchain/bin/../lib/gcc/avr/5.4.0/avr5\libgcc.a(_epilogue.o)
                0x000077d2                __epilogue_restores__
                0x00007808                . = ALIGN (0x2)
 *(.fini9)
 .fini9         0x00007808        0x0 c:/program files (x86)/atmel/studio/7.0/toolchain/avr8/avr8-gnu-toolchain/bin/../lib/gcc/avr/5.4.0/avr5\libgcc.a(_exit.o)
                0x00007808                _exit
                0x00007808                exit
 *(.fini9)
 *(.fini8)
 *(.fini8)
 *(.fini7)
 *(.fini7)
 *(.fini6)
 *(.fini6)
 *(.fini5)
 *(.fini5)
 *(.fini4)
 *(.fini4)
 *(.fini3)
 *(.fini3)
 *(.fini2)
 *(.fini2)
 *(.fini1)
 *(.fini1)
 *(.fini0)
 .fini0         0x00007808        0x4 c:/program files (x86)/atmel/studio/7.0/toolchain/avr8/avr8-gnu-toolchain/bin/../lib/gcc/avr/5.4.0/avr5\libgcc.a(_exit.o)
 *(.fini0)
                0x0000780c                _etext = .

.data           0x00800100      0x1e0 load address 0x0000780c
                0x00800100                PROVIDE (__data_start, .)
 *(.data)
 *(.data*)
 .data.FileName
                0x00800100        0xd KeyLogging.o
                0x00800100                FileName
 .data.Stat     0x0080010d        0x1 Lib/FatFS/diskio.o
 .data.SenseData
                0x0080010e       0x12 Lib/SCSI.o
 .data.Keyboard_HID_Interface
                0x00800120       0x10 Keyboard.o
                0x00800120                Keyboard_HID_Interface
 .data.Disk_MS_Interface
                0x00800130       0x39 Keyboard.o
                0x00800130                Disk_MS_Interface
 .data.EnablePinCode
                0x00800169        0x1 Keyboard.o
                0x00800169                EnablePinCode
 *(.gnu.linkonce.d*)
 *(.rodata)
 *(.rodata*)
 .rodata.str1.1
                0x0080016a        0x4 Bluetooth.o
 .rodata.str1.1
                0x0080016e       0x90 Calibrate.o
 .rodata.arrow_table
                0x008001fe        0x8 Calibrate.o
                0x008001fe                arrow_table
 .rodata.str1.1
                0x00800206       0x22 KeyLogging.o
                                 0x23 (size before relaxing)
 .rodata.str1.1
                0x00800228        0xf Lib/FatFS/ff.o
 .rodata.ExCvt  0x00800237       0x80 Lib/FatFS/ff.o
 .rodata.InquiryData
                0x008002b7       0x24 Lib/SCSI.o
 .rodata.REED_BITS
                0x008002db        0x4 Sense_Keys.o
                0x008002db                REED_BITS
 *(.gnu.linkonce.r*)
                0x008002e0                . = ALIGN (0x2)
 *fill*         0x008002df        0x1 
                0x008002e0                _edata = .
                0x008002e0                PROVIDE (__data_end, .)

.bss            0x008002e0      0x6d7
                0x008002e0                PROVIDE (__bss_start, .)
 *(.bss)
 .bss           0x008002e0        0x2 c:/program files (x86)/atmel/studio/7.0/toolchain/avr8/avr8-gnu-toolchain/bin/../lib/gcc/avr/5.4.0/../../../../avr/lib/avr5\libc.a(strtok.o)
 *(.bss*)
 .bss.prevcharacter.4679
                0x008002e2        0x1 KeyLogging.o
 .bss.tot_sect.4666
                0x008002e3        0x4 KeyLogging.o
 .bss.LogFile   0x008002e7       0x20 KeyLogging.o
 .bss.DiskFATState
                0x00800307      0x22e KeyLogging.o
 .bss.CardType  0x00800535        0x1 Lib/FatFS/diskio.o
 .bss.Fsid      0x00800536        0x2 Lib/FatFS/ff.o
 .bss.FatFs     0x00800538        0x2 Lib/FatFS/ff.o
 .bss.SDCard_Present
                0x0080053a        0x1 Lib/SDCardManager.o
 .bss.UART_LastRxError
                0x0080053b        0x1 uart.o
 .bss.UART_RxTail
                0x0080053c        0x1 uart.o
 .bss.UART_RxHead
                0x0080053d        0x1 uart.o
 .bss.UART_TxTail
                0x0080053e        0x1 uart.o
 .bss.UART_TxHead
                0x0080053f        0x1 uart.o
 .bss.UART_RxBuf
                0x00800540       0x40 uart.o
 .bss.UART_TxBuf
                0x00800580       0x40 uart.o
 .bss.CapsLockDeactivated.4748
                0x008005c0        0x1 Keyboard.o
 .bss.NumLockActivated.4747
                0x008005c1        0x1 Keyboard.o
 .bss.PrevKeyboardHIDReportBuffer
                0x008005c2        0x8 Keyboard.o
 .bss.KeyReleaseCounter.4658
                0x008005ca        0x1 Sense_Keys.o
 .bss.KeyHoldCounter.4657
                0x008005cb        0x1 Sense_Keys.o
 .bss.DoubleTapCounter.4656
                0x008005cc        0x1 Sense_Keys.o
 .bss.PreviousKey.4654
                0x008005cd        0x1 Sense_Keys.o
 .bss.ActiveKey.4655
                0x008005ce        0x1 Sense_Keys.o
 .bss.ActiveReeds.4659
                0x008005cf        0x4 Sense_Keys.o
 .bss.ReedDebounce.4660
                0x008005d3        0x4 Sense_Keys.o
 *(COMMON)
 COMMON         0x008005d7       0x3e Bluetooth.o
                0x008005d7                response
                0x00800613                BT_State
                0x00800614                BT_Asleep
 COMMON         0x00800615        0x1 Config_IO.o
                0x00800615                GlowDirection
 COMMON         0x00800616      0x394 Keyboard.o
                0x00800616                Reed2Polarity
                0x00800617                UseDummyLoad
                0x00800618                Reeds_Are_Independent
                0x00800619                Scheduled_Task
                0x0080061a                KeyReleaseTime
                0x0080061b                KeyBufferMod
                0x0080061c                KeyCodeLookUpTable
                0x0080065c                ReedHoldTime
                0x0080065d                DoubleTapTime
                0x0080065e                Shift_Reed
                0x0080065f                TMR1_Count
                0x00800661                myTimeoutCounter
                0x00800663                Ignore_Flag
                0x00800664                KeyBuffer
                0x00800666                HallSensorPolarity
                0x00800667                Hold_Alt_Down
                0x00800668                Reed1Polarity
                0x00800669                ShiftKeyCodeLookUpTable
                0x008006a9                KeyHoldTime
                0x008006aa                ASCIIShiftLookUpTable
                0x008006ea                Reed3Polarity
                0x008006eb                UseHallSensor
                0x008006ec                StringBuffer
                0x00800728                Reed4Polarity
                0x00800729                ASCIILookUpTable
                0x00800769                Typewriter_Mode
                0x0080076a                SD_Buffer
                0x0080096a                FnKeyCodeLookUpTable
 COMMON         0x008009aa        0x3 src/LUFA/LUFA/Drivers/USB/Core/DeviceStandardReq.o
                0x008009aa                USB_Device_ConfigurationNumber
                0x008009ab                USB_Device_CurrentlySelfPowered
                0x008009ac                USB_Device_RemoteWakeupEnabled
 COMMON         0x008009ad        0xa src/LUFA/LUFA/Drivers/USB/Core/USBTask.o
                0x008009ad                USB_IsInitialized
                0x008009ae                USB_DeviceState
                0x008009af                USB_ControlRequest
                0x008009b7                PROVIDE (__bss_end, .)
                0x0000780c                __data_load_start = LOADADDR (.data)
                0x000079ec                __data_load_end = (__data_load_start + SIZEOF (.data))

.noinit         0x008009b7        0x0
                [!provide]                PROVIDE (__noinit_start, .)
 *(.noinit*)
                [!provide]                PROVIDE (__noinit_end, .)
                0x008009b7                _end = .
                [!provide]                PROVIDE (__heap_start, .)

.eeprom         0x00810000        0x0
 *(.eeprom*)
                0x00810000                __eeprom_end = .

.fuse
 *(.fuse)
 *(.lfuse)
 *(.hfuse)
 *(.efuse)

.lock
 *(.lock*)

.signature
 *(.signature*)

.user_signatures
 *(.user_signatures*)

.stab
 *(.stab)

.stabstr
 *(.stabstr)

.stab.excl
 *(.stab.excl)

.stab.exclstr
 *(.stab.exclstr)

.stab.index
 *(.stab.index)

.stab.indexstr
 *(.stab.indexstr)

.comment        0x00000000       0x5c
 *(.comment)
 .comment       0x00000000       0x30 Bluetooth.o
                                 0x31 (size before relaxing)
 .comment       0x00000030       0x31 Calibrate.o
 .comment       0x00000030       0x31 Config_Interrupts.o
 .comment       0x00000030       0x31 Config_IO.o
 .comment       0x00000030       0x31 Descriptors.o
 .comment       0x00000030       0x31 KeyLogging.o
 .comment       0x00000030       0x31 Lib/FatFS/diskio.o
 .comment       0x00000030       0x31 Lib/FatFS/ff.o
 .comment       0x00000030       0x31 Lib/SCSI.o
 .comment       0x00000030       0x31 Lib/SDCardManager.o
 .comment       0x00000030       0x31 uart.o
 .comment       0x00000030       0x31 Keyboard.o
 .comment       0x00000030       0x31 Send.o
 .comment       0x00000030       0x31 Sense_Keys.o
 .comment       0x00000030       0x31 src/LUFA/LUFA/Drivers/USB/Class/Device/HIDClassDevice.o
 .comment       0x00000030       0x31 src/LUFA/LUFA/Drivers/USB/Class/Device/MassStorageClassDevice.o
 .comment       0x00000030       0x31 src/LUFA/LUFA/Drivers/USB/Core/AVR8/EndpointStream_AVR8.o
 .comment       0x00000030       0x31 src/LUFA/LUFA/Drivers/USB/Core/AVR8/Endpoint_AVR8.o
 .comment       0x00000030       0x31 src/LUFA/LUFA/Drivers/USB/Core/AVR8/USBController_AVR8.o
 .comment       0x00000030       0x31 src/LUFA/LUFA/Drivers/USB/Core/AVR8/USBInterrupt_AVR8.o
 .comment       0x00000030       0x31 src/LUFA/LUFA/Drivers/USB/Core/DeviceStandardReq.o
 .comment       0x00000030       0x31 src/LUFA/LUFA/Drivers/USB/Core/Events.o
 .comment       0x00000030       0x31 src/LUFA/LUFA/Drivers/USB/Core/USBTask.o
 .comment       0x00000030       0x31 c:/program files (x86)/atmel/studio/7.0/toolchain/avr8/avr8-gnu-toolchain/bin/../lib/gcc/avr/5.4.0/../../../../avr/lib/avr5\libc.a(strtok.o)
 .comment       0x00000030       0x31 c:/program files (x86)/atmel/studio/7.0/toolchain/avr8/avr8-gnu-toolchain/bin/../lib/gcc/avr/5.4.0/../../../../avr/lib/avr5\libc.a(sprintf.o)
 .comment       0x00000030       0x2c c:/program files (x86)/atmel/studio/7.0/toolchain/avr8/avr8-gnu-toolchain/bin/../lib/gcc/avr/5.4.0/../../../../avr/lib/avr5\libc.a(vfprintf_std.o)
                                 0x2d (size before relaxing)
 .comment       0x0000005c       0x31 c:/program files (x86)/atmel/studio/7.0/toolchain/avr8/avr8-gnu-toolchain/bin/../lib/gcc/avr/5.4.0/../../../../avr/lib/avr5\libc.a(fputc.o)

.note.gnu.avr.deviceinfo
                0x00000000       0x40
 .note.gnu.avr.deviceinfo
                0x00000000       0x40 C:/Program Files (x86)/Atmel/Studio/7.0/Packs/atmel/ATmega_DFP/1.0.90/gcc/dev/atmega32u4/avr5/crtatmega32u4.o

.note.gnu.build-id
 *(.note.gnu.build-id)

.debug
 *(.debug)

.line
 *(.line)

.debug_srcinfo
 *(.debug_srcinfo)

.debug_sfnames
 *(.debug_sfnames)

.debug_aranges
 *(.debug_aranges)

.debug_pubnames
 *(.debug_pubnames)

.debug_info
 *(.debug_info .gnu.linkonce.wi.*)

.debug_abbrev
 *(.debug_abbrev)

.debug_line
 *(.debug_line .debug_line.* .debug_line_end)

.debug_frame
 *(.debug_frame)

.debug_str
 *(.debug_str)

.debug_loc
 *(.debug_loc)

.debug_macinfo
 *(.debug_macinfo)

.debug_weaknames
 *(.debug_weaknames)

.debug_funcnames
 *(.debug_funcnames)

.debug_typenames
 *(.debug_typenames)

.debug_varnames
 *(.debug_varnames)

.debug_pubtypes
 *(.debug_pubtypes)

.debug_ranges
 *(.debug_ranges)

.debug_macro
 *(.debug_macro)
OUTPUT(USB Typewriter P2S.elf elf32-avr)
LOAD linker stubs
